10-27 23:00:03.972  3895  3971 D EnterpriseController: netId is 0
10-27 23:00:03.972  3895  3971 E Netd    : getNetworkForDns: getNetId from enterpriseCtrl is netid 0
10-27 23:00:03.972  3895  3971 D DnsProxyListener: DNSDBG::dns addrinfo af 0
10-27 23:00:03.978  2683  2695 D BadgeProvider: query, [selection] : null
10-27 23:00:03.980  5256  5385 D BadgeCache: 1. pkgName : com.samsung.android.messaging = 1
10-27 23:00:03.980  5256  5385 D BadgeCache: 2. componentName: com.samsung.android.messaging/com.android.mms.ui.ConversationComposer = 1
10-27 23:00:03.980  5256  5385 D BadgeCache: 1. pkgName : com.sec.android.app.samsungapps = 1
10-27 23:00:03.981  5256  5385 D BadgeCache: 2. componentName: com.sec.android.app.samsungapps/.SamsungAppsMainActivity = 1
10-27 23:00:03.981  5256  5385 D BadgeCache: 1. pkgName : com.samsung.android.scloud = 1
10-27 23:00:03.981  5256  5385 D BadgeCache: 2. componentName: com.samsung.android.scloud/.app.ui.splash.launcher = 1
10-27 23:00:03.981  5256  5385 D BadgeCache: 1. pkgName : com.samsung.android.voc = 0
10-27 23:00:03.981  5256  5385 D BadgeCache: 1. pkgName : com.linkedin.android = 1
10-27 23:00:03.981  5256  5385 D BadgeCache: 2. componentName: com.linkedin.android/.authenticator.LaunchActivity = 1
10-27 23:00:03.981  5256  5385 D BadgeCache: 1. pkgName : com.samsung.android.calendar = -1
10-27 23:00:03.981  5256  5385 D BadgeCache: 2. componentName: com.samsung.android.calendar/com.android.calendar.AllInOneActivity = -1
10-27 23:00:03.981  5256  5385 D BadgeCache: 1. pkgName : screenrecorder.recorder.editor = 0
10-27 23:00:03.981  5256  5385 D BadgeCache: 1. pkgName : com.google.android.youtube = 74
10-27 23:00:03.981  5256  5385 D BadgeCache: 2. componentName: com.google.android.youtube/.app.honeycomb.Shell$HomeActivity = 74
10-27 23:00:03.981  5256  5385 D BadgeCache: 1. pkgName : com.samsung.android.app.simplesharing = 0
10-27 23:00:03.981  5256  5385 D BadgeCache: 1. pkgName : com.samsung.android.dialer = -1
10-27 23:00:03.981  5256  5385 D BadgeCache: 2. componentName: com.samsung.android.dialer/.DialtactsActivity = -1
10-27 23:00:03.982  5256  5385 D BadgeCache: 1. pkgName : com.skype.raider = 30
10-27 23:00:03.982  5256  5385 D BadgeCache: 2. componentName: com.skype.raider/.Main = 30
10-27 23:00:03.982  5256  5385 D BadgeCache: 1. pkgName : com.lenovo.anyshare.gps = 0
10-27 23:00:03.982  5256  5385 D BadgeCache: 1. pkgName : com.screenrecorder.recorder.editor = 0
10-27 23:00:03.982  5256  5385 D BadgeCache: 1. pkgName : org.telegram.messenger = 69
10-27 23:00:03.982  5256  5385 D BadgeCache: 2. componentName: org.telegram.messenger/org.telegram.ui.LaunchActivity = 69
10-27 23:00:03.982  5256  5385 D BadgeCache: 1. pkgName : jp.co.rakuten.mobile.rcs = 506
10-27 23:00:03.982  5256  5385 D BadgeCache: 2. componentName: jp.co.rakuten.mobile.rcs/.tab.TabActivity = 506
10-27 23:00:03.982  5256  5385 D BadgeCache: 1. pkgName : jp.co.rakuten.mobile.rcs = 875
10-27 23:00:03.982  5256  5385 D BadgeCache: 2. componentName: jp.co.rakuten.mobile.rcs/.common.ui.SplashScreenActivity = 875
10-27 23:00:03.982  5256  5385 D BadgeCache: 1. pkgName : com.samsung.android.email.provider = -1
10-27 23:00:03.982  5256  5385 D BadgeCache: 2. componentName: com.samsung.android.email.provider/com.samsung.android.email.ui.activity.MessageListXL = -1
10-27 23:00:03.982  5256  5385 D BadgeCache: 1. pkgName : jp.co.rakuten.mobile.rcs = 0
10-27 23:00:03.982  5256  5385 D BadgeCache: 1. pkgName : jp.co.rakuten.mobile.rcs = 1
10-27 23:00:03.982  5256  5385 D BadgeCache: 2. componentName: jp.co.rakuten.mobile.rcs/.main.LauncherActivity = 1
10-27 23:00:03.982  5256  5385 D BadgeCache: 1. pkgName : com.facebook.katana = 0
10-27 23:00:03.982  5256  5385 D BadgeCache: 1. pkgName : jp.co.rakuten.mobile.rcs = 208
10-27 23:00:03.982  5256  5385 D BadgeCache: 2. componentName: jp.co.rakuten.mobile.rcs/.main.launcher.LauncherActivity = 208
10-27 23:00:03.982  5256  5385 D BadgeCache: 1. pkgName : com.airbnb.android = 1
10-27 23:00:03.982  5256  5385 D BadgeCache: 2. componentName: com.airbnb.android/.feat.homescreen.HomeActivity = 1
10-27 23:00:03.985  2541  2565 W Settings: Setting airplane_mode_on has moved from android.provider.Settings.System to android.provider.Settings.Global, returning read-only value.
10-27 23:00:03.985  2541  2672 W Settings: Setting airplane_mode_on has moved from android.provider.Settings.System to android.provider.Settings.Global, returning read-only value.
10-27 23:00:03.986  2541  2601 I WM-WorkerWrapper: Worker result SUCCESS for Work [ id=b3daf134-0f37-4baf-b72d-e2a24083cfac, tags={ com.airbnb.android.feat.itinerary.ItineraryPrefetchWorker } ]
10-27 23:00:03.990  5256  5385 D BadgeCache: reloadBadgeCounts(), tempBadges.size() : [15], user : [UserHandle{0}]
10-27 23:00:03.990  5256  5385 D BadgeCache: reloadBadgeCounts(), final size : 15
10-27 23:00:03.990  5256  5385 D Notification.Badge: reloadBadges(), badges count : 15
10-27 23:00:03.990  5256  5385 D Notification.Badge: updateBadgeCounts(), iconInfo : [IconInfo(title=YouTube intent=Intent { act=android.intent.action.MAIN cat=[android.intent.category.LAUNCHER] flg=0x10200000 cmp=com.google.android.youtube/.app.honeycomb.Shell$HomeActivity (has extras) } id=42 type=0 container=37 screen=0 cellX=-1 cellY=-1 spanX=1 spanY=1 rank=4 hidden=0 dropPos=null user=UserHandle{0} screenType=0)]
10-27 23:00:03.990  5256  5385 D Notification.Badge: updateBadgeCounts(), iconInfo : [IconInfo(title=LinkedIn intent=Intent { act=android.intent.action.MAIN cat=[android.intent.category.LAUNCHER] flg=0x10200000 cmp=com.linkedin.android/.authenticator.LaunchActivity (has extras) } id=50 type=0 container=47 screen=0 cellX=-1 cellY=-1 spanX=1 spanY=1 rank=1 hidden=0 dropPos=null user=UserHandle{0} screenType=0)]
10-27 23:00:03.991  5256  5385 D Notification.Badge: updateBadgeCounts(), iconInfo : [IconInfo(title=Messages intent=Intent { act=android.intent.action.MAIN cat=[android.intent.category.LAUNCHER] flg=0x10200000 cmp=com.samsung.android.messaging/com.android.mms.ui.ConversationComposer (has extras) } id=56 type=0 container=-102 screen=0 cellX=3 cellY=1 spanX=1 spanY=1 rank=7 hidden=0 dropPos=null user=UserHandle{0} screenType=0)]
10-27 23:00:03.991  5256  5385 D Notification.Badge: updateBadgeCounts(), iconInfo : [IconInfo(title=Phone intent=Intent { act=android.intent.action.MAIN cat=[android.intent.category.LAUNCHER] flg=0x10200000 cmp=com.samsung.android.dialer/.DialtactsActivity (has extras) } id=55 type=0 container=-102 screen=0 cellX=2 cellY=1 spanX=1 spanY=1 rank=6 hidden=0 dropPos=null user=UserHandle{0} screenType=0)]
10-27 23:00:03.991  5256  5385 D Notification.Badge: updateBadgeCounts(), iconInfo : [IconInfo(title=Phone intent=Intent { act=android.intent.action.MAIN cat=[android.intent.category.LAUNCHER] flg=0x10200000 cmp=com.samsung.android.dialer/.DialtactsActivity (has extras) } id=357 type=0 container=-100 screen=2 cellX=2 cellY=1 spanX=1 spanY=1 rank=6 hidden=0 dropPos=null user=UserHandle{0} screenType=0)]
10-27 23:00:03.991  5256  5385 D Notification.Badge: updateBadgeCounts(), iconInfo : [IconInfo(title=Skype intent=Intent { act=android.intent.action.MAIN cat=[android.intent.category.LAUNCHER] flg=0x10200000 cmp=com.skype.raider/.Main (has extras) } id=141 type=0 container=-102 screen=1 cellX=1 cellY=2 spanX=1 spanY=1 rank=9 hidden=0 dropPos=null user=UserHandle{0} screenType=0)]
10-27 23:00:03.991  5256  5385 D Notification.Badge: updateBadgeCounts(), iconInfo : [IconInfo(title=Link intent=Intent { act=android.intent.action.MAIN cat=[android.intent.category.LAUNCHER] flg=0x10200000 cmp=jp.co.rakuten.mobile.rcs/.main.launcher.LauncherActivity (has extras) } id=386 type=0 container=-102 screen=2 cellX=1 cellY=1 spanX=1 spanY=1 rank=5 hidden=0 dropPos=null user=UserHandle{0} screenType=0)]
10-27 23:00:03.991  5256  5385 D Notification.Badge: updateBadgeCounts(), iconInfo.mBadgeCount : [208], newCount : [208]
10-27 23:00:03.991  5256  5385 D Notification.Badge: updateBadgeCounts(), iconInfo : [IconInfo(title=Airbnb intent=Intent { act=android.intent.action.MAIN cat=[android.intent.category.LAUNCHER] flg=0x10200000 cmp=com.airbnb.android/.feat.homescreen.HomeActivity (has extras) } id=389 type=0 container=-102 screen=2 cellX=3 cellY=1 spanX=1 spanY=1 rank=7 hidden=0 dropPos=null user=UserHandle{0} screenType=0)]
10-27 23:00:03.991  5256  5385 D Notification.Badge: updateBadgeCounts(), iconInfo : [IconInfo(title=Email intent=Intent { act=android.intent.action.MAIN cat=[android.intent.category.LAUNCHER] flg=0x10200000 cmp=com.samsung.android.email.provider/com.samsung.android.email.ui.activity.MessageListXL (has extras) } id=34 type=0 container=32 screen=0 cellX=-1 cellY=-1 spanX=1 spanY=1 rank=1 hidden=0 dropPos=null user=UserHandle{0} screenType=0)]
10-27 23:00:04.009  2541  2567 W Settings: Setting airplane_mode_on has moved from android.provider.Settings.System to android.provider.Settings.Global, returning read-only value.
10-27 23:00:04.177  4853 25055 D NetworkManagementSocketTagger: tagSocket(163) with statsTag=0x30000407, statsUid=-1
10-27 23:00:04.225  4853 25055 W Conscrypt: Could not set socket write timeout: java.net.SocketException: Socket closed
10-27 23:00:04.226  4853 25055 W Conscrypt: 	at com.google.android.gms.org.conscrypt.Platform.setSocketWriteTimeout(:com.google.android.gms@213916028@21.39.16 (100400-402663742):2)
10-27 23:00:04.226  4853 25055 W Conscrypt: 	at com.google.android.gms.org.conscrypt.ConscryptFileDescriptorSocket.setSoWriteTimeout(:com.google.android.gms@213916028@21.39.16 (100400-402663742):0)
10-27 23:00:04.265  2541  2853 D NetworkManagementSocketTagger: tagSocket(141) with statsTag=0xffffffff, statsUid=-1
10-27 23:00:04.266  2541  2855 D NetworkManagementSocketTagger: tagSocket(148) with statsTag=0xffffffff, statsUid=-1
10-27 23:00:04.328  4853 25055 W Conscrypt: Could not set socket write timeout: java.net.SocketException: Socket closed
10-27 23:00:04.329  4853 25055 W Conscrypt: 	at com.google.android.gms.org.conscrypt.Platform.setSocketWriteTimeout(:com.google.android.gms@213916028@21.39.16 (100400-402663742):2)
10-27 23:00:04.329  4853 25055 W Conscrypt: 	at com.google.android.gms.org.conscrypt.ConscryptFileDescriptorSocket.setSoWriteTimeout(:com.google.android.gms@213916028@21.39.16 (100400-402663742):0)
10-27 23:00:04.394  2541  2826 W Settings: Setting airplane_mode_on has moved from android.provider.Settings.System to android.provider.Settings.Global, returning read-only value.
10-27 23:00:04.434  2541  2809 W Settings: Setting airplane_mode_on has moved from android.provider.Settings.System to android.provider.Settings.Global, returning read-only value.
10-27 23:00:04.453  2541  2570 I WM-WorkerWrapper: Worker result SUCCESS for Work [ id=f1763a79-14e8-4050-bc5a-925dd7a4bb71, tags={ com.airbnb.android.lib.tripsprefetch.TripsPrefetchWorker } ]
10-27 23:00:04.464  2541  2594 D feat.messaging.inbox: Finished processing GetInboxItems queue: Guest success=true
10-27 23:00:04.476  2541  2570 I WM-WorkerWrapper: Worker result SUCCESS for Work [ id=0307a2d3-468e-4a55-be6f-142ea0731686, tags={ com.airbnb.android.feat.messaging.inbox.soa.repository.GetInboxItemsWorker } ]
10-27 23:00:04.482  4205  5513 D JobServiceContext: sendStopMessageLocked stop reason: cancel() called by app, callingUid=10419 uid=10419 jobId=4
10-27 23:00:04.488  2541  2541 D ConnectivityManager: unregisterNetworkCallback; CallingUid : 10419, CallingPid : 2541
10-27 23:00:04.488  4205  4398 D ConnectivityService: releasing NetworkRequest [ TRACK_DEFAULT id=426, [ Capabilities: INTERNET&NOT_RESTRICTED&TRUSTED Unwanted:  Uid: 10419] ] (release request)
10-27 23:00:04.489  4205  4398 D ConnectivityService:  Removing from current network NetworkAgentInfo [VPN () - 605], leaving 34 requests.
10-27 23:00:04.518 32322 32561 D Analytics: com.rakuten.tech.mobile.analytics.RealRatBackend$sendEventsToRat$1#run:139 Skipping request delivery there are no events to deliver to RAT
10-27 23:00:04.608 32322 32482 D Analytics: com.rakuten.tech.mobile.analytics.RealRatBackend$sendEventsToRat$1#run:139 Skipping request delivery there are no events to deliver to RAT
10-27 23:00:04.748  2541  2853 W Settings: Setting airplane_mode_on has moved from android.provider.Settings.System to android.provider.Settings.Global, returning read-only value.
10-27 23:00:04.871  2541  2855 W Settings: Setting airplane_mode_on has moved from android.provider.Settings.System to android.provider.Settings.Global, returning read-only value.
10-27 23:00:04.877  2541  2836 W Settings: Setting airplane_mode_on has moved from android.provider.Settings.System to android.provider.Settings.Global, returning read-only value.
10-27 23:00:05.051  2541  2836 I chatty  : uid=10419(com.airbnb.android) nezha-worker identical 2 lines
10-27 23:00:05.055  2541  2836 W Settings: Setting airplane_mode_on has moved from android.provider.Settings.System to android.provider.Settings.Global, returning read-only value.
10-27 23:00:05.064  3895  3971 D EnterpriseController: netId is 0
10-27 23:00:05.064  3895  3971 E Netd    : getNetworkForDns: getNetId from enterpriseCtrl is netid 0
10-27 23:00:05.064  3895  3971 D DnsProxyListener: DNSDBG::dns addrinfo af 0
10-27 23:00:05.064  2541  2836 W Settings: Setting airplane_mode_on has moved from android.provider.Settings.System to android.provider.Settings.Global, returning read-only value.
10-27 23:00:05.066  2541  2836 W Settings: Setting airplane_mode_on has moved from android.provider.Settings.System to android.provider.Settings.Global, returning read-only value.
10-27 23:00:05.073  2541  2627 W Settings: Setting airplane_mode_on has moved from android.provider.Settings.System to android.provider.Settings.Global, returning read-only value.
10-27 23:00:05.073  2541  2855 D NetworkManagementSocketTagger: tagSocket(141) with statsTag=0xffffffff, statsUid=-1
10-27 23:00:05.075  2541  2616 W Settings: Setting airplane_mode_on has moved from android.provider.Settings.System to android.provider.Settings.Global, returning read-only value.
10-27 23:00:05.079  2541  2634 W Settings: Setting airplane_mode_on has moved from android.provider.Settings.System to android.provider.Settings.Global, returning read-only value.
10-27 23:00:05.099  2541  2844 W Settings: Setting airplane_mode_on has moved from android.provider.Settings.System to android.provider.Settings.Global, returning read-only value.
10-27 23:00:05.193  2507  2835 I appium  : AppiumResponse: {"sessionId":"25ef9dad-37af-464b-8de6-157007124c32","value":[]}
10-27 23:00:05.319  2507  2862 I appium  : channel read invoked!
10-27 23:00:05.320  2507  2862 I appium  : channel read: GET /wd/hub/session/25ef9dad-37af-464b-8de6-157007124c32/screenshot
10-27 23:00:05.322  2507  2862 I appium  : Capture screenshot command
10-27 23:00:05.417  2541  2608 W Settings: Setting airplane_mode_on has moved from android.provider.Settings.System to android.provider.Settings.Global, returning read-only value.
10-27 23:00:05.428  4205  5508 D PackageManager: setEnabledSetting : userId = 0 packageName = com.airbnb.android cmp = androidx.work.impl.background.systemalarm.RescheduleReceiver newState = 1 callingPackage = 10419/com.airbnb.android
10-27 23:00:05.474  2541  2852 W Settings: Setting airplane_mode_on has moved from android.provider.Settings.System to android.provider.Settings.Global, returning read-only value.
10-27 23:00:05.518  4205  5518 I EDMNativeHelperService: isScreenCaptureEnabled
10-27 23:00:05.519 32322 32582 D Analytics: com.rakuten.tech.mobile.analytics.RealRatBackend$sendEventsToRat$1#run:139 Skipping request delivery there are no events to deliver to RAT
10-27 23:00:05.519  4205  5518 D RestrictionPolicy: isScreenCaptureEnabled : ret=true userId=0
10-27 23:00:05.567  2541  2627 W Settings: Setting airplane_mode_on has moved from android.provider.Settings.System to android.provider.Settings.Global, returning read-only value.
10-27 23:00:05.608 32322 32486 D Analytics: com.rakuten.tech.mobile.analytics.RealRatBackend$sendEventsToRat$1#run:139 Skipping request delivery there are no events to deliver to RAT
10-27 23:00:05.623  2541  2844 W Settings: Setting airplane_mode_on has moved from android.provider.Settings.System to android.provider.Settings.Global, returning read-only value.
10-27 23:00:05.645  2541  2561 W Settings: Setting airplane_mode_on has moved from android.provider.Settings.System to android.provider.Settings.Global, returning read-only value.
10-27 23:00:05.645  2541  2634 W Settings: Setting airplane_mode_on has moved from android.provider.Settings.System to android.provider.Settings.Global, returning read-only value.
10-27 23:00:05.655  2541  2564 W Settings: Setting airplane_mode_on has moved from android.provider.Settings.System to android.provider.Settings.Global, returning read-only value.
10-27 23:00:05.702  2541  2616 W Settings: Setting airplane_mode_on has moved from android.provider.Settings.System to android.provider.Settings.Global, returning read-only value.
10-27 23:00:05.769  2713  2719 I MediaCodec: setCodecState state : 0
10-27 23:00:05.769  3892 12532 I ResourceManagerService: getMediaResourceInfo resourceType : 2, size : 1
10-27 23:00:05.770  3892 12532 I ResourceManagerService: writeResourceInfo (PID : 2713, clientID : 491338874752, non-secure-codec/video-codec:1, 1080x2340(fps:60) - SoftCodec : No, Encorder : Yes)
10-27 23:00:05.770 25945 25966 V ResourceManagerHelper-JNI: JNIMediaResourceHelper::notify eventType : 3, ext1 : 0, ext2 : 0
10-27 23:00:05.770 25945 25966 V ResourceManagerHelper-JNI: notify eventType : 3, ext1 : 0, ext2 : 0
10-27 23:00:05.770 25945 25966 I SemMediaResourceHelper: makeMediaResourceInfo mOwnResourceEventExcluded : false, mPid : 25945
10-27 23:00:05.770 25945 25966 I SemMediaResourceHelper: [1] makeMediaResourceInfo resourceType : 2 isSecured : false, pid : 2713, client id : 491338874752
10-27 23:00:05.770 25945 25987 I SemMediaResourceHelper: onState
10-27 23:00:05.770 25945 25987 I DrmMediaResourceHelper: onStateChanged size = 1
10-27 23:00:05.770 25945 25987 I DrmMediaResourceHelper: resource type: 2,,,isSecured :  falsegetCodecState : 1getpid : 2713
10-27 23:00:05.883  2541  2855 W Settings: Setting airplane_mode_on has moved from android.provider.Settings.System to android.provider.Settings.Global, returning read-only value.
10-27 23:00:05.889  2541  2855 W Settings: Setting airplane_mode_on has moved from android.provider.Settings.System to android.provider.Settings.Global, returning read-only value.
10-27 23:00:06.027  4205  4385 D WifiStateMachine: enter getWifiLinkLayerStats
10-27 23:00:06.027  4205  4385 I WifiVendorHal: getWifiLinkLayerStats(l.3097) before calling iface.getLinkLayerStats
10-27 23:00:06.028  3701  3701 I android.hardware.wifi@1.0-service: enter getLinkLayerStats
10-27 23:00:06.028  3701  3701 I android.hardware.wifi@1.0-service: enter getLinkLayerStatsInternal
10-27 23:00:06.035  3701  3701 I android.hardware.wifi@1.0-service: Successfully getLinkLayerStats.
10-27 23:00:06.036  4205  4385 I WifiVendorHal: getWifiLinkLayerStats(l.3097) after calling iface.getLinkLayerStats
10-27 23:00:06.043  4205  4385 I WifiStateMachine: checkScoreBasedQuality -  mPreviousScore[0]:95 mPreviousScore[1]:94 mPreviousScore[2]:92 s2Score:92mPrevoiusScoreAverage:93
10-27 23:00:06.056  2541  2852 W Settings: Setting airplane_mode_on has moved from android.provider.Settings.System to android.provider.Settings.Global, returning read-only value.
10-27 23:00:06.064  2541  2565 W Settings: Setting airplane_mode_on has moved from android.provider.Settings.System to android.provider.Settings.Global, returning read-only value.
10-27 23:00:06.065  2541  2567 W Settings: Setting airplane_mode_on has moved from android.provider.Settings.System to android.provider.Settings.Global, returning read-only value.
10-27 23:00:06.067  2541  2602 I WM-WorkerWrapper: Worker result SUCCESS for Work [ id=350e5429-6a73-455e-b02d-c5287636cf6c, tags={ com.airbnb.android.lib.pushnotifications.requests.SaveAndUploadPushNotificationsDeviceInfoWorker } ]
10-27 23:00:06.318  1770  1865 W CelloCake: [CELLO_TASK_RUNNER_MONITOR7437d742-0] [Account=7437d742:Task=76684513]Slow task still running after 143s. fetchRootStableId(request=# com.google.apps.drive.dataservice.FindByIdsRequest@cc4e416){account=7437d742, submitTimeMs=24941575, startTimeMs=24941575, waitTimeMs=0, timedOut}
10-27 23:00:06.318  1770  1865 W CelloCake: [CELLO_TASK_RUNNER_MONITOR7437d742-0] [Account=7437d742:Task=235473414]Slow task still running after 143s. getObserverManager(){account=7437d742, submitTimeMs=24941575, timedOut}
10-27 23:00:06.384  4205  4384 D WifiTrafficPoller: TrafficStats TxPkts=96447 RxPkts=124682 TxBytes=30333384 RxBytes=125319077 , Foreground uid=10419 pkgName=com.airbnb.android TxPackets=48855 RxPackets=73136 TxBytes=6766937 RxBytes=88393749
10-27 23:00:06.515  5151  5151 D io_stats: !@ 179,0 r 364590 11511496 w 213416 3367836 d 6837 2935976 f 18830 19982 iot 300776 263461 th 51200 0 0 pt 0 inp 0 0 21731.318
10-27 23:00:06.519 32322 32628 D Analytics: com.rakuten.tech.mobile.analytics.RealRatBackend$sendEventsToRat$1#run:139 Skipping request delivery there are no events to deliver to RAT
10-27 23:00:06.609 32322 32551 D Analytics: com.rakuten.tech.mobile.analytics.RealRatBackend$sendEventsToRat$1#run:139 Skipping request delivery there are no events to deliver to RAT
10-27 23:00:06.622  6418  6557 D ContactsProvider_EventLog: contents_sample_state: [CONTACT contacts(57) data(262) accounts({com.google (3)=46, vnd.sec.contact.phone (1)=12}) accounts deleted({}) calls([logtype:100 cnt:15, logtype:300 cnt:9]) countryIso(IN) userId(0)  ]
10-27 23:00:06.622  6418  6557 D ContactsProvider_EventLog: contents_sample_state: [ agr({[1 ,1]=1, [3]=46, [1]=10})  ]
10-27 23:00:06.622  6418  6557 D ContactsProvider_EventLog: contents_sample_state: [ actCnt({android.process.acore(6418)=1})  ]
10-27 23:00:06.622  6418  6557 D ContactsProvider_EventLog: contents_sample_state: [PROFILE contacts(0) data(0) accounts({})  ] [SAPROFILE contacts(1) data(6) accounts({vnd.sec.contact.phone (1)=1})  ]
10-27 23:00:06.622  6418  6557 D ContactsProvider_EventLog: contents_sample_state: [STORAGE Contacts(CE) Profile(CE) SAProfile(CE) CallLog(CE)  ]
10-27 23:00:07.388  4516  4516 D SecStatusBarWifiView: updateState: WifiIconState(resId=2131232692, visible=true, activityId=2131232719)
10-27 23:00:07.444  5324  5670 D SDHMS:s : SIOP:: AP:289(393,70) BAT:334(334,0) CHG:415(415,0) USB:0(0,0) ATC:0(0,-999) 
10-27 23:00:07.388  4516  4516 D SecStatusBarWifiView: updateState: WifiIconState(resId=2131232692, visible=true, activityId=2131232719)
10-27 23:00:07.447  2713  2719 I MediaCodec: setCodecState state : 1
10-27 23:00:07.447  3892 12532 I ResourceManagerService: getMediaResourceInfo resourceType : 2, size : 1
10-27 23:00:07.447  3892 12532 I ResourceManagerService: writeResourceInfo (PID : 2713, clientID : 491338874752, non-secure-codec/video-codec:1, 1080x2340(fps:60) - SoftCodec : No, Encorder : Yes)
10-27 23:00:07.447 25945 25966 V ResourceManagerHelper-JNI: JNIMediaResourceHelper::notify eventType : 3, ext1 : 0, ext2 : 0
10-27 23:00:07.448 25945 25966 V ResourceManagerHelper-JNI: notify eventType : 3, ext1 : 0, ext2 : 0
10-27 23:00:07.448 25945 25966 I SemMediaResourceHelper: makeMediaResourceInfo mOwnResourceEventExcluded : false, mPid : 25945
10-27 23:00:07.448 25945 25966 I SemMediaResourceHelper: [1] makeMediaResourceInfo resourceType : 2 isSecured : false, pid : 2713, client id : 491338874752
10-27 23:00:07.448 25945 25987 I SemMediaResourceHelper: onState
10-27 23:00:07.448 25945 25987 I DrmMediaResourceHelper: onStateChanged size = 1
10-27 23:00:07.448 25945 25987 I DrmMediaResourceHelper: resource type: 2,,,isSecured :  falsegetCodecState : 1getpid : 2713
10-27 23:00:07.487  2507  2862 I appium  : AppiumResponse: {"sessionId":"25ef9dad-37af-464b-8de6-157007124c32","value":"iVBORw0KGgoAAAANSUhEUgAABDgAAAkkCAYAAAD508+vAAAABHNCSVQICAgIfAhkiAAAIABJREFU\neJzs3XlcVNfdP\/DPnRnWYV8cBFlVBGQTxRX3BYkkGq1xqYk1RtPmiWnTpGkTn\/7apzVJm6Q162MS\nl8Y8MZtpUrO5x6i4i8gioMGFTUUUZBu2Geb3B+GGce7AzDAjjH7er5cvmbuce+7lzuXe7z3ne4SI\niAgdiIiIiIiIiIjsmKy3K0BERERERERE1FMMcBARERERERGR3WOAg4iIiIiIiIjsHgMcRERERERE\nRGT3GOAgIiIiIiIiIrvHAAcRERERERER2T0GOIiIiIiIiIjI7jHAQURERERERER2jwEOIiIiIiIi\nIrJ7DHAQERERERERkd1jgIOIiIiIiIiI7B4DHERERERERERk9xjgICIiIiIiIiK7xwAHERERERER\nEdk9BjiIiIiIiIiIyO4xwEFEREREREREdo8BDiIiIiIiIiKyewxwEBEREREREZHdY4CDiIiIiIiI\niOweAxxEREREREREZPcY4CAiIiIiIiIiu8cABxERERERERHZPQY4iIiIiIiIiMjuKXq7AkRERERE\nRH2FTCZDUFAQ3NzcDOZVVlbi+vXrvVArIjIFAxxE1Kvkcjnc3Nzg4eEBZ2dnAEBTUxNqa2tRX18P\nrVbbyzUkIiKiO5mbmxvi4uIwcOBAREREICwsDA4ODhAEwWBZnU6HhoYGnD9\/HhcuXEBRURHy8vJ4\nv0I20xFwUyiMP7o3NTXhypUrt7FWfZcQERGh6+1KEN0ucggY1RiI4U0DEN3iCy+tIwDgprwFhY5V\nyHQuw1GXcmjBr4UtyeVypKenY\/r06aiqqsKZM2dw+vRpvWUSExMRHR0Nf39\/7NmzB19++SVvHoiI\niMhqBgwYgNTUVIwbNw6Ojo4Wl1NVVYXvvvsOe\/fuRV1dnRVrePtER0cjKioKO3fuhFqt7u3qUCc+\nPj5ISEjodrmsrCzcvHnzNtSob2OAg+54MgBPVY3GozeT0YZWyCCI4QsZ2iPzbT9OEX78WQYHbPDM\nxEu+h9HWK7W+MwmCgOeeew5+fn549tln0dTUZNJ6zs7OeP7551FbW4u\/\/OUv0Ol42SIiIiLLxMTE\nID09HXFxcZKtNACgtrYW5eXlAACFQgFvb2\/4+PhAJjOewrClpQUHDx7EN998g2vXrtmk7rYQEhKC\nF154AUB7F5wnn3yyl2tEnfn7+yM2Nrbb5fLy8lBZWXkbatS3sYuKBEdHR\/j5+aG1tRVVVVVWe2us\nVCrh4+OD+vp6VFdXW6VMU8nlcvj7+0Or1Vr1xLdVudbgrFPgtWupmNoQCh10qJE1YqtHIb5WnsV5\nx2o0CVpADHUIcNLJEdHijfSGSDxQF43lNQl4pCYR37uW4AnVTqiF1t7cHbuXkJCApUuX4s9\/\/jNq\na2sN5oeEhGDatGlwdXVFVlYWDh06JM5ramrCU089BXd3d\/zjH\/\/Ali1bkJmZeTurT0RERHbO398f\nixcvRnJyssG8qqoq5OTkID8\/H0VFRZL3tYIgwMvLC35+fggPD0d0dDTi4uLg5OQEoP0ZYurUqZgw\nYQK2b9+Obdu2obm52eb71VMjRowQf\/b39+\/FmvQNSqUSvr6+aGhowI0bN3q7OmQmtuD40YQJEzBq\n1CiEhYXBw8NDjOZqtVpcu3YN586dw65du1BcXGx2uWPHjkVYWJheoqKWlhaUlZXh9OnT2LVrF+rr\n6626PwCgUqlwzz33IDo6GgEBAWLEWaPR4PLly8jLy8M333yDmpqaPlGuNc2pj8JLlZMg0wkocqzB\nwsDPUSNrMrnjiQDAo80JWy7PRVSLF9oEHVb77cdW9wJbVvuO9fjjj4vfISmvvPIKAgIC9KZpNBo8\n+uijkjcGU6dORUJCAv75z3\/apL5ERER0ZxkzZgxWrFhh0BXlxIkT2LNnD\/Lz881uISoIAhwcHDB6\n9GjMmjULQUFBevOvXbuGtWvXorS0tMf1t6W5c+di7ty54uclS5ZYXNb999+PpKQka1QLn3zyCfLy\n8ixa98knn4SPj4\/4efPmzSgqKupynZSUFMycORPBwcHi8011dTVOnjyJzz77rNe67rAFh3nu+gBH\nYGAgfvnLXyIiIqLbZTUaDXbs2IGPP\/7YpHIfffRRDBw4sNtlb968iQ8++ABHjx41qc6mSEtLw9y5\nc+Hi4tLlcvX19diyZQsOHjzYq+VaiwBgw9V7MVE9ADflLZg54EPckDeanVFDwE9tO7y1zthZthg+\nWidkuFzGsv7bmKHDDI8\/\/jgyMzNx5MgRyfmPPvooxo8fLzmvpaUFDz\/8sOS85ORkpKSkYO3atVar\nKxEREd1Z5HI5li5diilTpuhNz8nJwaeffopLly5ZZTuCIGDs2LFYvHgxPD09xemtra3YtGnTbb8n\nNoc1AxwrVqzAhAkTrFEtvPnmmzh27JjZ691\/\/\/16+wMAL7\/8MnJycoyuM3fuXMyZM8dol6WLFy\/i\nb3\/7m82DHP3790dERESPcsJ0aGlpwYULF+665KNyb2\/vP\/d2JXpLUFAQnn32WQQGBupNb2hoQFVV\nFZqbm+Hs7Cye6DKZDJGRkfD09DRIiNhZcHAw\/vCHPxiUW1dXh+rqarS0tOiV6+zsjKSkJFRWVlol\nwjtv3jzMnz8fDg4O4rSWlhZUVlaisbERTk5OYlTS0dERw4YNQ11dHS5evNgr5VqLAOC70ocQ3+yH\nb9zOY17QZ1DLNGaXMaoxCHvLlsBN54QMl1I0yTTY4JWFEI03ZjSEYn5dLN7zNP77p5\/84he\/QGFh\noV53k1t11c9TLpejsLBQMhp9+fJlyGQypKWlsbsKERERGVAoFHjyyScxZswYcdq1a9fw+uuvY9u2\nbUYTMgYGBmLQoEEYPHgwYmJiMHToUISEhEClUsHHxweNjY2SLUxLS0vx\/fffw8fHByEhIQDa72VG\njBgBtVrdbQuC3hIdHY3o6Gjx8+eff25xWcOHD0doaGiP66TT6fDNN9+YnTQzODgYy5cv13teAYDD\nhw+joqJCcp24uDgsW7YMMpkMarUaX3\/9NbZv3478\/Hz4+vrCy8sL3t7e8PT0xKlTpyzeJ1MkJydD\nLpdbpSy5XA4\/Pz+rBfHsxV2dg+PRRx+Ft7e3+PncuXPYtm0bsrOzxWn+\/v6YPXs2Jk6cKAYkpkyZ\ngjNnzuD48eOS5f7yl7\/UK7egoABffPEF8vPzxWkqlQqzZs3CpEmTIJPJoFAo8OCDDyIvL69HXTvi\n4uJw3333iXVtbW3Fjh07sH37djHvga+vL9LT0zFlyhTI5XLI5XI88MADKCgowOXLl29ruda06eps\nhLS6YZ3Xabzic9js9QUIWFeRhukNYQCA5TcT8HefQ9ChvTXH0\/67UayowW+qR+CDK3Px8\/6WX\/zv\nBsHBwfDy8sKBAweMLqNUKrstZ8iQIXrfnc4OHz6MpKQkREZG4ty5cxbXlYiIiO48YWFhiIuLEz9n\nZGTgX\/\/6l2RwwtPTE2PGjEFKSgpCQ0ONvskH2lt15+XlISMjA5mZmWht\/SlPm1qtxrp163Dy5Ems\nWLECrq6uAIB77rkH+\/fvR2NjoxX3sO\/Zvn27Ra0uAGDBggViYKigoMCil6QPPvhgty3Nb5WamioG\nFbZs2aJ373ry5Em8+OKL8PLywpgxY7B161bJoMvEiRORmpqKDz74wOh9K90ed22AY9q0aXrdUrKz\ns\/HPf\/7TIKFoZWUlNmzYgLq6Otx7770A2pugpaWlSQY4UlNT9aKWmZmZkk3oKyoqsGnTJqjVaqSn\npwNoH4M7LS3NpC4wxsyaNUv8gup0Or
10-27 23:00:07.516  2507  2518 I tomator2.serve: Background concurrent copying GC freed 6(16KB) AllocSpace objects, 9(9MB) LOS objects, 35% free, 44MB/68MB, paused 177us total 101.827ms
10-27 23:00:07.519 32322 32630 D Analytics: com.rakuten.tech.mobile.analytics.RealRatBackend$sendEventsToRat$1#run:139 Skipping request delivery there are no events to deliver to RAT
10-27 23:00:07.540  4205  4683 D BatteryService: Sending ACTION_BATTERY_CHANGED. scale:100, info:{.chargerAcOnline = false, .chargerUsbOnline = true, .chargerWirelessOnline = false, .maxChargingCurrent = 0, .maxChargingVoltage = 0, .batteryStatus = CHARGING, .batteryHealth = GOOD, .batteryPresent = true, .batteryLevel = 74, .batteryVoltage = 4122, .batteryTemperature = 334, .batteryCurrent = 1, .batteryCycleCount = 0, .batteryFullCharge = 4900000, .batteryChargeCounter = 3640700, .batteryTechnology = Li-ion}
10-27 23:00:07.541  4205  4683 D BatteryService: online:19, current avg:1196, charge type:1, POGO powered:false, power sharing:false, high voltage charger:false, charger_type:0, capacity:280000, batterySWSelfDischarging:false, misc_event:0, current_event:0, current_now:1327
10-27 23:00:07.543  4450  4450 D BigDataInfoController: Intent : android.intent.action.BATTERY_CHANGED
10-27 23:00:07.544  4450  4450 D BigDataInfoController: Intent : android.intent.action.BATTERY_CHANGED
10-27 23:00:07.544  4205  4205 I MotionRecognitionService: Plugged
10-27 23:00:07.544  4205  4205 D MotionRecognitionService:   mCableConnection= 1
10-27 23:00:07.544  4205  4205 D MotionRecognitionService: setPowerConnected : mGripEnabled = false
10-27 23:00:07.544  4205  4205 D SamsungPhoneWindowManager: ACTION_BATTERY_CHANGED - Level :: 74, battStatus :: 2
10-27 23:00:07.547  4205  4205 D UsbDeviceManager: received ACTION_BATTERY_CHANGED
10-27 23:00:07.547  4205  4233 D UsbDeviceManager: handleMessage -> MSG_UPDATE_CHARGING_STATE = 1
10-27 23:00:07.548  4205  4233 D UsbDeviceManager: updateUsbNotification(false) : mConnected = true, mConfigured = true, mCurrentFunctions = 5, mHostConnected = false, mSourcePower = false, mSinkPower = true, mUsbCharging = true, mUseUsbNotification = true
10-27 23:00:07.548  4205  4233 D UsbDeviceManager: updateUsbNotification, set mCurrentFunctionsForNoti : mtp
10-27 23:00:07.548  4205  4233 D UsbDeviceManager: id=27, mUsbNotificationId=27, titleRes=17042128
10-27 23:00:07.549  4516  4516 D KeyguardUpdateMonitor: received broadcast android.intent.action.BATTERY_CHANGED
10-27 23:00:07.549  4516  4516 D KeyguardUpdateMonitor: handleBatteryUpdate
10-27 23:00:07.552  4516  4516 D PowerUI : priorPlugType = 2 mPlugType = 2 priorBatteryStatus = 2 mBatteryStatus = 2
10-27 23:00:07.552  4516  4516 D PowerUI.Notification: Charging estimate time is not supported and connected cable is normal cable charger, so return!
10-27 23:00:07.552  4516  4516 D PowerUI : Battery swelling mode - priorBatterySwellingMode = 0 mBatterySwellingMode = 0
10-27 23:00:07.565  4516  4516 I StackScroller: ADJUST STACK.TRANSLATION
10-27 23:00:07.565  4516  4516 I chatty  : uid=10006(com.samsung.android.app.aodservice) com.android.systemui identical 1 line
10-27 23:00:07.566  4516  4516 I StackScroller: ADJUST STACK.TRANSLATION
10-27 23:00:07.608 32322 32563 D Analytics: com.rakuten.tech.mobile.analytics.RealRatBackend$sendEventsToRat$1#run:139 Skipping request delivery there are no events to deliver to RAT
10-27 23:00:07.756  4450  4450 D ImsResolver: maybeAddedImsService, packageName: com.airbnb.android
10-27 23:00:07.763  4450  4450 I SmsApplication: getIncomingUserId() : contextUserId = 0, callingUid = 1001
10-27 23:00:07.765  4516  4516 D KeyguardUpdateMonitor: received broadcast android.intent.action.PACKAGE_CHANGED
10-27 23:00:07.765  4516  4516 D MetaDataParser: updatePackage() com.airbnb.android false
10-27 23:00:07.768  4516  4516 D MetaDataParser: removePackage() key = com.airbnb.android
10-27 23:00:07.770  7383  7430 I SystemBroadcastReceiver: [#CMH#] Received broadcast 
10-27 23:00:07.770  7383  7430 I ControllerEventHandler: [#CMH#] onPackageChanged()  null
10-27 23:00:07.770  7383  7430 I SystemBroadcastReceiver: [#CMH#] onReceive completed 
10-27 23:00:07.771  4205  4205 W system_server: Unknown chunk type '200'.
10-27 23:00:07.776  4205  5518 D SecContentProvider: query(), uri = 30 selection = isLocalContactStorageAllowed
10-27 23:00:07.782  4205  5518 D SecContentProvider: called from android.uid.shared:10007
10-27 23:00:07.782  4205  5518 D RestrictionPolicy: isLocalContactStorageAllowed
10-27 23:00:07.783  4205  5518 D RestrictionPolicy: isLocalContactStorageAllowed(0) : true
10-27 23:00:07.783  4205  9087 D SecContentProvider: query(), uri = 30 selection = isLocalContactStorageAllowed
10-27 23:00:07.783  4205  9087 D SecContentProvider: called from com.samsung.android.uid.dialer:10179
10-27 23:00:07.784  4205  9087 D RestrictionPolicy: isLocalContactStorageAllowed
10-27 23:00:07.784  4205  9087 D RestrictionPolicy: isLocalContactStorageAllowed(0) : true
10-27 23:00:07.791  4205  5508 W ActivityManager: Permission Denial: Accessing service ComponentInfo{com.google.android.music/com.google.android.music.dial.DialMediaRouteProviderService} from pid=5374, uid=10026 that is not exported from uid 10165
10-27 23:00:07.796  4205  4205 W system_server: resources.arsc in APK '/data/app/com.facebook.katana-Jb1O89Y3Z9Ej_yo_zB3rIA==/base.apk' is compressed.
10-27 23:00:07.806  4205  5513 D SamsungAlarmManager: setInexact Intent (T:3/F:0/AC:false) 20311025T230007 - CU:10026/CP:4853
10-27 23:00:07.806  4205  5513 I SamsungAlarmManager: setLocked to kernel - T:2 / 20211027T230123, SetElapsed=25162166, nowELAPSED=25086908
10-27 23:00:07.806  4205  5513 I SamsungAlarmManager: setLocked to kernel - T:3 / 20211027T230100, SetElapsed=25139103, nowELAPSED=25086908
10-27 23:00:07.808  4205  4216 D SecContentProvider: query(), uri = 30 selection = isLocalContactStorageAllowed
10-27 23:00:07.808  4205  4215 D SecContentProvider: query(), uri = 30 selection = isLocalContactStorageAllowed
10-27 23:00:07.809  4205  4216 D SecContentProvider: called from com.samsung.android.uid.dialer:10179
10-27 23:00:07.809  4205  4216 D RestrictionPolicy: isLocalContactStorageAllowed
10-27 23:00:07.809  4205  4215 D SecContentProvider: called from android.uid.shared:10007
10-27 23:00:07.809  4205  4216 D RestrictionPolicy: isLocalContactStorageAllowed(0) : true
10-27 23:00:07.809  4205  4215 D RestrictionPolicy: isLocalContactStorageAllowed
10-27 23:00:07.809  4205  4215 D RestrictionPolicy: isLocalContactStorageAllowed(0) : true
10-27 23:00:07.815  4205  4216 D SecContentProvider2: query(), uri = 18 selection = isCopyContactToSimAllowed
10-27 23:00:07.816  4205  9087 D SecContentProvider2: query(), uri = 18 selection = isCopyContactToSimAllowed
10-27 23:00:07.818  4205  9087 D SecContentProvider2: isCopyContactToSimAllowed = true
10-27 23:00:07.818  4205  4216 D SecContentProvider2: isCopyContactToSimAllowed = true
10-27 23:00:07.825  4205  4216 D SecContentProvider: query(), uri = 30 selection = isLocalContactStorageAllowed
10-27 23:00:07.825  4205  4216 D SecContentProvider: called from com.samsung.android.uid.dialer:10179
10-27 23:00:07.825  4205  4216 D RestrictionPolicy: isLocalContactStorageAllowed
10-27 23:00:07.825  4205  4216 D RestrictionPolicy: isLocalContactStorageAllowed(0) : true
10-27 23:00:07.831  4205  5513 D SecContentProvider2: query(), uri = 18 selection = isCopyContactToSimAllowed
10-27 23:00:07.831  4450  4450 E Telephony: PhoneInterfaceManager: [PhoneIntfMgr] getCarrierPackageNamesForIntent: No UICC
10-27 23:00:07.831  4450  4450 D CarrierSvcBindHelper: No carrier app for: 0
10-27 23:00:07.833  4205  4215 D SecContentProvider: query(), uri = 30 selection = isLocalContactStorageAllowed
10-27 23:00:07.833  4205  4215 D SecContentProvider: called from android.uid.shared:10007
10-27 23:00:07.833  4205  5513 D SecContentProvider2: isCopyContactToSimAllowed = true
10-27 23:00:07.833  4205  4215 D RestrictionPolicy: isLocalContactStorageAllowed
10-27 23:00:07.833  4205  4215 D RestrictionPolicy: isLocalContactStorageAllowed(0) : true
10-27 23:00:07.834  4450  4450 E Telephony: PhoneInterfaceManager: [PhoneIntfMgr] getCarrierPackageNamesForIntent: No UICC
10-27 23:00:07.834  4450  4450 D CarrierSvcBindHelper: No carrier app for: 1
10-27 23:00:07.838  4205  4216 D SecContentProvider2: query(), uri = 18 selection = isCopyContactToSimAllowed
10-27 23:00:07.840  4205  4216 D SecContentProvider2: isCopyContactToSimAllowed = true
10-27 23:00:07.845  4205  5513 D SamsungAlarmManager: setInexact Intent (T:3/F:0/AC:false) 20311025T230007 - CU:10026/CP:5374
10-27 23:00:07.846  4205  5513 I SamsungAlarmManager: setLocked to kernel - T:2 / 20211027T230123, SetElapsed=25162166, nowELAPSED=25086948
10-27 23:00:07.846  4205  5513 I SamsungAlarmManager: setLocked to kernel - T:3 / 20211027T230100, SetElapsed=25139103, nowELAPSED=25086949
10-27 23:00:07.858  4853  2881 I Fitness : OnPackageChangedOperation got intent: Intent { act=android.intent.action.PACKAGE_CHANGED dat=package:com.airbnb.android flg=0x45000010 pkg=com.google.android.gms cmp=com.google.android.gms/.chimera.PersistentIntentOperationService (has extras) } [CONTEXT service_id=17 ]
10-27 23:00:07.880  4205  6721 D AccountManagerService: getUserAccounts0
10-27 23:00:07.885  4853  2880 I Fitness : FitCleanupIntentOperation received Intent android.intent.action.PACKAGE_CHANGED [CONTEXT service_id=17 ]
10-27 23:00:07.886  4205  9087 D AccountManagerService: getUserAccounts0
10-27 23:00:07.939  4205  4349 D InputReader: externalDisplayId 0 W 1080 H 2340
10-27 23:00:07.939  4205  4349 I InputReader: Reconfiguring input devices.  changes=0x00000010
10-27 23:00:07.978  4205  8040 D SecContentProvider2: query(), uri = 18 selection = isCopyContactToSimAllowed
10-27 23:00:07.979  4205  8040 D SecContentProvider2: isCopyContactToSimAllowed = true
10-27 23:00:07.979  4205  4205 W system_server: resources.arsc in APK '/data/app/com.lenovo.anyshare.gps-D5KvirAJbqOm4rupLNLfNA==/base.apk' is compressed.
10-27 23:00:07.982  4205  5411 D AccountManagerService: getUserAccounts0
10-27 23:00:07.988  1632  2879 I ProvidersCache: Provider returned no roots. Possibly naughty: com.microsoft.skydrive.content.StorageAccessProvider
10-27 23:00:07.991  4205  9087 D SecContentProvider2: query(), uri = 18 selection = isCopyContactToSimAllowed
10-27 23:00:07.992  4205  9087 D SecContentProvider2: isCopyContactToSimAllowed = true
10-27 23:00:07.998  4205  5513 D SecContentProvider2: query(), uri = 18 selection = isCopyContactToSimAllowed
10-27 23:00:08.001  4205  5513 D SecContentProvider2: isCopyContactToSimAllowed = true
10-27 23:00:08.002  4853  5058 D BluetoothAdapter: STATE_BLE_ON
10-27 23:00:08.003  4205  8040 D SecContentProvider2: query(), uri = 18 selection = isCopyContactToSimAllowed
10-27 23:00:08.004  4853  5058 D BluetoothAdapter: appoCount is = 0 G/S = 1/1
10-27 23:00:08.005  4205  8040 D SecContentProvider2: isCopyContactToSimAllowed = true
10-27 23:00:08.010  4205  5456 D SecContentProvider2: query(), uri = 18 selection = isCopyContactToSimAllowed
10-27 23:00:08.012  4205  5456 D SecContentProvider2: isCopyContactToSimAllowed = true
10-27 23:00:08.014  4205  4406 D SecContentProvider2: query(), uri = 18 selection = isCopyContactToSimAllowed
10-27 23:00:08.015  4205  4406 D SecContentProvider2: isCopyContactToSimAllowed = true
10-27 23:00:08.017  4853  5058 W ChimeraUtils: Module com.google.android.gms.nearby_en has empty metadata display_name_string_id
10-27 23:00:08.022  4205  5456 D SecContentProvider2: query(), uri = 18 selection = isCopyContactToSimAllowed
10-27 23:00:08.024  4205  5456 D SecContentProvider2: isCopyContactToSimAllowed = true
10-27 23:00:08.032  5374  6836 I Icing   : IndexChimeraService.getServiceInterface callingPackage=com.google.android.gms componentName=AppsCorpus serviceId=36
10-27 23:00:08.040  4853  5058 W ChimeraUtils: Module com.google.android.gms.nearby_en has empty metadata display_name_string_id
10-27 23:00:08.040  4205  5518 D SecContentProvider2: query(), uri = 18 selection = isCopyContactToSimAllowed
10-27 23:00:08.042  4205  5518 D SecContentProvider2: isCopyContactToSimAllowed = true
10-27 23:00:08.044  4205  5518 D AccountManagerService: getUserAccounts0
10-27 23:00:08.053  4853  5058 W ChimeraUtils: Module com.google.android.gms.nearby_en has empty metadata display_name_string_id
10-27 23:00:08.073  4205  8040 D AccountManagerService: getUserAccounts0
10-27 23:00:08.074  5374 28084 I GmsCoreXrpcWrapper: Returning a channel provider with trafficStatsTag=12803 trafficStatsUid=-1
10-27 23:00:08.099  4205  4205 W LoadedApk: Slow system_server main thread handled for android.intent.action.PACKAGE_CHANGED took 343 ms, Receiver = android.content.pm.RegisteredServicesCache$1@e630fc2
10-27 23:00:08.099  4205  4205 W Looper  : Slow dispatch took 344ms main h=android.app.ActivityThread$H c=android.app.-$$Lambda$LoadedApk$ReceiverDispatcher$Args$_BumDX2UKsnxLVrE6UJsJZkotuA@2a81ac6 m=0
10-27 23:00:08.099  4205  4205 W Looper  : Slow system_server main looper dispatch took 344ms  h=android.app.ActivityThread$H
10-27 23:00:08.099  4205  4205 W Looper  : Slow delivery took 349ms main h=android.app.ActivityThread$H c=android.app.-$$Lambda$LoadedApk$ReceiverDispatcher$Args$_BumDX2UKsnxLVrE6UJsJZkotuA@4dfea87 m=0
10-27 23:00:08.099  4205  4205 W Looper  : Slow system_server main looper delivery took 349ms  h=android.app.ActivityThread$H
10-27 23:00:08.105  4205  4205 I GameManagerService: PkgInstallationReceiver, onReceive(),  begin, action: android.intent.action.PACKAGE_CHANGED
10-27 23:00:08.129  5374  6315 I Icing   : IndexChimeraService.getServiceInterface callingPackage=com.google.android.gms componentName=null serviceId=30
10-27 23:00:08.132  5374 28084 I Icing   : Usage reports ok 1, Failed Usage reports 0, indexed 0, rejected 0
10-27 23:00:08.151  4205  4221 W SearchableInfo: Invalid searchable metadata for com.samsung.android.messaging/.ui.view.recipientspicker.PickerActivity: Search label must be a resource reference.
10-27 23:00:08.153  4205  5518 D AccountManagerService: getUserAccounts0
10-27 23:00:08.156  5374 28084 I GmsCoreXrpcWrapper: Returning a channel provider with trafficStatsTag=12803 trafficStatsUid=-1
10-27 23:00:08.170  4853  4866 I .gms.persisten: Background concurrent copying GC freed 186358(9MB) AllocSpace objects, 51(2MB) LOS objects, 49% free, 12MB/24MB, paused 210us total 144.290ms
10-27 23:00:08.176  5374 28084 I Icing   : Usage reports ok 0, Failed Usage reports 0, indexed 0, rejected 0
10-27 23:00:08.179  5374 28084 I Icing   : Indexing com.google.android.gms-apps from com.google.android.gms
10-27 23:00:08.196  5374 28084 I Icing   : Indexing done com.google.android.gms-apps
10-27 23:00:08.213  4205  4205 W LoadedApk: Slow system_server main thread handled for android.intent.action.PACKAGE_CHANGED took 108 ms, Receiver = android.content.pm.RegisteredServicesCache$1@d840f5f
10-27 23:00:08.213  4205  4205 W Looper  : Slow dispatch took 108ms main h=android.app.ActivityThread$H c=android.app.-$$Lambda$LoadedApk$ReceiverDispatcher$Args$_BumDX2UKsnxLVrE6UJsJZkotuA@6706b6a m=0
10-27 23:00:08.213  4205  4205 W Looper  : Slow system_server main looper dispatch took 108ms  h=android.app.ActivityThread$H
10-27 23:00:08.213  4205  4205 I Telecom:SamsungDefaultDialerManagerAdapter: getDefaultDialerApplication - packageName : com.samsung.android.dialer / userId : 0
10-27 23:00:08.214  4205  4205 I Telecom : DefaultDialerCache: Refreshing default dialer for user 0: now com.samsung.android.dialer: DDC.oR@Afs
10-27 23:00:08.283  4205  4221 W SearchableInfo: Invalid searchable metadata for com.imo.android.imoim/.activities.Searchable: Search label must be a resource reference.
10-27 23:00:08.351  4205  4221 D MediaSessionService: Received change in packages, intent=Intent { act=android.intent.action.PACKAGE_CHANGED dat=package:com.airbnb.android flg=0x45000010 (has extras) }
10-27 23:00:08.353  5256  5256 D Launcher.Model: onPackageChanged:com.airbnb.android, user:UserHandle{0}, isUpsModeEnabled = false, isEmergencyEnabled = false
10-27 23:00:08.353  5256  5256 D Launcher.Model: isValidStateInKnoxMode:false user:UserHandle{0}
10-27 23:00:08.353  5256  5256 D SuggestedItemsProvider: onPackageChanged: com.airbnb.android
10-27 23:00:08.353  5256  5256 D SuggestedItemsProvider: onPackageRemoved: com.airbnb.android
10-27 23:00:08.354  5256  5385 W Launcher.Model: checkFinderState return, operation is not matched
10-27 23:00:08.354  5256  5385 D Launcher.Model: Loader.updatePackage com.airbnb.android
10-27 23:00:08.355  5256  5256 D SuggestedItemsProvider: onPackageAdded: com.airbnb.android
10-27 23:00:08.364  4205  5518 D PackageManager: getComponentMetadataForIconTray : com.airbnb.android.feat.homescreen.HomeActivity does not exist in mServices
10-27 23:00:08.364  4205  5518 D PackageManager: getComponentMetadataForIconTray : com.airbnb.android.feat.homescreen.HomeActivity does not exist in mProviders
10-27 23:00:08.364  4205  5518 D PackageManager: getComponentMetadataForIconTray : com.airbnb.android.feat.homescreen.HomeActivity does not exist in mReceivers
10-27 23:00:08.367  5256  5385 I AppIconSolution: return adaptive icon for NULL
10-27 23:00:08.370  5256  5385 D LauncherActivityInfo: packageName: com.airbnb.android, supportTheme: false, height: 288, width: 288, density: 640
10-27 23:00:08.384  5256  5256 D Launcher.Model: onShortcutsChanged:com.airbnb.android, user:UserHandle{0}
10-27 23:00:08.390  4516  4516 D SecStatusBarWifiView: updateState: WifiIconState(resId=2131232692, visible=true, activityId=2131232717)
10-27 23:00:08.391  4516  4516 D SecStatusBarWifiView: updateState: WifiIconState(resId=2131232692, visible=true, activityId=2131232717)
10-27 23:00:08.402  5256  5385 D DataLoader: updatePackage:com.airbnb.android
10-27 23:00:08.403  5256  5385 D DataLoader: updatePackageActivities, modified : IconInfo(title=Airbnb intent=Intent { act=android.intent.action.MAIN cat=[android.intent.category.LAUNCHER] flg=0x10200000 cmp=com.airbnb.android/.feat.homescreen.HomeActivity (has extras) } id=389 type=0 container=-102 screen=2 cellX=3 cellY=1 spanX=1 spanY=1 rank=7 hidden=0 dropPos=null user=UserHandle{0} screenType=0)
10-27 23:00:08.404  4205  5518 D LauncherAppsService: is Package Hidden: false
10-27 23:00:08.405  5256  5385 I AppsLoader: addOrUpdater
10-27 23:00:08.405  5256  5385 I AppsLoader: addOrUpdater cn = ComponentInfo{com.airbnb.android/com.airbnb.android.feat.homescreen.HomeActivity}, UserHandle{0}, screenType = 0
10-27 23:00:08.412  5256  5385 I AppsLoader: addOrUpdater update item = IconInfo(title=Airbnb intent=Intent { act=android.intent.action.MAIN cat=[android.intent.category.LAUNCHER] flg=0x10200000 cmp=com.airbnb.android/.feat.homescreen.HomeActivity (has extras) } id=389 type=0 container=-102 screen=2 cellX=3 cellY=1 spanX=1 spanY=1 rank=7 hidden=0 dropPos=null user=UserHandle{0} screenType=0)
10-27 23:00:08.413  5256  5385 D AppsDataRepository: update : 1
10-27 23:00:08.413  5256  5256 D AppsPresenter: AppsEvent update [1]
10-27 23:00:08.413  5256  5256 D AppsDragController: needDeferToBind : true , false
10-27 23:00:08.413  5256  5256 D AppsPresenter:  notifyUpdate return mDestroyed false
10-27 23:00:08.414  4205  5518 D LauncherAppsService: is Package Hidden: false
10-27 23:00:08.415  5256  5256 D HotseatPresenter: HomeEvent update for Hotseat [7]
10-27 23:00:08.415  5256  5256 D WorkspacePresenter: HomeEvent update [7]
10-27 23:00:08.415  5256  5256 D HotseatPresenter: HomeEvent update for Hotseat [8]
10-27 23:00:08.415  5256  5256 D WorkspacePresenter: HomeEvent update [8]
10-27 23:00:08.415  5256  5256 D HotseatPresenter: HomeEvent update for Hotseat [2]
10-27 23:00:08.415  5256  5256 D WorkspacePresenter: HomeEvent update [2]
10-27 23:00:08.418  5256  5385 D WidgetDataRepository: ignore dirty because widgets are not changed
