10-27 23:04:16.128 25945 25966 V ResourceManagerHelper-JNI: JNIMediaResourceHelper::notify eventType : 3, ext1 : 0, ext2 : 0
10-27 23:04:16.128 25945 25966 V ResourceManagerHelper-JNI: notify eventType : 3, ext1 : 0, ext2 : 0
10-27 23:04:16.128 25945 25966 I SemMediaResourceHelper: makeMediaResourceInfo mOwnResourceEventExcluded : false, mPid : 25945
10-27 23:04:16.128 25945 25966 I SemMediaResourceHelper: [1] makeMediaResourceInfo resourceType : 2 isSecured : false, pid : 2931, client id : 517909492480
10-27 23:04:16.128 25945 25966 I SemMediaResourceHelper: [2] makeMediaResourceInfo resourceType : 2 isSecured : false, pid : 3535, client id : 526577319808
10-27 23:04:16.129 25945 25987 I SemMediaResourceHelper: onState
10-27 23:04:16.129 25945 25987 I DrmMediaResourceHelper: onStateChanged size = 2
10-27 23:04:16.129 25945 25987 I DrmMediaResourceHelper: resource type: 2,,,isSecured :  falsegetCodecState : 1getpid : 2931
10-27 23:04:16.129 25945 25987 I DrmMediaResourceHelper: resource type: 2,,,isSecured :  falsegetCodecState : 1getpid : 3535
10-27 23:04:16.519 32322 32628 D Analytics: com.rakuten.tech.mobile.analytics.RealRatBackend$sendEventsToRat$1#run:139 Skipping request delivery there are no events to deliver to RAT
10-27 23:04:16.609 32322 32551 D Analytics: com.rakuten.tech.mobile.analytics.RealRatBackend$sendEventsToRat$1#run:139 Skipping request delivery there are no events to deliver to RAT
10-27 23:04:16.708  5151  5151 D io_stats: !@ 179,0 r 367182 11574448 w 215376 3423444 d 6854 2972876 f 19096 20266 iot 303500 265756 th 51200 0 0 pt 0 inp 0 0 21981.510
10-27 23:04:16.988  4205  4385 D WifiStateMachine: enter getWifiLinkLayerStats
10-27 23:04:16.988  4205  4385 I WifiVendorHal: getWifiLinkLayerStats(l.3097) before calling iface.getLinkLayerStats
10-27 23:04:16.989  3701  3701 I android.hardware.wifi@1.0-service: enter getLinkLayerStats
10-27 23:04:16.989  3701  3701 I android.hardware.wifi@1.0-service: enter getLinkLayerStatsInternal
10-27 23:04:16.999  3701  3701 I android.hardware.wifi@1.0-service: Successfully getLinkLayerStats.
10-27 23:04:17.000  4205  4385 I WifiVendorHal: getWifiLinkLayerStats(l.3097) after calling iface.getLinkLayerStats
10-27 23:04:17.009  4205  4385 I WifiStateMachine: checkScoreBasedQuality -  mPreviousScore[0]:95 mPreviousScore[1]:95 mPreviousScore[2]:95 s2Score:95mPrevoiusScoreAverage:95
10-27 23:04:17.128  3535  3541 I MediaCodec: setCodecState state : 0
10-27 23:04:17.129  3892 12532 I ResourceManagerService: getMediaResourceInfo resourceType : 2, size : 2
10-27 23:04:17.129  3892 12532 I ResourceManagerService: writeResourceInfo (PID : 2931, clientID : 517909492480, non-secure-codec/video-codec:1, 496x1080(fps:60) - SoftCodec : No, Encorder : Yes)
10-27 23:04:17.129  3892 12532 I ResourceManagerService: writeResourceInfo (PID : 3535, clientID : 526577319808, non-secure-codec/video-codec:1, 1080x2340(fps:60) - SoftCodec : No, Encorder : Yes)
10-27 23:04:17.129 25945 25966 V ResourceManagerHelper-JNI: JNIMediaResourceHelper::notify eventType : 3, ext1 : 0, ext2 : 0
10-27 23:04:17.130 25945 25966 V ResourceManagerHelper-JNI: notify eventType : 3, ext1 : 0, ext2 : 0
10-27 23:04:17.130 25945 25966 I SemMediaResourceHelper: makeMediaResourceInfo mOwnResourceEventExcluded : false, mPid : 25945
10-27 23:04:17.130 25945 25966 I SemMediaResourceHelper: [1] makeMediaResourceInfo resourceType : 2 isSecured : false, pid : 2931, client id : 517909492480
10-27 23:04:17.130 25945 25966 I SemMediaResourceHelper: [2] makeMediaResourceInfo resourceType : 2 isSecured : false, pid : 3535, client id : 526577319808
10-27 23:04:17.130 25945 25987 I SemMediaResourceHelper: onState
10-27 23:04:17.130 25945 25987 I DrmMediaResourceHelper: onStateChanged size = 2
10-27 23:04:17.130 25945 25987 I DrmMediaResourceHelper: resource type: 2,,,isSecured :  falsegetCodecState : 1getpid : 2931
10-27 23:04:17.130 25945 25987 I DrmMediaResourceHelper: resource type: 2,,,isSecured :  falsegetCodecState : 1getpid : 3535
10-27 23:04:17.497  2507  2835 I appium  : AppiumResponse: {"sessionId":"25ef9dad-37af-464b-8de6-157007124c32","value":[{"ELEMENT":"5cf6b768-1259-4d3e-80a4-db176a4801ac","element-6066-11e4-a52e-4f735466cecf":"5cf6b768-1259-4d3e-80a4-db176a4801ac"}]}
10-27 23:04:17.518 32322 32630 D Analytics: com.rakuten.tech.mobile.analytics.RealRatBackend$sendEventsToRat$1#run:139 Skipping request delivery there are no events to deliver to RAT
10-27 23:04:17.540  2507  2862 I appium  : channel read invoked!
10-27 23:04:17.541  2507  2862 I appium  : channel read: POST /wd/hub/session/25ef9dad-37af-464b-8de6-157007124c32/element/5cf6b768-1259-4d3e-80a4-db176a4801ac/click
10-27 23:04:17.543  2507  2862 I appium  : Click element command
10-27 23:04:17.561  4205  5421 D InputDispatcher: Inject motion (2497): action=0x0, eventTime=21982364000000, displayId=0
10-27 23:04:17.562  4205  4348 I InputDispatcher: Delivering touch to (4516): action: 0x4, displayId: 0, '77a0a71', toolType: 1
10-27 23:04:17.562  4205  4348 I InputDispatcher: Delivering touch to (4516): action: 0x4, displayId: 0, 'cb105cc', toolType: 1
10-27 23:04:17.562  4205  4348 I InputDispatcher: Delivering touch to (2541): action: 0x0, displayId: 0, 'ffc1ba5', toolType: 1
10-27 23:04:17.562  2541  2541 D ViewRootImpl@11e0231[HomeActivity]: ViewPostIme pointer 0
10-27 23:04:17.563  4205  4348 D PowerManagerService: [api] userActivityFromNative : 590 (event: 2 flags: 0) eventTime = 21982364
10-27 23:04:17.568  4205  5421 D InputDispatcher: Inject motion (2497): action=0x1, eventTime=21982364000000, displayId=0
10-27 23:04:17.569  4205  4348 I InputDispatcher: Delivering touch to (2541): action: 0x1, displayId: 0, 'ffc1ba5', toolType: 1
10-27 23:04:17.569  2541  2541 D ViewRootImpl@11e0231[HomeActivity]: ViewPostIme pointer 1
10-27 23:04:17.572  2507  2862 I appium  : Waiting up to 10000ms for device to be idle
10-27 23:04:17.573  2507  2862 I appium  : AppiumResponse: {"sessionId":"25ef9dad-37af-464b-8de6-157007124c32","value":null}
10-27 23:04:17.573  2541  3913 W Settings: Setting airplane_mode_on has moved from android.provider.Settings.System to android.provider.Settings.Global, returning read-only value.
10-27 23:04:17.574  2541  2541 W Settings: Setting airplane_mode_on has moved from android.provider.Settings.System to android.provider.Settings.Global, returning read-only value.
10-27 23:04:17.587  2541  2593 W Settings: Setting airplane_mode_on has moved from android.provider.Settings.System to android.provider.Settings.Global, returning read-only value.
10-27 23:04:17.593  2541  2593 W Settings: Setting airplane_mode_on has moved from android.provider.Settings.System to android.provider.Settings.Global, returning read-only value.
10-27 23:04:17.602  2507  2902 I appium  : channel read invoked!
10-27 23:04:17.602  2507  2902 I appium  : channel read: POST /wd/hub/session/25ef9dad-37af-464b-8de6-157007124c32/elements
10-27 23:04:17.605  2507  2902 I appium  : Find elements command using 'xpath' with selector '//*[@text='Next']'.
10-27 23:04:17.605  2507  2902 I appium  : Waiting up to 10000ms for device to be idle
10-27 23:04:17.609 32322 32563 D Analytics: com.rakuten.tech.mobile.analytics.RealRatBackend$sendEventsToRat$1#run:139 Skipping request delivery there are no events to deliver to RAT
10-27 23:04:17.741  3535  3541 I MediaCodec: setCodecState state : 1
10-27 23:04:17.741  3892 12532 I ResourceManagerService: getMediaResourceInfo resourceType : 2, size : 2
10-27 23:04:17.741  3892 12532 I ResourceManagerService: writeResourceInfo (PID : 2931, clientID : 517909492480, non-secure-codec/video-codec:1, 496x1080(fps:60) - SoftCodec : No, Encorder : Yes)
10-27 23:04:17.741  3892 12532 I ResourceManagerService: writeResourceInfo (PID : 3535, clientID : 526577319808, non-secure-codec/video-codec:1, 1080x2340(fps:60) - SoftCodec : No, Encorder : Yes)
10-27 23:04:17.741 25945 25966 V ResourceManagerHelper-JNI: JNIMediaResourceHelper::notify eventType : 3, ext1 : 0, ext2 : 0
10-27 23:04:17.741 25945 25966 V ResourceManagerHelper-JNI: notify eventType : 3, ext1 : 0, ext2 : 0
10-27 23:04:17.742 25945 25966 I SemMediaResourceHelper: makeMediaResourceInfo mOwnResourceEventExcluded : false, mPid : 25945
10-27 23:04:17.742 25945 25966 I SemMediaResourceHelper: [1] makeMediaResourceInfo resourceType : 2 isSecured : false, pid : 2931, client id : 517909492480
10-27 23:04:17.742 25945 25966 I SemMediaResourceHelper: [2] makeMediaResourceInfo resourceType : 2 isSecured : false, pid : 3535, client id : 526577319808
10-27 23:04:17.742 25945 25987 I SemMediaResourceHelper: onState
10-27 23:04:17.742 25945 25987 I DrmMediaResourceHelper: onStateChanged size = 2
10-27 23:04:17.742 25945 25987 I DrmMediaResourceHelper: resource type: 2,,,isSecured :  falsegetCodecState : 1getpid : 2931
10-27 23:04:17.742 25945 25987 I DrmMediaResourceHelper: resource type: 2,,,isSecured :  falsegetCodecState : 1getpid : 3535
10-27 23:04:18.042  4516  4516 D SecStatusBarWifiView: updateState: WifiIconState(resId=2131232692, visible=true, activityId=2131232698)
10-27 23:04:18.043  4516  4516 D SecStatusBarWifiView: updateState: WifiIconState(resId=2131232692, visible=true, activityId=2131232698)
10-27 23:04:18.519 32322 32401 D Analytics: com.rakuten.tech.mobile.analytics.RealRatBackend$sendEventsToRat$1#run:139 Skipping request delivery there are no events to deliver to RAT
10-27 23:04:18.608 32322 32587 D Analytics: com.rakuten.tech.mobile.analytics.RealRatBackend$sendEventsToRat$1#run:139 Skipping request delivery there are no events to deliver to RAT
10-27 23:04:18.647  2541  2541 W View    : couldn't find view with id 2131427942
10-27 23:04:18.987  5324  5670 D SDHMS:s : SIOP:: AP:317(383,70) BAT:338(338,0) CHG:422(422,0) USB:0(0,0) ATC:0(0,-999) 
10-27 23:04:19.045  4516  4516 D SecStatusBarWifiView: updateState: WifiIconState(resId=2131232692, visible=true, activityId=2131232717)
10-27 23:04:19.046  4516  4516 D SecStatusBarWifiView: updateState: WifiIconState(resId=2131232692, visible=true, activityId=2131232717)
10-27 23:04:19.208  4205  4318 D SensorService: [SO] -0.120 0.274 9.861
10-27 23:04:19.337  4205  4214 I system_server: Background concurrent copying GC freed 1085029(23MB) AllocSpace objects, 16(976KB) LOS objects, 35% free, 42MB/66MB, paused 503us total 293.444ms
10-27 23:04:19.520 32322 32428 D Analytics: com.rakuten.tech.mobile.analytics.RealRatBackend$sendEventsToRat$1#run:139 Skipping request delivery there are no events to deliver to RAT
10-27 23:04:19.609 32322 32634 D Analytics: com.rakuten.tech.mobile.analytics.RealRatBackend$sendEventsToRat$1#run:139 Skipping request delivery there are no events to deliver to RAT
10-27 23:04:20.013  4205  4385 D WifiStateMachine: enter getWifiLinkLayerStats
10-27 23:04:20.014  4205  4385 I WifiVendorHal: getWifiLinkLayerStats(l.3097) before calling iface.getLinkLayerStats
10-27 23:04:20.014  3701  3701 I android.hardware.wifi@1.0-service: enter getLinkLayerStats
10-27 23:04:20.015  3701  3701 I android.hardware.wifi@1.0-service: enter getLinkLayerStatsInternal
10-27 23:04:20.025  3701  3701 I android.hardware.wifi@1.0-service: Successfully getLinkLayerStats.
10-27 23:04:20.026  4205  4385 I WifiVendorHal: getWifiLinkLayerStats(l.3097) after calling iface.getLinkLayerStats
10-27 23:04:20.040  4205  4385 I WifiStateMachine: checkScoreBasedQuality -  mPreviousScore[0]:95 mPreviousScore[1]:95 mPreviousScore[2]:95 s2Score:95mPrevoiusScoreAverage:95
10-27 23:04:20.299  5374  1468 I CastDatabase: Saving the database
10-27 23:04:20.315  5374  1468 E SQLiteCastStore: Skip saving CastDeviceInfo: "Nearby device" (__cast_nearby___V_2b5a47dc-3ba0-4909-b3fc-1be84f0fbeab)
10-27 23:04:20.317  5374  1468 I SQLiteCastStore: [CastNetworkInfo] saved: 0, skipped: 0, [CastDeviceInfo]: saved 0, skipped 1, [Paired Guest Mode DeviceInfo] saved: 0, skipped: 0. [ProbedNetworks]: saved 0, skipped: 0, [ProbedSocketAddress]: saved 1, skipped: 0, [Network-Device pairs]: saved: 0
10-27 23:04:20.519 32322 32462 D Analytics: com.rakuten.tech.mobile.analytics.RealRatBackend$sendEventsToRat$1#run:139 Skipping request delivery there are no events to deliver to RAT
10-27 23:04:20.608 32322 32650 D Analytics: com.rakuten.tech.mobile.analytics.RealRatBackend$sendEventsToRat$1#run:139 Skipping request delivery there are no events to deliver to RAT
10-27 23:04:20.742  3535  3541 I MediaCodec: setCodecState state : 0
10-27 23:04:20.743  3892 12532 I ResourceManagerService: getMediaResourceInfo resourceType : 2, size : 2
10-27 23:04:20.743  3892 12532 I ResourceManagerService: writeResourceInfo (PID : 2931, clientID : 517909492480, non-secure-codec/video-codec:1, 496x1080(fps:60) - SoftCodec : No, Encorder : Yes)
10-27 23:04:20.743  3892 12532 I ResourceManagerService: writeResourceInfo (PID : 3535, clientID : 526577319808, non-secure-codec/video-codec:1, 1080x2340(fps:60) - SoftCodec : No, Encorder : Yes)
10-27 23:04:20.743 25945 25966 V ResourceManagerHelper-JNI: JNIMediaResourceHelper::notify eventType : 3, ext1 : 0, ext2 : 0
10-27 23:04:20.744 25945 25966 V ResourceManagerHelper-JNI: notify eventType : 3, ext1 : 0, ext2 : 0
10-27 23:04:20.744 25945 25966 I SemMediaResourceHelper: makeMediaResourceInfo mOwnResourceEventExcluded : false, mPid : 25945
10-27 23:04:20.744 25945 25966 I SemMediaResourceHelper: [1] makeMediaResourceInfo resourceType : 2 isSecured : false, pid : 2931, client id : 517909492480
10-27 23:04:20.744 25945 25966 I SemMediaResourceHelper: [2] makeMediaResourceInfo resourceType : 2 isSecured : false, pid : 3535, client id : 526577319808
10-27 23:04:20.745 25945 25987 I SemMediaResourceHelper: onState
10-27 23:04:20.745 25945 25987 I DrmMediaResourceHelper: onStateChanged size = 2
10-27 23:04:20.745 25945 25987 I DrmMediaResourceHelper: resource type: 2,,,isSecured :  falsegetCodecState : 1getpid : 2931
10-27 23:04:20.745 25945 25987 I DrmMediaResourceHelper: resource type: 2,,,isSecured :  falsegetCodecState : 1getpid : 3535
10-27 23:04:21.080  4205  4384 D WifiTrafficPoller: TrafficStats TxPkts=97709 RxPkts=126085 TxBytes=30497990 RxBytes=126816277 , Foreground uid=10419 pkgName=com.airbnb.android TxPackets=49886 RxPackets=74318 TxBytes=6902681 RxBytes=89826597
10-27 23:04:21.082  4516  4516 D SecStatusBarWifiView: updateState: WifiIconState(resId=2131232692, visible=true, activityId=2131232698)
10-27 23:04:21.083  4516  4516 D SecStatusBarWifiView: updateState: WifiIconState(resId=2131232692, visible=true, activityId=2131232698)
10-27 23:04:21.155  3535  3541 I MediaCodec: setCodecState state : 1
10-27 23:04:21.155  3892 12532 I ResourceManagerService: getMediaResourceInfo resourceType : 2, size : 2
10-27 23:04:21.156  3892 12532 I ResourceManagerService: writeResourceInfo (PID : 2931, clientID : 517909492480, non-secure-codec/video-codec:1, 496x1080(fps:60) - SoftCodec : No, Encorder : Yes)
10-27 23:04:21.156  3892 12532 I ResourceManagerService: writeResourceInfo (PID : 3535, clientID : 526577319808, non-secure-codec/video-codec:1, 1080x2340(fps:60) - SoftCodec : No, Encorder : Yes)
10-27 23:04:21.156 25945 25966 V ResourceManagerHelper-JNI: JNIMediaResourceHelper::notify eventType : 3, ext1 : 0, ext2 : 0
10-27 23:04:21.156 25945 25966 V ResourceManagerHelper-JNI: notify eventType : 3, ext1 : 0, ext2 : 0
10-27 23:04:21.156 25945 25966 I SemMediaResourceHelper: makeMediaResourceInfo mOwnResourceEventExcluded : false, mPid : 25945
10-27 23:04:21.156 25945 25966 I SemMediaResourceHelper: [1] makeMediaResourceInfo resourceType : 2 isSecured : false, pid : 2931, client id : 517909492480
10-27 23:04:21.156 25945 25966 I SemMediaResourceHelper: [2] makeMediaResourceInfo resourceType : 2 isSecured : false, pid : 3535, client id : 526577319808
10-27 23:04:21.157 25945 25987 I SemMediaResourceHelper: onState
10-27 23:04:21.157 25945 25987 I DrmMediaResourceHelper: onStateChanged size = 2
10-27 23:04:21.157 25945 25987 I DrmMediaResourceHelper: resource type: 2,,,isSecured :  falsegetCodecState : 1getpid : 2931
10-27 23:04:21.157 25945 25987 I DrmMediaResourceHelper: resource type: 2,,,isSecured :  falsegetCodecState : 1getpid : 3535
10-27 23:04:21.519 32322 32481 D Analytics: com.rakuten.tech.mobile.analytics.RealRatBackend$sendEventsToRat$1#run:139 Skipping request delivery there are no events to deliver to RAT
10-27 23:04:21.609 32322 32406 D Analytics: com.rakuten.tech.mobile.analytics.RealRatBackend$sendEventsToRat$1#run:139 Skipping request delivery there are no events to deliver to RAT
10-27 23:04:21.713  5151  5151 D io_stats: !@ 179,0 r 367182 11574448 w 215387 3423620 d 6854 2972876 f 19101 20271 iot 303536 265778 th 51200 0 0 pt 0 inp 0 0 21986.515
10-27 23:04:22.086  4516  4516 D SecStatusBarWifiView: updateState: WifiIconState(resId=2131232692, visible=true, activityId=2131232717)
10-27 23:04:22.086  4516  4516 D SecStatusBarWifiView: updateState: WifiIconState(resId=2131232692, visible=true, activityId=2131232717)
10-27 23:04:22.138  2507  2902 I appium  : AppiumResponse: {"sessionId":"25ef9dad-37af-464b-8de6-157007124c32","value":[{"ELEMENT":"ef1df6ec-910b-4357-8060-7521b27cb9bf","element-6066-11e4-a52e-4f735466cecf":"ef1df6ec-910b-4357-8060-7521b27cb9bf"}]}
10-27 23:04:22.165  2507  2903 I appium  : channel read invoked!
10-27 23:04:22.165  2507  2903 I appium  : channel read: POST /wd/hub/session/25ef9dad-37af-464b-8de6-157007124c32/elements
10-27 23:04:22.167  2507  2903 I appium  : Find elements command using 'xpath' with selector '//*[@text='Next']'.
10-27 23:04:22.167  2507  2903 I appium  : Waiting up to 10000ms for device to be idle
10-27 23:04:22.370  2541  2541 W View    : couldn't find view with id 2131427942
10-27 23:04:22.519 32322 32485 D Analytics: com.rakuten.tech.mobile.analytics.RealRatBackend$sendEventsToRat$1#run:139 Skipping request delivery there are no events to deliver to RAT
10-27 23:04:22.609 32322 32434 D Analytics: com.rakuten.tech.mobile.analytics.RealRatBackend$sendEventsToRat$1#run:139 Skipping request delivery there are no events to deliver to RAT
10-27 23:04:23.043  4205  4385 D WifiStateMachine: enter getWifiLinkLayerStats
10-27 23:04:23.044  4205  4385 I WifiVendorHal: getWifiLinkLayerStats(l.3097) before calling iface.getLinkLayerStats
10-27 23:04:23.044  3701  3701 I android.hardware.wifi@1.0-service: enter getLinkLayerStats
10-27 23:04:23.044  3701  3701 I android.hardware.wifi@1.0-service: enter getLinkLayerStatsInternal
10-27 23:04:23.052  3701  3701 I android.hardware.wifi@1.0-service: Successfully getLinkLayerStats.
10-27 23:04:23.053  4205  4385 I WifiVendorHal: getWifiLinkLayerStats(l.3097) after calling iface.getLinkLayerStats
10-27 23:04:23.062  4205  4385 I WifiStateMachine: checkScoreBasedQuality -  mPreviousScore[0]:95 mPreviousScore[1]:95 mPreviousScore[2]:95 s2Score:95mPrevoiusScoreAverage:95
10-27 23:04:23.156  3535  3541 I MediaCodec: setCodecState state : 0
10-27 23:04:23.157  3892 12532 I ResourceManagerService: getMediaResourceInfo resourceType : 2, size : 2
10-27 23:04:23.157  3892 12532 I ResourceManagerService: writeResourceInfo (PID : 2931, clientID : 517909492480, non-secure-codec/video-codec:1, 496x1080(fps:60) - SoftCodec : No, Encorder : Yes)
10-27 23:04:23.157  3892 12532 I ResourceManagerService: writeResourceInfo (PID : 3535, clientID : 526577319808, non-secure-codec/video-codec:1, 1080x2340(fps:60) - SoftCodec : No, Encorder : Yes)
10-27 23:04:23.157 25945 25966 V ResourceManagerHelper-JNI: JNIMediaResourceHelper::notify eventType : 3, ext1 : 0, ext2 : 0
10-27 23:04:23.157 25945 25966 V ResourceManagerHelper-JNI: notify eventType : 3, ext1 : 0, ext2 : 0
10-27 23:04:23.157 25945 25966 I SemMediaResourceHelper: makeMediaResourceInfo mOwnResourceEventExcluded : false, mPid : 25945
10-27 23:04:23.157 25945 25966 I SemMediaResourceHelper: [1] makeMediaResourceInfo resourceType : 2 isSecured : false, pid : 2931, client id : 517909492480
10-27 23:04:23.157 25945 25966 I SemMediaResourceHelper: [2] makeMediaResourceInfo resourceType : 2 isSecured : false, pid : 3535, client id : 526577319808
10-27 23:04:23.158 25945 25987 I SemMediaResourceHelper: onState
10-27 23:04:23.158 25945 25987 I DrmMediaResourceHelper: onStateChanged size = 2
10-27 23:04:23.158 25945 25987 I DrmMediaResourceHelper: resource type: 2,,,isSecured :  falsegetCodecState : 1getpid : 2931
10-27 23:04:23.158 25945 25987 I DrmMediaResourceHelper: resource type: 2,,,isSecured :  falsegetCodecState : 1getpid : 3535
10-27 23:04:23.167  4205  4630 E Watchdog: !@Sync 732 [2021-10-27 23:04:23.167] FD count : 451
10-27 23:04:23.241  4205  4683 D BatteryService: Sending ACTION_BATTERY_CHANGED. scale:100, info:{.chargerAcOnline = false, .chargerUsbOnline = true, .chargerWirelessOnline = false, .maxChargingCurrent = 0, .maxChargingVoltage = 0, .batteryStatus = CHARGING, .batteryHealth = GOOD, .batteryPresent = true, .batteryLevel = 76, .batteryVoltage = 4163, .batteryTemperature = 338, .batteryCurrent = 1, .batteryCycleCount = 0, .batteryFullCharge = 4900000, .batteryChargeCounter = 3738700, .batteryTechnology = Li-ion}
10-27 23:04:23.241  4205  4683 D BatteryService: online:19, current avg:1269, charge type:1, POGO powered:false, power sharing:false, high voltage charger:false, charger_type:0, capacity:280000, batterySWSelfDischarging:false, misc_event:0, current_event:0, current_now:1306
10-27 23:04:23.243  4205  4205 I MotionRecognitionService: Plugged
10-27 23:04:23.243  4205  4205 D MotionRecognitionService:   mCableConnection= 1
10-27 23:04:23.243  4205  4205 D MotionRecognitionService: setPowerConnected : mGripEnabled = false
10-27 23:04:23.243  4205  4205 D SamsungPhoneWindowManager: ACTION_BATTERY_CHANGED - Level :: 76, battStatus :: 2
10-27 23:04:23.244  4205  4205 D UsbDeviceManager: received ACTION_BATTERY_CHANGED
10-27 23:04:23.245  4205  4233 D UsbDeviceManager: handleMessage -> MSG_UPDATE_CHARGING_STATE = 1
10-27 23:04:23.245  4205  4233 D UsbDeviceManager: updateUsbNotification(false) : mConnected = true, mConfigured = true, mCurrentFunctions = 5, mHostConnected = false, mSourcePower = false, mSinkPower = true, mUsbCharging = true, mUseUsbNotification = true
10-27 23:04:23.245  4450  4450 D BigDataInfoController: Intent : android.intent.action.BATTERY_CHANGED
10-27 23:04:23.245  4205  4233 D UsbDeviceManager: updateUsbNotification, set mCurrentFunctionsForNoti : mtp
10-27 23:04:23.246  4205  4233 D UsbDeviceManager: id=27, mUsbNotificationId=27, titleRes=17042128
10-27 23:04:23.245  4450  4450 D BigDataInfoController: Intent : android.intent.action.BATTERY_CHANGED
10-27 23:04:23.247  4516  4516 D KeyguardUpdateMonitor: received broadcast android.intent.action.BATTERY_CHANGED
10-27 23:04:23.250  4516  4516 D KeyguardUpdateMonitor: handleBatteryUpdate
10-27 23:04:23.250  4516  4516 D PowerUI : priorPlugType = 2 mPlugType = 2 priorBatteryStatus = 2 mBatteryStatus = 2
10-27 23:04:23.250  4516  4516 D PowerUI.Notification: Charging estimate time is not supported and connected cable is normal cable charger, so return!
10-27 23:04:23.250  4516  4516 D PowerUI : Battery swelling mode - priorBatterySwellingMode = 0 mBatterySwellingMode = 0
10-27 23:04:23.268  4516  4516 I StackScroller: ADJUST STACK.TRANSLATION
10-27 23:04:23.269  4516  4516 I chatty  : uid=10006(com.samsung.android.app.aodservice) com.android.systemui identical 1 line
10-27 23:04:23.269  4516  4516 I StackScroller: ADJUST STACK.TRANSLATION
10-27 23:04:23.353  3535  3541 I MediaCodec: setCodecState state : 1
10-27 23:04:23.353  3892 12532 I ResourceManagerService: getMediaResourceInfo resourceType : 2, size : 2
10-27 23:04:23.354  3892 12532 I ResourceManagerService: writeResourceInfo (PID : 2931, clientID : 517909492480, non-secure-codec/video-codec:1, 496x1080(fps:60) - SoftCodec : No, Encorder : Yes)
10-27 23:04:23.354  3892 12532 I ResourceManagerService: writeResourceInfo (PID : 3535, clientID : 526577319808, non-secure-codec/video-codec:1, 1080x2340(fps:60) - SoftCodec : No, Encorder : Yes)
10-27 23:04:23.354 25945 25966 V ResourceManagerHelper-JNI: JNIMediaResourceHelper::notify eventType : 3, ext1 : 0, ext2 : 0
10-27 23:04:23.354 25945 25966 V ResourceManagerHelper-JNI: notify eventType : 3, ext1 : 0, ext2 : 0
10-27 23:04:23.354 25945 25966 I SemMediaResourceHelper: makeMediaResourceInfo mOwnResourceEventExcluded : false, mPid : 25945
10-27 23:04:23.354 25945 25966 I SemMediaResourceHelper: [1] makeMediaResourceInfo resourceType : 2 isSecured : false, pid : 2931, client id : 517909492480
10-27 23:04:23.354 25945 25966 I SemMediaResourceHelper: [2] makeMediaResourceInfo resourceType : 2 isSecured : false, pid : 3535, client id : 526577319808
10-27 23:04:23.354 25945 25987 I SemMediaResourceHelper: onState
10-27 23:04:23.354 25945 25987 I DrmMediaResourceHelper: onStateChanged size = 2
10-27 23:04:23.354 25945 25987 I DrmMediaResourceHelper: resource type: 2,,,isSecured :  falsegetCodecState : 1getpid : 2931
10-27 23:04:23.354 25945 25987 I DrmMediaResourceHelper: resource type: 2,,,isSecured :  falsegetCodecState : 1getpid : 3535
10-27 23:04:23.519 32322 32544 D Analytics: com.rakuten.tech.mobile.analytics.RealRatBackend$sendEventsToRat$1#run:139 Skipping request delivery there are no events to deliver to RAT
10-27 23:04:23.609 32322 32464 D Analytics: com.rakuten.tech.mobile.analytics.RealRatBackend$sendEventsToRat$1#run:139 Skipping request delivery there are no events to deliver to RAT
10-27 23:04:24.297  3713 10198 V APM_AudioPolicyManager: getAudioPolicyConfig: audioParam;outDevice
10-27 23:04:24.297  3713 10198 V APM_AudioPolicyManager: getNewOutputDevice() selected device 0
10-27 23:04:24.298  3713 10198 V APM_AudioPolicyManager: ### curdevice : 2
10-27 23:04:24.520 32322 32561 D Analytics: com.rakuten.tech.mobile.analytics.RealRatBackend$sendEventsToRat$1#run:139 Skipping request delivery there are no events to deliver to RAT
10-27 23:04:24.609 32322 32482 D Analytics: com.rakuten.tech.mobile.analytics.RealRatBackend$sendEventsToRat$1#run:139 Skipping request delivery there are no events to deliver to RAT
10-27 23:04:25.122  4205  4384 D WifiTrafficPoller: TrafficStats TxPkts=97711 RxPkts=126087 TxBytes=30498131 RxBytes=126816418 , Foreground uid=10419 pkgName=com.airbnb.android TxPackets=49886 RxPackets=74318 TxBytes=6902681 RxBytes=89826597
10-27 23:04:25.124  4516  4516 D SecStatusBarWifiView: updateState: WifiIconState(resId=2131232692, visible=true, activityId=2131232698)
10-27 23:04:25.125  4516  4516 D SecStatusBarWifiView: updateState: WifiIconState(resId=2131232692, visible=true, activityId=2131232698)
10-27 23:04:25.519 32322 32582 D Analytics: com.rakuten.tech.mobile.analytics.RealRatBackend$sendEventsToRat$1#run:139 Skipping request delivery there are no events to deliver to RAT
10-27 23:04:25.606  2507  2903 I appium  : AppiumResponse: {"sessionId":"25ef9dad-37af-464b-8de6-157007124c32","value":[{"ELEMENT":"c3c41b67-d0cc-42f7-8de9-8f8a25f1d6dc","element-6066-11e4-a52e-4f735466cecf":"c3c41b67-d0cc-42f7-8de9-8f8a25f1d6dc"}]}
10-27 23:04:25.608 32322 32486 D Analytics: com.rakuten.tech.mobile.analytics.RealRatBackend$sendEventsToRat$1#run:139 Skipping request delivery there are no events to deliver to RAT
10-27 23:04:25.649  2507  2909 I appium  : channel read invoked!
10-27 23:04:25.649  2507  2909 I appium  : channel read: POST /wd/hub/session/25ef9dad-37af-464b-8de6-157007124c32/element/c3c41b67-d0cc-42f7-8de9-8f8a25f1d6dc/click
10-27 23:04:25.651  2507  2909 I appium  : Click element command
10-27 23:04:25.663  4205  4772 D InputDispatcher: Inject motion (2497): action=0x0, eventTime=21990466000000, displayId=0
10-27 23:04:25.663  4205  4348 I InputDispatcher: Delivering touch to (4516): action: 0x4, displayId: 0, '77a0a71', toolType: 1
10-27 23:04:25.663  4205  4348 I InputDispatcher: Delivering touch to (4516): action: 0x4, displayId: 0, 'cb105cc', toolType: 1
10-27 23:04:25.663  4205  4348 I InputDispatcher: Delivering touch to (2541): action: 0x0, displayId: 0, 'ffc1ba5', toolType: 1
10-27 23:04:25.663  2541  2541 D ViewRootImpl@11e0231[HomeActivity]: ViewPostIme pointer 0
10-27 23:04:25.670  4205  4772 D InputDispatcher: Inject motion (2497): action=0x1, eventTime=21990466000000, displayId=0
10-27 23:04:25.671  4205  4348 I InputDispatcher: Delivering touch to (2541): action: 0x1, displayId: 0, 'ffc1ba5', toolType: 1
10-27 23:04:25.671  2541  2541 D ViewRootImpl@11e0231[HomeActivity]: ViewPostIme pointer 1
10-27 23:04:25.673  2507  2909 I appium  : Waiting up to 10000ms for device to be idle
10-27 23:04:25.674  2507  2909 I appium  : AppiumResponse: {"sessionId":"25ef9dad-37af-464b-8de6-157007124c32","value":null}
10-27 23:04:25.689  2541  3925 W Settings: Setting airplane_mode_on has moved from android.provider.Settings.System to android.provider.Settings.Global, returning read-only value.
10-27 23:04:25.695  2541  3858 W Settings: Setting airplane_mode_on has moved from android.provider.Settings.System to android.provider.Settings.Global, returning read-only value.
10-27 23:04:25.714  2507  2913 I appium  : channel read invoked!
10-27 23:04:25.714  2507  2913 I appium  : channel read: POST /wd/hub/session/25ef9dad-37af-464b-8de6-157007124c32/elements
10-27 23:04:25.717  2507  2913 I appium  : Find elements command using 'id' with selector '2131432667'.
10-27 23:04:25.717  2507  2913 I appium  : Waiting up to 10000ms for device to be idle
10-27 23:04:25.755  2541  2593 W Settings: Setting airplane_mode_on has moved from android.provider.Settings.System to android.provider.Settings.Global, returning read-only value.
10-27 23:04:25.756  2541  2541 W Settings: Setting airplane_mode_on has moved from android.provider.Settings.System to android.provider.Settings.Global, returning read-only value.
10-27 23:04:25.774  2541  2593 W Settings: Setting airplane_mode_on has moved from android.provider.Settings.System to android.provider.Settings.Global, returning read-only value.
10-27 23:04:25.791  2541  2593 W Settings: Setting airplane_mode_on has moved from android.provider.Settings.System to android.provider.Settings.Global, returning read-only value.
10-27 23:04:25.793  2541  2541 W Settings: Setting airplane_mode_on has moved from android.provider.Settings.System to android.provider.Settings.Global, returning read-only value.
10-27 23:04:25.809  2541  2541 D SensorManager: registerListener fail (2) :: 1936879478, Samsung Rotation Vector Sensor, 10000, 0,  
10-27 23:04:25.811  2541  2541 W Settings: Setting airplane_mode_on has moved from android.provider.Settings.System to android.provider.Settings.Global, returning read-only value.
10-27 23:04:25.816  2541  2541 I chatty  : uid=10419(com.airbnb.android) identical 1 line
10-27 23:04:25.818  2541  2541 W Settings: Setting airplane_mode_on has moved from android.provider.Settings.System to android.provider.Settings.Global, returning read-only value.
10-27 23:04:25.904  2541  2541 D InputMethodManager: prepareNavigationBarInfo() DecorView@b7e7697[HomeActivity]
10-27 23:04:25.904  2541  2541 D InputMethodManager: getNavigationBarColor() -855310
10-27 23:04:25.904  2541  2541 V InputMethodManager: Starting input: tba=com.airbnb.android ic=null mNaviBarColor -855310 mIsGetNaviBarColorSuccess true , NavVisible : true , NavTrans : false
10-27 23:04:25.904  2541  2541 D InputMethodManager: startInputInner - Id : 0
10-27 23:04:25.904  2541  2541 I InputMethodManager: startInputInner - mService.startInputOrWindowGainedFocus
10-27 23:04:25.904  4205  4491 D InputMethodManagerService: startInputOrWindowGainedFocus : startInput 
10-27 23:04:25.905  4205  4491 D InputMethodManagerService: checkDisplayOfStartInputAndUpdateKeyboard display Id 0last 0
10-27 23:04:25.905  4205  4491 D InputMethodManagerService: setCurrentInputInfo - inputContext : null eidtorInfo : android.view.inputmethod.EditorInfo@d41e3a9 missingMethods : 0
10-27 23:04:25.905  4205  4491 D InputTransport: Input channel constructed: fd=324
10-27 23:04:25.905  4205  4491 D InputTransport: Input channel destroyed: fd=324
10-27 23:04:25.905  9757  9757 I InputMethodWrapper:  call dispatchStartInputWithToken
10-27 23:04:25.905  2541  2541 D InputTransport: Input channel constructed: fd=98
10-27 23:04:25.905  9757  9757 I InputMethodService: dispatchStartInputWithToken
10-27 23:04:25.905  2541  2541 D InputTransport: Input channel destroyed: fd=100
10-27 23:04:25.905  9757  9757 I GoogleInputMethodService: GoogleInputMethodService.onFinishInput():3362 
10-27 23:04:25.906  9757  9757 D InputMethodService: checkDisplayOfStartInputAndUpdateKeyboard display Id 0last 0
10-27 23:04:25.906  9757  9757 I GoogleInputMethodService: GoogleInputMethodService.onStartInput():1943 
10-27 23:04:26.064  4205  4385 D WifiStateMachine: enter getWifiLinkLayerStats
10-27 23:04:26.064  4205  4385 I WifiVendorHal: getWifiLinkLayerStats(l.3097) before calling iface.getLinkLayerStats
10-27 23:04:26.065  3701  3701 I android.hardware.wifi@1.0-service: enter getLinkLayerStats
10-27 23:04:26.065  3701  3701 I android.hardware.wifi@1.0-service: enter getLinkLayerStatsInternal
10-27 23:04:26.074  3701  3701 I android.hardware.wifi@1.0-service: Successfully getLinkLayerStats.
10-27 23:04:26.075  4205  4385 I WifiVendorHal: getWifiLinkLayerStats(l.3097) after calling iface.getLinkLayerStats
10-27 23:04:26.091  4205  4385 I WifiStateMachine: checkScoreBasedQuality -  mPreviousScore[0]:95 mPreviousScore[1]:95 mPreviousScore[2]:95 s2Score:95mPrevoiusScoreAverage:95
10-27 23:04:26.091  2507  2913 I appium  : AppiumResponse: {"sessionId":"25ef9dad-37af-464b-8de6-157007124c32","value":[{"ELEMENT":"0e6596b8-e6bb-49d6-9af6-e8c324f8389f","element-6066-11e4-a52e-4f735466cecf":"0e6596b8-e6bb-49d6-9af6-e8c324f8389f"},{"ELEMENT":"de2677a5-8085-4acd-89bd-97e04ddbaf8d","element-6066-11e4-a52e-4f735466cecf":"de2677a5-8085-4acd-89bd-97e04ddbaf8d"},{"ELEMENT":"05cde749-6113-4bc1-8f40-5ceb80a0c03c","element-6066-11e4-a52e-4f735466cecf":"05cde749-6113-4bc1-8f40-5ceb80a0c03c"}]}
10-27 23:04:26.126  4516  4516 D SecStatusBarWifiView: updateState: WifiIconState(resId=2131232692, visible=true, activityId=2131232717)
10-27 23:04:26.126  2507  2914 I appium  : channel read invoked!
10-27 23:04:26.126  2507  2914 I appium  : channel read: POST /wd/hub/session/25ef9dad-37af-464b-8de6-157007124c32/elements
10-27 23:04:26.126  4516  4516 D SecStatusBarWifiView: updateState: WifiIconState(resId=2131232692, visible=true, activityId=2131232717)
10-27 23:04:26.129  2507  2914 I appium  : Find elements command using 'id' with selector '2131431110'.
10-27 23:04:26.130  2507  2914 I appium  : Waiting up to 10000ms for device to be idle
10-27 23:04:26.237  2541  2552 I .airbnb.androi: Background concurrent copying GC freed 1101327(30MB) AllocSpace objects, 0(0B) LOS objects, 31% free, 51MB/75MB, paused 284us total 324.178ms
10-27 23:04:26.324  3120  3248 E ProtoStatistic2: run: mSendingTask
10-27 23:04:26.491  4205  4339 D SamsungAlarmManager: Expired : 4
10-27 23:04:26.491  4205  4339 V SamsungAlarmManager: Sending to uid : 1000 listener=android.app.AlarmManager$ListenerWrapper@b256e0 alarm=Alarm{6219d2e type 2 when 25345593 android}
10-27 23:04:26.493  4205  4339 V SamsungAlarmManager: Sending to uid : 10076 action=com.samsung.action.EVERY_MINUTE_CLOCK_UPDATE alarm=Alarm{9c820cf type 1 when 1635356040000 com.sec.android.app.launcher}
10-27 23:04:26.495  4205  4339 I SamsungAlarmManager: setLocked to kernel - T:2 / 20211027T230516, SetElapsed=25395441, nowELAPSED=25345597
10-27 23:04:26.497  5256  5256 I LiveIconManager: onReceive: com.samsung.action.EVERY_MINUTE_CLOCK_UPDATE
10-27 23:04:26.496  4205  4339 I SamsungAlarmManager: setLocked to kernel - T:3 / 20211027T230459, SetElapsed=25379102, nowELAPSED=25345598
10-27 23:04:26.504  4205  4491 D SamsungAlarmManager: setInexact Intent (T:1/F:0/AC:false) 20211027T230500 - CU:10076/CP:5256
10-27 23:04:26.505  4205  4491 I SamsungAlarmManager: setLocked to kernel - T:2 / 20211027T230516, SetElapsed=25395441, nowELAPSED=25345607
10-27 23:04:26.505  4205  4491 I SamsungAlarmManager: setLocked to kernel - T:3 / 20211027T230500, SetElapsed=25379102, nowELAPSED=25345607
10-27 23:04:26.506  4205  4205 D SamsungAlarmManager: setInexact Listener (T:2/F:0/AC:false) 20211027T230437 - CU:1000/CP:4205
10-27 23:04:26.507  4205  4205 I SamsungAlarmManager: setLocked to kernel - T:2 / 20211027T230437, SetElapsed=25356446, nowELAPSED=25345609
10-27 23:04:26.519 32322 32628 D Analytics: com.rakuten.tech.mobile.analytics.RealRatBackend$sendEventsToRat$1#run:139 Skipping request delivery there are no events to deliver to RAT
10-27 23:04:26.528  2149  2149 I Umbrella: RestrictionsObserverJobService: Restrictions observer invoked:3000
10-27 23:04:26.534  2149  2149 I Umbrella: RestrictionsObserverJobService: handleRestrictionsJob is invoked.
10-27 23:04:26.541  2149  2149 I Umbrella: Helper: Scheduling a job to check restrictions.
10-27 23:04:26.544  2149  2149 I Umbrella: Helper: Scheduling a job.
10-27 23:04:26.556  4205  4491 D ConnectivityService: filterNetworkStateForUid() uid: 10058, pid: 4205
10-27 23:04:26.556  4205  4491 D ConnectivityService: filterNetworkStateForUid() uid: 10058, pid: 4205, networkInfo: [type: VPN[], state: CONNECTED/CONNECTED, reason: agentConnect, extra: (none), failover: false, available: true, roaming: false]
10-27 23:04:26.608 32322 32551 D Analytics: com.rakuten.tech.mobile.analytics.RealRatBackend$sendEventsToRat$1#run:139 Skipping request delivery there are no events to deliver to RAT
10-27 23:04:26.719  5151  5151 D io_stats: !@ 179,0 r 367182 11574448 w 215417 3424232 d 6854 2972876 f 19113 20283 iot 303568 265806 th 51200 0 0 pt 0 inp 0 0 21991.521
10-27 23:04:26.837  2507  2914 I appium  : AppiumResponse: {"sessionId":"25ef9dad-37af-464b-8de6-157007124c32","value":[{"ELEMENT":"b7879240-6fb2-4fe8-a3ff-4fd9b954f4c6","element-6066-11e4-a52e-4f735466cecf":"b7879240-6fb2-4fe8-a3ff-4fd9b954f4c6"},{"ELEMENT":"4653767b-b1a9-4c8c-b750-2c7d0eed0c30","element-6066-11e4-a52e-4f735466cecf":"4653767b-b1a9-4c8c-b750-2c7d0eed0c30"},{"ELEMENT":"d25afc4f-d551-4e3a-b1f8-7d3650fd9b20","element-6066-11e4-a52e-4f735466cecf":"d25afc4f-d551-4e3a-b1f8-7d3650fd9b20"}]}
10-27 23:04:26.891  2507  2916 I appium  : channel read invoked!
10-27 23:04:26.891  2507  2916 I appium  : channel read: POST /wd/hub/session/25ef9dad-37af-464b-8de6-157007124c32/element/4653767b-b1a9-4c8c-b750-2c7d0eed0c30/click
10-27 23:04:26.893  2507  2916 I appium  : Click element command
10-27 23:04:26.907  4205  4491 D InputDispatcher: Inject motion (2497): action=0x0, eventTime=21991710000000, displayId=0
10-27 23:04:26.907  4205  4348 I InputDispatcher: Delivering touch to (4516): action: 0x4, displayId: 0, '77a0a71', toolType: 1
10-27 23:04:26.908  4205  4348 I InputDispatcher: Delivering touch to (4516): action: 0x4, displayId: 0, 'cb105cc', toolType: 1
10-27 23:04:26.908  4205  4348 I InputDispatcher: Delivering touch to (2541): action: 0x0, displayId: 0, 'ffc1ba5', toolType: 1
10-27 23:04:26.908  2541  2541 D ViewRootImpl@11e0231[HomeActivity]: ViewPostIme pointer 0
10-27 23:04:26.913  4205  4491 D InputDispatcher: Inject motion (2497): action=0x1, eventTime=21991710000000, displayId=0
10-27 23:04:26.913  4205  4348 I InputDispatcher: Delivering touch to (2541): action: 0x1, displayId: 0, 'ffc1ba5', toolType: 1
10-27 23:04:26.913  2541  2541 D ViewRootImpl@11e0231[HomeActivity]: ViewPostIme pointer 1
10-27 23:04:26.915  2507  2916 I appium  : Waiting up to 10000ms for device to be idle
10-27 23:04:26.916  2507  2916 I appium  : AppiumResponse: {"sessionId":"25ef9dad-37af-464b-8de6-157007124c32","value":null}
10-27 23:04:26.923  2541  2541 W Settings: Setting airplane_mode_on has moved from android.provider.Settings.System to android.provider.Settings.Global, returning read-only value.
10-27 23:04:26.957  2507  2917 I appium  : channel read invoked!
10-27 23:04:26.957  2507  2917 I appium  : channel read: POST /wd/hub/session/25ef9dad-37af-464b-8de6-157007124c32/element/4653767b-b1a9-4c8c-b750-2c7d0eed0c30/click
10-27 23:04:26.960  2507  2917 I appium  : Click element command
10-27 23:04:27.010  2541  3925 W Settings: Setting airplane_mode_on has moved from android.provider.Settings.System to android.provider.Settings.Global, returning read-only value.
10-27 23:04:27.011  2541  2571 W Settings: Setting airplane_mode_on has moved from android.provider.Settings.System to android.provider.Settings.Global, returning read-only value.
10-27 23:04:27.016  2541  2571 W Settings: Setting airplane_mode_on has moved from android.provider.Settings.System to android.provider.Settings.Global, returning read-only value.
10-27 23:04:27.520 32322 32630 D Analytics: com.rakuten.tech.mobile.analytics.RealRatBackend$sendEventsToRat$1#run:139 Skipping request delivery there are no events to deliver to RAT
10-27 23:04:27.558  4205  4318 D SensorService: [SO] -0.123 0.273 9.785
10-27 23:04:27.608 32322 32563 D Analytics: com.rakuten.tech.mobile.analytics.RealRatBackend$sendEventsToRat$1#run:139 Skipping request delivery there are no events to deliver to RAT
10-27 23:04:27.644  4205  4772 D InputDispatcher: Inject motion (2497): action=0x0, eventTime=21992446000000, displayId=0
10-27 23:04:27.645  4205  4348 I InputDispatcher: Delivering touch to (4516): action: 0x4, displayId: 0, '77a0a71', toolType: 1
10-27 23:04:27.645  4205  4348 I InputDispatcher: Delivering touch to (4516): action: 0x4, displayId: 0, 'cb105cc', toolType: 1
10-27 23:04:27.646  4205  4348 I InputDispatcher: Delivering touch to (2541): action: 0x0, displayId: 0, 'ffc1ba5', toolType: 1
10-27 23:04:27.646  2541  2541 D ViewRootImpl@11e0231[HomeActivity]: ViewPostIme pointer 0
10-27 23:04:27.653  4205  4772 D InputDispatcher: Inject motion (2497): action=0x1, eventTime=21992446000000, displayId=0
10-27 23:04:27.653  4205  4348 I InputDispatcher: Delivering touch to (2541): action: 0x1, displayId: 0, 'ffc1ba5', toolType: 1
10-27 23:04:27.654  2541  2541 D ViewRootImpl@11e0231[HomeActivity]: ViewPostIme pointer 1
10-27 23:04:27.657  2507  2917 I appium  : Waiting up to 10000ms for device to be idle
10-27 23:04:27.659  2507  2917 I appium  : AppiumResponse: {"sessionId":"25ef9dad-37af-464b-8de6-157007124c32","value":null}
10-27 23:04:27.660  2541  2541 W Settings: Setting airplane_mode_on has moved from android.provider.Settings.System to android.provider.Settings.Global, returning read-only value.
10-27 23:04:27.679  2541  3929 W Settings: Setting airplane_mode_on has moved from android.provider.Settings.System to android.provider.Settings.Global, returning read-only value.
10-27 23:04:27.680  2541  2593 W Settings: Setting airplane_mode_on has moved from android.provider.Settings.System to android.provider.Settings.Global, returning read-only value.
10-27 23:04:27.685  2541  2593 W Settings: Setting airplane_mode_on has moved from android.provider.Settings.System to android.provider.Settings.Global, returning read-only value.
10-27 23:04:27.707  2507  2924 I appium  : channel read invoked!
10-27 23:04:27.707  2507  2924 I appium  : channel read: POST /wd/hub/session/25ef9dad-37af-464b-8de6-157007124c32/elements
10-27 23:04:27.711  2507  2924 I appium  : Find elements command using 'xpath' with selector '//*[@text='Search']'.
10-27 23:04:27.711  2507  2924 I appium  : Waiting up to 10000ms for device to be idle
10-27 23:04:28.075  2507  2924 I appium  : AppiumResponse: {"sessionId":"25ef9dad-37af-464b-8de6-157007124c32","value":[{"ELEMENT":"df43b664-6e33-4fce-a68d-b4a1d1d5c7b9","element-6066-11e4-a52e-4f735466cecf":"df43b664-6e33-4fce-a68d-b4a1d1d5c7b9"}]}
10-27 23:04:28.103  2507  2530 I appium  : channel read invoked!
10-27 23:04:28.103  2507  2530 I appium  : channel read: POST /wd/hub/session/25ef9dad-37af-464b-8de6-157007124c32/elements
10-27 23:04:28.107  2507  2530 I appium  : Find elements command using 'xpath' with selector '//*[@text='Search']'.
10-27 23:04:28.108  2507  2530 I appium  : Waiting up to 10000ms for device to be idle
10-27 23:04:28.474  4205  4772 D ConnectivityService: filterNetworkStateForUid() uid: 10230, pid: 3120
10-27 23:04:28.474  4205  4772 D ConnectivityService: filterNetworkStateForUid() uid: 10230, pid: 3120, networkInfo: [type: WIFI[], state: DISCONNECTED/BLOCKED, reason: (unspecified), extra: (none), failover: false, available: true, roaming: false]
10-27 23:04:28.519 32322 32401 D Analytics: com.rakuten.tech.mobile.analytics.RealRatBackend$sendEventsToRat$1#run:139 Skipping request delivery there are no events to deliver to RAT
10-27 23:04:28.608 32322 32587 D Analytics: com.rakuten.tech.mobile.analytics.RealRatBackend$sendEventsToRat$1#run:139 Skipping request delivery there are no events to deliver to RAT
10-27 23:04:28.709  2507  2530 I appium  : AppiumResponse: {"sessionId":"25ef9dad-37af-464b-8de6-157007124c32","value":[{"ELEMENT":"b89f6dd9-45cb-432e-84d3-bedc36d0ef73","element-6066-11e4-a52e-4f735466cecf":"b89f6dd9-45cb-432e-84d3-bedc36d0ef73"}]}
10-27 23:04:28.736  2507  2531 I appium  : channel read invoked!
10-27 23:04:28.736  2507  2531 I appium  : channel read: POST /wd/hub/session/25ef9dad-37af-464b-8de6-157007124c32/element/b89f6dd9-45cb-432e-84d3-bedc36d0ef73/click
10-27 23:04:28.738  2507  2531 I appium  : Click element command
10-27 23:04:28.749  4205  4215 D InputDispatcher: Inject motion (2497): action=0x0, eventTime=21993552000000, displayId=0
10-27 23:04:28.749  4205  4348 I InputDispatcher: Delivering touch to (4516): action: 0x4, displayId: 0, '77a0a71', toolType: 1
10-27 23:04:28.749  4205  4348 I InputDispatcher: Delivering touch to (4516): action: 0x4, displayId: 0, 'cb105cc', toolType: 1
10-27 23:04:28.749  4205  4348 I InputDispatcher: Delivering touch to (2541): action: 0x0, displayId: 0, 'ffc1ba5', toolType: 1
10-27 23:04:28.750  2541  2541 D ViewRootImpl@11e0231[HomeActivity]: ViewPostIme pointer 0
10-27 23:04:28.754  4205  4215 D InputDispatcher: Inject motion (2497): action=0x1, eventTime=21993552000000, displayId=0
10-27 23:04:28.754  4205  4348 I InputDispatcher: Delivering touch to (2541): action: 0x1, displayId: 0, 'ffc1ba5', toolType: 1
10-27 23:04:28.755  2541  2541 D ViewRootImpl@11e0231[HomeActivity]: ViewPostIme pointer 1
10-27 23:04:28.757  2507  2531 I appium  : Waiting up to 10000ms for device to be idle
10-27 23:04:28.758  2507  2531 I appium  : AppiumResponse: {"sessionId":"25ef9dad-37af-464b-8de6-157007124c32","value":null}
10-27 23:04:28.759  2541  2541 W Settings: Setting airplane_mode_on has moved from android.provider.Settings.System to android.provider.Settings.Global, returning read-only value.
10-27 23:04:28.762  2541  3858 W Settings: Setting airplane_mode_on has moved from android.provider.Settings.System to android.provider.Settings.Global, returning read-only value.
10-27 23:04:28.766  2541  2541 W Settings: Setting airplane_mode_on has moved from android.provider.Settings.System to android.provider.Settings.Global, returning read-only value.
10-27 23:04:28.770  2541  3925 W Settings: Setting airplane_mode_on has moved from android.provider.Settings.System to android.provider.Settings.Global, returning read-only value.
10-27 23:04:28.779  2541  2571 W Settings: Setting airplane_mode_on has moved from android.provider.Settings.System to android.provider.Settings.Global, returning read-only value.
10-27 23:04:28.785  2541  2541 W Settings: Setting airplane_mode_on has moved from android.provider.Settings.System to android.provider.Settings.Global, returning read-only value.
10-27 23:04:28.786  2541  2593 W Settings: Setting airplane_mode_on has moved from android.provider.Settings.System to android.provider.Se