10-27 23:00:01.794  2541  2541 W Settings: Setting airplane_mode_on has moved from android.provider.Settings.System to android.provider.Settings.Global, returning read-only value.
10-27 23:00:01.795  2541  2564 W Settings: Setting airplane_mode_on has moved from android.provider.Settings.System to android.provider.Settings.Global, returning read-only value.
10-27 23:00:01.863  3895  3971 D EnterpriseController: netId is 0
10-27 23:00:01.863  3895  3971 E Netd    : getNetworkForDns: getNetId from enterpriseCtrl is netid 0
10-27 23:00:01.863  3895  3971 D DnsProxyListener: DNSDBG::dns addrinfo af 0
10-27 23:00:01.908  2541  2768 W Settings: Setting airplane_mode_on has moved from android.provider.Settings.System to android.provider.Settings.Global, returning read-only value.
10-27 23:00:02.050  4205  4339 D SamsungAlarmManager: Expired : 4
10-27 23:00:02.051  4205  4339 V SamsungAlarmManager: Sending to uid : 1000 listener=android.app.AlarmManager$ListenerWrapper@6c2b12f alarm=Alarm{f06dbf6 type 2 when 25081153 android}
10-27 23:00:02.051  4205  4339 I SamsungAlarmManager: setLocked to kernel - T:2 / 20211027T230111, SetElapsed=25150609, nowELAPSED=25081154
10-27 23:00:02.052  4205  4339 I SamsungAlarmManager: setLocked to kernel - T:3 / 20211027T230100, SetElapsed=25139103, nowELAPSED=25081154
10-27 23:00:02.052  4205  4205 D SamsungAlarmManager: setInexact Listener (T:2/F:0/AC:false) 20211027T230123 - CU:1000/CP:4205
10-27 23:00:02.052  4205  4205 I SamsungAlarmManager: setLocked to kernel - T:2 / 20211027T230123, SetElapsed=25162166, nowELAPSED=25081155
10-27 23:00:02.053  4205  4205 I SamsungAlarmManager: setLocked to kernel - T:3 / 20211027T230100, SetElapsed=25139103, nowELAPSED=25081155
10-27 23:00:02.061  2149  2149 I Umbrella: RestrictionsObserverJobService: Restrictions observer invoked:3000
10-27 23:00:02.064  2149  2149 I Umbrella: RestrictionsObserverJobService: handleRestrictionsJob is invoked.
10-27 23:00:02.068  2541  2541 W Glide   : Failed to find GeneratedAppGlideModule. You should include an annotationProcessor compile dependency on com.github.bumptech.glide:compiler in your application and a @GlideModule annotated AppGlideModule implementation or LibraryGlideModules will be silently ignored
10-27 23:00:02.068  2149  2149 I Umbrella: Helper: Scheduling a job to check restrictions.
10-27 23:00:02.070  2149  2149 I Umbrella: Helper: Scheduling a job.
10-27 23:00:02.076  4205  4216 D ConnectivityService: filterNetworkStateForUid() uid: 10058, pid: 4205
10-27 23:00:02.076  4205  4216 D ConnectivityService: filterNetworkStateForUid() uid: 10058, pid: 4205, networkInfo: [type: VPN[], state: CONNECTED/CONNECTED, reason: agentConnect, extra: (none), failover: false, available: true, roaming: false]
10-27 23:00:02.082  4205  5513 D ConnectivityService: filterNetworkStateForUid() uid: 10419, pid: 2541
10-27 23:00:02.082  4205  5513 D ConnectivityService: filterNetworkStateForUid() uid: 10419, pid: 2541, networkInfo: [type: WIFI[], state: CONNECTED/CONNECTED, reason: (unspecified), extra: (none), failover: false, available: true, roaming: false]
10-27 23:00:02.089  4205  4449 D ActivityManager: [ML] packageName : com.google.android.gms
10-27 23:00:02.089  4205  4449 D ActivityManager: [ML] This Package is on the Memory 
10-27 23:00:02.089  4205  4418 D PkgPredictorService-PreloadController: Sent pkgName = com.google.android.gms
10-27 23:00:02.118  2541  2795 D NetworkManagementSocketTagger: tagSocket(94) with statsTag=0xffffffff, statsUid=-1
10-27 23:00:02.319  2541  2541 W Settings: Setting airplane_mode_on has moved from android.provider.Settings.System to android.provider.Settings.Global, returning read-only value.
10-27 23:00:02.323  2541  2541 W Settings: Setting airplane_mode_on has moved from android.provider.Settings.System to android.provider.Settings.Global, returning read-only value.
10-27 23:00:02.323  2541  2567 W Settings: Setting airplane_mode_on has moved from android.provider.Settings.System to android.provider.Settings.Global, returning read-only value.
10-27 23:00:02.327  2541  2561 W Settings: Setting airplane_mode_on has moved from android.provider.Settings.System to android.provider.Settings.Global, returning read-only value.
10-27 23:00:02.331  2541  2565 W Settings: Setting airplane_mode_on has moved from android.provider.Settings.System to android.provider.Settings.Global, returning read-only value.
10-27 23:00:02.332  4205  5513 V WindowManager: Relayout Window{ffc1ba5 u0 com.airbnb.android/com.airbnb.android.feat.homescreen.HomeActivity}: viewVisibility=0 req=1080x2340 {(0,0)(fillxfill) sim={adjust=resize} ty=BASE_APPLICATION fmt=TRANSLUCENT wanim=0x10302ff
10-27 23:00:02.332  4205  5513 V WindowManager:   fl=81810100
10-27 23:00:02.332  4205  5513 V WindowManager:   pfl=1020000
10-27 23:00:02.332  4205  5513 V WindowManager:   vsysui=510 naviIconColor=0}
10-27 23:00:02.335  4205  4223 D WindowManager: setSystemUiVisibility: vis= 0x8518, fullscreenVis= 0x0, dockedVis= 0x0, win=Window{ffc1ba5 u0 com.airbnb.android/com.airbnb.android.feat.homescreen.HomeActivity}
10-27 23:00:02.336  4516  4516 D LightBarController: onNavigationVisibilityChanged : vis = 8518, nbModeChanged = false navigationBarMode = 4
10-27 23:00:02.339  4205  4216 D SamsungPhoneWindowManager: adjustSystemUiVisibilityLw: vis=0x8518
10-27 23:00:02.339  4205  4216 D InputManager-JNI: setSystemUiVisibility dexmode: false changed: true displayid: 0 visibility: 0x8518 DD: 0x8518 OD: 0x0
10-27 23:00:02.339  2541  2541 D ViewRootImpl@11e0231[HomeActivity]: Relayout returned: old=[0,0][1080,2340] new=[0,0][1080,2340] result=0x1 surface={true 534160760832} changed=false
10-27 23:00:02.344  4205  4384 D WifiTrafficPoller: TrafficStats TxPkts=95741 RxPkts=123772 TxBytes=30284526 RxBytes=124086572 , Foreground uid=10419 pkgName=com.airbnb.android TxPackets=48170 RxPackets=72246 TxBytes=6722800 RxBytes=87166052
10-27 23:00:02.409  4205  4216 D ConnectivityService: filterNetworkStateForUid() uid: 10419, pid: 2541
10-27 23:00:02.410  4205  4216 D ConnectivityService: filterNetworkStateForUid() uid: 10419, pid: 2541, networkInfo: [type: WIFI[], state: CONNECTED/CONNECTED, reason: (unspecified), extra: (none), failover: false, available: true, roaming: false]
10-27 23:00:02.433  2541  2780 W Settings: Setting airplane_mode_on has moved from android.provider.Settings.System to android.provider.Settings.Global, returning read-only value.
10-27 23:00:02.440  3895  3971 D EnterpriseController: netId is 0
10-27 23:00:02.440  3895  3971 E Netd    : getNetworkForDns: getNetId from enterpriseCtrl is netid 0
10-27 23:00:02.440  3895  3971 D DnsProxyListener: DNSDBG::dns addrinfo af 0
10-27 23:00:02.442  2541  2777 W Settings: Setting airplane_mode_on has moved from android.provider.Settings.System to android.provider.Settings.Global, returning read-only value.
10-27 23:00:02.450  3895  3971 D EnterpriseController: netId is 0
10-27 23:00:02.450  3895  3971 E Netd    : getNetworkForDns: getNetId from enterpriseCtrl is netid 0
10-27 23:00:02.450  3895  3971 D DnsProxyListener: DNSDBG::dns addrinfo af 0
10-27 23:00:02.463  2541  2778 W Settings: Setting airplane_mode_on has moved from android.provider.Settings.System to android.provider.Settings.Global, returning read-only value.
10-27 23:00:02.478  3895  3971 D EnterpriseController: netId is 0
10-27 23:00:02.480  3895  3971 E Netd    : getNetworkForDns: getNetId from enterpriseCtrl is netid 0
10-27 23:00:02.480  3895  3971 D DnsProxyListener: DNSDBG::dns addrinfo af 0
10-27 23:00:02.483  2541  2580 D Bugsnag : App launch period marked as complete
10-27 23:00:02.491  2541  2809 W Settings: Setting airplane_mode_on has moved from android.provider.Settings.System to android.provider.Settings.Global, returning read-only value.
10-27 23:00:02.511  2541  2811 W Settings: Setting airplane_mode_on has moved from android.provider.Settings.System to android.provider.Settings.Global, returning read-only value.
10-27 23:00:02.520 32322 32485 D Analytics: com.rakuten.tech.mobile.analytics.RealRatBackend$sendEventsToRat$1#run:139 Skipping request delivery there are no events to deliver to RAT
10-27 23:00:02.608 32322 32434 D Analytics: com.rakuten.tech.mobile.analytics.RealRatBackend$sendEventsToRat$1#run:139 Skipping request delivery there are no events to deliver to RAT
10-27 23:00:02.703  2541  2576 I WM-WorkerWrapper: Worker result SUCCESS for Work [ id=9c358bab-8897-4d4f-8bff-bafd709bba59, tags={ com.airbnb.android.base.logair.AirEventUploadWorker } ]
10-27 23:00:02.708  4205  4216 D PackageManager: setEnabledSetting : userId = 0 packageName = com.airbnb.android cmp = androidx.work.impl.background.systemalarm.RescheduleReceiver newState = 2 callingPackage = 10419/com.airbnb.android
10-27 23:00:02.720  4205  4216 D JobServiceContext: sendStopMessageLocked stop reason: cancel() called by app, callingUid=10419 uid=10419 jobId=2
10-27 23:00:02.737  2541  2541 D ConnectivityManager: unregisterNetworkCallback; CallingUid : 10419, CallingPid : 2541
10-27 23:00:02.737  4205  4398 D ConnectivityService: releasing NetworkRequest [ TRACK_DEFAULT id=425, [ Capabilities: INTERNET&NOT_RESTRICTED&TRUSTED Unwanted:  Uid: 10419] ] (release request)
10-27 23:00:02.738  4205  4398 D ConnectivityService:  Removing from current network NetworkAgentInfo [VPN () - 605], leaving 34 requests.
10-27 23:00:02.878  2541  2552 I .airbnb.androi: Background concurrent copying GC freed 413766(20MB) AllocSpace objects, 79(2MB) LOS objects, 49% free, 23MB/47MB, paused 492us total 221.471ms
10-27 23:00:02.880  2541  2738 W .airbnb.androi: Unknown chunk type '200'.
10-27 23:00:02.901  1770  1813 D NetworkManagementSocketTagger: tagSocket(71) with statsTag=0xffffffff, statsUid=-1
10-27 23:00:02.952  2541  2738 I System.out: (HTTPLog)-Static: isSBSettingEnabled false
10-27 23:00:02.952  2541  2738 I System.out: (HTTPLog)-Static: isSBSettingEnabled false
10-27 23:00:03.015  4205  4385 D WifiStateMachine: enter getWifiLinkLayerStats
10-27 23:00:03.015  4205  4385 I WifiVendorHal: getWifiLinkLayerStats(l.3097) before calling iface.getLinkLayerStats
10-27 23:00:03.015  3701  3701 I android.hardware.wifi@1.0-service: enter getLinkLayerStats
10-27 23:00:03.015  3701  3701 I android.hardware.wifi@1.0-service: enter getLinkLayerStatsInternal
10-27 23:00:03.018  3701  3701 I android.hardware.wifi@1.0-service: Successfully getLinkLayerStats.
10-27 23:00:03.019  4205  4385 I WifiVendorHal: getWifiLinkLayerStats(l.3097) after calling iface.getLinkLayerStats
10-27 23:00:03.025  4205  4385 I WifiStateMachine: checkScoreBasedQuality -  mPreviousScore[0]:95 mPreviousScore[1]:95 mPreviousScore[2]:94 s2Score:92mPrevoiusScoreAverage:94
10-27 23:00:03.052  5256  5256 D Launcher.Model: onShortcutsChanged:com.airbnb.android, user:UserHandle{0}
10-27 23:00:03.052  5256  5256 D Launcher.Model: onShortcutsChanged:com.airbnb.android, user:UserHandle{0}
10-27 23:00:03.054  5256  5256 D DeepShortcutManager: bindDeepShortcutMap: {com.android.launcher3.framework.support.context.base.ComponentKey@ed003502=[launcher_shortcut_search, launcher_shortcut_upload, launcher_shortcut_scan], com.android.launcher3.framework.support.context.base.ComponentKey@92548096=[Search, Messages, Share, Notifications], com.android.launcher3.framework.support.context.base.ComponentKey@a0bd7cbe=[music-mylibrary, music-recents, music-ifl], com.android.launcher3.framework.support.context.base.ComponentKey@b0cc8fca=[shortcut_create_note, shortcut_write_with_pen, shortcut_record_voice_note], com.android.launcher3.framework.support.context.base.ComponentKey@3916b95c=[compose], com.android.launcher3.framework.support.context.base.ComponentKey@e0d97894=[DynamicFullRecent], com.android.launcher3.framework.support.context.base.ComponentKey@64033792=[trending-shortcut, search-shortcut, subscriptions-shortcut], com.android.launcher3.framework.support.context.base.ComponentKey@d8691cf8=[launcher_shortcut_search, launcher_shortcut_template, launcher_shortcut_create_new], com.android.launcher3.framework.support.context.base.ComponentKey@683678e7=[create_message], com.android.launcher3.framework.support.context.base.ComponentKey@b9bf2a2e=[contactadd, myprofile], com.android.launcher3.framework.support.context.base.ComponentKey@429b698e=[photo, video], com.android.launcher3.framework.support.context.base.ComponentKey@637cbc24=[search, watchlist, library, downloads], com.android.launcher3.framework.support.context.base.ComponentKey@31a2e4f9=[updates], com.android.launcher3.framework.support.context.base.ComponentKey@7bfa09e7=[manifest_compose_shortcut, pritam6646@gmail.com], com.android.launcher3.framework.support.context.base.ComponentKey@a4fe501a=[Recents, DialPad, NewCall, NewChat], com.android.launcher3.framework.support.context.base.ComponentKey@489bf67c=[text_shortcut, voice_shortcut], com.android.launcher3.framework.support.context.base.ComponentKey@515cb72c=[VIEW_MY_DOWNLOADS], com.android.launcher3.framework.support.context.base.ComponentKey@3a8c61b=[compose], com.android.launcher3.framework.support.context.base.ComponentKey@b6e44d1c=[search_shortcut], com.android.launcher3.framework.support.context.base.ComponentKey@984449bf=[search_event_task, create_event], com.android.launcher3.framework.support.context.base.ComponentKey@1a6ad111=[launcher_shortcut_search, launcher_shortcut_template, launcher_shortcut_create_new], com.android.launcher3.framework.support.context.base.ComponentKey@347bc940=[manifest-shortcut-my-shows, manifest-shortcut-watchlist, manifest-shortcut-my-movies], com.android.launcher3.framework.support.context.base.ComponentKey@afe2ea5f=[manifest_home, manifest_work], com.android.launcher3.framework.support.context.base.ComponentKey@40fce241=[phoneadd, search, missedcall], com.android.launcher3.framework.support.context.base.ComponentKey@947c4a03=[new-tab-shortcut, dynamic-new-incognito-tab-shortcut], com.android.launcher3.framework.support.context.base.ComponentKey@3fc1e33e=[shortcut_id_notifications]}
10-27 23:00:03.058  5256  5256 D DeepShortcutManager: bindDeepShortcutMap: {com.android.launcher3.framework.support.context.base.ComponentKey@ed003502=[launcher_shortcut_search, launcher_shortcut_upload, launcher_shortcut_scan], com.android.launcher3.framework.support.context.base.ComponentKey@92548096=[Search, Messages, Share, Notifications], com.android.launcher3.framework.support.context.base.ComponentKey@a0bd7cbe=[music-mylibrary, music-recents, music-ifl], com.android.launcher3.framework.support.context.base.ComponentKey@b0cc8fca=[shortcut_create_note, shortcut_write_with_pen, shortcut_record_voice_note], com.android.launcher3.framework.support.context.base.ComponentKey@3916b95c=[compose], com.android.launcher3.framework.support.context.base.ComponentKey@e0d97894=[DynamicFullRecent], com.android.launcher3.framework.support.context.base.ComponentKey@64033792=[trending-shortcut, search-shortcut, subscriptions-shortcut], com.android.launcher3.framework.support.context.base.ComponentKey@d8691cf8=[launcher_shortcut_search, launcher_shortcut_template, launcher_shortcut_create_new], com.android.launcher3.framework.support.context.base.ComponentKey@683678e7=[create_message], com.android.launcher3.framework.support.context.base.ComponentKey@b9bf2a2e=[contactadd, myprofile], com.android.launcher3.framework.support.context.base.ComponentKey@429b698e=[photo, video], com.android.launcher3.framework.support.context.base.ComponentKey@637cbc24=[search, watchlist, library, downloads], com.android.launcher3.framework.support.context.base.ComponentKey@31a2e4f9=[updates], com.android.launcher3.framework.support.context.base.ComponentKey@7bfa09e7=[manifest_compose_shortcut, pritam6646@gmail.com], com.android.launcher3.framework.support.context.base.ComponentKey@a4fe501a=[Recents, DialPad, NewCall, NewChat], com.android.launcher3.framework.support.context.base.ComponentKey@489bf67c=[text_shortcut, voice_shortcut], com.android.launcher3.framework.support.context.base.ComponentKey@515cb72c=[VIEW_MY_DOWNLOADS], com.android.launcher3.framework.support.context.base.ComponentKey@3a8c61b=[compose], com.android.launcher3.framework.support.context.base.ComponentKey@b6e44d1c=[search_shortcut], com.android.launcher3.framework.support.context.base.ComponentKey@984449bf=[search_event_task, create_event], com.android.launcher3.framework.support.context.base.ComponentKey@1a6ad111=[launcher_shortcut_search, launcher_shortcut_template, launcher_shortcut_create_new], com.android.launcher3.framework.support.context.base.ComponentKey@347bc940=[manifest-shortcut-my-shows, manifest-shortcut-watchlist, manifest-shortcut-my-movies], com.android.launcher3.framework.support.context.base.ComponentKey@afe2ea5f=[manifest_home, manifest_work], com.android.launcher3.framework.support.context.base.ComponentKey@40fce241=[phoneadd, search, missedcall], com.android.launcher3.framework.support.context.base.ComponentKey@947c4a03=[new-tab-shortcut, dynamic-new-incognito-tab-shortcut], com.android.launcher3.framework.support.context.base.ComponentKey@3fc1e33e=[shortcut_id_notifications]}
10-27 23:00:03.059  2541  2673 W Settings: Setting airplane_mode_on has moved from android.provider.Settings.System to android.provider.Settings.Global, returning read-only value.
10-27 23:00:03.068  4205  5513 D PackageManager: setEnabledSetting : userId = 0 packageName = com.airbnb.android cmp = androidx.work.impl.background.systemalarm.RescheduleReceiver newState = 1 callingPackage = 10419/com.airbnb.android
10-27 23:00:03.082  2541  2780 W Settings: Setting airplane_mode_on has moved from android.provider.Settings.System to android.provider.Settings.Global, returning read-only value.
10-27 23:00:03.087  4205  4418 D PkgPredictorService-PreloadController: Pkg: com.android.settings already preloaded
10-27 23:00:03.088  2541  2615 W Settings: Setting airplane_mode_on has moved from android.provider.Settings.System to android.provider.Settings.Global, returning read-only value.
10-27 23:00:03.099  2541  2637 W Settings: Setting airplane_mode_on has moved from android.provider.Settings.System to android.provider.Settings.Global, returning read-only value.
10-27 23:00:03.108  4205  8733 D GameManagerService: identifyGamePackage. com.airbnb.android
10-27 23:00:03.108  4205  8733 D GamePkgDataHelper: getGamePkgData(). com.airbnb.android
10-27 23:00:03.120  2541  2627 W Settings: Setting airplane_mode_on has moved from android.provider.Settings.System to android.provider.Settings.Global, returning read-only value.
10-27 23:00:03.121  4205  4216 D ConnectivityService: filterNetworkStateForUid() uid: 10419, pid: 4205
10-27 23:00:03.121  4205  4216 D ConnectivityService: filterNetworkStateForUid() uid: 10419, pid: 4205, networkInfo: [type: VPN[], state: CONNECTED/CONNECTED, reason: agentConnect, extra: (none), failover: false, available: true, roaming: false]
10-27 23:00:03.127  2541  2607 W Settings: Setting airplane_mode_on has moved from android.provider.Settings.System to android.provider.Settings.Global, returning read-only value.
10-27 23:00:03.130  4205  4216 D ConnectivityService: filterNetworkStateForUid() uid: 10419, pid: 2541
10-27 23:00:03.131  4205  4216 D ConnectivityService: filterNetworkStateForUid() uid: 10419, pid: 2541, networkInfo: [type: WIFI[], state: CONNECTED/CONNECTED, reason: (unspecified), extra: (none), failover: false, available: true, roaming: false]
10-27 23:00:03.141  3713 10198 V APM_AudioPolicyManager: getAudioPolicyConfig: audioParam;outDevice
10-27 23:00:03.141  3713 10198 V APM_AudioPolicyManager: getNewOutputDevice() selected device 0
10-27 23:00:03.141  3713 10198 V APM_AudioPolicyManager: ### curdevice : 2
10-27 23:00:03.147  2541  2601 D ConnectivityManager: requestNetwork; CallingUid : 10419, CallingPid : 2541, PackageName : com.airbnb.android
10-27 23:00:03.147  2541  2606 W Settings: Setting airplane_mode_on has moved from android.provider.Settings.System to android.provider.Settings.Global, returning read-only value.
10-27 23:00:03.148  4205  4216 D ConnectivityService: requestNetwork for uid/pid:10419/2541 NetworkRequest [ TRACK_DEFAULT id=426, [ Capabilities: INTERNET&NOT_RESTRICTED&TRUSTED Unwanted:  Uid: 10419] ]
10-27 23:00:03.148  4205  4398 D ConnectivityService: rematching NetworkAgentInfo [VPN () - 605]
10-27 23:00:03.149  4205  4398 D ConnectivityService:  network has: [ Transports: VPN Capabilities: INTERNET&NOT_RESTRICTED&TRUSTED&VALIDATED&NOT_ROAMING&FOREGROUND&NOT_CONGESTED&NOT_SUSPENDED Unwanted:  Uids: <{0-99999}> EstablishingAppUid: 10058]
10-27 23:00:03.149  4205  4398 D ConnectivityService: Network NetworkAgentInfo [VPN () - 605] was already satisfying request 11. No change.
10-27 23:00:03.149  4205  4398 D ConnectivityService: Network NetworkAgentInfo [VPN () - 605] was already satisfying request 17. No change.
10-27 23:00:03.150  4205  4398 D ConnectivityService: Network NetworkAgentInfo [VPN () - 605] was already satisfying request 304. No change.
10-27 23:00:03.150  4205  4398 D ConnectivityService: Network NetworkAgentInfo [VPN () - 605] was already satisfying request 417. No change.
10-27 23:00:03.150  4205  4398 D ConnectivityService: Network NetworkAgentInfo [VPN () - 605] was already satisfying request 41. No change.
10-27 23:00:03.150  4205  4398 D ConnectivityService: Network NetworkAgentInfo [VPN () - 605] was already satisfying request 424. No change.
10-27 23:00:03.150  4205  4398 D ConnectivityService: Network NetworkAgentInfo [VPN () - 605] was already satisfying request 54. No change.
10-27 23:00:03.150  4205  4398 D ConnectivityService:   checking if request is : NetworkRequest [ REQUEST id=1, [ Capabilities: INTERNET&NOT_RESTRICTED&TRUSTED&NOT_VPN Unwanted: ] ], satisfies : false
10-27 23:00:03.150  4205  4398 D ConnectivityService: Network NetworkAgentInfo [VPN () - 605] was already satisfying request 285. No change.
10-27 23:00:03.150  4205  4398 D ConnectivityService: Network NetworkAgentInfo [VPN () - 605] was already satisfying request 300. No change.
10-27 23:00:03.150  4205  4398 D ConnectivityService: Network NetworkAgentInfo [VPN () - 605] was already satisfying request 423. No change.
10-27 23:00:03.150  4205  4398 D ConnectivityService: Network NetworkAgentInfo [VPN () - 605] was already satisfying request 9. No change.
10-27 23:00:03.150  4205  4398 D ConnectivityService: Network NetworkAgentInfo [VPN () - 605] was already satisfying request 51. No change.
10-27 23:00:03.150  4205  4398 D ConnectivityService: Network NetworkAgentInfo [VPN () - 605] was already satisfying request 47. No change.
10-27 23:00:03.151  4205  4398 D ConnectivityService: Network NetworkAgentInfo [VPN () - 605] was already satisfying request 302. No change.
10-27 23:00:03.151  4205  4398 D ConnectivityService: Network NetworkAgentInfo [VPN () - 605] was already satisfying request 420. No change.
10-27 23:00:03.151  4205  4398 D ConnectivityService: Network NetworkAgentInfo [VPN () - 605] was already satisfying request 39. No change.
10-27 23:00:03.151  4205  4398 D ConnectivityService: Network NetworkAgentInfo [VPN () - 605] was already satisfying request 419. No change.
10-27 23:00:03.151  4205  4398 D ConnectivityService:   checking if request is : NetworkRequest [ REQUEST id=288, [ Capabilities: INTERNET&NOT_RESTRICTED&TRUSTED&NOT_VPN Unwanted:  Uid: 10058] ], satisfies : false
10-27 23:00:03.151  4205  4398 D ConnectivityService:   checking if request is : NetworkRequest [ TRACK_DEFAULT id=426, [ Capabilities: INTERNET&NOT_RESTRICTED&TRUSTED Unwanted:  Uid: 10419] ], satisfies : true
10-27 23:00:03.151  4205  4398 D ConnectivityService: currentScore = 0, newScore = 101
10-27 23:00:03.151  4205  4398 D ConnectivityService: rematch for NetworkAgentInfo [VPN () - 605]
10-27 23:00:03.151  4205  4398 D ConnectivityService:    accepting network in place of null
10-27 23:00:03.151  4205  4398 D ConnectivityService: sending new Min Network Score(101): NetworkRequest [ TRACK_DEFAULT id=426, [ Capabilities: INTERNET&NOT_RESTRICTED&TRUSTED Unwanted:  Uid: 10419] ]
10-27 23:00:03.151  4205  4437 D Ethernet: got request NetworkRequest [ TRACK_DEFAULT id=426, [ Capabilities: INTERNET&NOT_RESTRICTED&TRUSTED Unwanted:  Uid: 10419] ] with score 101
10-27 23:00:03.152  4205  4437 D Ethernet:   my score=110, my filter=[ Transports: ETHERNET LinkUpBandwidth>=100000Kbps LinkDnBandwidth>=100000Kbps]
10-27 23:00:03.152  4205  4437 D Ethernet: evalRequest
10-27 23:00:03.152  4205  4437 D Ethernet:   done
10-27 23:00:03.152  4205  4385 D WIFI_UT : got request NetworkRequest [ TRACK_DEFAULT id=426, [ Capabilities: INTERNET&NOT_RESTRICTED&TRUSTED Unwanted:  Uid: 10419] ] with score 101
10-27 23:00:03.152  4205  4385 D WIFI_UT :   my score=2147483647, my filter=[ Transports: WIFI Capabilities: NOT_METERED&INTERNET&NOT_RESTRICTED&TRUSTED&NOT_VPN&NOT_ROAMING&NOT_CONGESTED Unwanted:  LinkUpBandwidth>=1048576Kbps LinkDnBandwidth>=1048576Kbps]
10-27 23:00:03.152  4205  4385 D WIFI_UT : evalRequest
10-27 23:00:03.152  4205  4385 D WIFI_UT :   needNetworkFor
10-27 23:00:03.152  4205  4385 D WIFI    : got request NetworkRequest [ TRACK_DEFAULT id=426, [ Capabilities: INTERNET&NOT_RESTRICTED&TRUSTED Unwanted:  Uid: 10419] ] with score 101
10-27 23:00:03.152  4205  4385 D WIFI    :   my score=60, my filter=[ Transports: WIFI Capabilities: NOT_METERED&INTERNET&NOT_RESTRICTED&TRUSTED&NOT_VPN&NOT_ROAMING&NOT_CONGESTED Unwanted:  LinkUpBandwidth>=1048576Kbps LinkDnBandwidth>=1048576Kbps]
10-27 23:00:03.152  4205  4385 D WIFI    : evalRequest
10-27 23:00:03.152  4205  4385 D WIFI    :   done
10-27 23:00:03.152  4205  4398 D ConnectivityService: Network NetworkAgentInfo [VPN () - 605] was already satisfying request 415. No change.
10-27 23:00:03.152  4205  4398 D ConnectivityService:   checking if request is : NetworkRequest [ REQUEST id=287, [ Capabilities: INTERNET&NOT_RESTRICTED&TRUSTED&NOT_VPN Unwanted:  Uid: 10058] ], satisfies : false
10-27 23:00:03.153  4205  4398 D ConnectivityService: sending notification CALLBACK_AVAILABLE for NetworkRequest [ TRACK_DEFAULT id=426, [ Capabilities: INTERNET&NOT_RESTRICTED&TRUSTED Unwanted:  Uid: 10419] ]
10-27 23:00:03.154  4450  4450 D PhoneSwitcherNetworkRequstListener: got request NetworkRequest [ TRACK_DEFAULT id=426, [ Capabilities: INTERNET&NOT_RESTRICTED&TRUSTED Unwanted:  Uid: 10419] ] with score 101
10-27 23:00:03.154  4450  4450 D PhoneSwitcherNetworkRequstListener:   my score=101, my filter=[ Transports: CELLULAR Capabilities: MMS&SUPL&DUN&FOTA&IMS&CBS&IA&RCS&XCAP&EIMS&INTERNET&NOT_RESTRICTED&TRUSTED&NOT_VPN&ENT1&FOC&MCX Unwanted:  Specifier: <android.net.MatchAllNetworkSpecifier@0>]
10-27 23:00:03.154  4205  4398 D ConnectivityService: rematching NetworkAgentInfo [WIFI () - 604]
10-27 23:00:03.154  4205  4392 D WIFI_P2P: got request NetworkRequest [ TRACK_DEFAULT id=426, [ Capabilities: INTERNET&NOT_RESTRICTED&TRUSTED Unwanted:  Uid: 10419] ] with score 101
10-27 23:00:03.154  4450  4450 D PhoneSwitcherNetworkRequstListener: evalRequest
10-27 23:00:03.154  4450  4450 D PhoneSwitcherNetworkRequstListener:   needNetworkFor
10-27 23:00:03.154  4205  4392 D WIFI_P2P:   my score=60, my filter=[ Transports: WIFI Capabilities: WIFI_P2P&NOT_RESTRICTED&TRUSTED&NOT_VPN Unwanted:  LinkUpBandwidth>=1048576Kbps LinkDnBandwidth>=1048576Kbps]
10-27 23:00:03.154  4205  4398 D ConnectivityService:  network has: [ Transports: WIFI Capabilities: INTERNET&NOT_RESTRICTED&TRUSTED&NOT_VPN&VALIDATED&NOT_ROAMING&FOREGROUND&NOT_CONGESTED&NOT_SUSPENDED Unwanted:  LinkUpBandwidth>=1048576Kbps LinkDnBandwidth>=1048576Kbps SignalStrength: -43 SSID: "Real"]
10-27 23:00:03.154  4205  4392 D WIFI_P2P: evalRequest
10-27 23:00:03.154  4205  4392 D WIFI_P2P:   done
10-27 23:00:03.154  4205  4398 D ConnectivityService:   checking if request is : NetworkRequest [ TRACK_DEFAULT id=11, [ Capabilities: INTERNET&NOT_RESTRICTED&TRUSTED Unwanted:  Uid: 10006] ], satisfies : true
10-27 23:00:03.154  4205  4398 D ConnectivityService: currentScore = 101, newScore = 60
10-27 23:00:03.154  2507  2835 I appium  : channel read invoked!
10-27 23:00:03.154  4205  4398 D ConnectivityService:   checking if request is : NetworkRequest [ TRACK_DEFAULT id=17, [ Capabilities: INTERNET&NOT_RESTRICTED&TRUSTED Unwanted:  Uid: 10049] ], satisfies : true
10-27 23:00:03.154  4205  4398 D ConnectivityService: currentScore = 101, newScore = 60
10-27 23:00:03.154  4205  4398 D ConnectivityService:   checking if request is : NetworkRequest [ TRACK_DEFAULT id=304, [ Capabilities: INTERNET&NOT_RESTRICTED&TRUSTED Unwanted:  Uid: 10114] ], satisfies : true
10-27 23:00:03.154  4205  4398 D ConnectivityService: currentScore = 101, newScore = 60
10-27 23:00:03.154  4205  4398 D ConnectivityService:   checking if request is : NetworkRequest [ TRACK_DEFAULT id=417, [ Capabilities: INTERNET&NOT_RESTRICTED&TRUSTED Unwanted:  Uid: 10148] ], satisfies : true
10-27 23:00:03.154  4205  4398 D ConnectivityService: currentScore = 101, newScore = 60
10-27 23:00:03.154  4205  4398 D ConnectivityService:   checking if request is : NetworkRequest [ TRACK_DEFAULT id=41, [ Capabilities: INTERNET&NOT_RESTRICTED&TRUSTED Unwanted:  Uid: 10078] ], satisfies : true
10-27 23:00:03.154  4205  4398 D ConnectivityService: currentScore = 101, newScore = 60
10-27 23:00:03.154  4205  4398 D ConnectivityService:   checking if request is : NetworkRequest [ TRACK_DEFAULT id=424, [ Capabilities: INTERNET&NOT_RESTRICTED&TRUSTED Unwanted:  Uid: 10419] ], satisfies : true
10-27 23:00:03.154  4205  4398 D ConnectivityService: currentScore = 101, newScore = 60
10-27 23:00:03.154  4205  4398 D ConnectivityService:   checking if request is : NetworkRequest [ TRACK_DEFAULT id=54, [ Capabilities: INTERNET&NOT_RESTRICTED&TRUSTED Unwanted:  Uid: 10026] ], satisfies : true
10-27 23:00:03.154  4205  4398 D ConnectivityService: currentScore = 101, newScore = 60
10-27 23:00:03.154  4205  4398 D ConnectivityService: Network NetworkAgentInfo [WIFI () - 604] was already satisfying request 1. No change.
10-27 23:00:03.154  4205  4398 D ConnectivityService:   checking if request is : NetworkRequest [ TRACK_DEFAULT id=285, [ Capabilities: INTERNET&NOT_RESTRICTED&TRUSTED Unwanted:  Uid: 10210] ], satisfies : true
10-27 23:00:03.154  4205  4398 D ConnectivityService: currentScore = 101, newScore = 60
10-27 23:00:03.154  4205  4398 D ConnectivityService:   checking if request is : NetworkRequest [ TRACK_DEFAULT id=300, [ Capabilities: INTERNET&NOT_RESTRICTED&TRUSTED Unwanted:  Uid: 10114] ], satisfies : true
10-27 23:00:03.154  4205  4398 D ConnectivityService: currentScore = 101, newScore = 60
10-27 23:00:03.155  4205  4398 D ConnectivityService:   checking if request is : NetworkRequest [ TRACK_DEFAULT id=423, [ Capabilities: INTERNET&NOT_RESTRICTED&TRUSTED Unwanted:  Uid: 10419] ], satisfies : true
10-27 23:00:03.155  4205  4398 D ConnectivityService: currentScore = 101, newScore = 60
10-27 23:00:03.155  4205  4398 D ConnectivityService:   checking if request is : NetworkRequest [ TRACK_DEFAULT id=9, [ Capabilities: INTERNET&NOT_RESTRICTED&TRUSTED Unwanted:  Uid: 1000] ], satisfies : true
10-27 23:00:03.155  4205  4398 D ConnectivityService: currentScore = 101, newScore = 60
10-27 23:00:03.155  4205  4398 D ConnectivityService:   checking if request is : NetworkRequest [ TRACK_DEFAULT id=51, [ Capabilities: INTERNET&NOT_RESTRICTED&TRUSTED Unwanted:  Uid: 10363] ], satisfies : true
10-27 23:00:03.155  4205  4398 D ConnectivityService: currentScore = 101, newScore = 60
10-27 23:00:03.155  4205  4398 D ConnectivityService:   checking if request is : NetworkRequest [ TRACK_DEFAULT id=47, [ Capabilities: INTERNET&NOT_RESTRICTED&TRUSTED Unwanted:  Uid: 10026] ], satisfies : true
10-27 23:00:03.155  4205  4398 D ConnectivityService: currentScore = 101, newScore = 60
10-27 23:00:03.155  4205  4398 D ConnectivityService:   checking if request is : NetworkRequest [ TRACK_DEFAULT id=302, [ Capabilities: INTERNET&NOT_RESTRICTED&TRUSTED Unwanted:  Uid: 10114] ], satisfies : true
10-27 23:00:03.155  4205  4398 D ConnectivityService: currentScore = 101, newScore = 60
10-27 23:00:03.155  4205  4398 D ConnectivityService:   checking if request is : NetworkRequest [ TRACK_DEFAULT id=420, [ Capabilities: INTERNET&NOT_RESTRICTED&TRUSTED Unwanted:  Uid: 10097] ], satisfies : true
10-27 23:00:03.155  4205  4398 D ConnectivityService: currentScore = 101, newScore = 60
10-27 23:00:03.155  2507  2835 I appium  : channel read: POST /wd/hub/session/25ef9dad-37af-464b-8de6-157007124c32/elements
10-27 23:00:03.155  4205  4398 D ConnectivityService:   checking if request is : NetworkRequest [ TRACK_DEFAULT id=39, [ Capabilities: INTERNET&NOT_RESTRICTED&TRUSTED Unwanted:  Uid: 10078] ], satisfies : true
10-27 23:00:03.155  4205  4398 D ConnectivityService: currentScore = 101, newScore = 60
10-27 23:00:03.155  4205  4398 D ConnectivityService:   checking if request is : NetworkRequest [ TRACK_DEFAULT id=419, [ Capabilities: INTERNET&NOT_RESTRICTED&TRUSTED Unwanted:  Uid: 10148] ], satisfies : true
10-27 23:00:03.155  4205  4398 D ConnectivityService: currentScore = 101, newScore = 60
10-27 23:00:03.155  4205  4398 D ConnectivityService: Network NetworkAgentInfo [WIFI () - 604] was already satisfying request 288. No change.
10-27 23:00:03.155  4205  4398 D ConnectivityService:   checking if request is : NetworkRequest [ TRACK_DEFAULT id=426, [ Capabilities: INTERNET&NOT_RESTRICTED&TRUSTED Unwanted:  Uid: 10419] ], satisfies : true
10-27 23:00:03.156  4205  4398 D ConnectivityService: currentScore = 101, newScore = 60
10-27 23:00:03.157  4205  4398 D ConnectivityService:   checking if request is : NetworkRequest [ TRACK_DEFAULT id=415, [ Capabilities: INTERNET&NOT_RESTRICTED&TRUSTED Unwanted:  Uid: 10097] ], satisfies : true
10-27 23:00:03.157  4205  4398 D ConnectivityService: currentScore = 101, newScore = 60
10-27 23:00:03.157  4205  4398 D ConnectivityService: Network NetworkAgentInfo [WIFI () - 604] was already satisfying request 287. No change.
10-27 23:00:03.164  2507  2835 I appium  : Find elements command using 'xpath' with selector '//*[@text='Continue with Google']'.
10-27 23:00:03.175  4205  5513 D PackageManager: setEnabledSetting : userId = 0 packageName = com.airbnb.android cmp = androidx.work.impl.background.systemalarm.RescheduleReceiver newState = 1 callingPackage = 10419/com.airbnb.android
10-27 23:00:03.178  4205  4216 D ConnectivityService: filterNetworkStateForUid() uid: 10419, pid: 2541
10-27 23:00:03.179  4205  4216 D ConnectivityService: filterNetworkStateForUid() uid: 10419, pid: 2541, networkInfo: [type: WIFI[], state: CONNECTED/CONNECTED, reason: (unspecified), extra: (none), failover: false, available: true, roaming: false]
10-27 23:00:03.195  2507  2835 I appium  : Waiting up to 10000ms for device to be idle
10-27 23:00:03.199  2541  2634 W Settings: Setting airplane_mode_on has moved from android.provider.Settings.System to android.provider.Settings.Global, returning read-only value.
10-27 23:00:03.200  2541  2836 W Settings: Setting airplane_mode_on has moved from android.provider.Settings.System to android.provider.Settings.Global, returning read-only value.
10-27 23:00:03.209  2541  2607 W Settings: Setting airplane_mode_on has moved from android.provider.Settings.System to android.provider.Settings.Global, returning read-only value.
10-27 23:00:03.233  4205  5513 D ConnectivityService: filterNetworkStateForUid() uid: 10419, pid: 2541
10-27 23:00:03.234  4205  5513 D ConnectivityService: filterNetworkStateForUid() uid: 10419, pid: 2541, networkInfo: [type: WIFI[], state: CONNECTED/CONNECTED, reason: (unspecified), extra: (none), failover: false, available: true, roaming: false]
10-27 23:00:03.234  2541  2607 W Settings: Setting airplane_mode_on has moved from android.provider.Settings.System to android.provider.Settings.Global, returning read-only value.
10-27 23:00:03.238  4205  5513 D PackageManager: setEnabledSetting : userId = 0 packageName = com.airbnb.android cmp = androidx.work.impl.background.systemalarm.RescheduleReceiver newState = 1 callingPackage = 10419/com.airbnb.android
10-27 23:00:03.247  2541  2838 W Settings: Setting airplane_mode_on has moved from android.provider.Settings.System to android.provider.Settings.Global, returning read-only value.
10-27 23:00:03.257  2541  2836 W Settings: Setting airplane_mode_on has moved from android.provider.Settings.System to android.provider.Settings.Global, returning read-only value.
10-27 23:00:03.266  4205  5513 D ConnectivityService: filterNetworkStateForUid() uid: 10419, pid: 4205
10-27 23:00:03.266  4205  5513 D ConnectivityService: filterNetworkStateForUid() uid: 10419, pid: 4205, networkInfo: [type: VPN[], state: CONNECTED/CONNECTED, reason: agentConnect, extra: (none), failover: false, available: true, roaming: false]
10-27 23:00:03.276  2541  2672 W Settings: Setting airplane_mode_on has moved from android.provider.Settings.System to android.provider.Settings.Global, returning read-only value.
10-27 23:00:03.277  2541  2836 W Settings: Setting airplane_mode_on has moved from android.provider.Settings.System to android.provider.Settings.Global, returning read-only value.
10-27 23:00:03.289  2541  2836 W Settings: Setting airplane_mode_on has moved from android.provider.Settings.System to android.provider.Settings.Global, returning read-only value.
10-27 23:00:03.296  4205  5513 D PackageManager: setEnabledSetting : userId = 0 packageName = com.airbnb.android cmp = androidx.work.impl.background.systemalarm.RescheduleReceiver newState = 1 callingPackage = 10419/com.airbnb.android
10-27 23:00:03.299  2541  2616 W Settings: Setting airplane_mode_on has moved from android.provider.Settings.System to android.provider.Settings.Global, returning read-only value.
10-27 23:00:03.299  2541  2843 W Settings: Setting airplane_mode_on has moved from android.provider.Settings.System to android.provider.Settings.Global, returning read-only value.
10-27 23:00:03.314  4205  5513 D ConnectivityService: filterNetworkStateForUid() uid: 10419, pid: 4205
10-27 23:00:03.314  4205  5513 D ConnectivityService: filterNetworkStateForUid() uid: 10419, pid: 4205, networkInfo: [type: VPN[], state: CONNECTED/CONNECTED, reason: agentConnect, extra: (none), failover: false, available: true, roaming: false]
10-27 23:00:03.318  1770  1865 W CelloCake: [CELLO_TASK_RUNNER_MONITOR7437d742-0] [Account=7437d742:Task=76684513]Slow task still running after 140s. fetchRootStableId(request=# com.google.apps.drive.dataservice.FindByIdsRequest@cc4e416){account=7437d742, submitTimeMs=24941575, startTimeMs=24941575, waitTimeMs=0, timedOut}
10-27 23:00:03.318  1770  1865 W CelloCake: [CELLO_TASK_RUNNER_MONITOR7437d742-0] [Account=7437d742:Task=235473414]Slow task still running after 140s. getObserverManager(){account=7437d742, submitTimeMs=24941575, timedOut}
10-27 23:00:03.328  4205  5513 D PackageManager: setEnabledSetting : userId = 0 packageName = com.airbnb.android cmp = androidx.work.impl.background.systemalarm.RescheduleReceiver newState = 1 callingPackage = 10419/com.airbnb.android
10-27 23:00:03.328  2541  2844 W Settings: Setting airplane_mode_on has moved from android.provider.Settings.System to android.provider.Settings.Global, returning read-only value.
10-27 23:00:03.343  4205  5513 D ConnectivityService: filterNetworkStateForUid() uid: 10419, pid: 4205
10-27 23:00:03.343  4205  5513 D ConnectivityService: filterNetworkStateForUid() uid: 10419, pid: 4205, networkInfo: [type: VPN[], state: CONNECTED/CONNECTED, reason: agentConnect, extra: (none), failover: false, available: true, roaming: false]
10-27 23:00:03.404  2541  2594 D feat.messaging.inbox: Processing GetInboxItems queue: Guest
10-27 23:00:03.407  2541  2594 D feat.messaging.inbox: Fetching threads: Guest FORWARDS forceInitialSync=false expiredCount=0
10-27 23:00:03.422  2541  2849 W Settings: Setting airplane_mode_on has moved from android.provider.Settings.System to android.provider.Settings.Global, returning read-only value.
10-27 23:00:03.430  2541  2847 W Settings: Setting airplane_mode_on has moved from android.provider.Settings.System to android.provider.Settings.Global, returning read-only value.
10-27 23:00:03.434  2541  2826 W Settings: Setting airplane_mode_on has moved from android.provider.Settings.System to android.provider.Settings.Global, returning read-only value.
10-27 23:00:03.447  2541  2809 W Settings: Setting airplane_mode_on has moved from android.provider.Settings.System to android.provider.Settings.Global, returning read-only value.
10-27 23:00:03.519 32322 32544 D Analytics: com.rakuten.tech.mobile.analytics.RealRatBackend$sendEventsToRat$1#run:139 Skipping request delivery there are no events to deliver to RAT
10-27 23:00:03.587  2541  2567 W Settings: Setting airplane_mode_on has moved from android.provider.Settings.System to android.provider.Settings.Global, returning read-only value.
10-27 23:00:03.588  2541  2673 W Settings: Setting airplane_mode_on has moved from android.provider.Settings.System to android.provider.Settings.Global, returning read-only value.
10-27 23:00:03.602  2541  2637 W Settings: Setting airplane_mode_on has moved from android.provider.Settings.System to android.provider.Settings.Global, returning read-only value.
10-27 23:00:03.607  2541  2564 W Settings: Setting airplane_mode_on has moved from android.provider.Settings.System to android.provider.Settings.Global, returning read-only value.
10-27 23:00:03.607 32322 32464 D Analytics: com.rakuten.tech.mobile.analytics.RealRatBackend$sendEventsToRat$1#run:139 Skipping request delivery there are no events to deliver to RAT
10-27 23:00:03.612  2541  2561 W Settings: Setting airplane_mode_on has moved from android.provider.Settings.System to android.provider.Settings.Global, returning read-only value.
10-27 23:00:03.617  2541  2565 W Settings: Setting airplane_mode_on has moved from android.provider.Settings.System to android.provider.Settings.Global, returning read-only value.
10-27 23:00:03.666  2541  2567 W Settings: Setting airplane_mode_on has moved from android.provider.Settings.System to android.provider.Settings.Global, returning read-only value.
10-27 23:00:03.667  2541  2615 W Settings: Setting airplane_mode_on has moved from android.provider.Settings.System to android.provider.Settings.Global, returning read-only value.
10-27 23:00:03.674  2541  2564 W Settings: Setting airplane_mode_on has moved from android.provider.Settings.System to android.provider.Settings.Global, returning read-only value.
10-27 23:00:03.674  2541  2627 W Settings: Setting airplane_mode_on has moved from android.provider.Settings.System to android.provider.Settings.Global, returning read-only value.
10-27 23:00:03.675  2541  2561 W Settings: Setting airplane_mode_on has moved from android.provider.Settings.System to android.provider.Settings.Global, returning read-only value.
10-27 23:00:03.683  2541  2565 W Settings: Setting airplane_mode_on has moved from android.provider.Settings.System to android.provider.Settings.Global, returning read-only value.
10-27 23:00:03.701  2541  2616 W Settings: Setting airplane_mode_on has moved from android.provider.Settings.System to android.provider.Settings.Global, returning read-only value.
10-27 23:00:03.728  2541  2780 W Settings: Setting airplane_mode_on has moved from android.provider.Settings.System to android.provider.Settings.Global, returning read-only value.
10-27 23:00:03.748  2541  2780 W Settings: Setting airplane_mode_on has moved from android.provider.Settings.System to android.provider.Settings.Global, returning read-only value.
10-27 23:00:03.763  2683  2683 D BadgeCountReceiver: badge intent : Intent { act=android.intent.action.BADGE_COUNT_UPDATE flg=0x1000010 cmp=com.sec.android.provider.badge/.BadgeCountReceiver (has extras) }
10-27 23:00:03.763  2683  2683 D BadgeCountReceiver: packageName: com.airbnb.android, className: com.airbnb.android.feat.homescreen.HomeActivity, count: 1
10-27 23:00:03.767  2683  2683 D MethodReflector: notifyChange is called
10-27 23:00:03.769  2683  2683 D BadgeProvider: sendNotify entered. [uri] : content://com.sec.badge/apps
10-27 23:00:03.769  2683  2683 D BadgeProvider: sendNotify, [notify] : null
10-27 23:00:03.769  2683  2683 D BadgeProvider: update, getCallingPackage() : com.sec.android.provider.badge
10-27 23:00:03.769  2683  2683 D BadgeProvider: update, [uri] : content://com.sec.badge/apps
10-27 23:00:03.769  2683  2683 D BadgeProvider: update, [uri.query] : null
10-27 23:00:03.769  2683  2683 D BadgeProvider: update, [BadgeCount] : badgecount=1
10-27 23:00:03.769  2683  2683 D BadgeProvider: update, [UpdateCount] : 1
10-27 23:00:03.772  2541  2634 W Settings: Setting airplane_mode_on has moved from android.provider.Settings.System to android.provider.Settings.Global, returning read-only value.
10-27 23:00:03.787  2541  2561 W Settings: Setting airplane_mode_on has moved from android.provider.Settings.System to android.provider.Settings.Global, returning read-only value.
10-27 23:00:03.794  2541  2567 W Settings: Setting airplane_mode_on has moved from android.provider.Settings.System to android.provider.Settings.Global, returning read-only value.
10-27 23:00:03.815  2541  2564 W Settings: Setting airplane_mode_on has moved from android.provider.Settings.System to android.provider.Settings.Global, returning read-only value.
10-27 23:00:03.815  2541  2844 W Settings: Setting airplane_mode_on has moved from android.provider.Settings.System to android.provider.Settings.Global, returning read-only value.
10-27 23:00:03.827  2541  2565 W Settings: Setting airplane_mode_on has moved from android.provider.Settings.System to android.provider.Settings.Global, returning read-only value.
10-27 23:00:03.830  2541  2836 W Settings: Setting airplane_mode_on has moved from android.provider.Settings.System to android.provider.Settings.Global, returning read-only value.
10-27 23:00:03.839  2541  2561 W Settings: Setting airplane_mode_on has moved from android.provider.Settings.System to android.provider.Settings.Global, returning read-only value.
10-27 23:00:03.841  2541  2843 W Settings: Setting airplane_mode_on has moved from android.provider.Settings.System to android.provider.Settings.Global, returning read-only value.
10-27 23:00:03.841  2541  2836 W Settings: Setting airplane_mode_on has moved from android.provider.Settings.System to android.provider.Settings.Global, returning read-only value.
10-27 23:00:03.849  2541  2836 W Settings: Setting airplane_mode_on has moved from android.provider.Settings.System to android.provider.Settings.Global, returning read-only value.
10-27 23:00:03.861  2541  2567 W Settings: Setting airplane_mode_on has moved from android.provider.Settings.System to android.provider.Settings.Global, returning read-only value.
10-27 23:00:03.865  2541  2836 W Settings: Setting airplane_mode_on has moved from android.provider.Settings.System to android.provider.Settings.Global, returning read-only value.
10-27 23:00:03.881  2541  2836 I chatty  : uid=10419(com.airbnb.android) nezha-worker identical 2 lines
10-27 23:00:03.889  2541  2836 W Settings: Setting airplane_mode_on has moved from android.provider.Settings.System to android.provider.Settings.Global, returning read-only value.
10-27 23:00:03.892  3895  3971 D EnterpriseController: netId is 0
10-27 23:00:03.892  3895  3971 E Netd    : getNetworkForDns: getNetId from enterpriseCtrl is netid 0
10-27 23:00:03.893  3895  3971 D DnsProxyListener: DNSDBG::dns addrinfo af 0
10-27 23:00:03.898  2541  2564 W Settings: Setting airplane_mode_on has moved from android.provider.Settings.System to android.provider.Settings.Global, returning read-only value.
10-27 23:00:03.898  2541  2849 W Settings: Setting airplane_mode_on has moved from android.provider.Settings.System to android.provider.Settings.Global, returning read-only value.
10-27 23:00:03.904  3895  3971 D EnterpriseController: netId is 0
10-27 23:00:03.904  3895  3971 E Netd    : getNetworkForDns: getNetId from enterpriseCtrl is netid 0
10-27 23:00:03.904  3895  3971 D DnsProxyListener: DNSDBG::dns addrinfo af 0
10-27 23:00:03.907  2541  2565 W Settings: Setting airplane_mode_on has moved from android.provider.Settings.System to android.provider.Settings.Global, returning read-only value.
10-27 23:00:03.907  2541  2561 W Settings: Setting airplane_mode_on has moved from android.provider.Settings.System to android.provider.Settings.Global, returning read-only value.
10-27 23:00:03.915  2541  2847 W Settings: Setting airplane_mode_on has moved from android.provider.Settings.System to android.provider.Settings.Global, returning read-only value.
10-27 23:00:03.924  2541  2567 W Settings: Setting airplane_mode_on has moved from android.provider.Settings.System to android.provider.Settings.Global, returning read-only value.
10-27 23:00:03.932  2541  2602 I WM-WorkerWrapper: Worker result SUCCESS for Work [ id=0cc9e707-c6f3-4856-ae26-115a177b7219, tags={ com.airbnb.android.feat.checkin.data.CheckInDataSyncWorker } ]
10-27 23:00:03.938  2541  2564 W Settings: Setting airplane_mode_on has moved from android.provider.Settings.System to android.provider.Settings.Global, returning read-only value.
10-27 23:00:03.938  2541  2838 W Settings: Setting airplane_mode_on has moved from android.provider.Settings.System to android.provider.Settings.Global, returning read-only value.
10-27 23:00:03.941  4205  5508 D JobServiceContext: sendStopMessageLocked stop reason: cancel() called by app, callingUid=10419 uid=10419 jobId=5
10-27 23:00:03.955  2541  2561 W Settings: Setting airplane_mode_on has moved from android.provider.Settings.System to android.provider.Settings.Global, returning read-only value.
10-27 23:00:03.969  5256  5256 D Notification.Badge: reloadBadges() entered.
10-27 23:00:03.970  4853 25055 I System.out: (HTTPLog)-Static: isSBSettingEnabled false
10-27 23:00:03.971  4853 25055 I System.out: (HTTPLog)-Static: isSBSettingEnabled false
