10-27 22:59:58.571  4205  4222 D ApplicationPolicy: isApplicationExternalStorageWhitelisted: DO is not enabled on user 0. Allowed.
10-27 22:59:58.571  4205  4222 D ActivityManager: package  com.sec.android.provider.badge, user - 0 is SDcard whitelisted
10-27 22:59:58.571  4205  4222 I ApplicationPolicy: isApplicationExternalStorageBlacklisted:com.sec.android.provider.badge user:0
10-27 22:59:58.571  4205  4222 D ApplicationPolicy: isApplicationExternalStorageBlacklisted: DO is not enabled on user 0. Allowed.
10-27 22:59:58.571  4205  4222 I ApplicationPolicy: isApplicationExternalStorageBlacklisted:com.sec.android.provider.badge user:0
10-27 22:59:58.571  4205  4222 D ApplicationPolicy: isApplicationExternalStorageBlacklisted: DO is not enabled on user 0. Allowed.
10-27 22:59:58.578  2541  2565 W Settings: Setting airplane_mode_on has moved from android.provider.Settings.System to android.provider.Settings.Global, returning read-only value.
10-27 22:59:58.585  4205  4224 I ActivityManager: Start proc 2683:com.sec.android.provider.badge/u0a5 for broadcast com.sec.android.provider.badge/.BadgeCountReceiver
10-27 22:59:58.597  4205  9087 D WindowManager: finishDrawingWindow: Window{d270967 u0 com.airbnb.android/com.airbnb.android.feat.splashscreen.SplashScreenActivity} mDrawState=DRAW_PENDING
10-27 22:59:58.601  2683  2683 I .provider.badg: report jit thread pid = 2688
10-27 22:59:58.601  4205  5153 E ActivityManagerPerformance: writeSysfs:: path() : /dev/freezer/olaf/tasks exist() : false canWrite() : false
10-27 22:59:58.601  2683  2683 E .provider.badg: Not starting debugger since process cannot load the jdwp agent.
10-27 22:59:58.602  2541  2541 W LOTTIE  : Animation contains merge paths but they are disabled.
10-27 22:59:58.608 32322 32587 D Analytics: com.rakuten.tech.mobile.analytics.RealRatBackend$sendEventsToRat$1#run:139 Skipping request delivery there are no events to deliver to RAT
10-27 22:59:58.608  4205  4308 I WindowManager: commitFinishDrawingLocked: mDrawState=READY_TO_SHOW Surface(name=com.airbnb.android/com.airbnb.android.feat.splashscreen.SplashScreenActivity[2541])/@0x5d071b2
10-27 22:59:58.608  4205  4308 I WindowManager: commitFinishDrawingLocked: mDrawState=READY_TO_SHOW Surface(name=com.airbnb.android/com.airbnb.android.feat.homescreen.HomeActivity[2541])/@0x5b4e7bd
10-27 22:59:58.616  2541  2567 W Settings: Setting airplane_mode_on has moved from android.provider.Settings.System to android.provider.Settings.Global, returning read-only value.
10-27 22:59:58.618  2541  2561 W Settings: Setting airplane_mode_on has moved from android.provider.Settings.System to android.provider.Settings.Global, returning read-only value.
10-27 22:59:58.620  4205  9087 I ActivityManager: DSS on for com.sec.android.provider.badge and scale is 1.0
10-27 22:59:58.622  4205  4308 I WindowManager: commitFinishDrawingLocked: mDrawState=READY_TO_SHOW Surface(name=com.airbnb.android/com.airbnb.android.feat.splashscreen.SplashScreenActivity[2541])/@0x5d071b2
10-27 22:59:58.622  4205  4308 I WindowManager: Cancelling animation restarting=false, leash=null, surface=Surface(name=d270967 com.airbnb.android/com.airbnb.android.feat.splashscreen.SplashScreenActivity)/@0xe10d503, parent=Surface(name=AppWindowToken{52b799b token=Token{a42e9aa ActivityRecord{d36e495 u0 com.airbnb.android/.feat.splashscreen.SplashScreenActivity t1249}}})/@0x163cc80
10-27 22:59:58.622  4205  4308 V WindowManager: performShowLocked: mDrawState=HAS_DRAWN in Window{d270967 u0 com.airbnb.android/com.airbnb.android.feat.splashscreen.SplashScreenActivity}
10-27 22:59:58.623  4205  4308 I WindowManager: commitFinishDrawingLocked: mDrawState=READY_TO_SHOW Surface(name=com.airbnb.android/com.airbnb.android.feat.homescreen.HomeActivity[2541])/@0x5b4e7bd
10-27 22:59:58.631  2541  2541 D ViewRootImpl@5c96e2c[SplashScreenActivity]: MSG_RESIZED: frame=[0,0][1080,2340] ci=[0,83][0,126] vi=[0,83][0,126] or=1
10-27 22:59:58.631  3715  3715 I SurfaceFlinger: Display 0 HWC layers:
10-27 22:59:58.631  3715  3715 I SurfaceFlinger:     type    |    handle    | flag |  format   |   source crop (l,t,r,b)    |         frame       | name 
10-27 22:59:58.631  3715  3715 I SurfaceFlinger: ------------+--------------+------+-----------+----------------------------+---------------------+------
10-27 22:59:58.631  3715  3715 I SurfaceFlinger:      Device | 0x7bfd4905c0 | 0002 | RGBA_8888 |   0.0    0.0 1080.0 2340.0 |    0    0 1080 2340 | com.airbnb.android/com.airbnb.androi[...]hscreen.SplashScreenActivity[2541]#0
10-27 22:59:58.631  3715  3715 I SurfaceFlinger:      Device | 0x7bfd48f3c0 | 0000 | RGBA_8888 |   0.0    0.0 1080.0 2340.0 |    0    0 1080 2340 | Splash Screen com.airbnb.android#0
10-27 22:59:58.631  3715  3715 I SurfaceFlinger:      Device | 0x7c0601f9c0 | 0000 | RGBA_8888 |   0.0    0.0    1.0 2131.0 | 1079   83 1080 2214 | [14878]#0
10-27 22:59:58.631  3715  3715 I SurfaceFlinger:      Device | 0x7c06021a00 | 0000 | RGBA_8888 |   0.0    0.0 1080.0   83.0 |    0    0 1080   83 | StatusBar[4516]#0
10-27 22:59:58.631  3715  3715 I SurfaceFlinger:      Device | 0x7c060211c0 | 0000 | RGBA_8888 |   0.0    0.0 1080.0  126.0 |    0 2214 1080 2340 | NavigationBar[4516]#0
10-27 22:59:58.631  3715  3715 I SurfaceFlinger:      Device | 0x7c0601ff00 | 0000 | RGBA_8888 |   0.0    0.0 1080.0  151.0 |    0    0 1080  151 | ScreenDecorOverlay[4516]#0
10-27 22:59:58.631  3715  3715 I SurfaceFlinger:      De
10-27 22:59:58.631  3715  3715 I SurfaceFlinger: vice | 0x7c0601ffc0 | 0000 | RGBA_8888 |   0.0    0.0 1080.0  151.0 |    0 2189 1080 2340 | ScreenDecorOverlayBottom[4516]#0
10-27 22:59:58.631  3715  3715 I SurfaceFlinger: 
10-27 22:59:58.631  2541  2541 D ViewRootImpl@5c96e2c[SplashScreenActivity]: MSG_WINDOW_FOCUS_CHANGED 1 1
10-27 22:59:58.631  2541  2541 D InputMethodManager: prepareNavigationBarInfo() DecorView@c629dd5[SplashScreenActivity]
10-27 22:59:58.631  2541  2541 D InputMethodManager: getNavigationBarColor() -855310
10-27 22:59:58.633  2507  2696 I appium  : channel read invoked!
10-27 22:59:58.634  2541  2541 D InputMethodManager: prepareNavigationBarInfo() DecorView@c629dd5[SplashScreenActivity]
10-27 22:59:58.633  2541  2565 W Settings: Setting airplane_mode_on has moved from android.provider.Settings.System to android.provider.Settings.Global, returning read-only value.
10-27 22:59:58.634  2507  2696 I appium  : channel read: GET /wd/hub/session/25ef9dad-37af-464b-8de6-157007124c32/appium/device/pixel_ratio
10-27 22:59:58.634  2541  2541 D InputMethodManager: getNavigationBarColor() -855310
10-27 22:59:58.634  2541  2541 V InputMethodManager: Starting input: tba=com.airbnb.android ic=null mNaviBarColor -855310 mIsGetNaviBarColorSuccess true , NavVisible : true , NavTrans : false
10-27 22:59:58.634  2541  2541 D InputMethodManager: startInputInner - Id : 0
10-27 22:59:58.634  2541  2541 I InputMethodManager: startInputInner - mService.startInputOrWindowGainedFocus
10-27 22:59:58.634  4205  4216 D InputMethodManagerService: startInputOrWindowGainedFocus : windowGainedFocus 
10-27 22:59:58.634  4205  4216 D InputMethodManagerService: windowGainedFocus: destinationUserId (getCallingUid) = 0
10-27 22:59:58.634  4205  4216 D InputMethodManagerService: windowGainedFocus: currentUserId=0
10-27 22:59:58.634  4205  4216 D InputMethodManagerService: windowGainedFocus: mCurrentFocusedUserId=0
10-27 22:59:58.634  4205  4216 D InputMethodManagerService: windowGainedFocus : lock - currentUserId = 0 destinationUserId = 0
10-27 22:59:58.634  4205  4216 D InputMethodManagerService: windowGainedFocus : mCurrentFocusedUserId - 0 and mSecureKeypadEnabled - false, userSwitched - false
10-27 22:59:58.635  2507  2696 I appium  : Get device pixel ratio
10-27 22:59:58.636  4205  4308 D ViewRootImpl@aee2345[android]: dispatchDetachedFromWindow
10-27 22:59:58.636  4205  4216 V InputMethodManagerService: windowGainedFocus : reason=WINDOW_FOCUS_GAIN client=android.os.BinderProxy@70b0402 inputContext=null missingMethods= attribute=android.view.inputmethod.EditorInfo@acd42b9 nm = com.airbnb.android controlFlags=#104 softInputMode=#120 windowFlags=#85810100
10-27 22:59:58.636  4205  4216 V InputMethodManagerService: hideCurrentInputLocked : shouldHideSoftInput is false
10-27 22:59:58.629  4205  4308 I WindowManager: commitFinishDrawingLocked: mDrawState=READY_TO_SHOW Surface(name=com.airbnb.android/com.airbnb.android.feat.homescreen.HomeActivity[2541])/@0x5b4e7bd
10-27 22:59:58.636  4205  4308 V WindowManager: Remove Window{2823a9a u0 Splash Screen com.airbnb.android}: mSurfaceController=Surface(name=Splash Screen com.airbnb.android)/@0x41a75fd mAnimatingExit=false mRemoveOnExit=false mHasSurface=true surfaceShowing=true isAnimationSet=false app-animation=false mWillReplaceWindow=false inPendingTransaction=false mDisplayFrozen=false callers=com.android.server.wm.WindowState.removeIfPossible:2797 com.android.server.wm.WindowManagerService.removeWindow:1955 com.android.server.wm.Session.remove:268 android.view.ViewRootImpl.dispatchDetachedFromWindow:4617 android.view.ViewRootImpl.doDie:8066 android.view.ViewRootImpl$ViewRootHandler.handleMessage:5039 
10-27 22:59:58.637  4205  4308 I WindowManager: Cancelling animation restarting=true, leash=null, surface=Surface(name=2823a9a Splash Screen com.airbnb.android)/@0xb723138, parent=Surface(name=AppWindowToken{52b799b token=Token{a42e9aa ActivityRecord{d36e495 u0 com.airbnb.android/.feat.splashscreen.SplashScreenActivity t1249}}})/@0x163cc80
10-27 22:59:58.637  4205  4308 I WindowManager: Reparenting to leash, surface=Surface(name=2823a9a Splash Screen com.airbnb.android)/@0xb723138
10-27 22:59:58.638  3715  3715 I SurfaceFlinger: id=2459 createSurf (4680x4680),2 flag=4, Surface(name=2823a9a Splash Screen com.airbnb.android)/@0xb723138 - animation-leash#0
10-27 22:59:58.639  4205  4308 D WindowManager: makeSurface duration=2 leash=Surface(name=Surface(name=2823a9a Splash Screen com.airbnb.android)/@0xb723138 - animation-leash)/@0x741be5f
10-27 22:59:58.639  4205  4308 D SurfaceControl: reparent is called, sc=Surface(name=2823a9a Splash Screen com.airbnb.android)/@0xb723138, newParentHandle=android.os.BinderProxy@b7930ac, transaction=android.view.SurfaceControl$Transaction@cbdf676
10-27 22:59:58.640  2507  2696 I appium  : AppiumResponse: {"sessionId":"25ef9dad-37af-464b-8de6-157007124c32","value":2.625}
10-27 22:59:58.643  4205  4308 I WindowManager: commitFinishDrawingLocked: mDrawState=READY_TO_SHOW Surface(name=com.airbnb.android/com.airbnb.android.feat.homescreen.HomeActivity[2541])/@0x5b4e7bd
10-27 22:59:58.645  3715  3873 D Layer   : [2823a9a Splash Screen com.airbnb.android#0]::reparent oldParent:[AppWindowToken{52b799b token=Token{a42e9aa ActivityRecord{d36e495 u0 com.airbnb.android/.feat.splashscreen.SplashScreenActivity t1249}}}#0], newParent:[Surface(name=2823a9a Splash Screen com.airbnb.android)/@0xb723138 - animation-leash#0]
10-27 22:59:58.645  4205  4308 D InputTransport: Input channel destroyed: fd=337
10-27 22:59:58.646  4205  4308 D InputTransport: Input channel destroyed: fd=341
10-27 22:59:58.647  4205  4216 D InputMethodManagerService: isImeSwitcherDisabledPackage : false
10-27 22:59:58.647  4205  4216 D InputMethodManagerService: mDesktopModeManager null!
10-27 22:59:58.647  4205  4216 D InputMethodManagerService: updateSystemUiLocked 0
10-27 22:59:58.647  4205  4216 D InputMethodManagerService: updateSystemUiLocked(), setImeWindowStatusToType, vis : 0 backDisposition : 0
10-27 22:59:58.647  4205  4216 V InputMethodManagerService: Creating new session for client ClientState{4b0850a uid 10419 pid 2541}
10-27 22:59:58.647  5256  5256 D InputTransport: Input channel destroyed: fd=99
10-27 22:59:58.648  4205  4216 D InputTransport: Input channel constructed: fd=249
10-27 22:59:58.648  4205  4216 D InputTransport: Input channel constructed: fd=251
10-27 22:59:58.648  4205  4216 D InputTransport: Input channel destroyed: fd=251
10-27 22:59:58.648  9757 15997 D InputTransport: Input channel constructed: fd=95
10-27 22:59:58.649  4516  4516 D NavigationBar: setImeWindowStatus() imeShown = false, backDisposition = 0, showImeSwitcher = false
10-27 22:59:58.649  2541  2567 W Settings: Setting airplane_mode_on has moved from android.provider.Settings.System to android.provider.Settings.Global, returning read-only value.
10-27 22:59:58.650  4205  4235 I ActivityManager: Displayed com.airbnb.android/.feat.splashscreen.SplashScreenActivity: +496ms
10-27 22:59:58.651  4205  5513 D InputMethodManagerService: checkDisplayOfStartInputAndUpdateKeyboard display Id 0last 0
10-27 22:59:58.651  4205  5513 D InputMethodManagerService: setCurrentInputInfo - inputContext : null eidtorInfo : android.view.inputmethod.EditorInfo@acd42b9 missingMethods : 0
10-27 22:59:58.651  4205  5513 D InputTransport: Input channel constructed: fd=251
10-27 22:59:58.651  4205  5513 D InputTransport: Input channel destroyed: fd=251
10-27 22:59:58.652  2541  2561 E GraphResponse: GraphRequest can't be used when Facebook SDK isn't fully initialized
10-27 22:59:58.652  4205  4235 D CustomFrequencyManagerService: acquireDVFSLockLocked : type : DVFS_MIN_LIMIT  frequency : 1560000  uid : 1000  pid : 4205  pkgName : AMS_RESUME_TAIL@CPU_MIN@43
10-27 22:59:58.653  4205  4235 D ActivityManagerPerformance: AMP_acquire() TAIL
10-27 22:59:58.653  2541  2655 D InputTransport: Input channel constructed: fd=105
10-27 22:59:58.653  4205  4235 D CustomFrequencyManagerService: releaseDVFSLockLocked : Getting Lock type frm List : DVFS_MIN_LIMIT  frequency : 1768000  uid : 1000  pid : 4205  tag : AMS_APP_SWITCH@CPU_MIN@37
10-27 22:59:58.654  9757  9757 I InputMethodWrapper:  call dispatchStartInputWithToken
10-27 22:59:58.654  9757  9757 I InputMethodService: dispatchStartInputWithToken
10-27 22:59:58.654  9757  9757 I GoogleInputMethodService: GoogleInputMethodService.onFinishInput():3362 
10-27 22:59:58.655  2541  2588 I Bugsnag : Request completed with code 202, message: Accepted, headers: {null=[HTTP/1.1 202 Accepted], Access-Control-Allow-Origin=[*], Alt-Svc=[clear], Bugsnag-Session-Uuid=[2135ceaa-2040-4ae8-bee2-619a24b1804a], Content-Length=[21], Content-Type=[application/json], Date=[Wed, 27 Oct 2021 17:30:16 GMT], Via=[1.1 google], X-Android-Received-Millis=[1635355798654], X-Android-Response-Source=[NETWORK 202], X-Android-Selected-Protocol=[http/1.1], X-Android-Sent-Millis=[1635355798347]}
10-27 22:59:58.655  2541  2588 D Bugsnag : Received request response: {"status":"accepted"}
10-27 22:59:58.655  2541  2588 I Bugsnag : Session API request finished with status DELIVERED
10-27 22:59:58.655  2541  2588 D Bugsnag : Sent 1 new session to Bugsnag
10-27 22:59:58.656  9757  9757 D InputMethodService: checkDisplayOfStartInputAndUpdateKeyboard display Id 0last 0
10-27 22:59:58.656  4205  4235 D ActivityManagerPerformance: AMP_release() APP_SWITCH
10-27 22:59:58.656  9757  9757 I GoogleInputMethodService: GoogleInputMethodService.onStartInput():1943 
10-27 22:59:58.656  4205  5153 E ActivityManagerPerformance: writeSysfs:: path() : /dev/freezer/olaf/freezer.state exist() : false canWrite() : false
10-27 22:59:58.668  3715  3873 E BufferQueueProducer: [com.airbnb.android/com.airbnb.android.feat.homescreen.HomeActivity[2541]#0] disconnect: not connected (req=1)
10-27 22:59:58.668  2541  2641 W libEGL  : EGLNativeWindowType 0x7c6c781010 disconnect failed
10-27 22:59:58.668  2541  2641 D OpenGLRenderer: eglDestroySurface = 0x7c6a713100, 0x7c6c781000
10-27 22:59:58.671  2507  2699 I appium  : channel read invoked!
10-27 22:59:58.671  2507  2699 I appium  : channel read: GET /wd/hub/session/25ef9dad-37af-464b-8de6-157007124c32/appium/device/system_bars
10-27 22:59:58.672  2507  2699 I appium  : Get status bar height of the device
10-27 22:59:58.672  4205  5508 V WindowManager: Relayout Window{50def50 u0 com.airbnb.android/com.airbnb.android.feat.homescreen.HomeActivity}: viewVisibility=8 req=1080x2340 {(0,0)(fillxfill) sim={adjust=resize forwardNavigation} ty=BASE_APPLICATION fmt=TRANSLUCENT wanim=0x10302ff
10-27 22:59:58.672  4205  5508 V WindowManager:   fl=81810100
10-27 22:59:58.672  4205  5508 V WindowManager:   pfl=1020000
10-27 22:59:58.672  4205  5508 V WindowManager:   vsysui=2010 naviIconColor=0}
10-27 22:59:58.673  4205  5508 E WindowManager: win=Window{50def50 u0 com.airbnb.android/com.airbnb.android.feat.homescreen.HomeActivity} destroySurfaces: appStopped=false win.mWindowRemovalAllowed=false win.mRemoveOnExit=false win.mViewVisibility=8 caller=com.android.server.wm.WindowManagerService.tryStartExitingAnimation:2770 com.android.server.wm.WindowManagerService.relayoutWindow:2467 com.android.server.wm.Session.relayoutForTranslate:302 android.view.IWindowSession$Stub.onTransact:518 com.android.server.wm.Session.onTransact:186 android.os.Binder.execTransact:739 <bottom of call stack> 
10-27 22:59:58.673  4205  5508 I WindowManager: Destroying surface Surface(name=com.airbnb.android/com.airbnb.android.feat.homescreen.HomeActivity[2541])/@0x5b4e7bd called by com.android.server.wm.WindowStateAnimator.destroySurface:1916 com.android.server.wm.WindowStateAnimator.destroySurfaceLocked:853 com.android.server.wm.WindowState.destroySurfaceUnchecked:3872 com.android.server.wm.WindowState.destroySurface:3853 com.android.server.wm.WindowManagerService.tryStartExitingAnimation:2770 com.android.server.wm.WindowManagerService.relayoutWindow:2467 com.android.server.wm.Session.relayoutForTranslate:302 android.view.IWindowSession$Stub.onTransact:518 
10-27 22:59:58.673  3715  3873 I SurfaceFlinger: id=2456 Removed com.airbnb.android/com.airbnb.android.feat.homescreen.HomeActivity[2541]#0 (0/64)
10-27 22:59:58.674  2507  2699 I appium  : AppiumResponse: {"sessionId":"25ef9dad-37af-464b-8de6-157007124c32","value":{"statusBar":78}}
10-27 22:59:58.674  3715  3715 I Layer   : id=2456 onRemoved com.airbnb.android/com.airbnb.android.feat.homescreen.HomeActivity[2541]#0 
10-27 22:59:58.684  2541  2541 D ViewRootImpl@c8d1e63[HomeActivity]: Relayout returned: old=[0,0][1080,2340] new=[0,0][1080,2340] result=0x5 surface={false 0} changed=true
10-27 22:59:58.689  2683  2683 I .provider.badg: The ClassLoaderContext is a special shared library.
10-27 22:59:58.691  2541  2541 D InputMethodManager: prepareNavigationBarInfo() DecorView@c629dd5[SplashScreenActivity]
10-27 22:59:58.691  2541  2541 D InputMethodManager: getNavigationBarColor() -855310
10-27 22:59:58.691  2541  2541 V InputMethodManager: Starting input: tba=com.airbnb.android ic=null mNaviBarColor -855310 mIsGetNaviBarColorSuccess true , NavVisible : true , NavTrans : false
10-27 22:59:58.691  2541  2541 D InputMethodManager: startInputInner - Id : 0
10-27 22:59:58.704  2507  2701 I appium  : channel read invoked!
10-27 22:59:58.704  2507  2701 I appium  : channel read: GET /wd/hub/session/25ef9dad-37af-464b-8de6-157007124c32/window/current/size
10-27 22:59:58.705  2507  2701 I appium  : Get window size of the device
10-27 22:59:58.713  2507  2701 I appium  : AppiumResponse: {"sessionId":"25ef9dad-37af-464b-8de6-157007124c32","value":{"height":2131,"width":1080}}
10-27 22:59:58.724  2541  2561 W Settings: Setting airplane_mode_on has moved from android.provider.Settings.System to android.provider.Settings.Global, returning read-only value.
10-27 22:59:58.732  2683  2683 D BadgeProvider: onCreate
10-27 22:59:58.733  2683  2683 D BadgeProvider: DatabaseHelper
10-27 22:59:58.737  2683  2683 D BadgeCountReceiver: badge intent : Intent { act=android.intent.action.BADGE_COUNT_UPDATE flg=0x1000010 cmp=com.sec.android.provider.badge/.BadgeCountReceiver (has extras) }
10-27 22:59:58.738  2683  2683 D BadgeCountReceiver: packageName: com.airbnb.android, className: com.airbnb.android.feat.homescreen.HomeActivity, count: 0
10-27 22:59:58.751  2683  2683 D BadgeProvider: onOpen
10-27 22:59:58.753  2683  2683 D BaseReflect: null getOwnClass TEST
10-27 22:59:58.753  2683  2683 D MethodReflector: android.content.ContentResolver getClass TEST
10-27 22:59:58.753  2683  2683 D BaseReflect: class android.content.ContentResolver isSupportClass TEST
10-27 22:59:58.754  2683  2683 D BaseReflect: class android.content.ContentResolver getOwnClass TEST
10-27 22:59:58.756  2683  2683 D MethodReflector: notifyChange is called
10-27 22:59:58.763  2683  2683 D BadgeProvider: sendNotify entered. [uri] : content://com.sec.badge/apps
10-27 22:59:58.763  2683  2683 D BadgeProvider: sendNotify, [notify] : null
10-27 22:59:58.765  2683  2683 D BadgeProvider: update, getCallingPackage() : com.sec.android.provider.badge
10-27 22:59:58.765  2683  2683 D BadgeProvider: update, [uri] : content://com.sec.badge/apps
10-27 22:59:58.765  2683  2683 D BadgeProvider: update, [uri.query] : null
10-27 22:59:58.765  2683  2683 D BadgeProvider: update, [BadgeCount] : badgecount=0
10-27 22:59:58.765  2683  2683 D BadgeProvider: update, [UpdateCount] : 1
10-27 22:59:58.768  2683  2683 D BadgeCountReceiver: badge intent : Intent { act=android.intent.action.BADGE_COUNT_UPDATE flg=0x1000010 cmp=com.sec.android.provider.badge/.BadgeCountReceiver (has extras) }
10-27 22:59:58.768  2683  2683 D BadgeCountReceiver: packageName: com.airbnb.android, className: com.airbnb.android.feat.homescreen.HomeActivity, count: 0
10-27 22:59:58.775  2541  2565 W Settings: Setting airplane_mode_on has moved from android.provider.Settings.System to android.provider.Settings.Global, returning read-only value.
10-27 22:59:58.776  2683  2683 D MethodReflector: notifyChange is called
10-27 22:59:58.783  2683  2683 D BadgeProvider: sendNotify entered. [uri] : content://com.sec.badge/apps
10-27 22:59:58.783  2683  2683 D BadgeProvider: sendNotify, [notify] : null
10-27 22:59:58.784  2683  2683 D BadgeProvider: update, getCallingPackage() : com.sec.android.provider.badge
10-27 22:59:58.784  2683  2683 D BadgeProvider: update, [uri] : content://com.sec.badge/apps
10-27 22:59:58.784  2683  2683 D BadgeProvider: update, [uri.query] : null
10-27 22:59:58.784  2683  2683 D BadgeProvider: update, [BadgeCount] : badgecount=0
10-27 22:59:58.784  2683  2683 D BadgeProvider: update, [UpdateCount] : 1
10-27 22:59:58.792  4205  4308 I WindowManager: reset, Reparenting to original parent, shouldDeferScheduleAnimation=false, destroyLeash=true, surface=Surface(name=2823a9a Splash Screen com.airbnb.android)/@0xb723138, parent=Surface(name=AppWindowToken{52b799b token=Token{a42e9aa ActivityRecord{d36e495 u0 com.airbnb.android/.feat.splashscreen.SplashScreenActivity t1249}}})/@0x163cc80, parentNativeHandle=android.os.BinderProxy@3ee3511, caller=com.android.server.wm.SurfaceAnimator.lambda$getFinishedCallback$0:97 com.android.server.wm.-$$Lambda$SurfaceAnimator$SIBia0mND666K8lMCPsoid8pUTI.run:4 com.android.server.wm.SurfaceAnimator.lambda$getFinishedCallback$1:104 com.android.server.wm.-$$Lambda$SurfaceAnimator$vdRZk66hQVbQCvVXEaQCT1kVmFc.onAnimationFinished:4 com.android.server.wm.LocalAnimationAdapter.lambda$startAnimation$0:74 
10-27 22:59:58.792  4205  4308 D SurfaceControl: reparent is called, sc=Surface(name=2823a9a Splash Screen com.airbnb.android)/@0xb723138, newParentHandle=android.os.BinderProxy@3ee3511, transaction=android.view.SurfaceControl$Transaction@cbdf676
10-27 22:59:58.792  4205  4308 D SurfaceControl: destroy(transaction), animation-leash is destroyed, sc=Surface(name=Surface(name=2823a9a Splash Screen com.airbnb.android)/@0xb723138 - animation-leash)/@0x741be5f, transaction=android.view.SurfaceControl$Transaction@cbdf676, caller=com.android.server.wm.SurfaceAnimator.reset:344 com.android.server.wm.SurfaceAnimator.lambda$getFinishedCallback$0:97 com.android.server.wm.-$$Lambda$SurfaceAnimator$SIBia0mND666K8lMCPsoid8pUTI.run:4 com.android.server.wm.SurfaceAnimator.lambda$getFinishedCallback$1:104 com.android.server.wm.-$$Lambda$SurfaceAnimator$vdRZk66hQVbQCvVXEaQCT1kVmFc.onAnimationFinished:4 com.android.server.wm.LocalAnimationAdapter.lambda$startAnimation$0:74 com.android.server.wm.-$$Lambda$LocalAnimationAdapter$X--EomqUvw4qy89IeeTFTH7aCMo.run:4 
10-27 22:59:58.793  4205  4308 E WindowManager: win=Window{2823a9a u0 Splash Screen com.airbnb.android EXITING} destroySurfaces: appStopped=false win.mWindowRemovalAllowed=true win.mRemoveOnExit=true win.mViewVisibility=0 caller=com.android.server.wm.AppWindowToken.destroySurfaces:896 com.android.server.wm.AppWindowToken.destroySurfaces:877 com.android.server.wm.WindowState.onExitAnimationDone:5470 com.android.server.wm.WindowStateAnimator.onAnimationFinished:321 com.android.server.wm.WindowState.onAnimationFinished:5892 com.android.server.wm.-$$Lambda$yVRF8YoeNdTa8GR1wDStVsHu8xM.run:2 com.android.server.wm.SurfaceAnimator.lambda$getFinishedCallback$0:100 
10-27 22:59:58.793  4205  4308 I WindowManager: Destroying surface Surface(name=Splash Screen com.airbnb.android)/@0x41a75fd called by com.android.server.wm.WindowStateAnimator.destroySurface:1916 com.android.server.wm.WindowStateAnimator.destroySurfaceLocked:853 com.android.server.wm.WindowState.destroySurfaceUnchecked:3872 com.android.server.wm.WindowState.destroySurface:3853 com.android.server.wm.AppWindowToken.destroySurfaces:896 com.android.server.wm.AppWindowToken.destroySurfaces:877 com.android.server.wm.WindowState.onExitAnimationDone:5470 com.android.server.wm.WindowStateAnimator.onAnimationFinished:321 
10-27 22:59:58.793  3715  3873 I SurfaceFlinger: id=2450 Removed Splash Screen com.airbnb.android#0 (0/63)
10-27 22:59:58.794  4205  4308 D WindowManager: clearSavedLeashOnCommit, savedLeash=Surface(name=Surface(name=2823a9a Splash Screen com.airbnb.android)/@0xb723138 - animation-leash)/@0x741be5f, caller=com.android.server.wm.WindowContainer.removeImmediately:329 com.android.server.wm.WindowState.removeImmediately:2709 com.android.server.wm.WindowState.destroySurface:3856 com.android.server.wm.AppWindowToken.destroySurfaces:896 com.android.server.wm.AppWindowToken.destroySurfaces:877 com.android.server.wm.WindowState.onExitAnimationDone:5470 
10-27 22:59:58.796  4205  4223 D WindowManager: setSystemUiVisibility: vis= 0x8518, fullscreenVis= 0x0, dockedVis= 0x0, win=Window{d270967 u0 com.airbnb.android/com.airbnb.android.feat.splashscreen.SplashScreenActivity}
10-27 22:59:58.798  4516  4516 D LightBarController: onNavigationVisibilityChanged : vis = 8518, nbModeChanged = false navigationBarMode = 4
10-27 22:59:58.799  3715  7246 W SurfaceFlinger: Attempting to set client state on removed layer: Splash Screen com.airbnb.android#0 [s.what : 40]
10-27 22:59:58.799  3715  7246 D Layer   : [2823a9a Splash Screen com.airbnb.android#0]::reparent oldParent:[Surface(name=2823a9a Splash Screen com.airbnb.android)/@0xb723138 - animation-leash#0], newParent:[AppWindowToken{52b799b token=Token{a42e9aa ActivityRecord{d36e495 u0 com.airbnb.android/.feat.splashscreen.SplashScreenActivity t1249}}}#0]
10-27 22:59:58.799  3715  7246 W SurfaceFlinger: Attempting to destroy on removed layer: Splash Screen com.airbnb.android#0
10-27 22:59:58.799  3715  7246 I SurfaceFlinger: id=2449 Removed 2823a9a Splash Screen com.airbnb.android#0 (1/62)
10-27 22:59:58.799  3715  7246 I SurfaceFlinger: id=2459 Removed Surface(name=2823a9a Splash Screen com.airbnb.android)/@0xb723138 - animation-leash#0 (1/61)
10-27 22:59:58.804  4205  5513 V WindowManager: defer hiding client AppWindowToken{ea558b7 token=Token{a62a3b6 ActivityRecord{4304f51 u0 com.airbnb.android/.feat.homescreen.HomeActivity t1249}}}, caller=com.android.server.am.ActivityRecord.setVisibility:1989 com.android.server.am.ActivityRecord.setVisible:1997 
10-27 22:59:58.805  2541  2541 D ViewRootImpl@c8d1e63[HomeActivity]: stopped(true) old=false
10-27 22:59:58.805  4205  5513 V WindowManager: defer hiding client AppWindowToken{3eeccdb token=Token{3fe81ea ActivityRecord{f3cb5d5 u0 com.sec.android.app.launcher/.activities.LauncherActivity t1172}}}, caller=com.android.server.am.ActivityRecord.setVisibility:1989 com.android.server.am.ActivityRecord.setVisible:1997 
10-27 22:59:58.806  5256  5256 D ViewRootImpl@62aeb59[LauncherActivity]: stopped(true) old=false
10-27 22:59:58.808  3715  3715 I Layer   : id=2449 onRemoved 2823a9a Splash Screen com.airbnb.android#0 
10-27 22:59:58.808  3715  3715 I Layer   : id=2450 onRemoved Splash Screen com.airbnb.android#0 
10-27 22:59:58.810  3715  3715 I Layer   : id=2459 onRemoved Surface(name=2823a9a Splash Screen com.airbnb.android)/@0xb723138 - animation-leash#0 
10-27 22:59:58.811  5256  5256 D Launcher.AppsStage: onStopActivity 
10-27 22:59:58.811  5256  5256 I Notification.Badge: removeNotificationsChangedListener
10-27 22:59:58.814  5256  5256 D StageManager: saved stages : inStack [1] , outStack[2]
10-27 22:59:58.815  5256  5256 D DesktopModeManager: isDesktopModeEnabledOnDual mSemDesktopModeManager is null
10-27 22:59:58.815  5256  5256 D DesktopModeManager: isDesktopModeEnabledOnDual mSemDesktopModeManager is null
10-27 22:59:58.816  3715  3715 I SurfaceFlinger: Display 0 HWC layers:
10-27 22:59:58.816  3715  3715 I SurfaceFlinger:     type    |    handle    | flag |  format   |   source crop (l,t,r,b)    |         frame       | name 
10-27 22:59:58.816  3715  3715 I SurfaceFlinger: ------------+--------------+------+-----------+----------------------------+---------------------+------
10-27 22:59:58.816  3715  3715 I SurfaceFlinger:      Device | 0x7bfd4905c0 | 0002 | RGBA_8888 |   0.0    0.0 1080.0 2340.0 |    0    0 1080 2340 | com.airbnb.android/com.airbnb.androi[...]hscreen.SplashScreenActivity[2541]#0
10-27 22:59:58.816  3715  3715 I SurfaceFlinger:      Device | 0x7c0601f9c0 | 0000 | RGBA_8888 |   0.0    0.0    1.0 2131.0 | 1079   83 1080 2214 | [14878]#0
10-27 22:59:58.816  3715  3715 I SurfaceFlinger:      Device | 0x7c06021a00 | 0000 | RGBA_8888 |   0.0    0.0 1080.0   83.0 |    0    0 1080   83 | StatusBar[4516]#0
10-27 22:59:58.816  3715  3715 I SurfaceFlinger:      Device | 0x7c060211c0 | 0000 | RGBA_8888 |   0.0    0.0 1080.0  126.0 |    0 2214 1080 2340 | NavigationBar[4516]#0
10-27 22:59:58.816  3715  3715 I SurfaceFlinger:      Device | 0x7c0601ff00 | 0000 | RGBA_8888 |   0.0    0.0 1080.0  151.0 |    0    0 1080  151 | ScreenDecorOverlay[4516]#0
10-27 22:59:58.816  3715  3715 I SurfaceFlinger:      Device | 0x7c0601ffc0 | 0000 | RGBA_8888 |   0.0    0.0 1080.0  151.0 |    0 2189 1080 2340 | ScreenDecorOverlayBottom[4516]#0
10-27 22:59:58.816  3715  3715 I SurfaceFlinger: 
10-27 22:59:58.831  4205  4223 D CodecSolution: isMaxAspectPackageEx: com.airbnb.android : false(0)
10-27 22:59:58.873  4205  5508 D SamsungAlarmManager: Cancel Alarm calling from uid:10026 pid :5374 / op:PendingIntent{19ee944: PendingIntentRecord{4116739 com.google.android.gms startService}}
10-27 22:59:58.874  4205  5508 I SamsungAlarmManager: setLocked to kernel - T:2 / 20211027T230016, SetElapsed=25095502, nowELAPSED=25077976
10-27 22:59:58.874  4205  5508 I SamsungAlarmManager: setLocked to kernel - T:3 / 20211027T230000, SetElapsed=25079102, nowELAPSED=25077976
10-27 22:59:58.898  4205  5508 D SamsungAlarmManager: Cancel Alarm calling from uid:10026 pid :4853 / op:PendingIntent{a543a2d: PendingIntentRecord{7f2817e com.google.android.gms startService}}
10-27 22:59:58.900  4205  5508 I SamsungAlarmManager: setLocked to kernel - T:2 / 20211027T230016, SetElapsed=25095502, nowELAPSED=25078003
10-27 22:59:58.900  4205  5508 I SamsungAlarmManager: setLocked to kernel - T:3 / 20211027T225959, SetElapsed=25079102, nowELAPSED=25078003
10-27 22:59:58.957  2541  2567 W Settings: Setting airplane_mode_on has moved from android.provider.Settings.System to android.provider.Settings.Global, returning read-only value.
10-27 22:59:58.961  4205  4701 D MdnieScenarioControlService:  packageName : com.airbnb.android    className : com.airbnb.android.feat.splashscreen.SplashScreenActivity
10-27 22:59:58.961  4205  4701 V MdnieScenarioControlService: setUIMode from UI function(3)
10-27 22:59:58.966  2541  2561 W Settings: Setting airplane_mode_on has moved from android.provider.Settings.System to android.provider.Settings.Global, returning read-only value.
10-27 22:59:58.981  5256  5256 D Notification.Badge: reloadBadges() entered.
10-27 22:59:58.985  3713 10198 V APM_AudioPolicyManager: AudioPolicyManager:setRecordSilenced(uid:10005, silenced:0)
10-27 22:59:58.990  2683  2695 D BadgeProvider: query, [selection] : null
10-27 22:59:58.992  5256  5385 D BadgeCache: 1. pkgName : com.samsung.android.messaging = 1
10-27 22:59:58.992  5256  5385 D BadgeCache: 2. componentName: com.samsung.android.messaging/com.android.mms.ui.ConversationComposer = 1
10-27 22:59:58.992  5256  5385 D BadgeCache: 1. pkgName : com.sec.android.app.samsungapps = 1
10-27 22:59:58.992  5256  5385 D BadgeCache: 2. componentName: com.sec.android.app.samsungapps/.SamsungAppsMainActivity = 1
10-27 22:59:58.992  5256  5385 D BadgeCache: 1. pkgName : com.samsung.android.scloud = 1
10-27 22:59:58.992  5256  5385 D BadgeCache: 2. componentName: com.samsung.android.scloud/.app.ui.splash.launcher = 1
10-27 22:59:58.992  5256  5385 D BadgeCache: 1. pkgName : com.samsung.android.voc = 0
10-27 22:59:58.993  5256  5385 D BadgeCache: 1. pkgName : com.linkedin.android = 1
10-27 22:59:58.993  5256  5385 D BadgeCache: 2. componentName: com.linkedin.android/.authenticator.LaunchActivity = 1
10-27 22:59:58.993  5256  5385 D BadgeCache: 1. pkgName : com.samsung.android.calendar = -1
10-27 22:59:58.993  5256  5385 D BadgeCache: 2. componentName: com.samsung.android.calendar/com.android.calendar.AllInOneActivity = -1
10-27 22:59:58.993  5256  5385 D BadgeCache: 1. pkgName : screenrecorder.recorder.editor = 0
10-27 22:59:58.993  5256  5385 D BadgeCache: 1. pkgName : com.google.android.youtube = 74
10-27 22:59:58.993  5256  5385 D BadgeCache: 2. componentName: com.google.android.youtube/.app.honeycomb.Shell$HomeActivity = 74
10-27 22:59:58.993  5256  5385 D BadgeCache: 1. pkgName : com.samsung.android.app.simplesharing = 0
10-27 22:59:58.993  5256  5385 D BadgeCache: 1. pkgName : com.samsung.android.dialer = -1
10-27 22:59:58.993  5256  5385 D BadgeCache: 2. componentName: com.samsung.android.dialer/.DialtactsActivity = -1
10-27 22:59:58.993  5256  5385 D BadgeCache: 1. pkgName : com.skype.raider = 30
10-27 22:59:58.993  5256  5385 D BadgeCache: 2. componentName: com.skype.raider/.Main = 30
10-27 22:59:58.993  5256  5385 D BadgeCache: 1. pkgName : com.lenovo.anyshare.gps = 0
10-27 22:59:58.993  5256  5385 D BadgeCache: 1. pkgName : com.screenrecorder.recorder.editor = 0
10-27 22:59:58.993  5256  5385 D BadgeCache: 1. pkgName : org.telegram.messenger = 69
10-27 22:59:58.993  5256  5385 D BadgeCache: 2. componentName: org.telegram.messenger/org.telegram.ui.LaunchActivity = 69
10-27 22:59:58.993  5256  5385 D BadgeCache: 1. pkgName : jp.co.rakuten.mobile.rcs = 506
10-27 22:59:58.993  5256  5385 D BadgeCache: 2. componentName: jp.co.rakuten.mobile.rcs/.tab.TabActivity = 506
10-27 22:59:58.993  5256  5385 D BadgeCache: 1. pkgName : jp.co.rakuten.mobile.rcs = 875
10-27 22:59:58.993  5256  5385 D BadgeCache: 2. componentName: jp.co.rakuten.mobile.rcs/.common.ui.SplashScreenActivity = 875
10-27 22:59:58.993  5256  5385 D BadgeCache: 1. pkgName : com.samsung.android.email.provider = -1
10-27 22:59:58.993  5256  5385 D BadgeCache: 2. componentName: com.samsung.android.email.provider/com.samsung.android.email.ui.activity.MessageListXL = -1
10-27 22:59:58.993  5256  5385 D BadgeCache: 1. pkgName : jp.co.rakuten.mobile.rcs = 0
10-27 22:59:58.993  5256  5385 D BadgeCache: 1. pkgName : jp.co.rakuten.mobile.rcs = 1
10-27 22:59:58.993  5256  5385 D BadgeCache: 2. componentName: jp.co.rakuten.mobile.rcs/.main.LauncherActivity = 1
10-27 22:59:58.993  5256  5385 D BadgeCache: 1. pkgName : com.facebook.katana = 0
10-27 22:59:58.993  5256  5385 D BadgeCache: 1. pkgName : jp.co.rakuten.mobile.rcs = 208
10-27 22:59:58.993  5256  5385 D BadgeCache: 2. componentName: jp.co.rakuten.mobile.rcs/.main.launcher.LauncherActivity = 208
10-27 22:59:58.993  5256  5385 D BadgeCache: 1. pkgName : com.airbnb.android = 0
10-27 22:59:58.997  5256  5385 D BadgeCache: reloadBadgeCounts(), tempBadges.size() : [15], user : [UserHandle{0}]
10-27 22:59:58.997  5256  5385 D BadgeCache: reloadBadgeCounts(), final size : 15
10-27 22:59:58.997  5256  5385 D Notification.Badge: reloadBadges(), badges count : 15
10-27 22:59:58.997  5256  5385 D Notification.Badge: updateBadgeCounts(), iconInfo : [IconInfo(title=YouTube intent=Intent { act=android.intent.action.MAIN cat=[android.intent.category.LAUNCHER] flg=0x10200000 cmp=com.google.android.youtube/.app.honeycomb.Shell$HomeActivity (has extras) } id=42 type=0 container=37 screen=0 cellX=-1 cellY=-1 spanX=1 spanY=1 rank=4 hidden=0 dropPos=null user=UserHandle{0} screenType=0)]
10-27 22:59:58.997  5256  5385 D Notification.Badge: updateBadgeCounts(), iconInfo : [IconInfo(title=LinkedIn intent=Intent { act=android.intent.action.MAIN cat=[android.intent.category.LAUNCHER] flg=0x10200000 cmp=com.linkedin.android/.authenticator.LaunchActivity (has extras) } id=50 type=0 container=47 screen=0 cellX=-1 cellY=-1 spanX=1 spanY=1 rank=1 hidden=0 dropPos=null user=UserHandle{0} screenType=0)]
10-27 22:59:58.997  5256  5385 D Notification.Badge: updateBadgeCounts(), iconInfo : [IconInfo(title=Messages intent=Intent { act=android.intent.action.MAIN cat=[android.intent.category.LAUNCHER] flg=0x10200000 cmp=com.samsung.android.messaging/com.android.mms.ui.ConversationComposer (has extras) } id=56 type=0 container=-102 screen=0 cellX=3 cellY=1 spanX=1 spanY=1 rank=7 hidden=0 dropPos=null user=UserHandle{0} screenType=0)]
10-27 22:59:58.997  5256  5385 D Notification.Badge: updateBadgeCounts(), iconInfo : [IconInfo(title=Phone intent=Intent { act=android.intent.action.MAIN cat=[android.intent.category.LAUNCHER] flg=0x10200000 cmp=com.samsung.android.dialer/.DialtactsActivity (has extras) } id=55 type=0 container=-102 screen=0 cellX=2 cellY=1 spanX=1 spanY=1 rank=6 hidden=0 dropPos=null user=UserHandle{0} screenType=0)]
10-27 22:59:58.997  5256  5385 D Notification.Badge: updateBadgeCounts(), iconInfo : [IconInfo(title=Phone intent=Intent { act=android.intent.action.MAIN cat=[android.intent.category.LAUNCHER] flg=0x10200000 cmp=com.samsung.android.dialer/.DialtactsActivity (has extras) } id=357 type=0 container=-100 screen=2 cellX=2 cellY=1 spanX=1 spanY=1 rank=6 hidden=0 dropPos=null user=UserHandle{0} screenType=0)]
10-27 22:59:58.997  5256  5385 D Notification.Badge: updateBadgeCounts(), iconInfo : [IconInfo(title=Skype intent=Intent { act=android.intent.action.MAIN cat=[android.intent.category.LAUNCHER] flg=0x10200000 cmp=com.skype.raider/.Main (has extras) } id=141 type=0 container=-102 screen=1 cellX=1 cellY=2 spanX=1 spanY=1 rank=9 hidden=0 dropPos=null user=UserHandle{0} screenType=0)]
10-27 22:59:58.997  5256  5385 D Notification.Badge: updateBadgeCounts(), iconInfo : [IconInfo(title=Link intent=Intent { act=android.intent.action.MAIN cat=[android.intent.category.LAUNCHER] flg=0x10200000 cmp=jp.co.rakuten.mobile.rcs/.main.launcher.LauncherActivity (has extras) } id=386 type=0 container=-102 screen=2 cellX=1 cellY=1 spanX=1 spanY=1 rank=5 hidden=0 dropPos=null user=UserHandle{0} screenType=0)]
10-27 22:59:58.997  5256  5385 D Notification.Badge: updateBadgeCounts(), iconInfo.mBadgeCount : [208], newCount : [208]
10-27 22:59:58.997  5256  5385 D Notification.Badge: updateBadgeCounts(), iconInfo : [IconInfo(title=Airbnb intent=Intent { act=android.intent.action.MAIN cat=[android.intent.category.LAUNCHER] flg=0x10200000 cmp=com.airbnb.android/.feat.homescreen.HomeActivity (has extras) } id=389 type=0 container=-102 screen=2 cellX=3 cellY=1 spanX=1 spanY=1 rank=7 hidden=0 dropPos=null user=UserHandle{0} screenType=0)]
10-27 22:59:58.997  5256  5385 D Notification.Badge: updateBadgeCounts(), iconInfo : [IconInfo(title=Email intent=Intent { act=android.intent.action.MAIN cat=[android.intent.category.LAUNCHER] flg=0x10200000 cmp=com.samsung.android.email.provider/com.samsung.android.email.ui.activity.MessageListXL (has extras) } id=34 type=0 container=32 screen=0 cellX=-1 cellY=-1 spanX=1 spanY=1 rank=1 hidden=0 dropPos=null user=UserHandle{0} screenType=0)]
10-27 22:59:59.027  4205  4205 D Telecom:SamsungPrebindingServiceImpl: handleMessage 0
10-27 22:59:59.028  4205  4205 I Telecom:SamsungPrebindingServiceImpl: isSktTPhoneMode supportTPhone: false
10-27 22:59:59.028  4205  4205 I Telecom:SamsungPrebindingServiceImpl: needToKeepBinding - false - match not found
10-27 22:59:59.033  2541  2567 I System.out: (HTTPLog)-Static: isSBSettingEnabled false
10-27 22:59:59.034  2541  2567 I System.out: (HTTPLog)-Static: isSBSettingEnabled false
10-27 22:59:59.035  3895  3971 D EnterpriseController: netId is 0
10-27 22:59:59.035  3895  3971 E Netd    : getNetworkForDns: getNetId from enterpriseCtrl is netid 0
10-27 22:59:59.035  3895  3971 D DnsProxyListener: DNSDBG::dns addrinfo af 0
10-27 22:59:59.044  2541  2565 W Settings: Setting airplane_mode_on has moved from android.provider.Settings.System to android.provider.Settings.Global, returning read-only value.
10-27 22:59:59.051  2541  2565 W Settings: Setting airplane_mode_on has moved from android.provider.Settings.System to android.provider.Settings.Global, returning read-only value.
10-27 22:59:59.151  2541  2561 W Settings: Setting airplane_mode_on has moved from android.provider.Settings.System to android.provider.Settings.Global, returning read-only value.
10-27 22:59:59.156  2541  2567 D NetworkManagementSocketTagger: tagSocket(98) with statsTag=0x0, statsUid=-1
10-27 22:59:59.175  2541  2673 W Settings: Setting airplane_mode_on has moved from android.provider.Settings.System to android.provider.Settings.Global, returning read-only value.
10-27 22:59:59.200  2541  2634 W Settings: Setting airplane_mode_on has moved from android.provider.Settings.System to android.provider.Settings.Global, returning read-only value.
10-27 22:59:59.204  2541  2564 W Settings: Setting airplane_mode_on has moved from android.provider.Settings.System to android.provider.Settings.Global, returning read-only value.
10-27 22:59:59.244  2541  2552 I .airbnb.androi: Background concurrent copying GC freed 294304(22MB) AllocSpace objects, 58(2MB) LOS objects, 49% free, 13MB/27MB, paused 1.037ms total 186.700ms
10-27 22:59:59.250  2541  2549 W JavaBinder: BinderProxy is being destroyed but the application did not call unlinkToDeath to unlink all of its death recipients beforehand.  Releasing leaked death recipient: com.google.android.play.core.internal.ai
10-27 22:59:59.253  4205  4205 D CustomFrequencyManagerService: releaseDVFSLockLocked : Getting Lock type frm List : DVFS_MIN_LIMIT  frequency : 1560000  uid : 1000  pid : 4205  tag : AMS_RESUME_TAIL@CPU_MIN@43
10-27 22:59:59.401  2541  2565 W Settings: Setting airplane_mode_on has moved from android.provider.Settings.System to android.provider.Settings.Global, returning read-only value.
10-27 22:59:59.519 32322 32428 D Analytics: com.rakuten.tech.mobile.analytics.RealRatBackend$sendEventsToRat$1#run:139 Skipping request delivery there are no events to deliver to RAT
10-27 22:59:59.608 32322 32634 D Analytics: com.rakuten.tech.mobile.analytics.RealRatBackend$sendEventsToRat$1#run:139 Skipping request delivery there are no events to deliver to RAT
10-27 22:59:59.635  2713  2713 I ACodec  :  [] Now uninitialized
10-27 22:59:59.641  2713  2720 I ACodec  : [] onAllocateComponent
10-27 22:59:59.644  2713  2720 I OMXClient: IOmx service obtained
10-27 22:59:59.645  3902  3963 I OMXMaster: makeComponentInstance(OMX.Exynos.AVC.Encoder) in omx@1.0-service process
10-27 22:59:59.651  3902  3963 D libexynosv4l2: try node: /dev/video6
10-27 22:59:59.652  3902  3963 D libexynosv4l2: try node: /dev/video7
10-27 22:59:59.652  3902  3963 I libexynosv4l2: node found for device s5p-mfc-enc: /dev/video7
10-27 22:59:59.672  3902  3963 I libexynosv4l2: open video device /dev/video7
10-27 22:59:59.674  2713  2720 I ACodec  : [OMX.Exynos.AVC.Encoder] Now Loaded
10-27 22:59:59.676  2541  2564 W Settings: Setting airplane_mode_on has moved from android.provider.Settings.System to android.provider.Settings.Global, returning read-only value.
10-27 22:59:59.678  3892 12532 I ResourceManagerService: ResourceManagerService checkCodecCapacity pid 2713 clientId 491338874752 useExtended 0 
10-27 22:59:59.680  3896  4021 I RemoteDisplayService: There is no RemoteDisplay
10-27 22:59:59.681  2713  2720 I ACodec  : app-pid(2713)
10-27 22:59:59.683  2541  2639 W Settings: Setting airplane_mode_on has moved from android.provider.Settings.System to android.provider.Settings.Global, returning read-only value.
10-27 22:59:59.684  2713  2720 W OMXUtils: do not know color format 0x7f000011 = 2130706449
10-27 22:59:59.686  2713  2720 W OMXUtils: do not know color format 0x10 = 16
10-27 22:59:59.687  2713  2720 W OMXUtils: do not know color format 0x7f00a000 = 2130747392
10-27 22:59:59.688  2713  2720 W OMXUtils: do not know color format 0x7f000789 = 2130708361
10-27 22:59:59.690  2713  2720 I ACodec  : app-name : screenrecord
10-27 22:59:59.690  2713  2720 I ACodec  : setupAVCEncoderParameters with [profile: Baseline] [level: Level1]
10-27 22:59:59.690  2713  2720 I ACodec  : Enable Perceptual Video Coding
10-27 22:59:59.691  2713  2720 I ACodec  : Success set VideoMinQP(5/5/5) VideoMaxQP(50/50/50)
10-27 22:59:59.691  2713  2720 I ACodec  : SECSetparameters : default
10-27 22:59:59.696  2713  2720 I ACodec  : [OMX.Exynos.AVC.Encoder] cannot encode HDR static metadata. Ignoring.
10-27 22:59:59.696  2713  2720 I ACodec  : setupVideoEncoder succeeded
10-27 22:59:59.696  2713  2720 I ACodec  : [OMX.Exynos.AVC.Encoder] configure, AMessage : AMessage(what = 'conf', target = 1) = {
10-27 22:59:59.696  2713  2720 I ACodec  :   int32_t width = 1080
10-27 22:59:59.696  2713  2720 I ACodec  :   int32_t height = 2340
10-27 22:59:59.696  2713  2720 I ACodec  :   string mime = "video/avc"
10-27 22:59:59.696  2713  2720 I ACodec  :   int32_t color-format = 2130708361
10-27 22:59:59.696  2713  2720 I ACodec  :   int32_t bitrate = 20000000
10-27 22:59:59.696  2713  2720 I ACodec  :   float frame-rate = 60.000004
10-27 22:59:59.696  2713  2720 I ACodec  :   int32_t i-frame-interval = 10
10-27 22:59:59.696  2713  2720 I ACodec  :   int32_t encoder = 1
10-27 22:59:59.696  2713  2720 I ACodec  : }
10-27 22:59:59.698  2541  2552 I .airbnb.androi: Background concurrent copying GC freed 169722(8MB) AllocSpace objects, 18(2MB) LOS objects, 45% free, 28MB/52MB, paused 251us total 208.717ms
10-27 22:59:59.698  2713  2720 W OMXUtils: do not know color format 0x7f000789 = 2130708361
10-27 22:59:59.700  3902  3963 W OMXNodeInstance: getConfig(0xf04a7300:Exynos.AVC.Encoder, ConfigLatency(0x6f800005)) (0x8000101a)
10-27 22:59:59.701  2541  2561 E GraphResponse: GraphRequest can't be used when Facebook SDK isn't fully initialized
10-27 22:59:59.702  3902  3963 W OMXNodeInstance: getConfig(0xf04a7300:Exynos.AVC.Encoder, ConfigAndroidIntraRefresh(0x6f60000a)) (0x8000101a)
10-27 22:59:59.705  2541  2567 E GraphResponse: GraphRequest can't be used when Facebook SDK isn't fully initialized
10-27 22:59:59.708  3902  3963 D GraphicBufferSource: setting dataspace: 0x104, acquired=0
10-27 22:59:59.708  3902  3963 I GraphicBufferSource: (configure) recordingmode = 0
10-27 22:59:59.709  3902  3963 D GraphicBufferSource: requesting color aspects (R:2(Limited), P:1(BT709_5), M:1(BT709_5), T:3(SMPTE170M))
10-27 22:59:59.710  3902  2722 I EXYNOS_BASE_COMP: [0xf04e6000][Exynos_OMX_ComponentStateSet] current:(OMX_StateLoaded) dest:(OMX_StateIdle)
10-27 22:59:59.710  2713  2720 I ACodec  : [OMX.Exynos.AVC.Encoder] Now Loaded->Idle
10-27 22:59:59.710  3902  2722 D libexynosv4l2: try node: /dev/video6
10-27 22:59:59.710  3902  2722 D libexynosv4l2: try node: /dev/video7
10-27 22:59:59.710  3902  2722 I libexynosv4l2: node found for device s5p-mfc-enc: /dev/video7
10-27 22:59:59.712  3685  3685 W AshmemAllocator: ashmem_create_region(64) returning hidl_memory(0x7acf62c100, 64)
10-27 22:59:59.714  2541  2565 E GraphResponse: GraphRequest can't be used when Facebook SDK isn't fully initialized
10-27 22:59:59.723  3902  2722 I libexynosv4l2: open video device /dev/video7
10-27 22:59:59.726  2541  2564 I System.out: (HTTPLog)-Static: isSBSettingEnabled false
10-27 22:59:59.727  2541  2564 I System.out: (HTTPLog)-Static: isSBSettingEnabled false
10-27 22:59:59.729  3895  3971 D EnterpriseController: netId is 0
10-27 22:59:59.729  3895  3971 E Netd    : getNetworkForDns: getNetId from enterpriseCtrl is netid 0
10-27 22:59:59.729  3895  3971 D DnsProxyListener: DNSDBG::dns addrinfo af 0
10-27 22:59:59.735  4205  4205 D Telecom:SamsungPrebindingServiceImpl: onTopActivityChanged : ComponentInfo{com.airbnb.android/com.airbnb.android.feat.homescreen.HomeActivity}
10-27 22:59:59.748  3685  3685 W AshmemAllocator: ashmem_create_region(64) returning hidl_memory(0x7acf62c100, 64)
10-27 22:59:59.749  3685  3685 W AshmemAllocator: ashmem_create_region(64) returning hidl_memory(0x7acf62c100, 64)
10-27 22:59:59.751  5374  5374 D BoundBrokerSvc: onBind: Intent { act=com.google.android.gms.recaptcha.service.START pkg=com.google.android.gms }
10-27 22:59:59.751  5374  5374 D BoundBrokerSvc: Loading bound service for intent: Intent { act=com.google.android.gms.recaptcha.service.START pkg=com.google.android.gms }
10-27 22:59:59.753  3685  3685 W AshmemAllocator: ashmem_create_region(64) returning hidl_memory(0x7acf62c100, 64)
10-27 22:59:59.754  3685  3685 W AshmemAllocator: ashmem_create_region(64) returning hidl_memory(0x7acf62c100, 64)
10-27 22:59:59.757  3685  3685 W AshmemAllocator: ashmem_create_region(3838464) returning hidl_memory(0x7acf62c100, 3838464)
10-27 22:59:59.759  3685  3685 I chatty  : uid=1000(system) allocator@1.0-s identical 2 lines
10-27 22:59:59.760  3685  3685 W AshmemAllocator: ashmem_create_region(3838464) returning hidl_memory(0x7acf62c100, 3838464)
10-27 22:59:59.762  3902  2722 I EXYNOS_BASE_COMP: [0xf04e6000][Exynos_OMX_EventHandler] OMX_EventCmdComplete(OMX_StateIdle)
