--------- beginning of main
10-27 23:00:33.093  2713  2719 I MediaCodec: setCodecState state : 0
10-27 23:00:33.093  3892 12532 I ResourceManagerService: getMediaResourceInfo resourceType : 2, size : 2
10-27 23:00:33.093  3892 12532 I ResourceManagerService: writeResourceInfo (PID : 2713, clientID : 491338874752, non-secure-codec/video-codec:1, 1080x2340(fps:60) - SoftCodec : No, Encorder : Yes)
10-27 23:00:33.094  3892 12532 I ResourceManagerService: writeResourceInfo (PID : 2931, clientID : 517909492480, non-secure-codec/video-codec:1, 496x1080(fps:60) - SoftCodec : No, Encorder : Yes)
10-27 23:00:33.094 25945 25966 V ResourceManagerHelper-JNI: JNIMediaResourceHelper::notify eventType : 3, ext1 : 0, ext2 : 0
10-27 23:00:33.094 25945 25966 V ResourceManagerHelper-JNI: notify eventType : 3, ext1 : 0, ext2 : 0
10-27 23:00:33.094 25945 25966 I SemMediaResourceHelper: makeMediaResourceInfo mOwnResourceEventExcluded : false, mPid : 25945
10-27 23:00:33.094 25945 25966 I SemMediaResourceHelper: [1] makeMediaResourceInfo resourceType : 2 isSecured : false, pid : 2713, client id : 491338874752
10-27 23:00:33.094 25945 25966 I SemMediaResourceHelper: [2] makeMediaResourceInfo resourceType : 2 isSecured : false, pid : 2931, client id : 517909492480
10-27 23:00:33.094 25945 25987 I SemMediaResourceHelper: onState
10-27 23:00:33.094 25945 25987 I DrmMediaResourceHelper: onStateChanged size = 2
10-27 23:00:33.094 25945 25987 I DrmMediaResourceHelper: resource type: 2,,,isSecured :  falsegetCodecState : 1getpid : 2713
10-27 23:00:33.094 25945 25987 I DrmMediaResourceHelper: resource type: 2,,,isSecured :  falsegetCodecState : 1getpid : 2931
10-27 23:00:33.214  4205  4385 D WifiStateMachine: enter getWifiLinkLayerStats
10-27 23:00:33.215  4205  4385 I WifiVendorHal: getWifiLinkLayerStats(l.3097) before calling iface.getLinkLayerStats
10-27 23:00:33.215  3713  3799 V APM_AudioPolicyManager: getAudioPolicyConfig: audioParam;outDevice
--------- beginning of system
10-27 23:00:33.215  3701  3701 I android.hardware.wifi@1.0-service: enter getLinkLayerStats
10-27 23:00:33.215  3701  3701 I android.hardware.wifi@1.0-service: enter getLinkLayerStatsInternal
10-27 23:00:33.216  3713  3799 V APM_AudioPolicyManager: getNewOutputDevice() selected device 0
10-27 23:00:33.216  3713  3799 V APM_AudioPolicyManager: ### curdevice : 2
10-27 23:00:33.218  3701  3701 I android.hardware.wifi@1.0-service: Successfully getLinkLayerStats.
10-27 23:00:33.219  4205  4385 I WifiVendorHal: getWifiLinkLayerStats(l.3097) after calling iface.getLinkLayerStats
10-27 23:00:33.227  4205  4385 I WifiStateMachine: checkScoreBasedQuality -  mPreviousScore[0]:92 mPreviousScore[1]:93 mPreviousScore[2]:93 s2Score:94mPrevoiusScoreAverage:92
10-27 23:00:33.318  1770  1865 W CelloCake: [CELLO_TASK_RUNNER_MONITOR7437d742-0] [Account=7437d742:Task=76684513]Slow task still running after 170s. fetchRootStableId(request=# com.google.apps.drive.dataservice.FindByIdsRequest@cc4e416){account=7437d742, submitTimeMs=24941575, startTimeMs=24941575, waitTimeMs=0, timedOut}
10-27 23:00:33.318  1770  1865 W CelloCake: [CELLO_TASK_RUNNER_MONITOR7437d742-0] [Account=7437d742:Task=235473414]Slow task still running after 170s. getObserverManager(){account=7437d742, submitTimeMs=24941575, timedOut}
10-27 23:00:33.404  3902  2722 I EXYNOS_BASE_COMP: [0xf04e6000][Exynos_OMX_ComponentStateSet] current:(OMX_StateExecuting) dest:(OMX_StateIdle)
10-27 23:00:33.405  2713  2720 I ACodec  : [OMX.Exynos.AVC.Encoder] Now Executing->Idle
10-27 23:00:33.406  3902  2729 W libexynosv4l2: failed to ioctl: VIDIOC_DQBUF (22 - Invalid argument)
10-27 23:00:33.408  3902  3962 W GraphicBufferSource: released unpopulated slots: [3, 4, 5, 6, 7, 8, 9, 10, 11, 12, 13, 14, 15, 16, 17, 18, 19, 20, 21, 22, 23, 24, 25, 26, 27, 28, 29, 30, 31, 32, 33, 34, 35, 36, 37, 38, 39, 40, 41, 42, 43, 44, 45, 46, 47, 48, 49, 50, 51, 52, 53, 54, 55, 56, 57, 58, 59, 60, 61, 62, 63]
10-27 23:00:33.410  3902  3962 E BufferQueueProducer: [GraphicBufferSource] disconnect: not connected (req=1)
10-27 23:00:33.410  2713  2760 W libEGL  : EGLNativeWindowType 0x7265c47010 disconnect failed
10-27 23:00:33.411  3902  2728 W libexynosv4l2: failed to ioctl: VIDIOC_DQBUF (22 - Invalid argument)
10-27 23:00:33.412  3902  2722 I EXYNOS_BASE_COMP: [0xf04e6000][Exynos_OMX_ComponentStateSet] OMX_EventCmdComplete(OMX_StateIdle)
10-27 23:00:33.413  3715  3715 I VirtualDisplaySurface: disconnect() api 1, mode 0
10-27 23:00:33.413  3715  3715 I VirtualDisplaySurface: disconnect(SOURCE_SINK) result 0
10-27 23:00:33.415  3715  3715 I VirtualDisplaySurface: disconnect() api 1, mode 0
10-27 23:00:33.416  3715  3715 I VirtualDisplaySurface: disconnect(SOURCE_SINK) result 0
10-27 23:00:33.421  3902  2722 I EXYNOS_BASE_COMP: [0xf04e6000][Exynos_OMX_ComponentStateSet] current:(OMX_StateIdle) dest:(OMX_StateLoaded)
10-27 23:00:33.439  2713  2720 I ACodec  : [OMX.Exynos.AVC.Encoder] Now Idle->Loaded
10-27 23:00:33.442  3902  2722 I EXYNOS_BASE_COMP: [0xf04e6000][Exynos_OMX_EventHandler] OMX_EventCmdComplete(OMX_StateLoaded)
10-27 23:00:33.442  2713  2720 I ACodec  : [OMX.Exynos.AVC.Encoder] Now Loaded
10-27 23:00:33.443  2713  2720 I ACodec  :  [OMX.Exynos.AVC.Encoder] Now kWhatShutdownCompleted event : 8591
10-27 23:00:33.443  2713  2713 I MPEG4Writer: Normal stop process
10-27 23:00:33.443  2713  2713 D MPEG4Writer: Video track stopping. Stop source
10-27 23:00:33.443  2713  2713 D MPEG4Writer: Video track source stopping
10-27 23:00:33.443  2713  2767 I MPEG4Writer: Received total/0-length (199/0) buffers and encoded 199 frames. - Video
10-27 23:00:33.443  2713  2713 D MPEG4Writer: Video track source stopped
10-27 23:00:33.448  2713  2713 D MPEG4Writer: Video track stopped. Stop source
10-27 23:00:33.449  2713  2713 D MPEG4Writer: Stopping writer thread
10-27 23:00:33.449  2713  2766 D MPEG4Writer: 0 chunks are written in the last batch
10-27 23:00:33.450  2713  2713 D MPEG4Writer: Writer thread stopped
10-27 23:00:33.451  2713  2713 I MPEG4Writer: Ajust the moov start time from 21724601336 us -> 21724601336 us
10-27 23:00:33.453  2713  2713 I MPEG4Writer: The mp4 file will not be streamable.
10-27 23:00:33.455  2713  2720 I ACodec  :  [OMX.Exynos.AVC.Encoder] Now uninitialized
10-27 23:00:33.456  2713  2720 I ACodec  :  [] Now kWhatShutdownCompleted event : 8591
10-27 23:00:33.457  2713  2719 I MediaCodec: Codec shutdown complete
10-27 23:00:33.458  3892 12532 I ResourceManagerService: MediaInfo removed 2527200 (width 1080 height 2340) remained 8311680 
10-27 23:00:33.458  3892 12532 I ResourceManagerService: getMediaResourceInfo resourceType : 2, size : 1
10-27 23:00:33.458  3892 12532 I ResourceManagerService: writeResourceInfo (PID : 2931, clientID : 517909492480, non-secure-codec/video-codec:1, 496x1080(fps:60) - SoftCodec : No, Encorder : Yes)
10-27 23:00:33.458  5324  5529 V ResourceManagerHelper-JNI: JNIMediaResourceHelper::notify eventType : 2, ext1 : 0, ext2 : 0
10-27 23:00:33.458  5324  5529 V ResourceManagerHelper-JNI: notify eventType : 2, ext1 : 0, ext2 : 0
10-27 23:00:33.459  5324  5529 I SemMediaResourceHelper: makeMediaResourceInfo mOwnResourceEventExcluded : false, mPid : 5324
10-27 23:00:33.459  2713  2713 D MPEG4Writer: Video track stopping. Stop source
10-27 23:00:33.459  5324  5529 I SemMediaResourceHelper: [1] makeMediaResourceInfo resourceType : 2 isSecured : false, pid : 2931, client id : 517909492480
10-27 23:00:33.459  5324  5324 I SemMediaResourceHelper: onRemove
10-27 23:00:33.459 25945 25966 V ResourceManagerHelper-JNI: JNIMediaResourceHelper::notify eventType : 2, ext1 : 0, ext2 : 0
10-27 23:00:33.459 25945 25966 V ResourceManagerHelper-JNI: notify eventType : 2, ext1 : 0, ext2 : 0
10-27 23:00:33.460 25945 25966 I SemMediaResourceHelper: makeMediaResourceInfo mOwnResourceEventExcluded : false, mPid : 25945
10-27 23:00:33.460 25945 25966 I SemMediaResourceHelper: [1] makeMediaResourceInfo resourceType : 2 isSecured : false, pid : 2931, client id : 517909492480
10-27 23:00:33.460 25945 25987 I SemMediaResourceHelper: onRemove
10-27 23:00:33.460 25945 25987 I DrmMediaResourceHelper: onRemove size = 1
10-27 23:00:33.461 25945 25987 E DrmMediaResourceHelper: onRemove making Dpdrm to 0 second point 
10-27 23:00:33.461 25945 25987 E DrmManagerClient: DRM_DISPLAYPORT_DISABLE failed
10-27 23:00:33.519 32322 32544 D Analytics: com.rakuten.tech.mobile.analytics.RealRatBackend$sendEventsToRat$1#run:139 Skipping request delivery there are no events to deliver to RAT
10-27 23:00:33.523  4205  4222 E ActivityManager: getPackageFromAppProcesses, return null :2978
10-27 23:00:33.529  6160  6160 V MediaProvider: android.intent.action.MEDIA_SCANNER_SCAN_FILE path: 7klwibgf7fvntblfd7(7*-+.+..8*-*.-5vh,
10-27 23:00:33.561  4516  4516 D SecStatusBarWifiView: updateState: WifiIconState(resId=2131232692, visible=true, activityId=2131232717)
10-27 23:00:33.562  4516  4516 D SecStatusBarWifiView: updateState: WifiIconState(resId=2131232692, visible=true, activityId=2131232717)
10-27 23:00:33.578  2713  2713 D ScreenRecord: success
10-27 23:00:33.608 32322 32464 D Analytics: com.rakuten.tech.mobile.analytics.RealRatBackend$sendEventsToRat$1#run:139 Skipping request delivery there are no events to deliver to RAT
10-27 23:00:33.677  6160  2980 V MediaProvider: !@start scanning file requested by receiver: 7klwibgf7fvntblfd7(7*-+.+..8*-*.-5vh,
10-27 23:00:33.683  6160  2980 D MediaScanner: scanSingleFile : 7klwibgf7fvntblfd7(7*-+.+..8*-*.-5vh,
10-27 23:00:33.714  3892 12532 V MediaPlayerService: Create new media retriever from pid 6160
10-27 23:00:33.717  3879  8042 E SEC_DRM_PLUGIN_Omafl: OmaPlugin::onOpenDecryptSession(fd)::Drm2IsDrmFileByExtFd::file is NOT DRM by extension
10-27 23:00:33.719  3892 12532 D SavsMetadataRetriever: FileSource remote
10-27 23:00:33.765  6160  2980 I CMHServiceInterface: binding to CMH
10-27 23:00:33.773  7383  7383 I CMHService: [#CMH#] onCreate() 
10-27 23:00:33.776  6160  6160 I CMHServiceInterface: CMHService connected
10-27 23:00:33.779  6160  2980 D CMHServiceInterface: Sending intent to CMH to insert: 1
10-27 23:00:33.780  7383  2981 I Controller: [#CMH#] com.android.providers.media Insert
10-27 23:00:33.782  1576  1576 I LPService: [#MLP#] onStopService 
10-27 23:00:33.782  1576  1576 I LPServiceController: [#MLP#] Sending response for  34 with status 35
10-27 23:00:33.784  2106  2106 I StoryService: [StoryService] onStopService() 
10-27 23:00:33.785  2106  2106 I ServiceController: [StoryService] Sending response for  34 with status 35
10-27 23:00:33.786  7383  2981 I Controller: [#CMH#] processInsertAction,No of files to insert: 1,Origin:com.android.providers.media
10-27 23:00:33.788  7383  2981 I ImageFeatures: [#CMH#] Not support file type 
10-27 23:00:33.789  4205  5518 D ConnectivityService: filterNetworkStateForUid() uid: 10042, pid: 6160
10-27 23:00:33.790  4205  5518 D ConnectivityService: filterNetworkStateForUid() uid: 10042, pid: 6160, networkInfo: [type: WIFI[], state: CONNECTED/CONNECTED, reason: (unspecified), extra: (none), failover: false, available: true, roaming: false]
10-27 23:00:33.790  4205  5508 D ConnectivityService: filterNetworkStateForUid() uid: 10042, pid: 6160
10-27 23:00:33.790  6160  2980 D SingleLocationTask: SEC_FLOATING_FEATURE_GALLERY_CONFIG_IMAGE_TAGGER_VERSION: false
10-27 23:00:33.791  6160 24117 D SingleLocationTask: run starting 
10-27 23:00:33.791  4205  5508 D ConnectivityService: filterNetworkStateForUid() uid: 10042, pid: 6160, networkInfo: [type: WIFI[], state: CONNECTED/CONNECTED, reason: (unspecified), extra: (none), failover: false, available: true, roaming: false]
10-27 23:00:33.791  6160  6160 D SingleLocationTask: mIsConnected: true
10-27 23:00:33.793  6160 24117 D SingleLocationTask: it took 2ms
10-27 23:00:33.799  6160  2980 V MediaProvider: I: 1, U: 0, D: 0 MP4_1/1_30 
10-27 23:00:33.803  6160  2980 V MediaScannerService: !@done scanning file
10-27 23:00:34.520 32322 32561 D Analytics: com.rakuten.tech.mobile.analytics.RealRatBackend$sendEventsToRat$1#run:139 Skipping request delivery there are no events to deliver to RAT
10-27 23:00:34.609 32322 32482 D Analytics: com.rakuten.tech.mobile.analytics.RealRatBackend$sendEventsToRat$1#run:139 Skipping request delivery there are no events to deliver to RAT
10-27 23:00:35.519 32322 32582 D Analytics: com.rakuten.tech.mobile.analytics.RealRatBackend$sendEventsToRat$1#run:139 Skipping request delivery there are no events to deliver to RAT
10-27 23:00:35.609 32322 32486 D Analytics: com.rakuten.tech.mobile.analytics.RealRatBackend$sendEventsToRat$1#run:139 Skipping request delivery there are no events to deliver to RAT
10-27 23:00:35.623  2931  2944 I MediaCodec: setCodecState state : 0
10-27 23:00:35.623  3892 12532 I ResourceManagerService: getMediaResourceInfo resourceType : 2, size : 1
10-27 23:00:35.624  3892 12532 I ResourceManagerService: writeResourceInfo (PID : 2931, clientID : 517909492480, non-secure-codec/video-codec:1, 496x1080(fps:60) - SoftCodec : No, Encorder : Yes)
10-27 23:00:35.624 25945 25966 V ResourceManagerHelper-JNI: JNIMediaResourceHelper::notify eventType : 3, ext1 : 0, ext2 : 0
10-27 23:00:35.624 25945 25966 V ResourceManagerHelper-JNI: notify eventType : 3, ext1 : 0, ext2 : 0
10-27 23:00:35.625 25945 25966 I SemMediaResourceHelper: makeMediaResourceInfo mOwnResourceEventExcluded : false, mPid : 25945
10-27 23:00:35.625 25945 25966 I SemMediaResourceHelper: [1] makeMediaResourceInfo resourceType : 2 isSecured : false, pid : 2931, client id : 517909492480
10-27 23:00:35.626 25945 25987 I SemMediaResourceHelper: onState
10-27 23:00:35.626 25945 25987 I DrmMediaResourceHelper: onStateChanged size = 1
10-27 23:00:35.626 25945 25987 I DrmMediaResourceHelper: resource type: 2,,,isSecured :  falsegetCodecState : 1getpid : 2931
10-27 23:00:35.783  2989  2989 I ACodec  :  [] Now uninitialized
10-27 23:00:35.784  2989  2996 I ACodec  : [] onAllocateComponent
10-27 23:00:35.788  2989  2996 I OMXClient: IOmx service obtained
10-27 23:00:35.789  3902  3962 I OMXMaster: makeComponentInstance(OMX.Exynos.AVC.Encoder) in omx@1.0-service process
10-27 23:00:35.793  3902  3962 D libexynosv4l2: try node: /dev/video6
10-27 23:00:35.794  3902  3962 D libexynosv4l2: try node: /dev/video7
10-27 23:00:35.794  3902  3962 I libexynosv4l2: node found for device s5p-mfc-enc: /dev/video7
10-27 23:00:35.794  3902  3962 I libexynosv4l2: open video device /dev/video7
10-27 23:00:35.795  2989  2996 I ACodec  : [OMX.Exynos.AVC.Encoder] Now Loaded
10-27 23:00:35.799  3892  4177 I ResourceManagerService: ResourceManagerService checkCodecCapacity pid 2989 clientId 538650623872 useExtended 0 
10-27 23:00:35.801  3896  4021 I RemoteDisplayService: There is no RemoteDisplay
10-27 23:00:35.801  2989  2996 I ACodec  : app-pid(2989)
10-27 23:00:35.803  2989  2996 W OMXUtils: do not know color format 0x7f000011 = 2130706449
10-27 23:00:35.804  2989  2996 W OMXUtils: do not know color format 0x10 = 16
10-27 23:00:35.804  2989  2996 W OMXUtils: do not know color format 0x7f00a000 = 2130747392
10-27 23:00:35.805  2989  2996 W OMXUtils: do not know color format 0x7f000789 = 2130708361
10-27 23:00:35.807  2989  2996 I ACodec  : app-name : screenrecord
10-27 23:00:35.807  2989  2996 I ACodec  : setupAVCEncoderParameters with [profile: Baseline] [level: Level1]
10-27 23:00:35.807  2989  2996 I ACodec  : Enable Perceptual Video Coding
10-27 23:00:35.808  2989  2996 I ACodec  : Success set VideoMinQP(5/5/5) VideoMaxQP(50/50/50)
10-27 23:00:35.808  2989  2996 I ACodec  : SECSetparameters : default
10-27 23:00:35.809  2989  2996 I ACodec  : [OMX.Exynos.AVC.Encoder] cannot encode HDR static metadata. Ignoring.
10-27 23:00:35.809  2989  2996 I ACodec  : setupVideoEncoder succeeded
10-27 23:00:35.809  2989  2996 I ACodec  : [OMX.Exynos.AVC.Encoder] configure, AMessage : AMessage(what = 'conf', target = 1) = {
10-27 23:00:35.809  2989  2996 I ACodec  :   int32_t width = 1080
10-27 23:00:35.809  2989  2996 I ACodec  :   int32_t height = 2340
10-27 23:00:35.809  2989  2996 I ACodec  :   string mime = "video/avc"
10-27 23:00:35.809  2989  2996 I ACodec  :   int32_t color-format = 2130708361
10-27 23:00:35.809  2989  2996 I ACodec  :   int32_t bitrate = 20000000
10-27 23:00:35.809  2989  2996 I ACodec  :   float frame-rate = 60.000004
10-27 23:00:35.809  2989  2996 I ACodec  :   int32_t i-frame-interval = 10
10-27 23:00:35.809  2989  2996 I ACodec  :   int32_t encoder = 1
10-27 23:00:35.809  2989  2996 I ACodec  : }
10-27 23:00:35.810  2989  2996 W OMXUtils: do not know color format 0x7f000789 = 2130708361
10-27 23:00:35.811  3902  3962 W OMXNodeInstance: getConfig(0xf04a7300:Exynos.AVC.Encoder, ConfigLatency(0x6f800005)) (0x8000101a)
10-27 23:00:35.812  3902  3962 W OMXNodeInstance: getConfig(0xf04a7300:Exynos.AVC.Encoder, ConfigAndroidIntraRefresh(0x6f60000a)) (0x8000101a)
10-27 23:00:35.816  3902  3962 D GraphicBufferSource: setting dataspace: 0x104, acquired=0
10-27 23:00:35.816  3902  3962 I GraphicBufferSource: (configure) recordingmode = 0
10-27 23:00:35.817  3902  3962 D GraphicBufferSource: requesting color aspects (R:2(Limited), P:1(BT709_5), M:1(BT709_5), T:3(SMPTE170M))
10-27 23:00:35.817  3902  2998 I EXYNOS_BASE_COMP: [0xf04e6000][Exynos_OMX_ComponentStateSet] current:(OMX_StateLoaded) dest:(OMX_StateIdle)
10-27 23:00:35.818  3902  2998 D libexynosv4l2: try node: /dev/video6
10-27 23:00:35.818  2989  2996 I ACodec  : [OMX.Exynos.AVC.Encoder] Now Loaded->Idle
10-27 23:00:35.818  3902  2998 D libexynosv4l2: try node: /dev/video7
10-27 23:00:35.818  3902  2998 I libexynosv4l2: node found for device s5p-mfc-enc: /dev/video7
10-27 23:00:35.818  3902  2998 I libexynosv4l2: open video device /dev/video7
10-27 23:00:35.820  3685  3685 W AshmemAllocator: ashmem_create_region(64) returning hidl_memory(0x7acf62c100, 64)
10-27 23:00:35.844  3685  3685 I chatty  : uid=1000(system) allocator@1.0-s identical 3 lines
10-27 23:00:35.844  3685  3685 W AshmemAllocator: ashmem_create_region(64) returning hidl_memory(0x7acf62c100, 64)
10-27 23:00:35.847  3685  3685 W AshmemAllocator: ashmem_create_region(3838464) returning hidl_memory(0x7acf62c100, 3838464)
10-27 23:00:35.849  3685  3685 I chatty  : uid=1000(system) allocator@1.0-s identical 2 lines
10-27 23:00:35.851  3685  3685 W AshmemAllocator: ashmem_create_region(3838464) returning hidl_memory(0x7acf62c100, 3838464)
10-27 23:00:35.852  3902  2998 I EXYNOS_BASE_COMP: [0xf04e6000][Exynos_OMX_EventHandler] OMX_EventCmdComplete(OMX_StateIdle)
10-27 23:00:35.854  4205  5508 D CodecSolution: reportMediaStatisticsEvent: action=1@1986621044;category=1@1986621044;label=1936222260@1986621044
10-27 23:00:35.854  3902  2998 I EXYNOS_BASE_COMP: [0xf04e6000][Exynos_OMX_ComponentStateSet] current:(OMX_StateIdle) dest:(OMX_StateExecuting)
10-27 23:00:35.854  3902  2998 I EXYNOS_BASE_COMP: [0xf04e6000][Exynos_OMX_ComponentStateSet] OMX_EventCmdComplete(OMX_StateExecuting)
10-27 23:00:35.854  4205  5508 D MediaStatisticsEvent: MediaStatisticsEvent: action=1@1986621044;category=1@1986621044;label=1936222260@1986621044
10-27 23:00:35.854  2989  2996 I ACodec  : [OMX.Exynos.AVC.Encoder] Now Idle->Executing
10-27 23:00:35.854  4205  5508 D MediaStatisticsEvent: Category.valueOf: 1
10-27 23:00:35.854  4205  5508 D MediaStatisticsEvent: Action.valueOf: 1
10-27 23:00:35.854  4205  5508 D MediaStatisticsEvent: Label.valueOf: 0x73686834
10-27 23:00:35.854  4205  5508 D MediaStatisticsEvent: category: VENC
10-27 23:00:35.854  4205  5508 D MediaStatisticsEvent: action: INSTANTIATE
10-27 23:00:35.854  4205  5508 D MediaStatisticsEvent: label: SEC_HW_H264
10-27 23:00:35.854  4205  4447 D CodecSolution: handleMessage : 900
10-27 23:00:35.854  4205  4447 D CodecSolution: event : VENC
10-27 23:00:35.854  4205  4447 D Logging : dma : false, feature: VENC, extra: SEC_HW_H264, value: -1
10-27 23:00:35.854  4205  4447 D Logging : insert context log
10-27 23:00:35.855  3892  4177 I ResourceManagerService: addMediaInfo - (PID : 2989, clientID : 538650623872)
10-27 23:00:35.855  3892  4177 I ResourceManagerService: MediaInfo add 2527200 (width 1080 height 2340) remained 5784480
10-27 23:00:35.855  3892  4177 I ResourceManagerService: startWatchingMode
10-27 23:00:35.856  2989  2996 I ACodec  : [OMX.Exynos.AVC.Encoder] Now Executing
10-27 23:00:35.859  3892  4177 I ResourceManagerService: getMediaResourceInfo resourceType : 2, size : 2
10-27 23:00:35.860  3892  4177 I ResourceManagerService: writeResourceInfo (PID : 2931, clientID : 517909492480, non-secure-codec/video-codec:1, 496x1080(fps:60) - SoftCodec : No, Encorder : Yes)
10-27 23:00:35.860  3892  4177 I ResourceManagerService: writeResourceInfo (PID : 2989, clientID : 538650623872, non-secure-codec/video-codec:1, 1080x2340(fps:60) - SoftCodec : No, Encorder : Yes)
10-27 23:00:35.860  5324  5529 V ResourceManagerHelper-JNI: JNIMediaResourceHelper::notify eventType : 1, ext1 : 0, ext2 : 0
10-27 23:00:35.860 25945 25966 V ResourceManagerHelper-JNI: JNIMediaResourceHelper::notify eventType : 1, ext1 : 0, ext2 : 0
10-27 23:00:35.860  5324  5529 V ResourceManagerHelper-JNI: notify eventType : 1, ext1 : 0, ext2 : 0
10-27 23:00:35.860 25945 25966 V ResourceManagerHelper-JNI: notify eventType : 1, ext1 : 0, ext2 : 0
10-27 23:00:35.860 25945 25966 I SemMediaResourceHelper: makeMediaResourceInfo mOwnResourceEventExcluded : false, mPid : 25945
10-27 23:00:35.860  5324  5529 I SemMediaResourceHelper: makeMediaResourceInfo mOwnResourceEventExcluded : false, mPid : 5324
10-27 23:00:35.860  2989  2995 I MediaCodec: setCodecState state : 0
10-27 23:00:35.860 25945 25966 I SemMediaResourceHelper: [1] makeMediaResourceInfo resourceType : 2 isSecured : false, pid : 2931, client id : 517909492480
10-27 23:00:35.860 25945 25966 I SemMediaResourceHelper: [2] makeMediaResourceInfo resourceType : 2 isSecured : false, pid : 2989, client id : 538650623872
10-27 23:00:35.860  5324  5529 I SemMediaResourceHelper: [1] makeMediaResourceInfo resourceType : 2 isSecured : false, pid : 2931, client id : 517909492480
10-27 23:00:35.860  5324  5529 I SemMediaResourceHelper: [2] makeMediaResourceInfo resourceType : 2 isSecured : false, pid : 2989, client id : 538650623872
10-27 23:00:35.860 25945 25987 I SemMediaResourceHelper: onAdd
10-27 23:00:35.860  5324  5324 I SemMediaResourceHelper: onAdd
10-27 23:00:35.860 25945 25987 I DrmMediaResourceHelper: onAdd size = 2
10-27 23:00:35.861  3892  4177 I ResourceManagerService: getMediaResourceInfo resourceType : 2, size : 2
10-27 23:00:35.861  3892  4177 I ResourceManagerService: writeResourceInfo (PID : 2931, clientID : 517909492480, non-secure-codec/video-codec:1, 496x1080(fps:60) - SoftCodec : No, Encorder : Yes)
10-27 23:00:35.861  3892  4177 I ResourceManagerService: writeResourceInfo (PID : 2989, clientID : 538650623872, non-secure-codec/video-codec:1, 1080x2340(fps:60) - SoftCodec : No, Encorder : Yes)
10-27 23:00:35.861 25945 25966 V ResourceManagerHelper-JNI: JNIMediaResourceHelper::notify eventType : 3, ext1 : 0, ext2 : 0
10-27 23:00:35.861 25945 25966 V ResourceManagerHelper-JNI: notify eventType : 3, ext1 : 0, ext2 : 0
10-27 23:00:35.861 25945 25966 I SemMediaResourceHelper: makeMediaResourceInfo mOwnResourceEventExcluded : false, mPid : 25945
10-27 23:00:35.861 25945 25966 I SemMediaResourceHelper: [1] makeMediaResourceInfo resourceType : 2 isSecured : false, pid : 2931, client id : 517909492480
10-27 23:00:35.861 25945 25966 I SemMediaResourceHelper: [2] makeMediaResourceInfo resourceType : 2 isSecured : false, pid : 2989, client id : 538650623872
10-27 23:00:35.862 25945 25987 I SemMediaResourceHelper: onState
10-27 23:00:35.862 25945 25987 I DrmMediaResourceHelper: onStateChanged size = 2
10-27 23:00:35.862 25945 25987 I DrmMediaResourceHelper: resource type: 2,,,isSecured :  falsegetCodecState : 1getpid : 2931
10-27 23:00:35.862 25945 25987 I DrmMediaResourceHelper: resource type: 2,,,isSecured :  falsegetCodecState : 1getpid : 2989
10-27 23:00:35.889  2989  2989 D libEGL  : loaded /vendor/lib64/egl/libGLES_mali.so
10-27 23:00:35.925  2989  2989 I ConfigStore: android::hardware::configstore::V1_0::ISurfaceFlingerConfigs::hasWideColorDisplay retrieved: 0
10-27 23:00:35.925  2989  2989 I ConfigStore: android::hardware::configstore::V1_0::ISurfaceFlingerConfigs::hasHDRDisplay retrieved: 0
10-27 23:00:35.928  2989  2989 D mali_winsys: EGLint new_window_surface(egl_winsys_display *, void *, EGLSurface, EGLConfig, egl_winsys_surface **, EGLBoolean) returns 0x3000
10-27 23:00:35.964  3902  3962 D GraphicBufferSource: got buffer with new dataSpace #104
10-27 23:00:35.964  3902  2999 D OMXNodeInstance: Codec resolved it to (R:2(??), P:1(??), M:1(??), T:3(??)) err=0(NO_ERROR)
10-27 23:00:35.965  2989  2996 D ACodec  : dataspace changed to 0x10c10000 (R:2(Limited), P:1(BT709_5), M:1(BT709_5), T:3(SMPTE170M)) (R:2(Limited), S:1(BT709), T:3(SMPTE_170M))
10-27 23:00:35.968  3902  3962 W GraphicBufferSource: released unpopulated slots: [1, 2, 3, 4, 5, 6, 7, 8, 9, 10, 11, 12, 13, 14, 15, 16, 17, 18, 19, 20, 21, 22, 23, 24, 25, 26, 27, 28, 29, 30, 31, 32, 33, 34, 35, 36, 37, 38, 39, 40, 41, 42, 43, 44, 45, 46, 47, 48, 49, 50, 51, 52, 53, 54, 55, 56, 57, 58, 59, 60, 61, 62, 63]
10-27 23:00:35.969  3902  3962 E BufferQueueProducer: [GraphicBufferSource] disconnect: not connected (req=1)
10-27 23:00:35.969  2989  2989 W libEGL  : EGLNativeWindowType 0x7d65dd3010 disconnect failed
10-27 23:00:35.972  2989  3020 D mali_winsys: EGLint new_window_surface(egl_winsys_display *, void *, EGLSurface, EGLConfig, egl_winsys_surface **, EGLBoolean) returns 0x3000
10-27 23:00:36.036  3715  3715 I SurfaceFlinger: WFDMode: 0
10-27 23:00:36.038  3715  3715 E HWComposer: getHdrCapabilities failed for display -1: Invalid display
10-27 23:00:36.038  3715  3715 I VirtualDisplaySurface: connect() api 1, producerControlledByApp 0
10-27 23:00:36.039  3715  3715 I VirtualDisplaySurface: connect(SOURCE_SINK) api 1, producerControlledByApp 0, result 0
10-27 23:00:36.039  3715  3715 D mali_winsys: EGLint new_window_surface(egl_winsys_display *, void *, EGLSurface, EGLConfig, egl_winsys_surface **, EGLBoolean) returns 0x3000
10-27 23:00:36.040  3715  3715 E HWComposer: getSupportedPerFrameMetadata failed for display -1: Invalid display
10-27 23:00:36.044  2989  2995 I MediaCodec: setCodecState state : 1
10-27 23:00:36.044  3892  4177 I ResourceManagerService: getMediaResourceInfo resourceType : 2, size : 2
10-27 23:00:36.044  3892  4177 I ResourceManagerService: writeResourceInfo (PID : 2931, clientID : 517909492480, non-secure-codec/video-codec:1, 496x1080(fps:60) - SoftCodec : No, Encorder : Yes)
10-27 23:00:36.045  3892  4177 I ResourceManagerService: writeResourceInfo (PID : 2989, clientID : 538650623872, non-secure-codec/video-codec:1, 1080x2340(fps:60) - SoftCodec : No, Encorder : Yes)
10-27 23:00:36.045 25945 25966 V ResourceManagerHelper-JNI: JNIMediaResourceHelper::notify eventType : 3, ext1 : 0, ext2 : 0
10-27 23:00:36.045 25945 25966 V ResourceManagerHelper-JNI: notify eventType : 3, ext1 : 0, ext2 : 0
10-27 23:00:36.045 25945 25966 I SemMediaResourceHelper: makeMediaResourceInfo mOwnResourceEventExcluded : false, mPid : 25945
10-27 23:00:36.045 25945 25966 I SemMediaResourceHelper: [1] makeMediaResourceInfo resourceType : 2 isSecured : false, pid : 2931, client id : 517909492480
10-27 23:00:36.045 25945 25966 I SemMediaResourceHelper: [2] makeMediaResourceInfo resourceType : 2 isSecured : false, pid : 2989, client id : 538650623872
10-27 23:00:36.045 25945 25987 I SemMediaResourceHelper: onState
10-27 23:00:36.045 25945 25987 I DrmMediaResourceHelper: onStateChanged size = 2
10-27 23:00:36.045 25945 25987 I DrmMediaResourceHelper: resource type: 2,,,isSecured :  falsegetCodecState : 1getpid : 2931
10-27 23:00:36.045 25945 25987 I DrmMediaResourceHelper: resource type: 2,,,isSecured :  falsegetCodecState : 1getpid : 2989
10-27 23:00:36.050  2989  3026 I MPEG4Writer: setStartTimestampUs: 21760516702 from Video track
10-27 23:00:36.050  2989  3026 I MPEG4Writer: Earliest track starting time: 21760516702
10-27 23:00:36.061  2931  2944 I MediaCodec: setCodecState state : 1
10-27 23:00:36.061  3892  4177 I ResourceManagerService: getMediaResourceInfo resourceType : 2, size : 2
10-27 23:00:36.061  3892  4177 I ResourceManagerService: writeResourceInfo (PID : 2931, clientID : 517909492480, non-secure-codec/video-codec:1, 496x1080(fps:60) - SoftCodec : No, Encorder : Yes)
10-27 23:00:36.061  3892  4177 I ResourceManagerService: writeResourceInfo (PID : 2989, clientID : 538650623872, non-secure-codec/video-codec:1, 1080x2340(fps:60) - SoftCodec : No, Encorder : Yes)
10-27 23:00:36.062 25945 25966 V ResourceManagerHelper-JNI: JNIMediaResourceHelper::notify eventType : 3, ext1 : 0, ext2 : 0
10-27 23:00:36.062 25945 25966 V ResourceManagerHelper-JNI: notify eventType : 3, ext1 : 0, ext2 : 0
10-27 23:00:36.062 25945 25966 I SemMediaResourceHelper: makeMediaResourceInfo mOwnResourceEventExcluded : false, mPid : 25945
10-27 23:00:36.062 25945 25966 I SemMediaResourceHelper: [1] makeMediaResourceInfo resourceType : 2 isSecured : false, pid : 2931, client id : 517909492480
10-27 23:00:36.062 25945 25966 I SemMediaResourceHelper: [2] makeMediaResourceInfo resourceType : 2 isSecured : false, pid : 2989, client id : 538650623872
10-27 23:00:36.062 25945 25987 I SemMediaResourceHelper: onState
10-27 23:00:36.062 25945 25987 I DrmMediaResourceHelper: onStateChanged size = 2
10-27 23:00:36.062 25945 25987 I DrmMediaResourceHelper: resource type: 2,,,isSecured :  falsegetCodecState : 1getpid : 2931
10-27 23:00:36.062 25945 25987 I DrmMediaResourceHelper: resource type: 2,,,isSecured :  falsegetCodecState : 1getpid : 2989
10-27 23:00:36.231  4205  4385 D WifiStateMachine: enter getWifiLinkLayerStats
10-27 23:00:36.231  4205  4385 I WifiVendorHal: getWifiLinkLayerStats(l.3097) before calling iface.getLinkLayerStats
10-27 23:00:36.231  3701  3701 I android.hardware.wifi@1.0-service: enter getLinkLayerStats
10-27 23:00:36.232  3701  3701 I android.hardware.wifi@1.0-service: enter getLinkLayerStatsInternal
10-27 23:00:36.233  3701  3701 I android.hardware.wifi@1.0-service: Successfully getLinkLayerStats.
10-27 23:00:36.234  4205  4385 I WifiVendorHal: getWifiLinkLayerStats(l.3097) after calling iface.getLinkLayerStats
10-27 23:00:36.240  4205  4385 I WifiStateMachine: checkScoreBasedQuality -  mPreviousScore[0]:93 mPreviousScore[1]:93 mPreviousScore[2]:94 s2Score:95mPrevoiusScoreAverage:93
10-27 23:00:36.318  1770  1865 W CelloCake: [CELLO_TASK_RUNNER_MONITOR7437d742-0] [Account=7437d742:Task=76684513]Slow task still running after 173s. fetchRootStableId(request=# com.google.apps.drive.dataservice.FindByIdsRequest@cc4e416){account=7437d742, submitTimeMs=24941575, startTimeMs=24941575, waitTimeMs=0, timedOut}
10-27 23:00:36.318  1770  1865 W CelloCake: [CELLO_TASK_RUNNER_MONITOR7437d742-0] [Account=7437d742:Task=235473414]Slow task still running after 173s. getObserverManager(){account=7437d742, submitTimeMs=24941575, timedOut}
10-27 23:00:36.520 32322 32628 D Analytics: com.rakuten.tech.mobile.analytics.RealRatBackend$sendEventsToRat$1#run:139 Skipping request delivery there are no events to deliver to RAT
10-27 23:00:36.543  5151  5151 D io_stats: !@ 179,0 r 364839 11515400 w 213817 3378120 d 6838 2935980 f 18885 20039 iot 301132 263755 th 51200 0 0 pt 0 inp 0 0 21761.345
10-27 23:00:36.609 32322 32551 D Analytics: com.rakuten.tech.mobile.analytics.RealRatBackend$sendEventsToRat$1#run:139 Skipping request delivery there are no events to deliver to RAT
10-27 23:00:36.812  7383  7419 I FeatureClassSet: [#CMH#] POI FloatingFeature is :  false
10-27 23:00:36.928  4205  4318 D SensorService: [SO] -0.123 0.274 9.858
10-27 23:00:37.520 32322 32630 D Analytics: com.rakuten.tech.mobile.analytics.RealRatBackend$sendEventsToRat$1#run:139 Skipping request delivery there are no events to deliver to RAT
10-27 23:00:37.609 32322 32563 D Analytics: com.rakuten.tech.mobile.analytics.RealRatBackend$sendEventsToRat$1#run:139 Skipping request delivery there are no events to deliver to RAT
10-27 23:00:37.627  5324  5670 D SDHMS:s : SIOP:: AP:292(376,70) BAT:334(334,0) CHG:419(419,0) USB:0(0,0) ATC:0(0,-999) 
10-27 23:00:37.862  2989  2995 I MediaCodec: setCodecState state : 0
10-27 23:00:37.863  3892  4177 I ResourceManagerService: getMediaResourceInfo resourceType : 2, size : 2
10-27 23:00:37.863  3892  4177 I ResourceManagerService: writeResourceInfo (PID : 2931, clientID : 517909492480, non-secure-codec/video-codec:1, 496x1080(fps:60) - SoftCodec : No, Encorder : Yes)
10-27 23:00:37.863  3892  4177 I ResourceManagerService: writeResourceInfo (PID : 2989, clientID : 538650623872, non-secure-codec/video-codec:1, 1080x2340(fps:60) - SoftCodec : No, Encorder : Yes)
10-27 23:00:37.864 25945 25966 V ResourceManagerHelper-JNI: JNIMediaResourceHelper::notify eventType : 3, ext1 : 0, ext2 : 0
10-27 23:00:37.864 25945 25966 V ResourceManagerHelper-JNI: notify eventType : 3, ext1 : 0, ext2 : 0
10-27 23:00:37.864 25945 25966 I SemMediaResourceHelper: makeMediaResourceInfo mOwnResourceEventExcluded : false, mPid : 25945
10-27 23:00:37.864 25945 25966 I SemMediaResourceHelper: [1] makeMediaResourceInfo resourceType : 2 isSecured : false, pid : 2931, client id : 517909492480
10-27 23:00:37.864 25945 25966 I SemMediaResourceHelper: [2] makeMediaResourceInfo resourceType : 2 isSecured : false, pid : 2989, client id : 538650623872
10-27 23:00:37.865 25945 25987 I SemMediaResourceHelper: onState
10-27 23:00:37.865 25945 25987 I DrmMediaResourceHelper: onStateChanged size = 2
10-27 23:00:37.865 25945 25987 I DrmMediaResourceHelper: resource type: 2,,,isSecured :  falsegetCodecState : 1getpid : 2931
10-27 23:00:37.865 25945 25987 I DrmMediaResourceHelper: resource type: 2,,,isSecured :  falsegetCodecState : 1getpid : 2989
10-27 23:00:38.211  4205  4683 D BatteryService: Sending ACTION_BATTERY_CHANGED. scale:100, info:{.chargerAcOnline = false, .chargerUsbOnline = true, .chargerWirelessOnline = false, .maxChargingCurrent = 0, .maxChargingVoltage = 0, .batteryStatus = CHARGING, .batteryHealth = GOOD, .batteryPresent = true, .batteryLevel = 74, .batteryVoltage = 4135, .batteryTemperature = 334, .batteryCurrent = 1, .batteryCycleCount = 0, .batteryFullCharge = 4900000, .batteryChargeCounter = 3655400, .batteryTechnology = Li-ion}
10-27 23:00:38.211  4205  4683 D BatteryService: online:19, current avg:1269, charge type:1, POGO powered:false, power sharing:false, high voltage charger:false, charger_type:0, capacity:280000, batterySWSelfDischarging:false, misc_event:0, current_event:0, current_now:1392
10-27 23:00:38.215  4205  4205 I MotionRecognitionService: Plugged
10-27 23:00:38.215  4205  4205 D MotionRecognitionService:   mCableConnection= 1
10-27 23:00:38.215  4205  4205 D MotionRecognitionService: setPowerConnected : mGripEnabled = false
10-27 23:00:38.215  4205  4205 D SamsungPhoneWindowManager: ACTION_BATTERY_CHANGED - Level :: 74, battStatus :: 2
10-27 23:00:38.215  4450  4450 D BigDataInfoController: Intent : android.intent.action.BATTERY_CHANGED
10-27 23:00:38.216  4205  4205 D UsbDeviceManager: received ACTION_BATTERY_CHANGED
10-27 23:00:38.216  4205  4233 D UsbDeviceManager: handleMessage -> MSG_UPDATE_CHARGING_STATE = 1
10-27 23:00:38.217  4205  4233 D UsbDeviceManager: updateUsbNotification(false) : mConnected = true, mConfigured = true, mCurrentFunctions = 5, mHostConnected = false, mSourcePower = false, mSinkPower = true, mUsbCharging = true, mUseUsbNotification = true
10-27 23:00:38.217  4205  4233 D UsbDeviceManager: updateUsbNotification, set mCurrentFunctionsForNoti : mtp
10-27 23:00:38.217  4205  4233 D UsbDeviceManager: id=27, mUsbNotificationId=27, titleRes=17042128
10-27 23:00:38.216  4450  4450 D BigDataInfoController: Intent : android.intent.action.BATTERY_CHANGED
10-27 23:00:38.218  4516  4516 D KeyguardUpdateMonitor: received broadcast android.intent.action.BATTERY_CHANGED
10-27 23:00:38.220  4516  4516 D KeyguardUpdateMonitor: handleBatteryUpdate
10-27 23:00:38.221  4516  4516 D PowerUI : priorPlugType = 2 mPlugType = 2 priorBatteryStatus = 2 mBatteryStatus = 2
10-27 23:00:38.221  4516  4516 D PowerUI.Notification: Charging estimate time is not supported and connected cable is normal cable charger, so return!
10-27 23:00:38.221  4516  4516 D PowerUI : Battery swelling mode - priorBatterySwellingMode = 0 mBatterySwellingMode = 0
10-27 23:00:38.235  4516  4516 I StackScroller: ADJUST STACK.TRANSLATION
10-27 23:00:38.282  4205  5508 D ConnectivityService: filterNetworkStateForUid() uid: 10026, pid: 4853
10-27 23:00:38.283  4205  5508 D ConnectivityService: filterNetworkStateForUid() uid: 10026, pid: 4853, networkInfo: [type: WIFI[], state: CONNECTED/CONNECTED, reason: (unspecified), extra: (none), failover: false, available: true, roaming: false]
10-27 23:00:38.235  4516  4516 I chatty  : uid=10006(com.samsung.android.app.aodservice) com.android.systemui identical 1 line
10-27 23:00:38.235  4516  4516 I StackScroller: ADJUST STACK.TRANSLATION
10-27 23:00:38.318  2989  2995 I MediaCodec: setCodecState state : 1
10-27 23:00:38.318  3892  4177 I ResourceManagerService: getMediaResourceInfo resourceType : 2, size : 2
10-27 23:00:38.318  3892  4177 I ResourceManagerService: writeResourceInfo (PID : 2931, clientID : 517909492480, non-secure-codec/video-codec:1, 496x1080(fps:60) - SoftCodec : No, Encorder : Yes)
10-27 23:00:38.318  3892  4177 I ResourceManagerService: writeResourceInfo (PID : 2989, clientID : 538650623872, non-secure-codec/video-codec:1, 1080x2340(fps:60) - SoftCodec : No, Encorder : Yes)
10-27 23:00:38.319 25945 25966 V ResourceManagerHelper-JNI: JNIMediaResourceHelper::notify eventType : 3, ext1 : 0, ext2 : 0
10-27 23:00:38.319 25945 25966 V ResourceManagerHelper-JNI: notify eventType : 3, ext1 : 0, ext2 : 0
10-27 23:00:38.319 25945 25966 I SemMediaResourceHelper: makeMediaResourceInfo mOwnResourceEventExcluded : false, mPid : 25945
10-27 23:00:38.319 25945 25966 I SemMediaResourceHelper: [1] makeMediaResourceInfo resourceType : 2 isSecured : false, pid : 2931, client id : 517909492480
10-27 23:00:38.319 25945 25966 I SemMediaResourceHelper: [2] makeMediaResourceInfo resourceType : 2 isSecured : false, pid : 2989, client id : 538650623872
10-27 23:00:38.319 25945 25987 I SemMediaResourceHelper: onState
10-27 23:00:38.319 25945 25987 I DrmMediaResourceHelper: onStateChanged size = 2
10-27 23:00:38.319 25945 25987 I DrmMediaResourceHelper: resource type: 2,,,isSecured :  falsegetCodecState : 1getpid : 2931
10-27 23:00:38.320 25945 25987 I DrmMediaResourceHelper: resource type: 2,,,isSecured :  falsegetCodecState : 1getpid : 2989
10-27 23:00:38.520 32322 32401 D Analytics: com.rakuten.tech.mobile.analytics.RealRatBackend$sendEventsToRat$1#run:139 Skipping request delivery there are no events to deliver to RAT
10-27 23:00:38.609 32322 32587 D Analytics: com.rakuten.tech.mobile.analytics.RealRatBackend$sendEventsToRat$1#run:139 Skipping request delivery there are no events to deliver to RAT
10-27 23:00:38.775  6160  7574 I CMHServiceInterface: unbinding from CMH
10-27 23:00:38.782  7383  7383 I CMHService: [#CMH#] onDestroy() 
10-27 23:00:39.220  2507  2701 I appium  : channel read invoked!
10-27 23:00:39.221  2507  2701 I appium  : channel read: POST /wd/hub/session/25ef9dad-37af-464b-8de6-157007124c32/elements
10-27 23:00:39.230  2507  2701 I appium  : Find elements command using 'xpath' with selector '//*[@text='Continue with Google']'.
10-27 23:00:39.232  2507  2701 I appium  : Waiting up to 10000ms for device to be idle
10-27 23:00:39.244  4205  4385 D WifiStateMachine: enter getWifiLinkLayerStats
10-27 23:00:39.244  4205  4385 I WifiVendorHal: getWifiLinkLayerStats(l.3097) before calling iface.getLinkLayerStats
10-27 23:00:39.245  3701  3701 I android.hardware.wifi@1.0-service: enter getLinkLayerStats
10-27 23:00:39.245  3701  3701 I android.hardware.wifi@1.0-service: enter getLinkLayerStatsInternal
10-27 23:00:39.255  3701  3701 I android.hardware.wifi@1.0-service: Successfully getLinkLayerStats.
10-27 23:00:39.255  4205  4385 I WifiVendorHal: getWifiLinkLayerStats(l.3097) after calling iface.getLinkLayerStats
10-27 23:00:39.269  4205  4385 I WifiStateMachine: checkScoreBasedQuality -  mPreviousScore[0]:93 mPreviousScore[1]:94 mPreviousScore[2]:95 s2Score:96mPrevoiusScoreAverage:94
10-27 23:00:39.317  1770  1865 W CelloCake: [CELLO_TASK_RUNNER_MONITOR7437d742-0] [Account=7437d742:Task=76684513]Slow task still running after 176s. fetchRootStableId(request=# com.google.apps.drive.dataservice.FindByIdsRequest@cc4e416){account=7437d742, submitTimeMs=24941575, startTimeMs=24941575, waitTimeMs=0, timedOut}
10-27 23:00:39.318  1770  1865 W CelloCake: [CELLO_TASK_RUNNER_MONITOR7437d742-0] [Account=7437d742:Task=235473414]Slow task still running after 176s. getObserverManager(){account=7437d742, submitTimeMs=24941575, timedOut}
10-27 23:00:39.519 32322 32428 D Analytics: com.rakuten.tech.mobile.analytics.RealRatBackend$sendEventsToRat$1#run:139 Skipping request delivery there are no events to deliver to RAT
10-27 23:00:39.608 32322 32634 D Analytics: com.rakuten.tech.mobile.analytics.RealRatBackend$sendEventsToRat$1#run:139 Skipping request delivery there are no events to deliver to RAT
10-27 23:00:40.319  2989  2995 I MediaCodec: setCodecState state : 0
10-27 23:00:40.320  3892  4177 I ResourceManagerService: getMediaResourceInfo resourceType : 2, size : 2
10-27 23:00:40.320  3892  4177 I ResourceManagerService: writeResourceInfo (PID : 2931, clientID : 517909492480, non-secure-codec/video-codec:1, 496x1080(fps:60) - SoftCodec : No, Encorder : Yes)
10-27 23:00:40.320  3892  4177 I ResourceManagerService: writeResourceInfo (PID : 2989, clientID : 538650623872, non-secure-codec/video-codec:1, 1080x2340(fps:60) - SoftCodec : No, Encorder : Yes)
10-27 23:00:40.321 25945 25966 V ResourceManagerHelper-JNI: JNIMediaResourceHelper::notify eventType : 3, ext1 : 0, ext2 : 0
10-27 23:00:40.321 25945 25966 V ResourceManagerHelper-JNI: notify eventType : 3, ext1 : 0, ext2 : 0
10-27 23:00:40.321 25945 25966 I SemMediaResourceHelper: makeMediaResourceInfo mOwnResourceEventExcluded : false, mPid : 25945
10-27 23:00:40.321 25945 25966 I SemMediaResourceHelper: [1] makeMediaResourceInfo resourceType : 2 isSecured : false, pid : 2931, client id : 517909492480
10-27 23:00:40.321 25945 25966 I SemMediaResourceHelper: [2] makeMediaResourceInfo resourceType : 2 isSecured : false, pid : 2989, client id : 538650623872
10-27 23:00:40.321 25945 25987 I SemMediaResourceHelper: onState
10-27 23:00:40.322 25945 25987 I DrmMediaResourceHelper: onStateChanged size = 2
10-27 23:00:40.322 25945 25987 I DrmMediaResourceHelper: resource type: 2,,,isSecured :  falsegetCodecState : 1getpid : 2931
10-27 23:00:40.322 25945 25987 I DrmMediaResourceHelper: resource type: 2,,,isSecured :  falsegetCodecState : 1getpid : 2989
10-27 23:00:40.518 32322 32462 D Analytics: com.rakuten.tech.mobile.analytics.RealRatBackend$sendEventsToRat$1#run:139 Skipping request delivery there are no events to deliver to RAT
10-27 23:00:40.594  4205  4384 D WifiTrafficPoller: TrafficStats TxPkts=96538 RxPkts=124783 TxBytes=30364088 RxBytes=125356618 , Foreground uid=10419 pkgName=com.airbnb.android TxPackets=48932 RxPackets=73213 TxBytes=6796161 RxBytes=88428737
10-27 23:00:40.595  4516  4516 D SecStatusBarWifiView: updateState: WifiIconState(resId=2131232692, visible=true, activityId=2131232698)
10-27 23:00:40.596  4516  4516 D SecStatusBarWifiView: updateState: WifiIconState(resId=2131232692, visible=true, activityId=2131232698)
10-27 23:00:40.608 32322 32650 D Analytics: com.rakuten.tech.mobile.analytics.RealRatBackend$sendEventsToRat$1#run:139 Skipping request delivery there are no events to deliver to RAT
10-27 23:00:40.640  2507  2701 I appium  : AppiumResponse: {"sessionId":"25ef9dad-37af-464b-8de6-157007124c32","value":[]}
10-27 23:00:40.674  2989  2995 I MediaCodec: setCodecState state : 1
10-27 23:00:40.675  3892  4177 I ResourceManagerService: getMediaResourceInfo resourceType : 2, size : 2
10-27 23:00:40.675  3892  4177 I ResourceManagerService: writeResourceInfo (PID : 2931, clientID : 517909492480, non-secure-codec/video-codec:1, 496x1080(fps:60) - SoftCodec : No, Encorder : Yes)
10-27 23:00:40.675  3892  4177 I ResourceManagerService: writeResourceInfo (PID : 2989, clientID : 538650623872, non-secure-codec/video-codec:1, 1080x2340(fps:60) - SoftCodec : No, Encorder : Yes)
10-27 23:00:40.675 25945 25966 V ResourceManagerHelper-JNI: JNIMediaResourceHelper::notify eventType : 3, ext1 : 0, ext2 : 0
10-27 23:00:40.675 25945 25966 V ResourceManagerHelper-JNI: notify eventType : 3, ext1 : 0, ext2 : 0
10-27 23:00:40.675 25945 25966 I SemMediaResourceHelper: makeMediaResourceInfo mOwnResourceEventExcluded : false, mPid : 25945
10-27 23:00:40.675 25945 25966 I SemMediaResourceHelper: [1] makeMediaResourceInfo resourceType : 2 isSecured : false, pid : 2931, client id : 517909492480
10-27 23:00:40.675 25945 25966 I SemMediaResourceHelper: [2] makeMediaResourceInfo resourceType : 2 isSecured : false, pid : 2989, client id : 538650623872
10-27 23:00:40.675 25945 25987 I SemMediaResourceHelper: onState
10-27 23:00:40.676 25945 25987 I DrmMediaResourceHelper: onStateChanged size = 2
10-27 23:00:40.676 25945 25987 I DrmMediaResourceHelper: resource type: 2,,,isSecured :  falsegetCodecState : 1getpid : 2931
10-27 23:00:40.676 25945 25987 I DrmMediaResourceHelper: resource type: 2,,,isSecured :  falsegetCodecState : 1getpid : 2989
10-27 23:00:40.695  2507  2835 I appium  : channel read invoked!
10-27 23:00:40.695  2507  2835 I appium  : channel read: GET /wd/hub/session/25ef9dad-37af-464b-8de6-157007124c32/screenshot
10-27 23:00:40.697  2507  2835 I appium  : Capture screenshot command
10-27 23:00:40.741  2507  2518 I tomator2.serve: Background concurrent copying GC freed 406469(15MB) AllocSpace objects, 56(27MB) LOS objects, 50% free, 4MB/9MB, paused 183us total 123.602ms
10-27 23:00:40.888  4205  5411 I EDMNativeHelperService: isScreenCaptureEnabled
10-27 23:00:40.889  4205  5411 D RestrictionPolicy: isScreenCaptureEnabled : ret=true userId=0
10-27 23:00:41.519 32322 32481 D Analytics: com.rakuten.tech.mobile.analytics.RealRatBackend$sendEventsToRat$1#run:139 Skipping request delivery there are no events to deliver to RAT
10-27 23:00:41.548  5151  5151 D io_stats: !@ 179,0 r 364902 11515980 w 213826 3378452 d 6838 2935980 f 18885 20039 iot 301156 263773 th 51200 0 0 pt 0 inp 0 0 21766.350
10-27 23:00:41.599  4516  4516 D SecStatusBarWifiView: updateState: WifiIconState(resId=2131232692, visible=true, activityId=2131232717)
10-27 23:00:41.600  4516  4516 D SecStatusBarWifiView: updateState: WifiIconState(resId=2131232692, visible=true, activityId=2131232717)
10-27 23:00:41.609 32322 32406 D Analytics: com.rakuten.tech.mobile.analytics.RealRatBackend$sendEventsToRat$1#run:139 Skipping request delivery there are no events to deliver to RAT
10-27 23:00:41.675  2989  2995 I MediaCodec: setCodecState state : 0
10-27 23:00:41.676  3892  4177 I ResourceManagerService: getMediaResourceInfo resourceType : 2, size : 2
10-27 23:00:41.676  3892  4177 I ResourceManagerService: writeResourceInfo (PID : 2931, clientID : 517909492480, non-secure-codec/video-codec:1, 496x1080(fps:60) - SoftCodec : No, Encorder : Yes)
10-27 23:00:41.676  3892  4177 I ResourceManagerService: writeResourceInfo (PID : 2989, clientID : 538650623872, non-secure-codec/video-codec:1, 1080x2340(fps:60) - SoftCodec : No, Encorder : Yes)
10-27 23:00:41.677 25945 25966 V ResourceManagerHelper-JNI: JNIMediaResourceHelper::notify eventType : 3, ext1 : 0, ext2 : 0
10-27 23:00:41.677 25945 25966 V ResourceManagerHelper-JNI: notify eventType : 3, ext1 : 0, ext2 : 0
10-27 23:00:41.677 25945 25966 I SemMediaResourceHelper: makeMediaResourceInfo mOwnResourceEventExcluded : false, mPid : 25945
10-27 23:00:41.677 25945 25966 I SemMediaResourceHelper: [1] makeMediaResourceInfo resourceType : 2 isSecured : false, pid : 2931, client id : 517909492480
10-27 23:00:41.677 25945 25966 I SemMediaResourceHelper: [2] makeMediaResourceInfo resourceType : 2 isSecured : false, pid : 2989, client id : 538650623872
10-27 23:00:41.678 25945 25987 I SemMediaResourceHelper: onState
10-27 23:00:41.678 25945 25987 I DrmMediaResourceHelper: onStateChanged size = 2
10-27 23:00:41.678 25945 25987 I DrmMediaResourceHelper: resource type: 2,,,isSecured :  falsegetCodecState : 1getpid : 2931
10-27 23:00:41.678 25945 25987 I DrmMediaResourceHelper: resource type: 2,,,isSecured :  falsegetCodecState : 1getpid : 2989
10-27 23:00:41.694  2989  2995 I MediaCodec: setCodecState state : 1
10-27 23:00:41.694  3892  4177 I ResourceManagerService: getMediaResourceInfo resourceType : 2, size : 2
10-27 23:00:41.695  3892  4177 I ResourceManagerService: writeResourceInfo (PID : 2931, clientID : 517909492480, non-secure-codec/video-codec:1, 496x1080(fps:60) - SoftCodec : No, Encorder : Yes)
10-27 23:00:41.695  3892  4177 I ResourceManagerService: writeResourceInfo (PID : 2989, clientID : 538650623872, non-secure-codec/video-codec:1, 1080x2340(fps:60) - SoftCodec : No, Encorder : Yes)
10-27 23:00:41.695 25945 25966 V ResourceManagerHelper-JNI: JNIMediaResourceHelper::notify eventType : 3, ext1 : 0, ext2 : 0
10-27 23:00:41.695 25945 25966 V ResourceManagerHelper-JNI: notify eventType : 3, ext1 : 0, ext2 : 0
10-27 23:00:41.696 25945 25966 I SemMediaResourceHelper: makeMediaResourceInfo mOwnResourceEventExcluded : false, mPid : 25945
10-27 23:00:41.696 25945 25966 I SemMediaResourceHelper: [1] makeMediaResourceInfo resourceType : 2 isSecured : false, pid : 2931, client id : 517909492480
10-27 23:00:41.696 25945 25966 I SemMediaResourceHelper: [2] makeMediaResourceInfo resourceType : 2 isSecured : false, pid : 2989, client id : 538650623872
10-27 23:00:41.696 25945 25987 I SemMediaResourceHelper: onState
10-27 23:00:41.696 25945 25987 I DrmMediaResourceHelper: onStateChanged size = 2
