10-27 23:00:49.519 32322 32428 D Analytics: com.rakuten.tech.mobile.analytics.RealRatBackend$sendEventsToRat$1#run:139 Skipping request delivery there are no events to deliver to RAT
10-27 23:00:49.569  4205  9087 I EDMNativeHelperService: isScreenCaptureEnabled
10-27 23:00:49.570  4205  9087 D RestrictionPolicy: isScreenCaptureEnabled : ret=true userId=0
10-27 23:00:49.609 32322 32634 D Analytics: com.rakuten.tech.mobile.analytics.RealRatBackend$sendEventsToRat$1#run:139 Skipping request delivery there are no events to deliver to RAT
10-27 23:00:49.666  4516  4516 D SecStatusBarWifiView: updateState: WifiIconState(resId=2131232692, visible=true, activityId=2131232697)
10-27 23:00:49.666  4516  4516 D SecStatusBarWifiView: updateState: WifiIconState(resId=2131232692, visible=true, activityId=2131232697)
10-27 23:00:49.742  2989  2995 I MediaCodec: setCodecState state : 0
10-27 23:00:49.742  3892  4177 I ResourceManagerService: getMediaResourceInfo resourceType : 2, size : 2
10-27 23:00:49.742  3892  4177 I ResourceManagerService: writeResourceInfo (PID : 2931, clientID : 517909492480, non-secure-codec/video-codec:1, 496x1080(fps:60) - SoftCodec : No, Encorder : Yes)
10-27 23:00:49.742  3892  4177 I ResourceManagerService: writeResourceInfo (PID : 2989, clientID : 538650623872, non-secure-codec/video-codec:1, 1080x2340(fps:60) - SoftCodec : No, Encorder : Yes)
10-27 23:00:49.743 25945 25966 V ResourceManagerHelper-JNI: JNIMediaResourceHelper::notify eventType : 3, ext1 : 0, ext2 : 0
10-27 23:00:49.743 25945 25966 V ResourceManagerHelper-JNI: notify eventType : 3, ext1 : 0, ext2 : 0
10-27 23:00:49.743 25945 25966 I SemMediaResourceHelper: makeMediaResourceInfo mOwnResourceEventExcluded : false, mPid : 25945
10-27 23:00:49.743 25945 25966 I SemMediaResourceHelper: [1] makeMediaResourceInfo resourceType : 2 isSecured : false, pid : 2931, client id : 517909492480
10-27 23:00:49.743 25945 25966 I SemMediaResourceHelper: [2] makeMediaResourceInfo resourceType : 2 isSecured : false, pid : 2989, client id : 538650623872
10-27 23:00:49.743 25945 25987 I SemMediaResourceHelper: onState
10-27 23:00:49.743 25945 25987 I DrmMediaResourceHelper: onStateChanged size = 2
10-27 23:00:49.743 25945 25987 I DrmMediaResourceHelper: resource type: 2,,,isSecured :  falsegetCodecState : 1getpid : 2931
10-27 23:00:49.743 25945 25987 I DrmMediaResourceHelper: resource type: 2,,,isSecured :  falsegetCodecState : 1getpid : 2989
10-27 23:00:49.751  2989  2995 I MediaCodec: setCodecState state : 1
10-27 23:00:49.751  3892  4177 I ResourceManagerService: getMediaResourceInfo resourceType : 2, size : 2
10-27 23:00:49.751  3892  4177 I ResourceManagerService: writeResourceInfo (PID : 2931, clientID : 517909492480, non-secure-codec/video-codec:1, 496x1080(fps:60) - SoftCodec : No, Encorder : Yes)
10-27 23:00:49.752  3892  4177 I ResourceManagerService: writeResourceInfo (PID : 2989, clientID : 538650623872, non-secure-codec/video-codec:1, 1080x2340(fps:60) - SoftCodec : No, Encorder : Yes)
10-27 23:00:49.752 25945 25966 V ResourceManagerHelper-JNI: JNIMediaResourceHelper::notify eventType : 3, ext1 : 0, ext2 : 0
10-27 23:00:49.752 25945 25966 V ResourceManagerHelper-JNI: notify eventType : 3, ext1 : 0, ext2 : 0
10-27 23:00:49.752 25945 25966 I SemMediaResourceHelper: makeMediaResourceInfo mOwnResourceEventExcluded : false, mPid : 25945
10-27 23:00:49.752 25945 25966 I SemMediaResourceHelper: [1] makeMediaResourceInfo resourceType : 2 isSecured : false, pid : 2931, client id : 517909492480
10-27 23:00:49.752 25945 25966 I SemMediaResourceHelper: [2] makeMediaResourceInfo resourceType : 2 isSecured : false, pid : 2989, client id : 538650623872
10-27 23:00:49.753 25945 25987 I SemMediaResourceHelper: onState
10-27 23:00:49.753 25945 25987 I DrmMediaResourceHelper: onStateChanged size = 2
10-27 23:00:49.753 25945 25987 I DrmMediaResourceHelper: resource type: 2,,,isSecured :  falsegetCodecState : 1getpid : 2931
10-27 23:00:49.753 25945 25987 I DrmMediaResourceHelper: resource type: 2,,,isSecured :  falsegetCodecState : 1getpid : 2989
10-27 23:00:50.476  3713  3799 V APM_AudioPolicyManager: AudioPolicyManager:setRecordSilenced(uid:10013, silenced:1)
10-27 23:00:50.520 32322 32462 D Analytics: com.rakuten.tech.mobile.analytics.RealRatBackend$sendEventsToRat$1#run:139 Skipping request delivery there are no events to deliver to RAT
10-27 23:00:50.575  4205  4404 W DeviceStorageMonitorService: updateBroadcasts(/data) oldLevel:0, newLevel:0, seq:1
10-27 23:00:50.576  4205  4404 W DeviceStorageMonitorService: updateBroadcasts_filenode(/data) fn_oldLevel:0, fn_newLevel:0, seq:1
10-27 23:00:50.609 32322 32650 D Analytics: com.rakuten.tech.mobile.analytics.RealRatBackend$sendEventsToRat$1#run:139 Skipping request delivery there are no events to deliver to RAT
10-27 23:00:50.669  4516  4516 D SecStatusBarWifiView: updateState: WifiIconState(resId=2131232692, visible=true, activityId=2131232698)
10-27 23:00:50.669  4516  4516 D SecStatusBarWifiView: updateState: WifiIconState(resId=2131232692, visible=true, activityId=2131232698)
10-27 23:00:50.752  2989  2995 I MediaCodec: setCodecState state : 0
10-27 23:00:50.753  3892  4177 I ResourceManagerService: getMediaResourceInfo resourceType : 2, size : 2
10-27 23:00:50.753  3892  4177 I ResourceManagerService: writeResourceInfo (PID : 2931, clientID : 517909492480, non-secure-codec/video-codec:1, 496x1080(fps:60) - SoftCodec : No, Encorder : Yes)
10-27 23:00:50.753  3892  4177 I ResourceManagerService: writeResourceInfo (PID : 2989, clientID : 538650623872, non-secure-codec/video-codec:1, 1080x2340(fps:60) - SoftCodec : No, Encorder : Yes)
10-27 23:00:50.755 25945 25966 V ResourceManagerHelper-JNI: JNIMediaResourceHelper::notify eventType : 3, ext1 : 0, ext2 : 0
10-27 23:00:50.755 25945 25966 V ResourceManagerHelper-JNI: notify eventType : 3, ext1 : 0, ext2 : 0
10-27 23:00:50.756 25945 25966 I SemMediaResourceHelper: makeMediaResourceInfo mOwnResourceEventExcluded : false, mPid : 25945
10-27 23:00:50.756 25945 25966 I SemMediaResourceHelper: [1] makeMediaResourceInfo resourceType : 2 isSecured : false, pid : 2931, client id : 517909492480
10-27 23:00:50.756 25945 25966 I SemMediaResourceHelper: [2] makeMediaResourceInfo resourceType : 2 isSecured : false, pid : 2989, client id : 538650623872
10-27 23:00:50.756 25945 25987 I SemMediaResourceHelper: onState
10-27 23:00:50.756 25945 25987 I DrmMediaResourceHelper: onStateChanged size = 2
10-27 23:00:50.756 25945 25987 I DrmMediaResourceHelper: resource type: 2,,,isSecured :  falsegetCodecState : 1getpid : 2931
10-27 23:00:50.756 25945 25987 I DrmMediaResourceHelper: resource type: 2,,,isSecured :  falsegetCodecState : 1getpid : 2989
10-27 23:00:50.761  2989  2995 I MediaCodec: setCodecState state : 1
10-27 23:00:50.761  3892  4177 I ResourceManagerService: getMediaResourceInfo resourceType : 2, size : 2
10-27 23:00:50.761  3892  4177 I ResourceManagerService: writeResourceInfo (PID : 2931, clientID : 517909492480, non-secure-codec/video-codec:1, 496x1080(fps:60) - SoftCodec : No, Encorder : Yes)
10-27 23:00:50.761  3892  4177 I ResourceManagerService: writeResourceInfo (PID : 2989, clientID : 538650623872, non-secure-codec/video-codec:1, 1080x2340(fps:60) - SoftCodec : No, Encorder : Yes)
10-27 23:00:50.762 25945 25966 V ResourceManagerHelper-JNI: JNIMediaResourceHelper::notify eventType : 3, ext1 : 0, ext2 : 0
10-27 23:00:50.762 25945 25966 V ResourceManagerHelper-JNI: notify eventType : 3, ext1 : 0, ext2 : 0
10-27 23:00:50.762 25945 25966 I SemMediaResourceHelper: makeMediaResourceInfo mOwnResourceEventExcluded : false, mPid : 25945
10-27 23:00:50.762 25945 25966 I SemMediaResourceHelper: [1] makeMediaResourceInfo resourceType : 2 isSecured : false, pid : 2931, client id : 517909492480
10-27 23:00:50.762 25945 25966 I SemMediaResourceHelper: [2] makeMediaResourceInfo resourceType : 2 isSecured : false, pid : 2989, client id : 538650623872
10-27 23:00:50.762 25945 25987 I SemMediaResourceHelper: onState
10-27 23:00:50.762 25945 25987 I DrmMediaResourceHelper: onStateChanged size = 2
10-27 23:00:50.763 25945 25987 I DrmMediaResourceHelper: resource type: 2,,,isSecured :  falsegetCodecState : 1getpid : 2931
10-27 23:00:50.763 25945 25987 I DrmMediaResourceHelper: resource type: 2,,,isSecured :  falsegetCodecState : 1getpid : 2989
10-27 23:00:51.318  1770  1865 W CelloCake: [CELLO_TASK_RUNNER_MONITOR7437d742-0] [Account=7437d742:Task=76684513]Slow task still running after 188s. fetchRootStableId(request=# com.google.apps.drive.dataservice.FindByIdsRequest@cc4e416){account=7437d742, submitTimeMs=24941575, startTimeMs=24941575, waitTimeMs=0, timedOut}
10-27 23:00:51.318  1770  1865 W CelloCake: [CELLO_TASK_RUNNER_MONITOR7437d742-0] [Account=7437d742:Task=235473414]Slow task still running after 188s. getObserverManager(){account=7437d742, submitTimeMs=24941575, timedOut}
10-27 23:00:51.358  4205  4385 D WifiStateMachine: enter getWifiLinkLayerStats
10-27 23:00:51.358  4205  4385 I WifiVendorHal: getWifiLinkLayerStats(l.3097) before calling iface.getLinkLayerStats
10-27 23:00:51.358  3701  3701 I android.hardware.wifi@1.0-service: enter getLinkLayerStats
10-27 23:00:51.358  3701  3701 I android.hardware.wifi@1.0-service: enter getLinkLayerStatsInternal
10-27 23:00:51.368  3701  3701 I android.hardware.wifi@1.0-service: Successfully getLinkLayerStats.
10-27 23:00:51.368  4205  4385 I WifiVendorHal: getWifiLinkLayerStats(l.3097) after calling iface.getLinkLayerStats
10-27 23:00:51.378  4205  4385 I WifiStateMachine: checkScoreBasedQuality -  mPreviousScore[0]:96 mPreviousScore[1]:97 mPreviousScore[2]:97 s2Score:97mPrevoiusScoreAverage:96
10-27 23:00:51.519 32322 32481 D Analytics: com.rakuten.tech.mobile.analytics.RealRatBackend$sendEventsToRat$1#run:139 Skipping request delivery there are no events to deliver to RAT
10-27 23:00:51.527  2507  2902 I appium  : AppiumResponse: {"sessionId":"25ef9dad-37af-464b-8de6-157007124c32","value":"iVBORw0KGgoAAAANSUhEUgAABDgAAAkkCAYAAAD508+vAAAABHNCSVQICAgIfAhkiAAAIABJREFU\neJzs3XlcVNfdP\/DPnRnWYV8cBFlVBGQTxRX3BYkkGq1xqYk1RtPmiWnTpGkTn\/7apzVJm6Q162MS\nl8Y8MZtpUrO5x6i4i8gioMGFTUUUZBu2Geb3B+GGce7AzDAjjH7er5cvmbuce+7lzuXe7z3ne4SI\niAgdiIiIiIiIiIjsmKy3K0BERERERERE1FMMcBARERERERGR3WOAg4iIiIiIiIjsHgMcRERERERE\nRGT3GOAgIiIiIiIiIrvHAAcRERERERER2T0GOIiIiIiIiIjI7jHAQURERERERER2jwEOIiIiIiIi\nIrJ7DHAQERERERERkd1jgIOIiIiIiIiI7B4DHERERERERERk9xjgICIiIiIiIiK7xwAHERERERER\nEdk9BjiIiIiIiIiIyO4xwEFEREREREREdo8BDiIiIiIiIiKyewxwEBEREREREZHdY4CDiIiIiIiI\niOweAxxEREREREREZPcY4CAiIiIiIiIiu8cABxERERERERHZPQY4iIiIiIiIiMjuKXq7AkRERERE\nRH2FTCZDUFAQ3NzcDOZVVlbi+vXrvVArIjIFAxxE1Kvkcjnc3Nzg4eEBZ2dnAEBTUxNqa2tRX18P\nrVbbyzUkIiKiO5mbmxvi4uIwcOBAREREICwsDA4ODhAEwWBZnU6HhoYGnD9\/HhcuXEBRURHy8vJ4\nv0I20xFwUyiMP7o3NTXhypUrt7FWfZcQERGh6+1KEN0ucggY1RiI4U0DEN3iCy+tIwDgprwFhY5V\nyHQuw1GXcmjBr4UtyeVypKenY\/r06aiqqsKZM2dw+vRpvWUSExMRHR0Nf39\/7NmzB19++SVvHoiI\niMhqBgwYgNTUVIwbNw6Ojo4Wl1NVVYXvvvsOe\/fuRV1dnRVrePtER0cjKioKO3fuhFqt7u3qUCc+\nPj5ISEjodrmsrCzcvHnzNtSob2OAg+54MgBPVY3GozeT0YZWyCCI4QsZ2iPzbT9OEX78WQYHbPDM\nxEu+h9HWK7W+MwmCgOeeew5+fn549tln0dTUZNJ6zs7OeP7551FbW4u\/\/OUv0Ol42SIiIiLLxMTE\nID09HXFxcZKtNACgtrYW5eXlAACFQgFvb2\/4+PhAJjOewrClpQUHDx7EN998g2vXrtmk7rYQEhKC\nF154AUB7F5wnn3yyl2tEnfn7+yM2Nrbb5fLy8lBZWXkbatS3sYuKBEdHR\/j5+aG1tRVVVVVWe2us\nVCrh4+OD+vp6VFdXW6VMU8nlcvj7+0Or1Vr1xLdVudbgrFPgtWupmNoQCh10qJE1YqtHIb5WnsV5\nx2o0CVpADHUIcNLJEdHijfSGSDxQF43lNQl4pCYR37uW4AnVTqiF1t7cHbuXkJCApUuX4s9\/\/jNq\na2sN5oeEhGDatGlwdXVFVlYWDh06JM5ramrCU089BXd3d\/zjH\/\/Ali1bkJmZeTurT0RERHbO398f\nixcvRnJyssG8qqoq5OTkID8\/H0VFRZL3tYIgwMvLC35+fggPD0d0dDTi4uLg5OQEoP0ZYurUqZgw\nYQK2b9+Obdu2obm52eb71VMjRowQf\/b39+\/FmvQNSqUSvr6+aGhowI0bN3q7OmQmtuD40YQJEzBq\n1CiEhYXBw8NDjOZqtVpcu3YN586dw65du1BcXGx2uWPHjkVYWJheoqKWlhaUlZXh9OnT2LVrF+rr\n6626PwCgUqlwzz33IDo6GgEBAWLEWaPR4PLly8jLy8M333yDmpqaPlGuNc2pj8JLlZMg0wkocqzB\nwsDPUSNrMrnjiQDAo80JWy7PRVSLF9oEHVb77cdW9wJbVvuO9fjjj4vfISmvvPIKAgIC9KZpNBo8\n+uijkjcGU6dORUJCAv75z3\/apL5ERER0ZxkzZgxWrFhh0BXlxIkT2LNnD\/Lz881uISoIAhwcHDB6\n9GjMmjULQUFBevOvXbuGtWvXorS0tMf1t6W5c+di7ty54uclS5ZYXNb999+PpKQka1QLn3zyCfLy\n8ixa98knn4SPj4\/4efPmzSgqKupynZSUFMycORPBwcHi8011dTVOnjyJzz77rNe67rAFh3nu+gBH\nYGAgfvnLXyIiIqLbZTUaDXbs2IGPP\/7YpHIfffRRDBw4sNtlb968iQ8++ABHjx41qc6mSEtLw9y5\nc+Hi4tLlcvX19diyZQsOHjzYq+VaiwBgw9V7MVE9ADflLZg54EPckDeanVFDwE9tO7y1zthZthg+\nWidkuFzGsv7bmKHDDI8\/\/jgyMzNx5MgRyfmPPvooxo8fLzmvpaUFDz\/8sOS85ORkpKSkYO3atVar\nKxEREd1Z5HI5li5diilTpuhNz8nJwaeffopLly5ZZTuCIGDs2LFYvHgxPD09xemtra3YtGnTbb8n\nNoc1AxwrVqzAhAkTrFEtvPnmmzh27JjZ691\/\/\/16+wMAL7\/8MnJycoyuM3fuXMyZM8dol6WLFy\/i\nb3\/7m82DHP3790dERESPcsJ0aGlpwYULF+665KNyb2\/vP\/d2JXpLUFAQnn32WQQGBupNb2hoQFVV\nFZqbm+Hs7Cye6DKZDJGRkfD09DRIiNhZcHAw\/vCHPxiUW1dXh+rqarS0tOiV6+zsjKSkJFRWVlol\nwjtv3jzMnz8fDg4O4rSWlhZUVlaisbERTk5OYlTS0dERw4YNQ11dHS5evNgr5VqLAOC70ocQ3+yH\nb9zOY17QZ1DLNGaXMaoxCHvLlsBN54QMl1I0yTTY4JWFEI03ZjSEYn5dLN7zNP77p5\/84he\/QGFh\noV53k1t11c9TLpejsLBQMhp9+fJlyGQypKWlsbsKERERGVAoFHjyyScxZswYcdq1a9fw+uuvY9u2\nbUYTMgYGBmLQoEEYPHgwYmJiMHToUISEhEClUsHHxweNjY2SLUxLS0vx\/fffw8fHByEhIQDa72VG\njBgBtVrdbQuC3hIdHY3o6Gjx8+eff25xWcOHD0doaGiP66TT6fDNN9+YnTQzODgYy5cv13teAYDD\nhw+joqJCcp24uDgsW7YMMpkMarUaX3\/9NbZv3478\/Hz4+vrCy8sL3t7e8PT0xKlTpyzeJ1MkJydD\nLpdbpSy5XA4\/Pz+rBfHsxV2dg+PRRx+Ft7e3+PncuXPYtm0bsrOzxWn+\/v6YPXs2Jk6cKAYkpkyZ\ngjNnzuD48eOS5f7yl7\/UK7egoABffPEF8vPzxWkqlQqzZs3CpEmTIJPJoFAo8OCDDyIvL69HXTvi\n4uJw3333iXVtbW3Fjh07sH37djHvga+vL9LT0zFlyhTI5XLI5XI88MADKCgowOXLl29ruda06eps\nhLS6YZ3Xabzic9js9QUIWFeRhukNYQCA5TcT8HefQ9ChvTXH0\/67UayowW+qR+CDK3Px8\/6WX\/zv\nBsHBwfDy8sKBAweMLqNUKrstZ8iQIXrfnc4OHz6MpKQkREZG4ty5cxbXlYiIiO48YWFhiIuLEz9n\nZGTgX\/\/6l2RwwtPTE2PGjEFKSgpCQ0ONvskH2lt15+XlISMjA5mZmWht\/SlPm1qtxrp163Dy5Ems\nWLECrq6uAIB77rkH+\/fvR2NjoxX3sO\/Zvn27Ra0uAGDBggViYKigoMCil6QPPvhgty3Nb5WamioG\nFbZs2aJ373ry5Em8+OKL8PLywpgxY7B161bJoMvEiRORmpqKDz74wOh9K90ed22AY9q0aXrdUrKz\ns\/HPf\/7TIKFoZWUlNmzYgLq6Otx7770A2pugpaWlSQY4UlNT9aKWmZmZkk3oKyoqsGnTJqjVaqSn\npwNoH4M7LS3NpC4wxsyaNUv8gup0Or
10-27 23:00:51.557  5151  5151 D io_stats: !@ 179,0 r 365036 11518788 w 213955 3380108 d 6838 2935980 f 18888 20042 iot 301204 263837 th 51200 0 0 pt 0 inp 0 0 21776.360
10-27 23:00:51.608 32322 32406 D Analytics: com.rakuten.tech.mobile.analytics.RealRatBackend$sendEventsToRat$1#run:139 Skipping request delivery there are no events to deliver to RAT
10-27 23:00:51.762  2989  2995 I MediaCodec: setCodecState state : 0
10-27 23:00:51.763  3892  4177 I ResourceManagerService: getMediaResourceInfo resourceType : 2, size : 2
10-27 23:00:51.763  3892  4177 I ResourceManagerService: writeResourceInfo (PID : 2931, clientID : 517909492480, non-secure-codec/video-codec:1, 496x1080(fps:60) - SoftCodec : No, Encorder : Yes)
10-27 23:00:51.763  3892  4177 I ResourceManagerService: writeResourceInfo (PID : 2989, clientID : 538650623872, non-secure-codec/video-codec:1, 1080x2340(fps:60) - SoftCodec : No, Encorder : Yes)
10-27 23:00:51.764 25945 25966 V ResourceManagerHelper-JNI: JNIMediaResourceHelper::notify eventType : 3, ext1 : 0, ext2 : 0
10-27 23:00:51.764 25945 25966 V ResourceManagerHelper-JNI: notify eventType : 3, ext1 : 0, ext2 : 0
10-27 23:00:51.764 25945 25966 I SemMediaResourceHelper: makeMediaResourceInfo mOwnResourceEventExcluded : false, mPid : 25945
10-27 23:00:51.764 25945 25966 I SemMediaResourceHelper: [1] makeMediaResourceInfo resourceType : 2 isSecured : false, pid : 2931, client id : 517909492480
10-27 23:00:51.764 25945 25966 I SemMediaResourceHelper: [2] makeMediaResourceInfo resourceType : 2 isSecured : false, pid : 2989, client id : 538650623872
10-27 23:00:51.765 25945 25987 I SemMediaResourceHelper: onState
10-27 23:00:51.765 25945 25987 I DrmMediaResourceHelper: onStateChanged size = 2
10-27 23:00:51.765 25945 25987 I DrmMediaResourceHelper: resource type: 2,,,isSecured :  falsegetCodecState : 1getpid : 2931
10-27 23:00:51.765 25945 25987 I DrmMediaResourceHelper: resource type: 2,,,isSecured :  falsegetCodecState : 1getpid : 2989
10-27 23:00:51.782  2507  2903 I appium  : channel read invoked!
10-27 23:00:51.783  2507  2903 I appium  : channel read: POST /wd/hub/session/25ef9dad-37af-464b-8de6-157007124c32/elements
10-27 23:00:51.789  2507  2903 I appium  : Find elements command using 'xpath' with selector '//*[@text='Where are you going?']'.
10-27 23:00:51.790  2507  2903 I appium  : Waiting up to 10000ms for device to be idle
10-27 23:00:52.519 32322 32485 D Analytics: com.rakuten.tech.mobile.analytics.RealRatBackend$sendEventsToRat$1#run:139 Skipping request delivery there are no events to deliver to RAT
10-27 23:00:52.608 32322 32434 D Analytics: com.rakuten.tech.mobile.analytics.RealRatBackend$sendEventsToRat$1#run:139 Skipping request delivery there are no events to deliver to RAT
10-27 23:00:52.698  4205  4384 D WifiTrafficPoller: TrafficStats TxPkts=96552 RxPkts=124797 TxBytes=30365142 RxBytes=125358011 , Foreground uid=10419 pkgName=com.airbnb.android TxPackets=48943 RxPackets=73222 TxBytes=6796985 RxBytes=88429274
10-27 23:00:53.122  4205  4630 E Watchdog: !@Sync 725 [2021-10-27 23:00:53.122] FD count : 511
10-27 23:00:53.230  2507  2903 I appium  : AppiumResponse: {"sessionId":"25ef9dad-37af-464b-8de6-157007124c32","value":[{"ELEMENT":"e60ea144-ffd4-4999-a2ed-5ed5a9c2eb61","element-6066-11e4-a52e-4f735466cecf":"e60ea144-ffd4-4999-a2ed-5ed5a9c2eb61"}]}
10-27 23:00:53.277  2507  2909 I appium  : channel read invoked!
10-27 23:00:53.278  2507  2909 I appium  : channel read: POST /wd/hub/session/25ef9dad-37af-464b-8de6-157007124c32/elements
10-27 23:00:53.285  2507  2909 I appium  : Find elements command using 'xpath' with selector '//*[@text='Where are you going?']'.
10-27 23:00:53.286  2507  2909 I appium  : Waiting up to 10000ms for device to be idle
10-27 23:00:53.296  3713  3799 V APM_AudioPolicyManager: getAudioPolicyConfig: audioParam;outDevice
10-27 23:00:53.296  3713  3799 V APM_AudioPolicyManager: getNewOutputDevice() selected device 0
10-27 23:00:53.296  3713  3799 V APM_AudioPolicyManager: ### curdevice : 2
10-27 23:00:53.519 32322 32544 D Analytics: com.rakuten.tech.mobile.analytics.RealRatBackend$sendEventsToRat$1#run:139 Skipping request delivery there are no events to deliver to RAT
10-27 23:00:53.608 32322 32464 D Analytics: com.rakuten.tech.mobile.analytics.RealRatBackend$sendEventsToRat$1#run:139 Skipping request delivery there are no events to deliver to RAT
10-27 23:00:53.690  2931  2944 I MediaCodec: setCodecState state : 0
10-27 23:00:53.690  3892  4177 I ResourceManagerService: getMediaResourceInfo resourceType : 2, size : 2
10-27 23:00:53.690  3892  4177 I ResourceManagerService: writeResourceInfo (PID : 2931, clientID : 517909492480, non-secure-codec/video-codec:1, 496x1080(fps:60) - SoftCodec : No, Encorder : Yes)
10-27 23:00:53.690  3892  4177 I ResourceManagerService: writeResourceInfo (PID : 2989, clientID : 538650623872, non-secure-codec/video-codec:1, 1080x2340(fps:60) - SoftCodec : No, Encorder : Yes)
10-27 23:00:53.691 25945 25966 V ResourceManagerHelper-JNI: JNIMediaResourceHelper::notify eventType : 3, ext1 : 0, ext2 : 0
10-27 23:00:53.691 25945 25966 V ResourceManagerHelper-JNI: notify eventType : 3, ext1 : 0, ext2 : 0
10-27 23:00:53.691 25945 25966 I SemMediaResourceHelper: makeMediaResourceInfo mOwnResourceEventExcluded : false, mPid : 25945
10-27 23:00:53.691 25945 25966 I SemMediaResourceHelper: [1] makeMediaResourceInfo resourceType : 2 isSecured : false, pid : 2931, client id : 517909492480
10-27 23:00:53.691 25945 25966 I SemMediaResourceHelper: [2] makeMediaResourceInfo resourceType : 2 isSecured : false, pid : 2989, client id : 538650623872
10-27 23:00:53.691 25945 25987 I SemMediaResourceHelper: onState
10-27 23:00:53.691 25945 25987 I DrmMediaResourceHelper: onStateChanged size = 2
10-27 23:00:53.691 25945 25987 I DrmMediaResourceHelper: resource type: 2,,,isSecured :  falsegetCodecState : 1getpid : 2931
10-27 23:00:53.691 25945 25987 I DrmMediaResourceHelper: resource type: 2,,,isSecured :  falsegetCodecState : 1getpid : 2989
10-27 23:00:53.704  4516  4516 D SecStatusBarWifiView: updateState: WifiIconState(resId=2131232692, visible=true, activityId=2131232717)
10-27 23:00:53.705  4516  4516 D SecStatusBarWifiView: updateState: WifiIconState(resId=2131232692, visible=true, activityId=2131232717)
10-27 23:00:53.757  2931  2944 I MediaCodec: setCodecState state : 1
10-27 23:00:53.757  3892  4177 I ResourceManagerService: getMediaResourceInfo resourceType : 2, size : 2
10-27 23:00:53.758  3892  4177 I ResourceManagerService: writeResourceInfo (PID : 2931, clientID : 517909492480, non-secure-codec/video-codec:1, 496x1080(fps:60) - SoftCodec : No, Encorder : Yes)
10-27 23:00:53.758  3892  4177 I ResourceManagerService: writeResourceInfo (PID : 2989, clientID : 538650623872, non-secure-codec/video-codec:1, 1080x2340(fps:60) - SoftCodec : No, Encorder : Yes)
10-27 23:00:53.758 25945 25966 V ResourceManagerHelper-JNI: JNIMediaResourceHelper::notify eventType : 3, ext1 : 0, ext2 : 0
10-27 23:00:53.758 25945 25966 V ResourceManagerHelper-JNI: notify eventType : 3, ext1 : 0, ext2 : 0
10-27 23:00:53.758 25945 25966 I SemMediaResourceHelper: makeMediaResourceInfo mOwnResourceEventExcluded : false, mPid : 25945
10-27 23:00:53.759 25945 25966 I SemMediaResourceHelper: [1] makeMediaResourceInfo resourceType : 2 isSecured : false, pid : 2931, client id : 517909492480
10-27 23:00:53.759 25945 25966 I SemMediaResourceHelper: [2] makeMediaResourceInfo resourceType : 2 isSecured : false, pid : 2989, client id : 538650623872
10-27 23:00:53.760 25945 25987 I SemMediaResourceHelper: onState
10-27 23:00:53.760 25945 25987 I DrmMediaResourceHelper: onStateChanged size = 2
10-27 23:00:53.760 25945 25987 I DrmMediaResourceHelper: resource type: 2,,,isSecured :  falsegetCodecState : 1getpid : 2931
10-27 23:00:53.760 25945 25987 I DrmMediaResourceHelper: resource type: 2,,,isSecured :  falsegetCodecState : 1getpid : 2989
10-27 23:00:53.796  2989  2995 I MediaCodec: setCodecState state : 1
10-27 23:00:53.797  3892  4177 I ResourceManagerService: getMediaResourceInfo resourceType : 2, size : 2
10-27 23:00:53.797  3892  4177 I ResourceManagerService: writeResourceInfo (PID : 2931, clientID : 517909492480, non-secure-codec/video-codec:1, 496x1080(fps:60) - SoftCodec : No, Encorder : Yes)
10-27 23:00:53.798  3892  4177 I ResourceManagerService: writeResourceInfo (PID : 2989, clientID : 538650623872, non-secure-codec/video-codec:1, 1080x2340(fps:60) - SoftCodec : No, Encorder : Yes)
10-27 23:00:53.798 25945 25966 V ResourceManagerHelper-JNI: JNIMediaResourceHelper::notify eventType : 3, ext1 : 0, ext2 : 0
10-27 23:00:53.798 25945 25966 V ResourceManagerHelper-JNI: notify eventType : 3, ext1 : 0, ext2 : 0
10-27 23:00:53.798 25945 25966 I SemMediaResourceHelper: makeMediaResourceInfo mOwnResourceEventExcluded : false, mPid : 25945
10-27 23:00:53.798 25945 25966 I SemMediaResourceHelper: [1] makeMediaResourceInfo resourceType : 2 isSecured : false, pid : 2931, client id : 517909492480
10-27 23:00:53.798 25945 25966 I SemMediaResourceHelper: [2] makeMediaResourceInfo resourceType : 2 isSecured : false, pid : 2989, client id : 538650623872
10-27 23:00:53.799 25945 25987 I SemMediaResourceHelper: onState
10-27 23:00:53.799 25945 25987 I DrmMediaResourceHelper: onStateChanged size = 2
10-27 23:00:53.799 25945 25987 I DrmMediaResourceHelper: resource type: 2,,,isSecured :  falsegetCodecState : 1getpid : 2931
10-27 23:00:53.799 25945 25987 I DrmMediaResourceHelper: resource type: 2,,,isSecured :  falsegetCodecState : 1getpid : 2989
10-27 23:00:54.317  1770  1865 W CelloCake: [CELLO_TASK_RUNNER_MONITOR7437d742-0] [Account=7437d742:Task=76684513]Slow task still running after 191s. fetchRootStableId(request=# com.google.apps.drive.dataservice.FindByIdsRequest@cc4e416){account=7437d742, submitTimeMs=24941575, startTimeMs=24941575, waitTimeMs=0, timedOut}
10-27 23:00:54.318  1770  1865 W CelloCake: [CELLO_TASK_RUNNER_MONITOR7437d742-0] [Account=7437d742:Task=235473414]Slow task still running after 191s. getObserverManager(){account=7437d742, submitTimeMs=24941575, timedOut}
10-27 23:00:54.381  4205  4385 D WifiStateMachine: enter getWifiLinkLayerStats
10-27 23:00:54.382  4205  4385 I WifiVendorHal: getWifiLinkLayerStats(l.3097) before calling iface.getLinkLayerStats
10-27 23:00:54.382  3701  3701 I android.hardware.wifi@1.0-service: enter getLinkLayerStats
10-27 23:00:54.382  3701  3701 I android.hardware.wifi@1.0-service: enter getLinkLayerStatsInternal
10-27 23:00:54.384  3701  3701 I android.hardware.wifi@1.0-service: Successfully getLinkLayerStats.
10-27 23:00:54.385  4205  4385 I WifiVendorHal: getWifiLinkLayerStats(l.3097) after calling iface.getLinkLayerStats
10-27 23:00:54.392  4205  4385 I WifiStateMachine: checkScoreBasedQuality -  mPreviousScore[0]:97 mPreviousScore[1]:97 mPreviousScore[2]:97 s2Score:97mPrevoiusScoreAverage:97
10-27 23:00:54.510  2507  2909 I appium  : AppiumResponse: {"sessionId":"25ef9dad-37af-464b-8de6-157007124c32","value":[{"ELEMENT":"2f6d9281-aba4-4dcf-9b43-588b33bbaf43","element-6066-11e4-a52e-4f735466cecf":"2f6d9281-aba4-4dcf-9b43-588b33bbaf43"}]}
10-27 23:00:54.519 32322 32561 D Analytics: com.rakuten.tech.mobile.analytics.RealRatBackend$sendEventsToRat$1#run:139 Skipping request delivery there are no events to deliver to RAT
10-27 23:00:54.578  2507  2913 I appium  : channel read invoked!
10-27 23:00:54.579  2507  2913 I appium  : channel read: POST /wd/hub/session/25ef9dad-37af-464b-8de6-157007124c32/elements
10-27 23:00:54.584  2507  2913 I appium  : Find elements command using 'xpath' with selector '//*[@text='Where are you going?']'.
10-27 23:00:54.585  2507  2913 I appium  : Waiting up to 10000ms for device to be idle
10-27 23:00:54.608 32322 32482 D Analytics: com.rakuten.tech.mobile.analytics.RealRatBackend$sendEventsToRat$1#run:139 Skipping request delivery there are no events to deliver to RAT
10-27 23:00:54.705  4516  4516 D SecStatusBarWifiView: updateState: WifiIconState(resId=2131232692, visible=true, activityId=2131232698)
10-27 23:00:54.706  4516  4516 D SecStatusBarWifiView: updateState: WifiIconState(resId=2131232692, visible=true, activityId=2131232698)
10-27 23:00:54.928  4205  4318 D SensorService: [SO] -0.113 0.283 9.845
10-27 23:00:55.519 32322 32582 D Analytics: com.rakuten.tech.mobile.analytics.RealRatBackend$sendEventsToRat$1#run:139 Skipping request delivery there are no events to deliver to RAT
10-27 23:00:55.609 32322 32486 D Analytics: com.rakuten.tech.mobile.analytics.RealRatBackend$sendEventsToRat$1#run:139 Skipping request delivery there are no events to deliver to RAT
10-27 23:00:55.710  4516  4516 D SecStatusBarWifiView: updateState: WifiIconState(resId=2131232692, visible=true, activityId=2131232717)
10-27 23:00:55.711  4516  4516 D SecStatusBarWifiView: updateState: WifiIconState(resId=2131232692, visible=true, activityId=2131232717)
10-27 23:00:55.819  2507  2913 I appium  : AppiumResponse: {"sessionId":"25ef9dad-37af-464b-8de6-157007124c32","value":[{"ELEMENT":"263c6dbf-694c-4e3c-a27a-97a2b1968aaf","element-6066-11e4-a52e-4f735466cecf":"263c6dbf-694c-4e3c-a27a-97a2b1968aaf"}]}
10-27 23:00:55.852  2507  2914 I appium  : channel read invoked!
10-27 23:00:55.853  2507  2914 I appium  : channel read: POST /wd/hub/session/25ef9dad-37af-464b-8de6-157007124c32/element/263c6dbf-694c-4e3c-a27a-97a2b1968aaf/click
10-27 23:00:55.862  2507  2914 I appium  : Click element command
10-27 23:00:55.875  4205  5456 D InputDispatcher: Inject motion (2497): action=0x0, eventTime=21780678000000, displayId=0
10-27 23:00:55.875  4205  4348 I InputDispatcher: Delivering touch to (4516): action: 0x4, displayId: 0, '77a0a71', toolType: 1
10-27 23:00:55.876  4205  4348 I InputDispatcher: Delivering touch to (4516): action: 0x4, displayId: 0, 'cb105cc', toolType: 1
10-27 23:00:55.876  4205  4348 I InputDispatcher: Delivering touch to (2541): action: 0x0, displayId: 0, 'ffc1ba5', toolType: 1
10-27 23:00:55.876  2541  2541 D ViewRootImpl@11e0231[HomeActivity]: ViewPostIme pointer 0
10-27 23:00:55.881  4205  5456 D InputDispatcher: Inject motion (2497): action=0x1, eventTime=21780678000000, displayId=0
10-27 23:00:55.881  4205  4348 I InputDispatcher: Delivering touch to (2541): action: 0x1, displayId: 0, 'ffc1ba5', toolType: 1
10-27 23:00:55.882  2541  2541 D ViewRootImpl@11e0231[HomeActivity]: ViewPostIme pointer 1
10-27 23:00:55.886  2507  2914 I appium  : Waiting up to 10000ms for device to be idle
10-27 23:00:55.888  2507  2914 I appium  : AppiumResponse: {"sessionId":"25ef9dad-37af-464b-8de6-157007124c32","value":null}
10-27 23:00:55.921  2541  2631 W Settings: Setting airplane_mode_on has moved from android.provider.Settings.System to android.provider.Settings.Global, returning read-only value.
10-27 23:00:55.922  4205  5456 D PackageManager: setEnabledSetting : userId = 0 packageName = com.airbnb.android cmp = androidx.work.impl.background.systemalarm.RescheduleReceiver newState = 1 callingPackage = 10419/com.airbnb.android
10-27 23:00:55.923  2507  2916 I appium  : channel read invoked!
10-27 23:00:55.924  2507  2916 I appium  : channel read: POST /wd/hub/session/25ef9dad-37af-464b-8de6-157007124c32/elements
10-27 23:00:55.928  2507  2916 I appium  : Find elements command using 'id' with selector '2131430725'.
10-27 23:00:55.928  2507  2916 I appium  : Waiting up to 10000ms for device to be idle
10-27 23:00:55.948  4205  5456 D ConnectivityService: filterNetworkStateForUid() uid: 10419, pid: 4205
10-27 23:00:55.949  4205  5456 D ConnectivityService: filterNetworkStateForUid() uid: 10419, pid: 4205, networkInfo: [type: VPN[], state: CONNECTED/CONNECTED, reason: agentConnect, extra: (none), failover: false, available: true, roaming: false]
10-27 23:00:55.980  2541  2541 W Settings: Setting airplane_mode_on has moved from android.provider.Settings.System to android.provider.Settings.Global, returning read-only value.
10-27 23:00:56.005  2541  2671 I System.out: (HTTPLog)-Static: isSBSettingEnabled false
10-27 23:00:56.006  2541  2671 I System.out: (HTTPLog)-Static: isSBSettingEnabled false
10-27 23:00:56.008  3895  3971 D EnterpriseController: netId is 0
10-27 23:00:56.008  3895  3971 E Netd    : getNetworkForDns: getNetId from enterpriseCtrl is netid 0
10-27 23:00:56.009  3895  3971 D DnsProxyListener: DNSDBG::dns addrinfo af 0
10-27 23:00:56.045  3895  3971 D EnterpriseController: netId is 0
10-27 23:00:56.045  3895  3971 E Netd    : getNetworkForDns: getNetId from enterpriseCtrl is netid 0
10-27 23:00:56.045  3895  3971 D DnsProxyListener: DNSDBG::dns addrinfo af 0
10-27 23:00:56.059  2541  2541 W Settings: Setting airplane_mode_on has moved from android.provider.Settings.System to android.provider.Settings.Global, returning read-only value.
10-27 23:00:56.064  2541  2541 I chatty  : uid=10419(com.airbnb.android) identical 1 line
10-27 23:00:56.067  2541  2541 W Settings: Setting airplane_mode_on has moved from android.provider.Settings.System to android.provider.Settings.Global, returning read-only value.
10-27 23:00:56.070  2541  2541 D InputMethodManager: SSI - flag : 0 Pid : 2541 view : com.airbnb.android
10-27 23:00:56.070  2541  2541 D InputMethodManager: showSoftInput - cancel : mServedView != view : DecorView@b7e7697[HomeActivity]  view : com.airbnb.n2.primitives.AirEditTextView{4281b25 VFED..CL. ......I. 0,0-0,0 #7f0b0d45 app:id/2131430725}
10-27 23:00:56.079  2541  2541 D InputMethodManager: prepareNavigationBarInfo() DecorView@b7e7697[HomeActivity]
10-27 23:00:56.079  2541  2541 D InputMethodManager: getNavigationBarColor() -855310
10-27 23:00:56.079  2541  2541 V InputMethodManager: Starting input: tba=com.airbnb.android ic=com.android.internal.widget.EditableInputConnection@a37ed20 mNaviBarColor -855310 mIsGetNaviBarColorSuccess true , NavVisible : true , NavTrans : false
10-27 23:00:56.079  2541  2541 D InputMethodManager: startInputInner - Id : 0
10-27 23:00:56.079  2541  2541 I InputMethodManager: startInputInner - mService.startInputOrWindowGainedFocus
10-27 23:00:56.080  4205  5456 D InputMethodManagerService: startInputOrWindowGainedFocus : startInput 
10-27 23:00:56.081  4205  5456 D InputMethodManagerService: checkDisplayOfStartInputAndUpdateKeyboard display Id 0last 0
10-27 23:00:56.081  4205  5456 D InputMethodManagerService: setCurrentInputInfo - inputContext : com.android.internal.view.IInputContext$Stub$Proxy@c611ef0 eidtorInfo : android.view.inputmethod.EditorInfo@a677c69 missingMethods : 0
10-27 23:00:56.081  4205  5456 D InputTransport: Input channel constructed: fd=512
10-27 23:00:56.081  4205  5456 D InputTransport: Input channel destroyed: fd=512
10-27 23:00:56.081  2541  2541 D InputTransport: Input channel constructed: fd=97
10-27 23:00:56.081  2541  2541 D InputTransport: Input channel destroyed: fd=129
10-27 23:00:56.082  9757  9757 I InputMethodWrapper:  call dispatchStartInputWithToken
10-27 23:00:56.082  9757  9757 I InputMethodService: dispatchStartInputWithToken
10-27 23:00:56.082  9757  9757 I GoogleInputMethodService: GoogleInputMethodService.onFinishInput():3362 
10-27 23:00:56.083  9757  9757 D InputMethodService: checkDisplayOfStartInputAndUpdateKeyboard display Id 0last 0
10-27 23:00:56.083  9757  9757 I GoogleInputMethodService: GoogleInputMethodService.onStartInput():1943 
10-27 23:00:56.084  2541  2541 D InputMethodManager: prepareNavigationBarInfo() DecorView@b7e7697[HomeActivity]
10-27 23:00:56.084  2541  2541 D InputMethodManager: getNavigationBarColor() -855310
10-27 23:00:56.084  2541  2541 V InputMethodManager: Starting input: tba=com.airbnb.android ic=com.android.internal.widget.EditableInputConnection@acfe6d9 mNaviBarColor -855310 mIsGetNaviBarColorSuccess true , NavVisible : true , NavTrans : false
10-27 23:00:56.084  2541  2541 D InputMethodManager: startInputInner - Id : 0
10-27 23:00:56.085  2541  2541 I InputMethodManager: startInputInner - mService.startInputOrWindowGainedFocus
10-27 23:00:56.085  4205  9087 D InputMethodManagerService: startInputOrWindowGainedFocus : startInput 
10-27 23:00:56.086  4205  9087 D InputMethodManagerService: checkDisplayOfStartInputAndUpdateKeyboard display Id 0last 0
10-27 23:00:56.086  4205  9087 D InputMethodManagerService: setCurrentInputInfo - inputContext : com.android.internal.view.IInputContext$Stub$Proxy@597478f eidtorInfo : android.view.inputmethod.EditorInfo@d13a1c missingMethods : 0
10-27 23:00:56.086  4205  9087 D InputTransport: Input channel constructed: fd=512
10-27 23:00:56.086  4205  9087 D InputTransport: Input channel destroyed: fd=512
10-27 23:00:56.087  2541  2541 D InputTransport: Input channel constructed: fd=95
10-27 23:00:56.087  2541  2541 D InputTransport: Input channel destroyed: fd=97
10-27 23:00:56.087  9757  9757 I InputMethodWrapper:  call dispatchStartInputWithToken
10-27 23:00:56.087  9757  9757 I InputMethodService: dispatchStartInputWithToken
10-27 23:00:56.087  9757  9757 D InputMethodService: checkDisplayOfStartInputAndUpdateKeyboard display Id 0last 0
10-27 23:00:56.087  9757  9757 I GoogleInputMethodService: GoogleInputMethodService.onStartInput():1943 
10-27 23:00:56.088  9757  9757 W SessionManager: SessionManager.beginSession():53 Try to begin an already begun session [INPUT_SESSION], end it first
10-27 23:00:56.102  2541  2541 W Settings: Setting airplane_mode_on has moved from android.provider.Settings.System to android.provider.Settings.Global, returning read-only value.
10-27 23:00:56.106  2541  2541 W Settings: Setting airplane_mode_on has moved from android.provider.Settings.System to android.provider.Settings.Global, returning read-only value.
10-27 23:00:56.112  2541  2671 D NetworkManagementSocketTagger: tagSocket(69) with statsTag=0xffffffff, statsUid=-1
10-27 23:00:56.158  2541  2851 D NetworkManagementSocketTagger: tagSocket(93) with statsTag=0xffffffff, statsUid=-1
10-27 23:00:56.250  2507  2916 I appium  : AppiumResponse: {"sessionId":"25ef9dad-37af-464b-8de6-157007124c32","value":[{"ELEMENT":"dc2ad29e-c4cb-4564-b638-961f6dfc152d","element-6066-11e4-a52e-4f735466cecf":"dc2ad29e-c4cb-4564-b638-961f6dfc152d"}]}
10-27 23:00:56.279  2541  2851 W Settings: Setting airplane_mode_on has moved from android.provider.Settings.System to android.provider.Settings.Global, returning read-only value.
10-27 23:00:56.294  2507  2917 I appium  : channel read invoked!
10-27 23:00:56.295  2507  2917 I appium  : channel read: POST /wd/hub/session/25ef9dad-37af-464b-8de6-157007124c32/elements
10-27 23:00:56.299  2507  2917 I appium  : Find elements command using 'id' with selector '2131430725'.
10-27 23:00:56.300  2507  2917 I appium  : Waiting up to 10000ms for device to be idle
10-27 23:00:56.520 32322 32628 D Analytics: com.rakuten.tech.mobile.analytics.RealRatBackend$sendEventsToRat$1#run:139 Skipping request delivery there are no events to deliver to RAT
10-27 23:00:56.559  5151  5151 D io_stats: !@ 179,0 r 365043 11519040 w 214008 3380992 d 6839 2935984 f 18897 20053 iot 301236 263869 th 51200 0 0 pt 0 inp 0 0 21781.363
10-27 23:00:56.596  2541  2541 D InputMethodManager: SSI - flag : 0 Pid : 2541 view : com.airbnb.android
10-27 23:00:56.597  2541  2541 D InputMethodManager: prepareNavigationBarInfo() DecorView@b7e7697[HomeActivity]
10-27 23:00:56.597  2541  2541 D InputMethodManager: getNavigationBarColor() -855310
10-27 23:00:56.597  9757  9757 D InputMethodService: update NavBar color
10-27 23:00:56.597  4205  5359 V InputMethodManagerService: Client requesting input be shown, flags : 0
10-27 23:00:56.598  9757  9757 V InputMethodService: showSoftInput(), flags : 1
10-27 23:00:56.600  9757  9757 D InputMethodService: mDesktopModeManager null!
10-27 23:00:56.600  9757  9757 W InputMethodService: Window size has been changed. This may cause jankiness of resizing window: -1 -> -2
10-27 23:00:56.608 32322 32551 D Analytics: com.rakuten.tech.mobile.analytics.RealRatBackend$sendEventsToRat$1#run:139 Skipping request delivery there are no events to deliver to RAT
10-27 23:00:56.610  9757  9757 I GoogleInputMethodService: GoogleInputMethodService.onStartInputView():2083 
10-27 23:00:56.711  9757  9757 I KeyboardViewUtil: KeyboardViewUtil.getKeyboardHeightRatio():166 systemKeyboardHeightRatio:1.000000; userKeyboardHeightRatio:1.000000.
10-27 23:00:56.712  9757  9757 I AndroidIME: AbstractIme.onActivate():88 LatinIme.onActivate() : EditorInfo = Package = com.airbnb.android : Type = Text : Learning = Disable : Suggestion = Show : AutoCorrection = Enable : Microphone = Show : NoPersonalizedLearning = Disable : AutoStartVoiceInput = Disable : AutoStartEmojiInput = Disable : SimulateDeviceLocked = False : imeActionName = SEARCH : imeOptions = 8000003 : privateImeOptions = null, IncognitoMode = false, DeviceLocked = false
10-27 23:00:56.713  9757  9757 I Delight5Facilitator: Delight5Facilitator.initializeForIme():656 initializeForIme() : Locale = [en_US], layout = qwerty
10-27 23:00:56.713  9757  9757 I VoiceInputManagerWrapper: VoiceInputManagerWrapper.cancelShutdown():54 cancelShutdown()
10-27 23:00:56.713  9757  9757 I VoiceInputManagerWrapper: VoiceInputManagerWrapper.syncLanguagePacks():66 syncLanguagePacks()
10-27 23:00:56.715  9757  9757 I LatinIme: LatinIme.updateEnableInlineSuggestionsOnDecoderSideFlags():1270 inline flag updated to:true
10-27 23:00:56.717  9757 15794 I SpeechFactory: SpeechRecognitionFactory.maybeScheduleAutoPackDownloadForFallback():160 maybeScheduleAutoPackDownloadForFallback()
10-27 23:00:56.717  9757 15794 I FallbackOnDeviceRecognitionProvider: FallbackOnDeviceRecognitionProvider.maybeScheduleAutoPackDownload():196 maybeScheduleAutoPackDownload() for language tag en-US
10-27 23:00:56.721  9757  9757 I KeyboardWrapper: KeyboardWrapper.consumeEvent():287 Skip consuming an event as current keyboard is deactivated (state=0, keyboard existence=true)
10-27 23:00:56.732  9757  9757 I KeyboardViewUtil: KeyboardViewUtil.calculateMaxKeyboardBodyHeight():62 leave 354 height for app when screen height:2214, header height:116 and isFullscreenMode:false, so the max keyboard body height is:1744
10-27 23:00:56.741  4205  4384 D WifiTrafficPoller: TrafficStats TxPkts=96580 RxPkts=124823 TxBytes=30368729 RxBytes=125368174 , Foreground uid=10419 pkgName=com.airbnb.android TxPackets=48964 RxPackets=73242 TxBytes=6800121 RxBytes=88441451
10-27 23:00:56.743  4516  4516 D SecStatusBarWifiView: updateState: WifiIconState(resId=2131232692, visible=true, activityId=2131232698)
10-27 23:00:56.745  4516  4516 D SecStatusBarWifiView: updateState: WifiIconState(resId=2131232692, visible=true, activityId=2131232698)
10-27 23:00:56.751  9757  9809 I Delight5Decoder: Delight5DecoderWrapper.handleMessage():1838 handleMessage(): UPDATE_KEYBOARD_LAYOUT
10-27 23:00:56.752  9757  9757 I KeyboardViewUtil: KeyboardViewUtil.calculateMaxKeyboardBodyHeight():62 leave 354 height for app when screen height:2214, header height:116 and isFullscreenMode:false, so the max keyboard body height is:1744
10-27 23:00:56.755  2541  2567 W Settings: Setting airplane_mode_on has moved from android.provider.Settings.System to android.provider.Settings.Global, returning read-only value.
10-27 23:00:56.755  2541  2851 W Settings: Setting airplane_mode_on has moved from android.provider.Settings.System to android.provider.Settings.Global, returning read-only value.
10-27 23:00:56.768  9757  9757 W KeyboardModeManager: KeyboardModeManager.setInputView():303 setInputView() : inputView = com.google.android.apps.inputmethod.libs.framework.core.InputView{6eb1284 V.E...... ......ID 0,0-1080,2131}
10-27 23:00:56.768  9757  9757 I NormalModeController: NormalModeController.getKeyboardBodyViewHolderPaddingBottom():112 currentPrimeKeyboardType:SOFT systemPaddingBottom:-1
10-27 23:00:56.772  9757  9757 I GoogleInputMethodService: GoogleInputMethodService$10.getInputViewCoverNavigationHeight():3263 Returns default 0 as the coverNavigationHeight while extendsTouchBelowSpace=false decorViewWindowInsets=WindowInsets{systemWindowInsets=Rect(0, 0 - 0, 126) windowDecorInsets=Rect(0, 0 - 0, 0) stableInsets=Rect(0, 0 - 0, 126)}
10-27 23:00:56.772  9757  9757 I AndroidIME: KeyboardViewManager.getKeyboardYPosition():719 positionY=0
10-27 23:00:56.772  9757  9757 I GoogleInputMethodService: GoogleInputMethodService$10.getInputViewCoverNavigationHeight():3263 Returns default 0 as the coverNavigationHeight while extendsTouchBelowSpace=false decorViewWindowInsets=WindowInsets{systemWindowInsets=Rect(0, 0 - 0, 126) windowDecorInsets=Rect(0, 0 - 0, 0) stableInsets=Rect(0, 0 - 0, 126)}
10-27 23:00:56.773  9757  9757 I AndroidIME: KeyboardViewManager.getKeyboardYPosition():719 positionY=0
10-27 23:00:56.773  9757  9757 I AndroidIME: KeyboardViewManager.getInputViewBottomGapFromScreen():387 get inputViewBottomGapFromScreen = 126 from keyboard size helper.
10-27 23:00:56.782  9757  9757 I GoogleInputMethodService: GoogleInputMethodService$10.getInputViewCoverNavigationHeight():3263 Returns default 0 as the coverNavigationHeight while extendsTouchBelowSpace=false decorViewWindowInsets=WindowInsets{systemWindowInsets=Rect(0, 0 - 0, 126) windowDecorInsets=Rect(0, 0 - 0, 0) stableInsets=Rect(0, 0 - 0, 126)}
10-27 23:00:56.786  9757  9757 I AndroidIME: KeyboardViewManager.updateKeyboardBodyViewHolderPaddingBottom():606 Set finalPaddingBottom = 0 while keyboardBottomGapFromScreen = 0; inputViewBottomGapFromScreen = 126 inputViewCoverNavigationHeight=0
10-27 23:00:56.786  2541  2564 W Settings: Setting airplane_mode_on has moved from android.provider.Settings.System to android.provider.Settings.Global, returning read-only value.
10-27 23:00:56.787  9757  9757 I GoogleInputMethodService: GoogleInputMethodService$10.getInputViewCoverNavigationHeight():3263 Returns default 0 as the coverNavigationHeight while extendsTouchBelowSpace=false decorViewWindowInsets=WindowInsets{systemWindowInsets=Rect(0, 0 - 0, 126) windowDecorInsets=Rect(0, 0 - 0, 0) stableInsets=Rect(0, 0 - 0, 126)}
10-27 23:00:56.787  9757  9757 I AndroidIME: KeyboardViewManager.getKeyboardYPosition():719 positionY=0
10-27 23:00:56.787  9757  9757 I GoogleInputMethodService: GoogleInputMethodService$10.getInputViewCoverNavigationHeight():3263 Returns default 0 as the coverNavigationHeight while extendsTouchBelowSpace=false decorViewWindowInsets=WindowInsets{systemWindowInsets=Rect(0, 0 - 0, 126) windowDecorInsets=Rect(0, 0 - 0, 0) stableInsets=Rect(0, 0 - 0, 126)}
10-27 23:00:56.787  9757  9757 I AndroidIME: KeyboardViewManager.getKeyboardYPosition():719 positionY=0
10-27 23:00:56.787  9757  9757 I GoogleInputMethodService: GoogleInputMethodService$10.getInputViewCoverNavigationHeight():3263 Returns default 0 as the coverNavigationHeight while extendsTouchBelowSpace=false decorViewWindowInsets=WindowInsets{systemWindowInsets=Rect(0, 0 - 0, 126) windowDecorInsets=Rect(0, 0 - 0, 0) stableInsets=Rect(0, 0 - 0, 126)}
10-27 23:00:56.788  9757  9757 I AndroidIME: KeyboardViewManager.getKeyboardYPosition():719 positionY=0
10-27 23:00:56.788  9757  9757 I GoogleInputMethodService: GoogleInputMethodService$10.getInputViewCoverNavigationHeight():3263 Returns default 0 as the coverNavigationHeight while extendsTouchBelowSpace=false decorViewWindowInsets=WindowInsets{systemWindowInsets=Rect(0, 0 - 0, 126) windowDecorInsets=Rect(0, 0 - 0, 0) stableInsets=Rect(0, 0 - 0, 126)}
10-27 23:00:56.788  9757  9757 I AndroidIME: KeyboardViewManager.getKeyboardYPosition():719 positionY=0
10-27 23:00:56.789  9757  9757 W KeyboardModeManager: KeyboardModeManager.reloadOrientationAwareData():469 reloadOrientationAwareData() : orientation = 1
10-27 23:00:56.789  9757  9757 I NormalModeController: NormalModeController.getKeyboardBodyViewHolderPaddingBottom():112 currentPrimeKeyboardType:SOFT systemPaddingBottom:-1
10-27 23:00:56.798  9757  9757 I GoogleInputMethodService: GoogleInputMethodService$10.getInputViewCoverNavigationHeight():3263 Returns default 0 as the coverNavigationHeight while extendsTouchBelowSpace=false decorViewWindowInsets=WindowInsets{systemWindowInsets=Rect(0, 0 - 0, 126) windowDecorInsets=Rect(0, 0 - 0, 0) stableInsets=Rect(0, 0 - 0, 126)}
10-27 23:00:56.815  9757  9757 I GoogleInputMethodService: GoogleInputMethodService$10.getInputViewCoverNavigationHeight():3263 Returns default 0 as the coverNavigationHeight while extendsTouchBelowSpace=false decorViewWindowInsets=WindowInsets{systemWindowInsets=Rect(0, 0 - 0, 126) windowDecorInsets=Rect(0, 0 - 0, 0) stableInsets=Rect(0, 0 - 0, 126)}
10-27 23:00:56.820  9757  9757 W AndroidIME: KeyboardViewManager.initializeViews():457 initializeViews() : keyboard full width = -1; root view width = 1080; measured keyboard height = 2257
10-27 23:00:56.821  9757  9757 I AndroidIME: KeyboardViewManager.updateKeyboardHeaderViewWidth():926 keyboard header ratio:1.000000 body ratio:1.000000
10-27 23:00:56.821  9757  9757 I AndroidIME: KeyboardViewManager.updateKeyboardHeaderViewWidth():926 keyboard header ratio:1.000000 body ratio:1.000000
10-27 23:00:56.823  9757  9757 I GoogleInputMethodService: GoogleInputMethodService$10.getInputViewCoverNavigationHeight():3263 Returns default 0 as the coverNavigationHeight while extendsTouchBelowSpace=false decorViewWindowInsets=WindowInsets{systemWindowInsets=Rect(0, 0 - 0, 126) windowDecorInsets=Rect(0, 0 - 0, 0) stableInsets=Rect(0, 0 - 0, 126)}
10-27 23:00:56.823  9757  9757 I AndroidIME: KeyboardViewManager.getKeyboardYPosition():719 positionY=0
10-27 23:00:56.824  9757  9757 I GoogleInputMethodService: GoogleInputMethodService$10.getInputViewCoverNavigationHeight():3263 Returns default 0 as the coverNavigationHeight while extendsTouchBelowSpace=false decorViewWindowInsets=WindowInsets{systemWindowInsets=Rect(0, 0 - 0, 126) windowDecorInsets=Rect(0, 0 - 0, 0) stableInsets=Rect(0, 0 - 0, 126)}
10-27 23:00:56.824  9757  9757 I AndroidIME: KeyboardViewManager.getKeyboardYPosition():719 positionY=0
10-27 23:00:56.825  9757  9757 I AndroidIME: KeyboardViewManager.getInputViewBottomGapFromScreen():387 get inputViewBottomGapFromScreen = 126 from keyboard size helper.
10-27 23:00:56.826  9757  9757 I GoogleInputMethodService: GoogleInputMethodService$10.getInputViewCoverNavigationHeight():3263 Returns default 0 as the coverNavigationHeight while extendsTouchBelowSpace=false decorViewWindowInsets=WindowInsets{systemWindowInsets=Rect(0, 0 - 0, 126) windowDecorInsets=Rect(0, 0 - 0, 0) stableInsets=Rect(0, 0 - 0, 126)}
10-27 23:00:56.830  9757  9757 I AndroidIME: KeyboardViewManager.updateKeyboardBodyViewHolderPaddingBottom():606 Set finalPaddingBottom = 0 while keyboardBottomGapFromScreen = 0; inputViewBottomGapFromScreen = 126 inputViewCoverNavigationHeight=0
10-27 23:00:56.831  9757  9757 I GoogleInputMethodService: GoogleInputMethodService$10.getInputViewCoverNavigationHeight():3263 Returns default 0 as the coverNavigationHeight while extendsTouchBelowSpace=false decorViewWindowInsets=WindowInsets{systemWindowInsets=Rect(0, 0 - 0, 126) windowDecorInsets=Rect(0, 0 - 0, 0) stableInsets=Rect(0, 0 - 0, 126)}
10-27 23:00:56.831  9757  9757 I AndroidIME: KeyboardViewManager.getKeyboardYPosition():719 positionY=0
10-27 23:00:56.832  9757  9757 I GoogleInputMethodService: GoogleInputMethodService$10.getInputViewCoverNavigationHeight():3263 Returns default 0 as the coverNavigationHeight while extendsTouchBelowSpace=false decorViewWindowInsets=WindowInsets{systemWindowInsets=Rect(0, 0 - 0, 126) windowDecorInsets=Rect(0, 0 - 0, 0) stableInsets=Rect(0, 0 - 0, 126)}
10-27 23:00:56.832  9757  9757 I AndroidIME: KeyboardViewManager.getKeyboardYPosition():719 positionY=0
10-27 23:00:56.833  9757  9757 I GoogleInputMethodService: GoogleInputMethodService$10.getInputViewCoverNavigationHeight():3263 Returns default 0 as the coverNavigationHeight while extendsTouchBelowSpace=false decorViewWindowInsets=WindowInsets{systemWindowInsets=Rect(0, 0 - 0, 126) windowDecorInsets=Rect(0, 0 - 0, 0) stableInsets=Rect(0, 0 - 0, 126)}
10-27 23:00:56.833  9757  9757 I AndroidIME: KeyboardViewManager.getKeyboardYPosition():719 positionY=0
