10-27 23:00:41.696 25945 25987 I DrmMediaResourceHelper: resource type: 2,,,isSecured :  falsegetCodecState : 1getpid : 2931
10-27 23:00:41.696 25945 25987 I DrmMediaResourceHelper: resource type: 2,,,isSecured :  falsegetCodecState : 1getpid : 2989
10-27 23:00:41.731  3713  3799 V APM_AudioPolicyManager: AudioPolicyManager:setRecordSilenced(uid:10416, silenced:1)
10-27 23:00:42.217  4450  4450 D ImsResolver: maybeAddedImsService, packageName: com.airbnb.android
10-27 23:00:42.224  4516  4516 D KeyguardUpdateMonitor: received broadcast android.intent.action.PACKAGE_CHANGED
10-27 23:00:42.225  4516  4516 D MetaDataParser: updatePackage() com.airbnb.android false
10-27 23:00:42.226  7383  7430 I SystemBroadcastReceiver: [#CMH#] Received broadcast 
10-27 23:00:42.227  7383  7430 I ControllerEventHandler: [#CMH#] onPackageChanged()  null
10-27 23:00:42.227  7383  7430 I SystemBroadcastReceiver: [#CMH#] onReceive completed 
10-27 23:00:42.231  4205  5359 D SecContentProvider: query(), uri = 30 selection = isLocalContactStorageAllowed
10-27 23:00:42.233  4205  8040 D SecContentProvider: query(), uri = 30 selection = isLocalContactStorageAllowed
10-27 23:00:42.235  4450  4450 I SmsApplication: getIncomingUserId() : contextUserId = 0, callingUid = 1001
10-27 23:00:42.237  4205  5359 D SecContentProvider: called from android.uid.shared:10007
10-27 23:00:42.237  4205  5359 D RestrictionPolicy: isLocalContactStorageAllowed
10-27 23:00:42.237  4205  5359 D RestrictionPolicy: isLocalContactStorageAllowed(0) : true
10-27 23:00:42.240  4205  8040 D SecContentProvider: called from com.samsung.android.uid.dialer:10179
10-27 23:00:42.240  4205  8040 D RestrictionPolicy: isLocalContactStorageAllowed
10-27 23:00:42.241  4205  8040 D RestrictionPolicy: isLocalContactStorageAllowed(0) : true
10-27 23:00:42.242  4516  4516 D MetaDataParser: removePackage() key = com.airbnb.android
10-27 23:00:42.247  4205  6721 W ActivityManager: Permission Denial: Accessing service ComponentInfo{com.google.android.music/com.google.android.music.dial.DialMediaRouteProviderService} from pid=5374, uid=10026 that is not exported from uid 10165
10-27 23:00:42.253  4205  6721 D SecContentProvider: query(), uri = 30 selection = isLocalContactStorageAllowed
10-27 23:00:42.254  4205  6721 D SecContentProvider: called from android.uid.shared:10007
10-27 23:00:42.254  4205  6721 D RestrictionPolicy: isLocalContactStorageAllowed
10-27 23:00:42.254  4205  6721 D RestrictionPolicy: isLocalContactStorageAllowed(0) : true
10-27 23:00:42.261  4205  6721 D SecContentProvider: query(), uri = 30 selection = isLocalContactStorageAllowed
10-27 23:00:42.261  4205  6721 D SecContentProvider: called from com.samsung.android.uid.dialer:10179
10-27 23:00:42.261  4205  6721 D RestrictionPolicy: isLocalContactStorageAllowed
10-27 23:00:42.261  4205  6721 D RestrictionPolicy: isLocalContactStorageAllowed(0) : true
10-27 23:00:42.263  4205  5518 D SamsungAlarmManager: setInexact Intent (T:3/F:0/AC:false) 20311025T230042 - CU:10026/CP:4853
10-27 23:00:42.264  4205  5518 I SamsungAlarmManager: setLocked to kernel - T:2 / 20211027T230123, SetElapsed=25162166, nowELAPSED=25121366
10-27 23:00:42.264  4205  5518 I SamsungAlarmManager: setLocked to kernel - T:3 / 20211027T230100, SetElapsed=25139103, nowELAPSED=25121367
10-27 23:00:42.265  4205  5518 D SecContentProvider2: query(), uri = 18 selection = isCopyContactToSimAllowed
10-27 23:00:42.269  4205  8040 D SecContentProvider2: query(), uri = 18 selection = isCopyContactToSimAllowed
10-27 23:00:42.269  4205  5518 D SecContentProvider2: isCopyContactToSimAllowed = true
10-27 23:00:42.272  4205  4385 D WifiStateMachine: enter getWifiLinkLayerStats
10-27 23:00:42.272  4205  8040 D SecContentProvider2: isCopyContactToSimAllowed = true
10-27 23:00:42.273  4205  4385 I WifiVendorHal: getWifiLinkLayerStats(l.3097) before calling iface.getLinkLayerStats
10-27 23:00:42.273  3701  3701 I android.hardware.wifi@1.0-service: enter getLinkLayerStats
10-27 23:00:42.273  3701  3701 I android.hardware.wifi@1.0-service: enter getLinkLayerStatsInternal
10-27 23:00:42.277  4205  5359 D SecContentProvider: query(), uri = 30 selection = isLocalContactStorageAllowed
10-27 23:00:42.277  4205  5359 D SecContentProvider: called from com.samsung.android.uid.dialer:10179
10-27 23:00:42.277  4205  5359 D RestrictionPolicy: isLocalContactStorageAllowed
10-27 23:00:42.277  4205  5359 D RestrictionPolicy: isLocalContactStorageAllowed(0) : true
10-27 23:00:42.279  4205  4205 I GameManagerService: PkgInstallationReceiver, onReceive(),  begin, action: android.intent.action.PACKAGE_CHANGED
10-27 23:00:42.279  4205  5359 D SecContentProvider: query(), uri = 30 selection = isLocalContactStorageAllowed
10-27 23:00:42.282  4205  5359 D SecContentProvider: called from android.uid.shared:10007
10-27 23:00:42.282  4205  5359 D RestrictionPolicy: isLocalContactStorageAllowed
10-27 23:00:42.282  4205  5359 D RestrictionPolicy: isLocalContactStorageAllowed(0) : true
10-27 23:00:42.285  3701  3701 I android.hardware.wifi@1.0-service: Successfully getLinkLayerStats.
10-27 23:00:42.285  4205  5359 D SecContentProvider2: query(), uri = 18 selection = isCopyContactToSimAllowed
10-27 23:00:42.285  4205  4385 I WifiVendorHal: getWifiLinkLayerStats(l.3097) after calling iface.getLinkLayerStats
10-27 23:00:42.287  4205  4221 W SearchableInfo: Invalid searchable metadata for com.samsung.android.messaging/.ui.view.recipientspicker.PickerActivity: Search label must be a resource reference.
10-27 23:00:42.290  4205  4406 D SecContentProvider2: query(), uri = 18 selection = isCopyContactToSimAllowed
10-27 23:00:42.295  4205  4406 D SecContentProvider2: isCopyContactToSimAllowed = true
10-27 23:00:42.296  4205  5359 D SecContentProvider2: isCopyContactToSimAllowed = true
10-27 23:00:42.302  4205  4385 I WifiStateMachine: checkScoreBasedQuality -  mPreviousScore[0]:94 mPreviousScore[1]:95 mPreviousScore[2]:96 s2Score:96mPrevoiusScoreAverage:95
10-27 23:00:42.310  4853  3036 I Fitness : OnPackageChangedOperation got intent: Intent { act=android.intent.action.PACKAGE_CHANGED dat=package:com.airbnb.android flg=0x45000010 pkg=com.google.android.gms cmp=com.google.android.gms/.chimera.PersistentIntentOperationService (has extras) } [CONTEXT service_id=17 ]
10-27 23:00:42.312  4450  4450 E Telephony: PhoneInterfaceManager: [PhoneIntfMgr] getCarrierPackageNamesForIntent: No UICC
10-27 23:00:42.312  4450  4450 D CarrierSvcBindHelper: No carrier app for: 0
10-27 23:00:42.313  4450  4450 E Telephony: PhoneInterfaceManager: [PhoneIntfMgr] getCarrierPackageNamesForIntent: No UICC
10-27 23:00:42.313  4450  4450 D CarrierSvcBindHelper: No carrier app for: 1
10-27 23:00:42.321  1770  1865 W CelloCake: [CELLO_TASK_RUNNER_MONITOR7437d742-0] [Account=7437d742:Task=76684513]Slow task still running after 179s. fetchRootStableId(request=# com.google.apps.drive.dataservice.FindByIdsRequest@cc4e416){account=7437d742, submitTimeMs=24941575, startTimeMs=24941575, waitTimeMs=0, timedOut}
10-27 23:00:42.321  1770  1865 W CelloCake: [CELLO_TASK_RUNNER_MONITOR7437d742-0] [Account=7437d742:Task=235473414]Slow task still running after 179s. getObserverManager(){account=7437d742, submitTimeMs=24941575, timedOut}
10-27 23:00:42.322  4205  5518 D SamsungAlarmManager: setInexact Intent (T:3/F:0/AC:false) 20311025T230042 - CU:10026/CP:5374
10-27 23:00:42.323  4205  5518 I SamsungAlarmManager: setLocked to kernel - T:2 / 20211027T230123, SetElapsed=25162166, nowELAPSED=25121425
10-27 23:00:42.323  4205  5518 I SamsungAlarmManager: setLocked to kernel - T:3 / 20211027T230100, SetElapsed=25139103, nowELAPSED=25121425
10-27 23:00:42.335  4853  3037 I Fitness : FitCleanupIntentOperation received Intent android.intent.action.PACKAGE_CHANGED [CONTEXT service_id=17 ]
10-27 23:00:42.369  4205  4349 D InputReader: externalDisplayId 0 W 1080 H 2340
10-27 23:00:42.369  4205  4349 I InputReader: Reconfiguring input devices.  changes=0x00000010
10-27 23:00:42.417  4205  4205 I Telecom:SamsungDefaultDialerManagerAdapter: getDefaultDialerApplication - packageName : com.samsung.android.dialer / userId : 0
10-27 23:00:42.418  4205  5456 D AccountManagerService: getUserAccounts0
10-27 23:00:42.418  4205  4205 I Telecom : DefaultDialerCache: Refreshing default dialer for user 0: now com.samsung.android.dialer: DDC.oR@Afw
10-27 23:00:42.418  4205  5456 D AccountManagerService: getUserAccounts0
10-27 23:00:42.423  4205  4221 W SearchableInfo: Invalid searchable metadata for com.imo.android.imoim/.activities.Searchable: Search label must be a resource reference.
10-27 23:00:42.436  1632  3033 I ProvidersCache: Provider returned no roots. Possibly naughty: com.microsoft.skydrive.content.StorageAccessProvider
10-27 23:00:42.444  4853 24271 D BluetoothAdapter: STATE_BLE_ON
10-27 23:00:42.445  4853 24271 D BluetoothAdapter: appoCount is = 0 G/S = 1/1
10-27 23:00:42.449  4205  5411 D AccountManagerService: getUserAccounts0
10-27 23:00:42.452  4205  4221 D MediaSessionService: Received change in packages, intent=Intent { act=android.intent.action.PACKAGE_CHANGED dat=package:com.airbnb.android flg=0x45000010 (has extras) }
10-27 23:00:42.453  4853 24271 W ChimeraUtils: Module com.google.android.gms.nearby_en has empty metadata display_name_string_id
10-27 23:00:42.454  5256  5256 D Launcher.Model: onPackageChanged:com.airbnb.android, user:UserHandle{0}, isUpsModeEnabled = false, isEmergencyEnabled = false
10-27 23:00:42.454  5256  5256 D Launcher.Model: isValidStateInKnoxMode:false user:UserHandle{0}
10-27 23:00:42.454  5256  5256 D SuggestedItemsProvider: onPackageChanged: com.airbnb.android
10-27 23:00:42.454  5256  5256 D SuggestedItemsProvider: onPackageRemoved: com.airbnb.android
10-27 23:00:42.455  5256  5385 W Launcher.Model: checkFinderState return, operation is not matched
10-27 23:00:42.455  5256  5385 D Launcher.Model: Loader.updatePackage com.airbnb.android
10-27 23:00:42.462  5256  5256 D SuggestedItemsProvider: onPackageAdded: com.airbnb.android
10-27 23:00:42.469  5256  5256 D Launcher.Model: onShortcutsChanged:com.airbnb.android, user:UserHandle{0}
10-27 23:00:42.471  4205  5456 D PackageManager: getComponentMetadataForIconTray : com.airbnb.android.feat.homescreen.HomeActivity does not exist in mServices
10-27 23:00:42.471  4205  5456 D PackageManager: getComponentMetadataForIconTray : com.airbnb.android.feat.homescreen.HomeActivity does not exist in mProviders
10-27 23:00:42.471  4205  5456 D PackageManager: getComponentMetadataForIconTray : com.airbnb.android.feat.homescreen.HomeActivity does not exist in mReceivers
10-27 23:00:42.475  5256  5385 I AppIconSolution: return adaptive icon for NULL
10-27 23:00:42.475  5256  5385 D LauncherActivityInfo: packageName: com.airbnb.android, supportTheme: false, height: 288, width: 288, density: 640
10-27 23:00:42.478  5374  6836 I Icing   : IndexChimeraService.getServiceInterface callingPackage=com.google.android.gms componentName=AppsCorpus serviceId=36
10-27 23:00:42.488  4205  5518 D SecContentProvider2: query(), uri = 18 selection = isCopyContactToSimAllowed
10-27 23:00:42.489  4853 24271 W ChimeraUtils: Module com.google.android.gms.nearby_en has empty metadata display_name_string_id
10-27 23:00:42.490  4205  5518 D SecContentProvider2: isCopyContactToSimAllowed = true
10-27 23:00:42.494  4205  4215 D AccountManagerService: getUserAccounts0
10-27 23:00:42.497  4853 24271 W ChimeraUtils: Module com.google.android.gms.nearby_en has empty metadata display_name_string_id
10-27 23:00:42.498  4205  4215 D SecContentProvider2: query(), uri = 18 selection = isCopyContactToSimAllowed
10-27 23:00:42.499  4205  4215 D SecContentProvider2: isCopyContactToSimAllowed = true
10-27 23:00:42.505  4205  8040 D SecContentProvider2: query(), uri = 18 selection = isCopyContactToSimAllowed
10-27 23:00:42.507  4205  8040 D SecContentProvider2: isCopyContactToSimAllowed = true
10-27 23:00:42.508  4205  5508 D SecContentProvider2: query(), uri = 18 selection = isCopyContactToSimAllowed
10-27 23:00:42.509  4205  5508 D SecContentProvider2: isCopyContactToSimAllowed = true
10-27 23:00:42.514  4205  5508 D SecContentProvider2: query(), uri = 18 selection = isCopyContactToSimAllowed
10-27 23:00:42.515  4205  5508 D SecContentProvider2: isCopyContactToSimAllowed = true
10-27 23:00:42.519 32322 32485 D Analytics: com.rakuten.tech.mobile.analytics.RealRatBackend$sendEventsToRat$1#run:139 Skipping request delivery there are no events to deliver to RAT
10-27 23:00:42.521  4205  4215 D SecContentProvider2: query(), uri = 18 selection = isCopyContactToSimAllowed
10-27 23:00:42.523  4205  4215 D SecContentProvider2: isCopyContactToSimAllowed = true
10-27 23:00:42.524  4205  5359 D SecContentProvider2: query(), uri = 18 selection = isCopyContactToSimAllowed
10-27 23:00:42.525  4205  5359 D SecContentProvider2: isCopyContactToSimAllowed = true
10-27 23:00:42.530  5256  5385 D DataLoader: updatePackage:com.airbnb.android
10-27 23:00:42.531  5256  5385 D DataLoader: updatePackageActivities, modified : IconInfo(title=Airbnb intent=Intent { act=android.intent.action.MAIN cat=[android.intent.category.LAUNCHER] flg=0x10200000 cmp=com.airbnb.android/.feat.homescreen.HomeActivity (has extras) } id=389 type=0 container=-102 screen=2 cellX=3 cellY=1 spanX=1 spanY=1 rank=7 hidden=0 dropPos=null user=UserHandle{0} screenType=0)
10-27 23:00:42.532  4205  8040 D LauncherAppsService: is Package Hidden: false
10-27 23:00:42.533  5256  5385 I AppsLoader: addOrUpdater
10-27 23:00:42.534  5256  5385 I AppsLoader: addOrUpdater cn = ComponentInfo{com.airbnb.android/com.airbnb.android.feat.homescreen.HomeActivity}, UserHandle{0}, screenType = 0
10-27 23:00:42.541  4205  5359 D SecContentProvider2: query(), uri = 18 selection = isCopyContactToSimAllowed
10-27 23:00:42.542  4205  5359 D SecContentProvider2: isCopyContactToSimAllowed = true
10-27 23:00:42.544  5256  5385 I AppsLoader: addOrUpdater update item = IconInfo(title=Airbnb intent=Intent { act=android.intent.action.MAIN cat=[android.intent.category.LAUNCHER] flg=0x10200000 cmp=com.airbnb.android/.feat.homescreen.HomeActivity (has extras) } id=389 type=0 container=-102 screen=2 cellX=3 cellY=1 spanX=1 spanY=1 rank=7 hidden=0 dropPos=null user=UserHandle{0} screenType=0)
10-27 23:00:42.544  5256  5385 D AppsDataRepository: update : 1
10-27 23:00:42.544  5256  5256 D AppsPresenter: AppsEvent update [1]
10-27 23:00:42.544  5256  5256 D AppsDragController: needDeferToBind : true , false
10-27 23:00:42.544  5256  5256 D AppsPresenter:  notifyUpdate return mDestroyed false
10-27 23:00:42.545  4205  4215 D LauncherAppsService: is Package Hidden: false
10-27 23:00:42.545  5256  5256 D HotseatPresenter: HomeEvent update for Hotseat [7]
10-27 23:00:42.545  5256  5256 D WorkspacePresenter: HomeEvent update [7]
10-27 23:00:42.546  5256  5256 D HotseatPresenter: HomeEvent update for Hotseat [8]
10-27 23:00:42.546  5256  5256 D WorkspacePresenter: HomeEvent update [8]
10-27 23:00:42.546  5256  5256 D HotseatPresenter: HomeEvent update for Hotseat [2]
10-27 23:00:42.546  5256  5256 D WorkspacePresenter: HomeEvent update [2]
10-27 23:00:42.549  5256  5385 D WidgetDataRepository: ignore dirty because widgets are not changed
10-27 23:00:42.550  5256  5256 D DeepShortcutManager: bindDeepShortcutMap: {com.android.launcher3.framework.support.context.base.ComponentKey@ed003502=[launcher_shortcut_search, launcher_shortcut_upload, launcher_shortcut_scan], com.android.launcher3.framework.support.context.base.ComponentKey@92548096=[Search, Messages, Share, Notifications], com.android.launcher3.framework.support.context.base.ComponentKey@a0bd7cbe=[music-mylibrary, music-recents, music-ifl], com.android.launcher3.framework.support.context.base.ComponentKey@b0cc8fca=[shortcut_create_note, shortcut_write_with_pen, shortcut_record_voice_note], com.android.launcher3.framework.support.context.base.ComponentKey@3916b95c=[compose], com.android.launcher3.framework.support.context.base.ComponentKey@e0d97894=[DynamicFullRecent], com.android.launcher3.framework.support.context.base.ComponentKey@64033792=[trending-shortcut, search-shortcut, subscriptions-shortcut], com.android.launcher3.framework.support.context.base.ComponentKey@d8691cf8=[launcher_shortcut_search, launcher_shortcut_template, launcher_shortcut_create_new], com.android.launcher3.framework.support.context.base.ComponentKey@683678e7=[create_message], com.android.launcher3.framework.support.context.base.ComponentKey@b9bf2a2e=[contactadd, myprofile], com.android.launcher3.framework.support.context.base.ComponentKey@429b698e=[photo, video], com.android.launcher3.framework.support.context.base.ComponentKey@637cbc24=[search, watchlist, library, downloads], com.android.launcher3.framework.support.context.base.ComponentKey@31a2e4f9=[updates], com.android.launcher3.framework.support.context.base.ComponentKey@7bfa09e7=[manifest_compose_shortcut, pritam6646@gmail.com], com.android.launcher3.framework.support.context.base.ComponentKey@a4fe501a=[Recents, DialPad, NewCall, NewChat], com.android.launcher3.framework.support.context.base.ComponentKey@489bf67c=[text_shortcut, voice_shortcut], com.android.launcher3.framework.support.context.base.ComponentKey@515cb72c=[VIEW_MY_DOWNLOADS], com.android.launcher3.framework.support.context.base.ComponentKey@3a8c61b=[compose], com.android.launcher3.framework.support.context.base.ComponentKey@b6e44d1c=[search_shortcut], com.android.launcher3.framework.support.context.base.ComponentKey@984449bf=[search_event_task, create_event], com.android.launcher3.framework.support.context.base.ComponentKey@1a6ad111=[launcher_shortcut_search, launcher_shortcut_template, launcher_shortcut_create_new], com.android.launcher3.framework.support.context.base.ComponentKey@347bc940=[manifest-shortcut-my-shows, manifest-shortcut-watchlist, manifest-shortcut-my-movies], com.android.launcher3.framework.support.context.base.ComponentKey@afe2ea5f=[manifest_home, manifest_work], com.android.launcher3.framework.support.context.base.ComponentKey@40fce241=[phoneadd, search, missedcall], com.android.launcher3.framework.support.context.base.ComponentKey@947c4a03=[new-tab-shortcut, dynamic-new-incognito-tab-shortcut], com.android.launcher3.framework.support.context.base.ComponentKey@3fc1e33e=[shortcut_id_notifications]}
10-27 23:00:42.571  4205  5359 D AccountManagerService: getUserAccounts0
10-27 23:00:42.572  5374   328 I GmsCoreXrpcWrapper: Returning a channel provider with trafficStatsTag=12803 trafficStatsUid=-1
10-27 23:00:42.605  5374   328 I Icing   : Usage reports ok 0, Failed Usage reports 0, indexed 0, rejected 0
10-27 23:00:42.608 32322 32434 D Analytics: com.rakuten.tech.mobile.analytics.RealRatBackend$sendEventsToRat$1#run:139 Skipping request delivery there are no events to deliver to RAT
10-27 23:00:42.619  5374  6315 I Icing   : IndexChimeraService.getServiceInterface callingPackage=com.google.android.gms componentName=null serviceId=30
10-27 23:00:42.630  5374  5389 I gle.android.gm: Background concurrent copying GC freed 162621(7MB) AllocSpace objects, 115(5MB) LOS objects, 49% free, 14MB/29MB, paused 244us total 138.510ms
10-27 23:00:42.642  4205  4215 D AccountManagerService: getUserAccounts0
10-27 23:00:42.643  5374   328 I GmsCoreXrpcWrapper: Returning a channel provider with trafficStatsTag=12803 trafficStatsUid=-1
10-27 23:00:42.668  5374   328 I Icing   : Usage reports ok 0, Failed Usage reports 0, indexed 0, rejected 0
10-27 23:00:42.669  5374   328 I Icing   : Indexing com.google.android.gms-apps from com.google.android.gms
10-27 23:00:42.683  5374   328 I Icing   : Indexing done com.google.android.gms-apps
10-27 23:00:42.696  2989  2995 I MediaCodec: setCodecState state : 0
10-27 23:00:42.696  3892  4177 I ResourceManagerService: getMediaResourceInfo resourceType : 2, size : 2
10-27 23:00:42.696  3892  4177 I ResourceManagerService: writeResourceInfo (PID : 2931, clientID : 517909492480, non-secure-codec/video-codec:1, 496x1080(fps:60) - SoftCodec : No, Encorder : Yes)
10-27 23:00:42.696  3892  4177 I ResourceManagerService: writeResourceInfo (PID : 2989, clientID : 538650623872, non-secure-codec/video-codec:1, 1080x2340(fps:60) - SoftCodec : No, Encorder : Yes)
10-27 23:00:42.697 25945 25966 V ResourceManagerHelper-JNI: JNIMediaResourceHelper::notify eventType : 3, ext1 : 0, ext2 : 0
10-27 23:00:42.697 25945 25966 V ResourceManagerHelper-JNI: notify eventType : 3, ext1 : 0, ext2 : 0
10-27 23:00:42.697 25945 25966 I SemMediaResourceHelper: makeMediaResourceInfo mOwnResourceEventExcluded : false, mPid : 25945
10-27 23:00:42.697 25945 25966 I SemMediaResourceHelper: [1] makeMediaResourceInfo resourceType : 2 isSecured : false, pid : 2931, client id : 517909492480
10-27 23:00:42.697 25945 25966 I SemMediaResourceHelper: [2] makeMediaResourceInfo resourceType : 2 isSecured : false, pid : 2989, client id : 538650623872
10-27 23:00:42.697 25945 25987 I SemMediaResourceHelper: onState
10-27 23:00:42.697 25945 25987 I DrmMediaResourceHelper: onStateChanged size = 2
10-27 23:00:42.697 25945 25987 I DrmMediaResourceHelper: resource type: 2,,,isSecured :  falsegetCodecState : 1getpid : 2931
10-27 23:00:42.697 25945 25987 I DrmMediaResourceHelper: resource type: 2,,,isSecured :  falsegetCodecState : 1getpid : 2989
10-27 23:00:42.797  2507  2835 I appium  : AppiumResponse: {"sessionId":"25ef9dad-37af-464b-8de6-157007124c32","value":"iVBORw0KGgoAAAANSUhEUgAABDgAAAkkCAYAAAD508+vAAAABHNCSVQICAgIfAhkiAAAIABJREFU\neJzs3XlcVNfdP\/DPnRnWYV8cBFlVBGQTxRX3BYkkGq1xqYk1RtPmiWnTpGkTn\/7apzVJm6Q162MS\nl8Y8MZtpUrO5x6i4i8gioMGFTUUUZBu2Geb3B+GGce7AzDAjjH7er5cvmbuce+7lzuXe7z3ne4SI\niAgdiIiIiIiIiIjsmKy3K0BERERERERE1FMMcBARERERERGR3WOAg4iIiIiIiIjsHgMcRERERERE\nRGT3GOAgIiIiIiIiIrvHAAcRERERERER2T0GOIiIiIiIiIjI7jHAQURERERERER2jwEOIiIiIiIi\nIrJ7DHAQERERERERkd1jgIOIiIiIiIiI7B4DHERERERERERk9xjgICIiIiIiIiK7xwAHERERERER\nEdk9BjiIiIiIiIiIyO4xwEFEREREREREdo8BDiIiIiIiIiKyewxwEBEREREREZHdY4CDiIiIiIiI\niOweAxxEREREREREZPcY4CAiIiIiIiIiu8cABxERERERERHZPQY4iIiIiIiIiMjuKXq7AkRERERE\nRH2FTCZDUFAQ3NzcDOZVVlbi+vXrvVArIjIFAxxE1Kvkcjnc3Nzg4eEBZ2dnAEBTUxNqa2tRX18P\nrVbbyzUkIiKiO5mbmxvi4uIwcOBAREREICwsDA4ODhAEwWBZnU6HhoYGnD9\/HhcuXEBRURHy8vJ4\nv0I20xFwUyiMP7o3NTXhypUrt7FWfZcQERGh6+1KEN0ucggY1RiI4U0DEN3iCy+tIwDgprwFhY5V\nyHQuw1GXcmjBr4UtyeVypKenY\/r06aiqqsKZM2dw+vRpvWUSExMRHR0Nf39\/7NmzB19++SVvHoiI\niMhqBgwYgNTUVIwbNw6Ojo4Wl1NVVYXvvvsOe\/fuRV1dnRVrePtER0cjKioKO3fuhFqt7u3qUCc+\nPj5ISEjodrmsrCzcvHnzNtSob2OAg+54MgBPVY3GozeT0YZWyCCI4QsZ2iPzbT9OEX78WQYHbPDM\nxEu+h9HWK7W+MwmCgOeeew5+fn549tln0dTUZNJ6zs7OeP7551FbW4u\/\/OUv0Ol42SIiIiLLxMTE\nID09HXFxcZKtNACgtrYW5eXlAACFQgFvb2\/4+PhAJjOewrClpQUHDx7EN998g2vXrtmk7rYQEhKC\nF154AUB7F5wnn3yyl2tEnfn7+yM2Nrbb5fLy8lBZWXkbatS3sYuKBEdHR\/j5+aG1tRVVVVVWe2us\nVCrh4+OD+vp6VFdXW6VMU8nlcvj7+0Or1Vr1xLdVudbgrFPgtWupmNoQCh10qJE1YqtHIb5WnsV5\nx2o0CVpADHUIcNLJEdHijfSGSDxQF43lNQl4pCYR37uW4AnVTqiF1t7cHbuXkJCApUuX4s9\/\/jNq\na2sN5oeEhGDatGlwdXVFVlYWDh06JM5ramrCU089BXd3d\/zjH\/\/Ali1bkJmZeTurT0RERHbO398f\nixcvRnJyssG8qqoq5OTkID8\/H0VFRZL3tYIgwMvLC35+fggPD0d0dDTi4uLg5OQEoP0ZYurUqZgw\nYQK2b9+Obdu2obm52eb71VMjRowQf\/b39+\/FmvQNSqUSvr6+aGhowI0bN3q7OmQmtuD40YQJEzBq\n1CiEhYXBw8NDjOZqtVpcu3YN586dw65du1BcXGx2uWPHjkVYWJheoqKWlhaUlZXh9OnT2LVrF+rr\n6626PwCgUqlwzz33IDo6GgEBAWLEWaPR4PLly8jLy8M333yDmpqaPlGuNc2pj8JLlZMg0wkocqzB\nwsDPUSNrMrnjiQDAo80JWy7PRVSLF9oEHVb77cdW9wJbVvuO9fjjj4vfISmvvPIKAgIC9KZpNBo8\n+uijkjcGU6dORUJCAv75z3\/apL5ERER0ZxkzZgxWrFhh0BXlxIkT2LNnD\/Lz881uISoIAhwcHDB6\n9GjMmjULQUFBevOvXbuGtWvXorS0tMf1t6W5c+di7ty54uclS5ZYXNb999+PpKQka1QLn3zyCfLy\n8ixa98knn4SPj4\/4efPmzSgqKupynZSUFMycORPBwcHi8011dTVOnjyJzz77rNe67rAFh3nu+gBH\nYGAgfvnLXyIiIqLbZTUaDXbs2IGPP\/7YpHIfffRRDBw4sNtlb968iQ8++ABHjx41qc6mSEtLw9y5\nc+Hi4tLlcvX19diyZQsOHjzYq+VaiwBgw9V7MVE9ADflLZg54EPckDeanVFDwE9tO7y1zthZthg+\nWidkuFzGsv7bmKHDDI8\/\/jgyMzNx5MgRyfmPPvooxo8fLzmvpaUFDz\/8sOS85ORkpKSkYO3atVar\nKxEREd1Z5HI5li5diilTpuhNz8nJwaeffopLly5ZZTuCIGDs2LFYvHgxPD09xemtra3YtGnTbb8n\nNoc1AxwrVqzAhAkTrFEtvPnmmzh27JjZ691\/\/\/16+wMAL7\/8MnJycoyuM3fuXMyZM8dol6WLFy\/i\nb3\/7m82DHP3790dERESPcsJ0aGlpwYULF+665KNyb2\/vP\/d2JXpLUFAQnn32WQQGBupNb2hoQFVV\nFZqbm+Hs7Cye6DKZDJGRkfD09DRIiNhZcHAw\/vCHPxiUW1dXh+rqarS0tOiV6+zsjKSkJFRWVlol\nwjtv3jzMnz8fDg4O4rSWlhZUVlaisbERTk5OYlTS0dERw4YNQ11dHS5evNgr5VqLAOC70ocQ3+yH\nb9zOY17QZ1DLNGaXMaoxCHvLlsBN54QMl1I0yTTY4JWFEI03ZjSEYn5dLN7zNP77p5\/84he\/QGFh\noV53k1t11c9TLpejsLBQMhp9+fJlyGQypKWlsbsKERERGVAoFHjyyScxZswYcdq1a9fw+uuvY9u2\nbUYTMgYGBmLQoEEYPHgwYmJiMHToUISEhEClUsHHxweNjY2SLUxLS0vx\/fffw8fHByEhIQDa72VG\njBgBtVrdbQuC3hIdHY3o6Gjx8+eff25xWcOHD0doaGiP66TT6fDNN9+YnTQzODgYy5cv13teAYDD\nhw+joqJCcp24uDgsW7YMMpkMarUaX3\/9NbZv3478\/Hz4+vrCy8sL3t7e8PT0xKlTpyzeJ1MkJydD\nLpdbpSy5XA4\/Pz+rBfHsxV2dg+PRRx+Ft7e3+PncuXPYtm0bsrOzxWn+\/v6YPXs2Jk6cKAYkpkyZ\ngjNnzuD48eOS5f7yl7\/UK7egoABffPEF8vPzxWkqlQqzZs3CpEmTIJPJoFAo8OCDDyIvL69HXTvi\n4uJw3333iXVtbW3Fjh07sH37djHvga+vL9LT0zFlyhTI5XLI5XI88MADKCgowOXLl29ruda06eps\nhLS6YZ3Xabzic9js9QUIWFeRhukNYQCA5TcT8HefQ9ChvTXH0\/67UayowW+qR+CDK3Px8\/6WX\/zv\nBsHBwfDy8sKBAweMLqNUKrstZ8iQIXrfnc4OHz6MpKQkREZG4ty5cxbXlYiIiO48YWFhiIuLEz9n\nZGTgX\/\/6l2RwwtPTE2PGjEFKSgpCQ0ONvskH2lt15+XlISMjA5mZmWht\/SlPm1qtxrp163Dy5Ems\nWLECrq6uAIB77rkH+\/fvR2NjoxX3sO\/Zvn27Ra0uAGDBggViYKigoMCil6QPPvhgty3Nb5WamioG\nFbZs2aJ373ry5Em8+OKL8PLywpgxY7B161bJoMvEiRORmpqKDz74wOh9K90ed22AY9q0aXrdUrKz\ns\/HPf\/7TIKFoZWUlNmzYgLq6Otx7770A2pugpaWlSQY4UlNT9aKWmZmZkk3oKyoqsGnTJqjVaqSn\npwNoH4M7LS3NpC4wxsyaNUv8gup0Or
10-27 23:00:42.841  3895  3968 D Netd    : notify() code: 601, msg: limit alert globalAlert lo
10-27 23:00:42.843  4205  4380 D NtpTrustedTime: currentTimeMillis() cache hit
10-27 23:00:42.847  3895  4550 E IptablesRestoreController: [iptables debug]iptables-restore execute *filter
10-27 23:00:42.847  3895  4550 E IptablesRestoreController: -nvx -L tetherctrl_counters
10-27 23:00:42.847  3895  4550 E IptablesRestoreController: COMMIT
10-27 23:00:42.849  3895  4550 E IptablesRestoreController: [iptables debug]iptables-restore execute done, res : 0
10-27 23:00:42.849  3895  4550 E IptablesRestoreController: [iptables debug]iptables-restore execute *filter
10-27 23:00:42.849  3895  4550 E IptablesRestoreController: -nvx -L tetherctrl_counters
10-27 23:00:42.849  3895  4550 E IptablesRestoreController: COMMIT
10-27 23:00:42.850  3895  4550 E IptablesRestoreController: [iptables debug]iptables-restore execute done, res : 0
10-27 23:00:42.859  4205  4380 D NtpTrustedTime: currentTimeMillis() cache hit
10-27 23:00:42.861  3895  3978 D CommandListener: bwctrlcmd: argc=3 bandwidth setglobalalert ...
10-27 23:00:42.861  4205  4381 D NtpTrustedTime: currentTimeMillis() cache hit
10-27 23:00:42.894  1770  1833 D NetworkManagementSocketTagger: tagSocket(73) with statsTag=0xffffffff, statsUid=-1
10-27 23:00:42.921  1770  1906 D NetworkManagementSocketTagger: tagSocket(72) with statsTag=0xffffffff, statsUid=-1
10-27 23:00:42.944  1770  1813 D NetworkManagementSocketTagger: tagSocket(71) with statsTag=0xffffffff, statsUid=-1
10-27 23:00:43.241  3713  3799 V APM_AudioPolicyManager: getAudioPolicyConfig: audioParam;outDevice
10-27 23:00:43.242  3713  3799 V APM_AudioPolicyManager: getNewOutputDevice() selected device 0
10-27 23:00:43.242  3713  3799 V APM_AudioPolicyManager: ### curdevice : 2
10-27 23:00:43.520 32322 32544 D Analytics: com.rakuten.tech.mobile.analytics.RealRatBackend$sendEventsToRat$1#run:139 Skipping request delivery there are no events to deliver to RAT
10-27 23:00:43.609 32322 32464 D Analytics: com.rakuten.tech.mobile.analytics.RealRatBackend$sendEventsToRat$1#run:139 Skipping request delivery there are no events to deliver to RAT
10-27 23:00:44.064  2931  2944 I MediaCodec: setCodecState state : 0
10-27 23:00:44.065  3892  4177 I ResourceManagerService: getMediaResourceInfo resourceType : 2, size : 2
10-27 23:00:44.065  3892  4177 I ResourceManagerService: writeResourceInfo (PID : 2931, clientID : 517909492480, non-secure-codec/video-codec:1, 496x1080(fps:60) - SoftCodec : No, Encorder : Yes)
10-27 23:00:44.065  3892  4177 I ResourceManagerService: writeResourceInfo (PID : 2989, clientID : 538650623872, non-secure-codec/video-codec:1, 1080x2340(fps:60) - SoftCodec : No, Encorder : Yes)
10-27 23:00:44.066 25945 25966 V ResourceManagerHelper-JNI: JNIMediaResourceHelper::notify eventType : 3, ext1 : 0, ext2 : 0
10-27 23:00:44.066 25945 25966 V ResourceManagerHelper-JNI: notify eventType : 3, ext1 : 0, ext2 : 0
10-27 23:00:44.066 25945 25966 I SemMediaResourceHelper: makeMediaResourceInfo mOwnResourceEventExcluded : false, mPid : 25945
10-27 23:00:44.066 25945 25966 I SemMediaResourceHelper: [1] makeMediaResourceInfo resourceType : 2 isSecured : false, pid : 2931, client id : 517909492480
10-27 23:00:44.066 25945 25966 I SemMediaResourceHelper: [2] makeMediaResourceInfo resourceType : 2 isSecured : false, pid : 2989, client id : 538650623872
10-27 23:00:44.066 25945 25987 I SemMediaResourceHelper: onState
10-27 23:00:44.066 25945 25987 I DrmMediaResourceHelper: onStateChanged size = 2
10-27 23:00:44.067 25945 25987 I DrmMediaResourceHelper: resource type: 2,,,isSecured :  falsegetCodecState : 1getpid : 2931
10-27 23:00:44.067 25945 25987 I DrmMediaResourceHelper: resource type: 2,,,isSecured :  falsegetCodecState : 1getpid : 2989
10-27 23:00:44.520 32322 32561 D Analytics: com.rakuten.tech.mobile.analytics.RealRatBackend$sendEventsToRat$1#run:139 Skipping request delivery there are no events to deliver to RAT
10-27 23:00:44.609 32322 32482 D Analytics: com.rakuten.tech.mobile.analytics.RealRatBackend$sendEventsToRat$1#run:139 Skipping request delivery there are no events to deliver to RAT
10-27 23:00:44.635  4205  4384 D WifiTrafficPoller: TrafficStats TxPkts=96539 RxPkts=124784 TxBytes=30364177 RxBytes=125356670 , Foreground uid=10419 pkgName=com.airbnb.android TxPackets=48932 RxPackets=73213 TxBytes=6796161 RxBytes=88428737
10-27 23:00:44.636  4516  4516 D SecStatusBarWifiView: updateState: WifiIconState(resId=2131232692, visible=true, activityId=2131232698)
10-27 23:00:44.637  4516  4516 D SecStatusBarWifiView: updateState: WifiIconState(resId=2131232692, visible=true, activityId=2131232698)
10-27 23:00:44.686  2931  2944 I MediaCodec: setCodecState state : 1
10-27 23:00:44.686  3892  4177 I ResourceManagerService: getMediaResourceInfo resourceType : 2, size : 2
10-27 23:00:44.686  3892  4177 I ResourceManagerService: writeResourceInfo (PID : 2931, clientID : 517909492480, non-secure-codec/video-codec:1, 496x1080(fps:60) - SoftCodec : No, Encorder : Yes)
10-27 23:00:44.687  3892  4177 I ResourceManagerService: writeResourceInfo (PID : 2989, clientID : 538650623872, non-secure-codec/video-codec:1, 1080x2340(fps:60) - SoftCodec : No, Encorder : Yes)
10-27 23:00:44.687 25945 25966 V ResourceManagerHelper-JNI: JNIMediaResourceHelper::notify eventType : 3, ext1 : 0, ext2 : 0
10-27 23:00:44.687 25945 25966 V ResourceManagerHelper-JNI: notify eventType : 3, ext1 : 0, ext2 : 0
10-27 23:00:44.687 25945 25966 I SemMediaResourceHelper: makeMediaResourceInfo mOwnResourceEventExcluded : false, mPid : 25945
10-27 23:00:44.687 25945 25966 I SemMediaResourceHelper: [1] makeMediaResourceInfo resourceType : 2 isSecured : false, pid : 2931, client id : 517909492480
10-27 23:00:44.687 25945 25966 I SemMediaResourceHelper: [2] makeMediaResourceInfo resourceType : 2 isSecured : false, pid : 2989, client id : 538650623872
10-27 23:00:44.687 25945 25987 I SemMediaResourceHelper: onState
10-27 23:00:44.687 25945 25987 I DrmMediaResourceHelper: onStateChanged size = 2
10-27 23:00:44.687 25945 25987 I DrmMediaResourceHelper: resource type: 2,,,isSecured :  falsegetCodecState : 1getpid : 2931
10-27 23:00:44.687 25945 25987 I DrmMediaResourceHelper: resource type: 2,,,isSecured :  falsegetCodecState : 1getpid : 2989
10-27 23:00:44.718  2989  2995 I MediaCodec: setCodecState state : 1
10-27 23:00:44.719  3892  4177 I ResourceManagerService: getMediaResourceInfo resourceType : 2, size : 2
10-27 23:00:44.719  3892  4177 I ResourceManagerService: writeResourceInfo (PID : 2931, clientID : 517909492480, non-secure-codec/video-codec:1, 496x1080(fps:60) - SoftCodec : No, Encorder : Yes)
10-27 23:00:44.719  3892  4177 I ResourceManagerService: writeResourceInfo (PID : 2989, clientID : 538650623872, non-secure-codec/video-codec:1, 1080x2340(fps:60) - SoftCodec : No, Encorder : Yes)
10-27 23:00:44.719 25945 25966 V ResourceManagerHelper-JNI: JNIMediaResourceHelper::notify eventType : 3, ext1 : 0, ext2 : 0
10-27 23:00:44.719 25945 25966 V ResourceManagerHelper-JNI: notify eventType : 3, ext1 : 0, ext2 : 0
10-27 23:00:44.719 25945 25966 I SemMediaResourceHelper: makeMediaResourceInfo mOwnResourceEventExcluded : false, mPid : 25945
10-27 23:00:44.719 25945 25966 I SemMediaResourceHelper: [1] makeMediaResourceInfo resourceType : 2 isSecured : false, pid : 2931, client id : 517909492480
10-27 23:00:44.719 25945 25966 I SemMediaResourceHelper: [2] makeMediaResourceInfo resourceType : 2 isSecured : false, pid : 2989, client id : 538650623872
10-27 23:00:44.719 25945 25987 I SemMediaResourceHelper: onState
10-27 23:00:44.720 25945 25987 I DrmMediaResourceHelper: onStateChanged size = 2
10-27 23:00:44.720 25945 25987 I DrmMediaResourceHelper: resource type: 2,,,isSecured :  falsegetCodecState : 1getpid : 2931
10-27 23:00:44.720 25945 25987 I DrmMediaResourceHelper: resource type: 2,,,isSecured :  falsegetCodecState : 1getpid : 2989
10-27 23:00:45.306  4205  4385 D WifiStateMachine: enter getWifiLinkLayerStats
10-27 23:00:45.307  4205  4385 I WifiVendorHal: getWifiLinkLayerStats(l.3097) before calling iface.getLinkLayerStats
10-27 23:00:45.307  3701  3701 I android.hardware.wifi@1.0-service: enter getLinkLayerStats
10-27 23:00:45.307  3701  3701 I android.hardware.wifi@1.0-service: enter getLinkLayerStatsInternal
10-27 23:00:45.318  3701  3701 I android.hardware.wifi@1.0-service: Successfully getLinkLayerStats.
10-27 23:00:45.317  1770  1865 W CelloCake: [CELLO_TASK_RUNNER_MONITOR7437d742-0] [Account=7437d742:Task=76684513]Slow task still running after 182s. fetchRootStableId(request=# com.google.apps.drive.dataservice.FindByIdsRequest@cc4e416){account=7437d742, submitTimeMs=24941575, startTimeMs=24941575, waitTimeMs=0, timedOut}
10-27 23:00:45.318  1770  1865 W CelloCake: [CELLO_TASK_RUNNER_MONITOR7437d742-0] [Account=7437d742:Task=235473414]Slow task still running after 182s. getObserverManager(){account=7437d742, submitTimeMs=24941575, timedOut}
10-27 23:00:45.318  4205  4385 I WifiVendorHal: getWifiLinkLayerStats(l.3097) after calling iface.getLinkLayerStats
10-27 23:00:45.333  4205  4385 I WifiStateMachine: checkScoreBasedQuality -  mPreviousScore[0]:95 mPreviousScore[1]:96 mPreviousScore[2]:96 s2Score:97mPrevoiusScoreAverage:95
10-27 23:00:45.519 32322 32582 D Analytics: com.rakuten.tech.mobile.analytics.RealRatBackend$sendEventsToRat$1#run:139 Skipping request delivery there are no events to deliver to RAT
10-27 23:00:45.609 32322 32486 D Analytics: com.rakuten.tech.mobile.analytics.RealRatBackend$sendEventsToRat$1#run:139 Skipping request delivery there are no events to deliver to RAT
10-27 23:00:45.640  4516  4516 D SecStatusBarWifiView: updateState: WifiIconState(resId=2131232692, visible=true, activityId=2131232717)
10-27 23:00:45.641  4516  4516 D SecStatusBarWifiView: updateState: WifiIconState(resId=2131232692, visible=true, activityId=2131232717)
10-27 23:00:45.719  2989  2995 I MediaCodec: setCodecState state : 0
10-27 23:00:45.720  3892  4177 I ResourceManagerService: getMediaResourceInfo resourceType : 2, size : 2
10-27 23:00:45.720  3892  4177 I ResourceManagerService: writeResourceInfo (PID : 2931, clientID : 517909492480, non-secure-codec/video-codec:1, 496x1080(fps:60) - SoftCodec : No, Encorder : Yes)
10-27 23:00:45.720  3892  4177 I ResourceManagerService: writeResourceInfo (PID : 2989, clientID : 538650623872, non-secure-codec/video-codec:1, 1080x2340(fps:60) - SoftCodec : No, Encorder : Yes)
10-27 23:00:45.721 25945 25966 V ResourceManagerHelper-JNI: JNIMediaResourceHelper::notify eventType : 3, ext1 : 0, ext2 : 0
10-27 23:00:45.721 25945 25966 V ResourceManagerHelper-JNI: notify eventType : 3, ext1 : 0, ext2 : 0
10-27 23:00:45.721 25945 25966 I SemMediaResourceHelper: makeMediaResourceInfo mOwnResourceEventExcluded : false, mPid : 25945
10-27 23:00:45.721 25945 25966 I SemMediaResourceHelper: [1] makeMediaResourceInfo resourceType : 2 isSecured : false, pid : 2931, client id : 517909492480
10-27 23:00:45.721 25945 25966 I SemMediaResourceHelper: [2] makeMediaResourceInfo resourceType : 2 isSecured : false, pid : 2989, client id : 538650623872
10-27 23:00:45.721 25945 25987 I SemMediaResourceHelper: onState
10-27 23:00:45.721 25945 25987 I DrmMediaResourceHelper: onStateChanged size = 2
10-27 23:00:45.721 25945 25987 I DrmMediaResourceHelper: resource type: 2,,,isSecured :  falsegetCodecState : 1getpid : 2931
10-27 23:00:45.721 25945 25987 I DrmMediaResourceHelper: resource type: 2,,,isSecured :  falsegetCodecState : 1getpid : 2989
10-27 23:00:45.734  2989  2995 I MediaCodec: setCodecState state : 1
10-27 23:00:45.734  3892  4177 I ResourceManagerService: getMediaResourceInfo resourceType : 2, size : 2
10-27 23:00:45.734  3892  4177 I ResourceManagerService: writeResourceInfo (PID : 2931, clientID : 517909492480, non-secure-codec/video-codec:1, 496x1080(fps:60) - SoftCodec : No, Encorder : Yes)
10-27 23:00:45.734  3892  4177 I ResourceManagerService: writeResourceInfo (PID : 2989, clientID : 538650623872, non-secure-codec/video-codec:1, 1080x2340(fps:60) - SoftCodec : No, Encorder : Yes)
10-27 23:00:45.735 25945 25966 V ResourceManagerHelper-JNI: JNIMediaResourceHelper::notify eventType : 3, ext1 : 0, ext2 : 0
10-27 23:00:45.735 25945 25966 V ResourceManagerHelper-JNI: notify eventType : 3, ext1 : 0, ext2 : 0
10-27 23:00:45.735 25945 25966 I SemMediaResourceHelper: makeMediaResourceInfo mOwnResourceEventExcluded : false, mPid : 25945
10-27 23:00:45.735 25945 25966 I SemMediaResourceHelper: [1] makeMediaResourceInfo resourceType : 2 isSecured : false, pid : 2931, client id : 517909492480
10-27 23:00:45.735 25945 25966 I SemMediaResourceHelper: [2] makeMediaResourceInfo resourceType : 2 isSecured : false, pid : 2989, client id : 538650623872
10-27 23:00:45.735 25945 25987 I SemMediaResourceHelper: onState
10-27 23:00:45.735 25945 25987 I DrmMediaResourceHelper: onStateChanged size = 2
10-27 23:00:45.735 25945 25987 I DrmMediaResourceHelper: resource type: 2,,,isSecured :  falsegetCodecState : 1getpid : 2931
10-27 23:00:45.736 25945 25987 I DrmMediaResourceHelper: resource type: 2,,,isSecured :  falsegetCodecState : 1getpid : 2989
10-27 23:00:45.928  4205  4318 D SensorService: [SO] -0.119 0.279 9.874
10-27 23:00:46.519 32322 32628 D Analytics: com.rakuten.tech.mobile.analytics.RealRatBackend$sendEventsToRat$1#run:139 Skipping request delivery there are no events to deliver to RAT
10-27 23:00:46.553  5151  5151 D io_stats: !@ 179,0 r 365036 11518788 w 213933 3379768 d 6838 2935980 f 18888 20042 iot 301200 263833 th 51200 0 0 pt 0 inp 0 0 21771.355
10-27 23:00:46.609 32322 32551 D Analytics: com.rakuten.tech.mobile.analytics.RealRatBackend$sendEventsToRat$1#run:139 Skipping request delivery there are no events to deliver to RAT
10-27 23:00:46.735  2989  2995 I MediaCodec: setCodecState state : 0
10-27 23:00:46.736  3892  4177 I ResourceManagerService: getMediaResourceInfo resourceType : 2, size : 2
10-27 23:00:46.736  3892  4177 I ResourceManagerService: writeResourceInfo (PID : 2931, clientID : 517909492480, non-secure-codec/video-codec:1, 496x1080(fps:60) - SoftCodec : No, Encorder : Yes)
10-27 23:00:46.736  3892  4177 I ResourceManagerService: writeResourceInfo (PID : 2989, clientID : 538650623872, non-secure-codec/video-codec:1, 1080x2340(fps:60) - SoftCodec : No, Encorder : Yes)
10-27 23:00:46.736 25945 25966 V ResourceManagerHelper-JNI: JNIMediaResourceHelper::notify eventType : 3, ext1 : 0, ext2 : 0
10-27 23:00:46.737 25945 25966 V ResourceManagerHelper-JNI: notify eventType : 3, ext1 : 0, ext2 : 0
10-27 23:00:46.737 25945 25966 I SemMediaResourceHelper: makeMediaResourceInfo mOwnResourceEventExcluded : false, mPid : 25945
10-27 23:00:46.737 25945 25966 I SemMediaResourceHelper: [1] makeMediaResourceInfo resourceType : 2 isSecured : false, pid : 2931, client id : 517909492480
10-27 23:00:46.737 25945 25966 I SemMediaResourceHelper: [2] makeMediaResourceInfo resourceType : 2 isSecured : false, pid : 2989, client id : 538650623872
10-27 23:00:46.737 25945 25987 I SemMediaResourceHelper: onState
10-27 23:00:46.737 25945 25987 I DrmMediaResourceHelper: onStateChanged size = 2
10-27 23:00:46.738 25945 25987 I DrmMediaResourceHelper: resource type: 2,,,isSecured :  falsegetCodecState : 1getpid : 2931
10-27 23:00:46.738 25945 25987 I DrmMediaResourceHelper: resource type: 2,,,isSecured :  falsegetCodecState : 1getpid : 2989
10-27 23:00:47.519 32322 32630 D Analytics: com.rakuten.tech.mobile.analytics.RealRatBackend$sendEventsToRat$1#run:139 Skipping request delivery there are no events to deliver to RAT
10-27 23:00:47.609 32322 32563 D Analytics: com.rakuten.tech.mobile.analytics.RealRatBackend$sendEventsToRat$1#run:139 Skipping request delivery there are no events to deliver to RAT
10-27 23:00:47.646  4516  4516 D SecStatusBarWifiView: updateState: WifiIconState(resId=2131232692, visible=true, activityId=2131232697)
10-27 23:00:47.701  5324  5670 D SDHMS:s : SIOP:: AP:293(372,70) BAT:334(334,0) CHG:418(418,0) USB:0(0,0) ATC:0(0,-999) 
10-27 23:00:47.647  4516  4516 D SecStatusBarWifiView: updateState: WifiIconState(resId=2131232692, visible=true, activityId=2131232697)
10-27 23:00:47.740  2989  2995 I MediaCodec: setCodecState state : 1
10-27 23:00:47.741  3892  4177 I ResourceManagerService: getMediaResourceInfo resourceType : 2, size : 2
10-27 23:00:47.741  3892  4177 I ResourceManagerService: writeResourceInfo (PID : 2931, clientID : 517909492480, non-secure-codec/video-codec:1, 496x1080(fps:60) - SoftCodec : No, Encorder : Yes)
10-27 23:00:47.741  3892  4177 I ResourceManagerService: writeResourceInfo (PID : 2989, clientID : 538650623872, non-secure-codec/video-codec:1, 1080x2340(fps:60) - SoftCodec : No, Encorder : Yes)
10-27 23:00:47.741 25945 25966 V ResourceManagerHelper-JNI: JNIMediaResourceHelper::notify eventType : 3, ext1 : 0, ext2 : 0
10-27 23:00:47.742 25945 25966 V ResourceManagerHelper-JNI: notify eventType : 3, ext1 : 0, ext2 : 0
10-27 23:00:47.742 25945 25966 I SemMediaResourceHelper: makeMediaResourceInfo mOwnResourceEventExcluded : false, mPid : 25945
10-27 23:00:47.742 25945 25966 I SemMediaResourceHelper: [1] makeMediaResourceInfo resourceType : 2 isSecured : false, pid : 2931, client id : 517909492480
10-27 23:00:47.742 25945 25966 I SemMediaResourceHelper: [2] makeMediaResourceInfo resourceType : 2 isSecured : false, pid : 2989, client id : 538650623872
10-27 23:00:47.742 25945 25987 I SemMediaResourceHelper: onState
10-27 23:00:47.742 25945 25987 I DrmMediaResourceHelper: onStateChanged size = 2
10-27 23:00:47.742 25945 25987 I DrmMediaResourceHelper: resource type: 2,,,isSecured :  falsegetCodecState : 1getpid : 2931
10-27 23:00:47.742 25945 25987 I DrmMediaResourceHelper: resource type: 2,,,isSecured :  falsegetCodecState : 1getpid : 2989
10-27 23:00:48.103  2507  2862 I appium  : channel read invoked!
10-27 23:00:48.105  2507  2862 I appium  : channel read: POST /wd/hub/session/25ef9dad-37af-464b-8de6-157007124c32/elements
10-27 23:00:48.110  2507  2862 I appium  : Find elements command using 'xpath' with selector '//*[@text='Add your info']'.
10-27 23:00:48.110  2507  2862 I appium  : Waiting up to 10000ms for device to be idle
10-27 23:00:48.317  1770  1865 W CelloCake: [CELLO_TASK_RUNNER_MONITOR7437d742-0] [Account=7437d742:Task=76684513]Slow task still running after 185s. fetchRootStableId(request=# com.google.apps.drive.dataservice.FindByIdsRequest@cc4e416){account=7437d742, submitTimeMs=24941575, startTimeMs=24941575, waitTimeMs=0, timedOut}
10-27 23:00:48.318  1770  1865 W CelloCake: [CELLO_TASK_RUNNER_MONITOR7437d742-0] [Account=7437d742:Task=235473414]Slow task still running after 185s. getObserverManager(){account=7437d742, submitTimeMs=24941575, timedOut}
10-27 23:00:48.336  4205  4385 D WifiStateMachine: enter getWifiLinkLayerStats
10-27 23:00:48.336  4205  4385 I WifiVendorHal: getWifiLinkLayerStats(l.3097) before calling iface.getLinkLayerStats
10-27 23:00:48.337  3701  3701 I android.hardware.wifi@1.0-service: enter getLinkLayerStats
10-27 23:00:48.337  3701  3701 I android.hardware.wifi@1.0-service: enter getLinkLayerStatsInternal
10-27 23:00:48.349  3701  3701 I android.hardware.wifi@1.0-service: Successfully getLinkLayerStats.
10-27 23:00:48.350  4205  4385 I WifiVendorHal: getWifiLinkLayerStats(l.3097) after calling iface.getLinkLayerStats
10-27 23:00:48.354  4205  4385 I WifiStateMachine: checkScoreBasedQuality -  mPreviousScore[0]:96 mPreviousScore[1]:96 mPreviousScore[2]:97 s2Score:97mPrevoiusScoreAverage:96
10-27 23:00:48.434  4205  4683 D BatteryService: Sending ACTION_BATTERY_CHANGED. scale:100, info:{.chargerAcOnline = false, .chargerUsbOnline = true, .chargerWirelessOnline = false, .maxChargingCurrent = 0, .maxChargingVoltage = 0, .batteryStatus = CHARGING, .batteryHealth = GOOD, .batteryPresent = true, .batteryLevel = 74, .batteryVoltage = 4135, .batteryTemperature = 334, .batteryCurrent = 1, .batteryCycleCount = 0, .batteryFullCharge = 4900000, .batteryChargeCounter = 3660300, .batteryTechnology = Li-ion}
10-27 23:00:48.435  4205  4683 D BatteryService: online:19, current avg:1297, charge type:1, POGO powered:false, power sharing:false, high voltage charger:false, charger_type:0, capacity:280000, batterySWSelfDischarging:false, misc_event:0, current_event:0, current_now:1332
10-27 23:00:48.438  4450  4450 D BigDataInfoController: Intent : android.intent.action.BATTERY_CHANGED
10-27 23:00:48.439  4450  4450 D BigDataInfoController: Intent : android.intent.action.BATTERY_CHANGED
10-27 23:00:48.439  4205  4205 I MotionRecognitionService: Plugged
10-27 23:00:48.439  4205  4205 D MotionRecognitionService:   mCableConnection= 1
10-27 23:00:48.439  4205  4205 D MotionRecognitionService: setPowerConnected : mGripEnabled = false
10-27 23:00:48.439  4205  4205 D SamsungPhoneWindowManager: ACTION_BATTERY_CHANGED - Level :: 74, battStatus :: 2
10-27 23:00:48.439  4516  4516 D KeyguardUpdateMonitor: received broadcast android.intent.action.BATTERY_CHANGED
10-27 23:00:48.440  4516  4516 D KeyguardUpdateMonitor: handleBatteryUpdate
10-27 23:00:48.440  4205  4205 D UsbDeviceManager: received ACTION_BATTERY_CHANGED
10-27 23:00:48.441  4205  4233 D UsbDeviceManager: handleMessage -> MSG_UPDATE_CHARGING_STATE = 1
10-27 23:00:48.441  4205  4233 D UsbDeviceManager: updateUsbNotification(false) : mConnected = true, mConfigured = true, mCurrentFunctions = 5, mHostConnected = false, mSourcePower = false, mSinkPower = true, mUsbCharging = true, mUseUsbNotification = true
10-27 23:00:48.442  4205  4233 D UsbDeviceManager: updateUsbNotification, set mCurrentFunctionsForNoti : mtp
10-27 23:00:48.442  4205  4233 D UsbDeviceManager: id=27, mUsbNotificationId=27, titleRes=17042128
10-27 23:00:48.446  4516  4516 D PowerUI : priorPlugType = 2 mPlugType = 2 priorBatteryStatus = 2 mBatteryStatus = 2
10-27 23:00:48.446  4516  4516 D PowerUI.Notification: Charging estimate time is not supported and connected cable is normal cable charger, so return!
10-27 23:00:48.446  4516  4516 D PowerUI : Battery swelling mode - priorBatterySwellingMode = 0 mBatterySwellingMode = 0
10-27 23:00:48.463  4516  4516 I StackScroller: ADJUST STACK.TRANSLATION
10-27 23:00:48.464  4516  4516 I chatty  : uid=10006(com.samsung.android.app.aodservice) com.android.systemui identical 1 line
10-27 23:00:48.464  4516  4516 I StackScroller: ADJUST STACK.TRANSLATION
10-27 23:00:48.520 32322 32401 D Analytics: com.rakuten.tech.mobile.analytics.RealRatBackend$sendEventsToRat$1#run:139 Skipping request delivery there are no events to deliver to RAT
10-27 23:00:48.608 32322 32587 D Analytics: com.rakuten.tech.mobile.analytics.RealRatBackend$sendEventsToRat$1#run:139 Skipping request delivery there are no events to deliver to RAT
10-27 23:00:48.660  4205  4384 D WifiTrafficPoller: TrafficStats TxPkts=96540 RxPkts=124786 TxBytes=30364229 RxBytes=125357072 , Foreground uid=10419 pkgName=com.airbnb.android TxPackets=48932 RxPackets=73213 TxBytes=6796161 RxBytes=88428737
10-27 23:00:48.662  4516  4516 D SecStatusBarWifiView: updateState: WifiIconState(resId=2131232692, visible=true, activityId=2131232698)
10-27 23:00:48.663  4516  4516 D SecStatusBarWifiView: updateState: WifiIconState(resId=2131232692, visible=true, activityId=2131232698)
10-27 23:00:49.276  2507  2862 I appium  : AppiumResponse: {"sessionId":"25ef9dad-37af-464b-8de6-157007124c32","value":[]}
10-27 23:00:49.356  4205  9087 D SamsungAlarmManager: Cancel Alarm calling from uid:10026 pid :4853 / op:PendingIntent{d69e84: PendingIntentRecord{af93c82 com.google.android.gms startService}}
10-27 23:00:49.363  4205  9087 I SamsungAlarmManager: setLocked to kernel - T:2 / 20211027T230123, SetElapsed=25162166, nowELAPSED=25128465
10-27 23:00:49.363  4205  9087 I SamsungAlarmManager: setLocked to kernel - T:3 / 20211027T230100, SetElapsed=25139103, nowELAPSED=25128465
10-27 23:00:49.369  2507  2902 I appium  : channel read invoked!
10-27 23:00:49.369  2507  2902 I appium  : channel read: GET /wd/hub/session/25ef9dad-37af-464b-8de6-157007124c32/screenshot
10-27 23:00:49.371  2507  2902 I appium  : Capture screenshot command
10-27 23:00:49.438  4205  9087 D SamsungAlarmManager: Cancel Alarm calling from uid:10026 pid :5374 / op:PendingIntent{dc5e66d: PendingIntentRecord{3dd4701 com.google.android.gms startService}}
10-27 23:00:49.440  4205  9087 I SamsungAlarmManager: setLocked to kernel - T:2 / 20211027T230123, SetElapsed=25162166, nowELAPSED=25128543
10-27 23:00:49.441  4205  9087 I SamsungAlarmManager: setLocked to kernel - T:3 / 20211027T230100, SetElapsed=25139103, nowELAPSED=25128543
