10-27 23:03:19.520 32322 32428 D Analytics: com.rakuten.tech.mobile.analytics.RealRatBackend$sendEventsToRat$1#run:139 Skipping request delivery there are no events to deliver to RAT
10-27 23:03:19.542  3535  3541 I MediaCodec: setCodecState state : 0
10-27 23:03:19.543  3892 12532 I ResourceManagerService: getMediaResourceInfo resourceType : 2, size : 2
10-27 23:03:19.543  3892 12532 I ResourceManagerService: writeResourceInfo (PID : 2931, clientID : 517909492480, non-secure-codec/video-codec:1, 496x1080(fps:60) - SoftCodec : No, Encorder : Yes)
10-27 23:03:19.543  3892 12532 I ResourceManagerService: writeResourceInfo (PID : 3535, clientID : 526577319808, non-secure-codec/video-codec:1, 1080x2340(fps:60) - SoftCodec : No, Encorder : Yes)
10-27 23:03:19.543 25945 25966 V ResourceManagerHelper-JNI: JNIMediaResourceHelper::notify eventType : 3, ext1 : 0, ext2 : 0
10-27 23:03:19.543 25945 25966 V ResourceManagerHelper-JNI: notify eventType : 3, ext1 : 0, ext2 : 0
10-27 23:03:19.543 25945 25966 I SemMediaResourceHelper: makeMediaResourceInfo mOwnResourceEventExcluded : false, mPid : 25945
10-27 23:03:19.543 25945 25966 I SemMediaResourceHelper: [1] makeMediaResourceInfo resourceType : 2 isSecured : false, pid : 2931, client id : 517909492480
10-27 23:03:19.543 25945 25966 I SemMediaResourceHelper: [2] makeMediaResourceInfo resourceType : 2 isSecured : false, pid : 3535, client id : 526577319808
10-27 23:03:19.544 25945 25987 I SemMediaResourceHelper: onState
10-27 23:03:19.544 25945 25987 I DrmMediaResourceHelper: onStateChanged size = 2
10-27 23:03:19.544 25945 25987 I DrmMediaResourceHelper: resource type: 2,,,isSecured :  falsegetCodecState : 1getpid : 2931
10-27 23:03:19.544 25945 25987 I DrmMediaResourceHelper: resource type: 2,,,isSecured :  falsegetCodecState : 1getpid : 3535
10-27 23:03:19.547  4205  4385 D WifiStateMachine: enter getWifiLinkLayerStats
10-27 23:03:19.548  4205  4385 I WifiVendorHal: getWifiLinkLayerStats(l.3097) before calling iface.getLinkLayerStats
10-27 23:03:19.549  3701  3701 I android.hardware.wifi@1.0-service: enter getLinkLayerStats
10-27 23:03:19.549  3701  3701 I android.hardware.wifi@1.0-service: enter getLinkLayerStatsInternal
10-27 23:03:19.550  3701  3701 I android.hardware.wifi@1.0-service: Successfully getLinkLayerStats.
10-27 23:03:19.551  4205  4385 I WifiVendorHal: getWifiLinkLayerStats(l.3097) after calling iface.getLinkLayerStats
10-27 23:03:19.555  4205  4385 I WifiStateMachine: checkScoreBasedQuality -  mPreviousScore[0]:93 mPreviousScore[1]:94 mPreviousScore[2]:94 s2Score:94mPrevoiusScoreAverage:93
10-27 23:03:19.607 32322 32634 D Analytics: com.rakuten.tech.mobile.analytics.RealRatBackend$sendEventsToRat$1#run:139 Skipping request delivery there are no events to deliver to RAT
10-27 23:03:20.520 32322 32462 D Analytics: com.rakuten.tech.mobile.analytics.RealRatBackend$sendEventsToRat$1#run:139 Skipping request delivery there are no events to deliver to RAT
10-27 23:03:20.560  2931  2944 I MediaCodec: setCodecState state : 0
10-27 23:03:20.560  3892 12532 I ResourceManagerService: getMediaResourceInfo resourceType : 2, size : 2
10-27 23:03:20.561  3892 12532 I ResourceManagerService: writeResourceInfo (PID : 2931, clientID : 517909492480, non-secure-codec/video-codec:1, 496x1080(fps:60) - SoftCodec : No, Encorder : Yes)
10-27 23:03:20.561  3892 12532 I ResourceManagerService: writeResourceInfo (PID : 3535, clientID : 526577319808, non-secure-codec/video-codec:1, 1080x2340(fps:60) - SoftCodec : No, Encorder : Yes)
10-27 23:03:20.561 25945 25966 V ResourceManagerHelper-JNI: JNIMediaResourceHelper::notify eventType : 3, ext1 : 0, ext2 : 0
10-27 23:03:20.561 25945 25966 V ResourceManagerHelper-JNI: notify eventType : 3, ext1 : 0, ext2 : 0
10-27 23:03:20.561 25945 25966 I SemMediaResourceHelper: makeMediaResourceInfo mOwnResourceEventExcluded : false, mPid : 25945
10-27 23:03:20.561 25945 25966 I SemMediaResourceHelper: [1] makeMediaResourceInfo resourceType : 2 isSecured : false, pid : 2931, client id : 517909492480
10-27 23:03:20.562 25945 25966 I SemMediaResourceHelper: [2] makeMediaResourceInfo resourceType : 2 isSecured : false, pid : 3535, client id : 526577319808
10-27 23:03:20.562 25945 25987 I SemMediaResourceHelper: onState
10-27 23:03:20.562 25945 25987 I DrmMediaResourceHelper: onStateChanged size = 2
10-27 23:03:20.562 25945 25987 I DrmMediaResourceHelper: resource type: 2,,,isSecured :  falsegetCodecState : 1getpid : 2931
10-27 23:03:20.562 25945 25987 I DrmMediaResourceHelper: resource type: 2,,,isSecured :  falsegetCodecState : 1getpid : 3535
10-27 23:03:20.609 32322 32650 D Analytics: com.rakuten.tech.mobile.analytics.RealRatBackend$sendEventsToRat$1#run:139 Skipping request delivery there are no events to deliver to RAT
10-27 23:03:20.693  4205  4384 D WifiTrafficPoller: TrafficStats TxPkts=97626 RxPkts=126010 TxBytes=30484969 RxBytes=126776519 , Foreground uid=10419 pkgName=com.airbnb.android TxPackets=49883 RxPackets=74315 TxBytes=6902448 RxBytes=89826422
10-27 23:03:20.695  4516  4516 D SecStatusBarWifiView: updateState: WifiIconState(resId=2131232692, visible=true, activityId=2131232698)
10-27 23:03:20.695  4516  4516 D SecStatusBarWifiView: updateState: WifiIconState(resId=2131232692, visible=true, activityId=2131232698)
10-27 23:03:20.740  2931  2944 I MediaCodec: setCodecState state : 1
10-27 23:03:20.740  3892 12532 I ResourceManagerService: getMediaResourceInfo resourceType : 2, size : 2
10-27 23:03:20.740  3892 12532 I ResourceManagerService: writeResourceInfo (PID : 2931, clientID : 517909492480, non-secure-codec/video-codec:1, 496x1080(fps:60) - SoftCodec : No, Encorder : Yes)
10-27 23:03:20.740  3892 12532 I ResourceManagerService: writeResourceInfo (PID : 3535, clientID : 526577319808, non-secure-codec/video-codec:1, 1080x2340(fps:60) - SoftCodec : No, Encorder : Yes)
10-27 23:03:20.741 25945 25966 V ResourceManagerHelper-JNI: JNIMediaResourceHelper::notify eventType : 3, ext1 : 0, ext2 : 0
10-27 23:03:20.741 25945 25966 V ResourceManagerHelper-JNI: notify eventType : 3, ext1 : 0, ext2 : 0
10-27 23:03:20.741 25945 25966 I SemMediaResourceHelper: makeMediaResourceInfo mOwnResourceEventExcluded : false, mPid : 25945
10-27 23:03:20.741 25945 25966 I SemMediaResourceHelper: [1] makeMediaResourceInfo resourceType : 2 isSecured : false, pid : 2931, client id : 517909492480
10-27 23:03:20.741 25945 25966 I SemMediaResourceHelper: [2] makeMediaResourceInfo resourceType : 2 isSecured : false, pid : 3535, client id : 526577319808
10-27 23:03:20.741 25945 25987 I SemMediaResourceHelper: onState
10-27 23:03:20.741 25945 25987 I DrmMediaResourceHelper: onStateChanged size = 2
10-27 23:03:20.741 25945 25987 I DrmMediaResourceHelper: resource type: 2,,,isSecured :  falsegetCodecState : 1getpid : 2931
10-27 23:03:20.741 25945 25987 I DrmMediaResourceHelper: resource type: 2,,,isSecured :  falsegetCodecState : 1getpid : 3535
10-27 23:03:20.748  4205  4318 D SensorService: [SO] -0.128 0.283 9.858
10-27 23:03:20.770  3535  3541 I MediaCodec: setCodecState state : 1
10-27 23:03:20.774  3892 12532 I ResourceManagerService: getMediaResourceInfo resourceType : 2, size : 2
10-27 23:03:20.774  3892 12532 I ResourceManagerService: writeResourceInfo (PID : 2931, clientID : 517909492480, non-secure-codec/video-codec:1, 496x1080(fps:60) - SoftCodec : No, Encorder : Yes)
10-27 23:03:20.774  3892 12532 I ResourceManagerService: writeResourceInfo (PID : 3535, clientID : 526577319808, non-secure-codec/video-codec:1, 1080x2340(fps:60) - SoftCodec : No, Encorder : Yes)
10-27 23:03:20.774 25945 25966 V ResourceManagerHelper-JNI: JNIMediaResourceHelper::notify eventType : 3, ext1 : 0, ext2 : 0
10-27 23:03:20.774 25945 25966 V ResourceManagerHelper-JNI: notify eventType : 3, ext1 : 0, ext2 : 0
10-27 23:03:20.774 25945 25966 I SemMediaResourceHelper: makeMediaResourceInfo mOwnResourceEventExcluded : false, mPid : 25945
10-27 23:03:20.774 25945 25966 I SemMediaResourceHelper: [1] makeMediaResourceInfo resourceType : 2 isSecured : false, pid : 2931, client id : 517909492480
10-27 23:03:20.775 25945 25966 I SemMediaResourceHelper: [2] makeMediaResourceInfo resourceType : 2 isSecured : false, pid : 3535, client id : 526577319808
10-27 23:03:20.775 25945 25987 I SemMediaResourceHelper: onState
10-27 23:03:20.775 25945 25987 I DrmMediaResourceHelper: onStateChanged size = 2
10-27 23:03:20.775 25945 25987 I DrmMediaResourceHelper: resource type: 2,,,isSecured :  falsegetCodecState : 1getpid : 2931
10-27 23:03:20.775 25945 25987 I DrmMediaResourceHelper: resource type: 2,,,isSecured :  falsegetCodecState : 1getpid : 3535
10-27 23:03:21.519 32322 32481 D Analytics: com.rakuten.tech.mobile.analytics.RealRatBackend$sendEventsToRat$1#run:139 Skipping request delivery there are no events to deliver to RAT
10-27 23:03:21.610 32322 32406 D Analytics: com.rakuten.tech.mobile.analytics.RealRatBackend$sendEventsToRat$1#run:139 Skipping request delivery there are no events to deliver to RAT
10-27 23:03:21.667  5151  5151 D io_stats: !@ 179,0 r 367120 11572952 w 215276 3417212 d 6852 2972868 f 19090 20256 iot 303396 265661 th 51200 0 0 pt 0 inp 0 0 21926.469
10-27 23:03:21.697  4516  4516 D SecStatusBarWifiView: updateState: WifiIconState(resId=2131232692, visible=true, activityId=2131232717)
10-27 23:03:21.882  4205  4683 D BatteryService: Sending ACTION_BATTERY_CHANGED. scale:100, info:{.chargerAcOnline = false, .chargerUsbOnline = true, .chargerWirelessOnline = false, .maxChargingCurrent = 0, .maxChargingVoltage = 0, .batteryStatus = CHARGING, .batteryHealth = GOOD, .batteryPresent = true, .batteryLevel = 75, .batteryVoltage = 4154, .batteryTemperature = 338, .batteryCurrent = 1, .batteryCycleCount = 0, .batteryFullCharge = 4900000, .batteryChargeCounter = 3714200, .batteryTechnology = Li-ion}
10-27 23:03:21.882  4205  4683 D BatteryService: online:19, current avg:1242, charge type:1, POGO powered:false, power sharing:false, high voltage charger:false, charger_type:0, capacity:280000, batterySWSelfDischarging:false, misc_event:0, current_event:0, current_now:1303
10-27 23:03:21.698  4516  4516 D SecStatusBarWifiView: updateState: WifiIconState(resId=2131232692, visible=true, activityId=2131232717)
10-27 23:03:21.883  4205  4205 I MotionRecognitionService: Plugged
10-27 23:03:21.884  4205  4205 D MotionRecognitionService:   mCableConnection= 1
10-27 23:03:21.884  4205  4205 D MotionRecognitionService: setPowerConnected : mGripEnabled = false
10-27 23:03:21.884  4205  4205 D SamsungPhoneWindowManager: ACTION_BATTERY_CHANGED - Level :: 75, battStatus :: 2
10-27 23:03:21.885  4205  4205 D UsbDeviceManager: received ACTION_BATTERY_CHANGED
10-27 23:03:21.885  4450  4450 D BigDataInfoController: Intent : android.intent.action.BATTERY_CHANGED
10-27 23:03:21.885  4205  4233 D UsbDeviceManager: handleMessage -> MSG_UPDATE_CHARGING_STATE = 1
10-27 23:03:21.886  4205  4233 D UsbDeviceManager: updateUsbNotification(false) : mConnected = true, mConfigured = true, mCurrentFunctions = 5, mHostConnected = false, mSourcePower = false, mSinkPower = true, mUsbCharging = true, mUseUsbNotification = true
10-27 23:03:21.886  4205  4233 D UsbDeviceManager: updateUsbNotification, set mCurrentFunctionsForNoti : mtp
10-27 23:03:21.886  4516  4516 D KeyguardUpdateMonitor: received broadcast android.intent.action.BATTERY_CHANGED
10-27 23:03:21.886  4205  4233 D UsbDeviceManager: id=27, mUsbNotificationId=27, titleRes=17042128
10-27 23:03:21.886  4516  4516 D KeyguardUpdateMonitor: handleBatteryUpdate
10-27 23:03:21.888  4450  4450 D BigDataInfoController: Intent : android.intent.action.BATTERY_CHANGED
10-27 23:03:21.898  4516  4516 I StackScroller: ADJUST STACK.TRANSLATION
10-27 23:03:21.898  4516  4516 I chatty  : uid=10006(com.samsung.android.app.aodservice) com.android.systemui identical 1 line
10-27 23:03:21.898  4516  4516 I StackScroller: ADJUST STACK.TRANSLATION
10-27 23:03:21.905  4516  4516 D PowerUI : priorPlugType = 2 mPlugType = 2 priorBatteryStatus = 2 mBatteryStatus = 2
10-27 23:03:21.905  4516  4516 D PowerUI.Notification: Charging estimate time is not supported and connected cable is normal cable charger, so return!
10-27 23:03:21.905  4516  4516 D PowerUI : Battery swelling mode - priorBatterySwellingMode = 0 mBatterySwellingMode = 0
10-27 23:03:22.300  2507  2531 I appium  : AppiumResponse: {"sessionId":"25ef9dad-37af-464b-8de6-157007124c32","value":[]}
10-27 23:03:22.364  2507  2532 I appium  : channel read invoked!
10-27 23:03:22.365  2507  2532 I appium  : channel read: GET /wd/hub/session/25ef9dad-37af-464b-8de6-157007124c32/screenshot
10-27 23:03:22.366  2507  2532 I appium  : Capture screenshot command
10-27 23:03:22.519 32322 32485 D Analytics: com.rakuten.tech.mobile.analytics.RealRatBackend$sendEventsToRat$1#run:139 Skipping request delivery there are no events to deliver to RAT
10-27 23:03:22.544  4205  4491 I EDMNativeHelperService: isScreenCaptureEnabled
10-27 23:03:22.545  4205  4491 D RestrictionPolicy: isScreenCaptureEnabled : ret=true userId=0
10-27 23:03:22.556  4205  4385 D WifiStateMachine: enter getWifiLinkLayerStats
10-27 23:03:22.556  4205  4385 I WifiVendorHal: getWifiLinkLayerStats(l.3097) before calling iface.getLinkLayerStats
10-27 23:03:22.557  3701  3701 I android.hardware.wifi@1.0-service: enter getLinkLayerStats
10-27 23:03:22.557  3701  3701 I android.hardware.wifi@1.0-service: enter getLinkLayerStatsInternal
10-27 23:03:22.566  3701  3701 I android.hardware.wifi@1.0-service: Successfully getLinkLayerStats.
10-27 23:03:22.567  4205  4385 I WifiVendorHal: getWifiLinkLayerStats(l.3097) after calling iface.getLinkLayerStats
10-27 23:03:22.577  4205  4385 I WifiStateMachine: checkScoreBasedQuality -  mPreviousScore[0]:94 mPreviousScore[1]:94 mPreviousScore[2]:94 s2Score:94mPrevoiusScoreAverage:94
10-27 23:03:22.609 32322 32434 D Analytics: com.rakuten.tech.mobile.analytics.RealRatBackend$sendEventsToRat$1#run:139 Skipping request delivery there are no events to deliver to RAT
10-27 23:03:23.029  2507  2532 I appium  : AppiumResponse: {"sessionId":"25ef9dad-37af-464b-8de6-157007124c32","value":"iVBORw0KGgoAAAANSUhEUgAABDgAAAkkCAYAAAD508+vAAAABHNCSVQICAgIfAhkiAAAIABJREFU\neJzsvXeYXMWZ9n2fzmFyTpqg0YxyQigAEhlkshHJXtYLa2zsXa+xjY13ve9nnHd9rRfYj93Xxnkd\n1mtsMsZkMEISSKCc84wm59AznbvP+0dPp+l0QtU51aP6XZeNprvqqXBCV9311FPCF\/ALETkQciWg\nkJdMmTmbRqxcNfXVq9xIXvl9pLZctfkFhXVWU66SfJnzpNZfjn2ydVGXnky9k\/uDRl+QSRevp551\nTE0v7XmgVY9IHrJ1yJ0+fXm07nNp6bWvU+60yp8tJemVlyH9na5fGzLXUYt+Sp8ne7\/p8zxo8\/tG\n4\/eV5u9wcnq973d110h5udnSszheJ9tPZPNq11+kbcizQ\/a9S94Omd99dflZ6yPy7xclNgykDepN\nvtUX0KfOevaTXmWzcW9oL27IRU9xQw6k+4KLG\/kibuiTXgn5LG4ogTVxQwlaiBtKyFdxg2YdpJRP\n4\/pwcUNdfi5uqM3LxQ02xA06NkmJG6TQc0FbjQ0TgXIzouVqOQnOl\/rma7mRsrX3ONFiBZAmek\/I\n86H8\/BQ39K1HJA+de1qup4T+k3f1ddJu9ZiNMrQQN2hP2rUaM5CY4JBETn20eaerX0XV5n3NxQ1W\nJuvZYVXc0MfjmiQsCS3q0ft5Iityk4H8wopSG1QFDk5u8s17Q08lL1\/6Ss4gmbb3ht4DPDmTQtbF\nDTnQulflDnZoihtyYGdAEoFFbw+p6C\/maJ9eCXNF3EiF3HOvNL2edvPFZqpd9sQN\/dFW3NCjn8jU\nV39PV+0nqux7JtC2pwaWrrseCMixRSVfJpR65j0fvSiUkm99Ra6+7IsbNGzSbh8Jm2wLQNnS6i9u\n5JuHitL0udHWe0MayryOtEgfR+8JX670bEwIaT335NKr7yd197+631dW3td0YSFOgPo+0Uvc0Hcu\npPe9o0f782FrCvnrwk7blNphx3sDoOjBkU8T8HybeOtVpp7XVGuRglw+\/X+cpEBaDMiN\/ts+cqdR\nPkmUQv6LG3pMtrQNmqmFsEj+\/mdb3JB67ygtQwtxQyvBOZ\/FDW0EBu0mpFqIG3Tuq7khbqhBL3FD\n\/ThS75g2ekyW80HcIG9TrZhAqh6k0PPei+bL6MHBSidJJd\/qqwb9PRK0LVvpy17\/e4LMi5r2YFr7\nl73+4kZu2Kkj7UmOXPQTN7RNLw3tBJf87J90ZbAVVDQVNvY1syZupKJt4FX2PEek2OTiRipsbfuM\nwI64EYeLG+xC1lNB\/7lKKqQEF61JrHfOU1TUFqBFPr3QV9nVFr1e9Pnk5SJ1YJOP4ka+2CRjj1Vx\nQ1\/b8Tx6uWbS9aiZDUuCArtihdz0ek\/4cqWnI27QXu3W\/npr+\/vGnueIlHR63+vsiBtqPRLojiHZ\n2mpA4jeWpbkUKXGDZe8NNSirD13vDRYEGxLvRCoCRz7B2s1Oi3wTGdSitYCkdGBDGvYn5HT33UpJ\nK1XckIM2fUluAMCKcCY3rVLoCATaCC7ybGszgaAtbijhfBU3lMBCnZQ\/M3p7jkhB73udixvS8rIV\nRJglcUPbcX8+iRvk40yQQN96kB0LkRmfiuljcOTTqrnavHqUqe\/kW1vI9RN9t2YaLz81ZbAwadJ7\nUquXuMFeW1gRN\/RaTWY3rgRNsUiJuMFae\/XxxJCbPn\/FDW37ikw\/KX9f6e05IiUt3a20eokbSuDi\nhpy87Gy50m6Sqt14gh3xU21+8kfTkrLFjrgRgbgHBytqlhTyqa56odfNnk\/XRuqPOEsr7KTtyfkx\n0+uHRqq4Qbpc9eSHaKbEfv6m1\/\/YPhK2tRArIrATVDQVNrwkkpm74gat8pXZJAPr4gYJlNeVjb35\nyWjrBaQFLAsB6WHxvsgFOU+FfL3PUmHxOkbqlOLBcb54Q6jhfPHeyMcHUL\/+1fch19bTgX5avTw3\n5JStTbtZEs3ITnDkigksTt5pliHXe4Pd\/mFH3JD7fCkpQylyf0u0FYL0Fln1FlekpGNX3NBvMqa9\nEKxXPymv79zy3JBmh847jrYdWvakw7035OQh6sGRjxNiDh3OFxEoAtlBMjuTJpL25E\/ASJWfDwJM\n+nTkRDPa9ziLk2t60Bdc5kJ\/siZupEJP3KC92q3d9QP0eg9JLV\/v93sELm6k5mHRy40tcYMErIkA\nc1fcYGk8RtaOclvkvLLJiRvx65Q2Bsf5QD55RORTXfXKq18fzT1xg\/yPtTxxQ9t60g0Uma+eG8n5\n9BQ36HsmKMnDwnMaT093cqUkD4viRnKe80fcUNdX5PopX8QNOSiZyHNxg3yZ0vKythVN\/aIPaxPl\nuStukLOp5n4hWQ+WoCFuALM8OPTosHxVTTlawkYAuNS8LO49Uwf5AaO+4obUAQ9bAoz+KwX6iWHa\nw5Lgwq4nBjvplXC+ihtKoCFuKENvzxEp6eiLi9lhK5ZEvoob+baISCK\/9nbyebxMxlOB1fGS3t4b\ntCDmwcFyI2eTTy+zfKqrHnlZF+VYmdxISUtD3JAD6WuZL+KGnMmXtp4bAMkBtPz6sBdXgub7Rs0g\ng1YZtCfsSlDXhvwVN5TASp3kv7f0EVdYEzeUTtq550Yi2sdvyc755rmhzziQtTmpuvrQ897Q28mA\n5rwv5sHB2s2Qi3yrb76QT+KGGtSXp98AUG56bYWDKPLUXW3FGronptASN+TAmrihBPbECvnXhyVB\nRDsxh52tKbSer+zlyIHFviLrTaK3uEGjnnNZ3FCCWnGDHvTEDb3mIPklAMwFcYMtTwU26qHfiVaZ\n86TWiYgHhx5eBlpzvnhvKEUP9Z117xY6Ayt56Om5waa4Qa9cueSr54Z621LSs+WZQLMMLVZLWRRD\nWBM3tPw9YfP60auPNJvkJ8gs1DPfxA3a9w6JMqXlZU3cUD9RZnHOpLT\/pduRB\/2xmtb56cWJ0\/Ne\npC1uADMeHCw+NLQ4n9oql3zqG33FDX33JrN9neip3WTEDbqr8Momtax5bpAtg7X0StBiUkPLtrbv\nC3YCZcZha2WZNXGDJnpONui8t7m4kUr+iRtq0GtSSPJZoi8mzBVxg53tRKRRXi86JyLSQLdTVFh5\n0GnDvTfo5dWyLFr1pDl41d7bgXXPDflKuN7ihvaeG4CecTe0WElmSXBRbpudAbzcOmkjSEWhWycW\n72+50Jq0S6+79AGzvquzXNxIzcOauMHW8x6BLc8NumICW9s41aJ\/3eie8qcXWozbAAICB7udnvqg\n5ZNooAT59dT34cmX6yF3tV3PwZoc2+TKZ2uFND1sHAebDIueG\/kjbiiBpTppO9FnI70SWBVcWLqX\nkstgJ\/3csUnnNDC1eUihh7ihBlbEgnyDnrih\/xiQxjOvFnV1YnFrij4eLUqFX0O+PexyVpL1Jj8n\n8Nrlzc35J1JlQ682yHm5sOm9QTeoqDKbeh\/BSFfcUAZ7cTf0Pgkove383QaSjxNwcuWwdX+zId7p\nHfcjX9D73Uy+zPzp+wh6jZPpelyQQJ+Tc2jYiaP31hQ25rDJsLg1JXs\/qfLgYHOyqW9wPL2QV0\/9\nIuCqyavH\/caK94a2goCUdMrFJz3FDb3qmJxOn1MCskN2AC3\/\/mZr8hfJo7frvvI8rKXXogytxJC5\n03a97286W1P0nuzky9hGnQ3WtqYArAUSjqBuUsji\/EPumFiaHZZgS9xgw3uDTcElF7rF4KADWyq3\nEvLJe4NumfknwtCc4JCsAw1lWa\/VNRrihhzk22RD3CA1SMltW0p6drwk4mWwUydaIqvS9KnoXyc5\n3khaI1dMOD88k\/RfDWTj90B
10-27 23:03:23.077  2507  2696 I appium  : channel read invoked!
10-27 23:03:23.077  2507  2696 I appium  : channel read: GET /wd/hub/session/25ef9dad-37af-464b-8de6-157007124c32/window/current/size
10-27 23:03:23.078  2507  2696 I appium  : Get window size of the device
10-27 23:03:23.086  2507  2696 I appium  : AppiumResponse: {"sessionId":"25ef9dad-37af-464b-8de6-157007124c32","value":{"height":2131,"width":1080}}
10-27 23:03:23.112  2507  2699 I appium  : channel read invoked!
10-27 23:03:23.113  2507  2699 I appium  : channel read: GET /wd/hub/session/25ef9dad-37af-464b-8de6-157007124c32/window/current/size
10-27 23:03:23.114  2507  2699 I appium  : Get window size of the device
10-27 23:03:23.119  2507  2699 I appium  : AppiumResponse: {"sessionId":"25ef9dad-37af-464b-8de6-157007124c32","value":{"height":2131,"width":1080}}
10-27 23:03:23.144  2507  2701 I appium  : channel read invoked!
10-27 23:03:23.145  2507  2701 I appium  : channel read: POST /wd/hub/session/25ef9dad-37af-464b-8de6-157007124c32/touch/perform
10-27 23:03:23.149  2507  2701 I appium  : JSON Payload : {"startX":540,"startY":1278,"endX":540,"endY":639,"steps":14}
10-27 23:03:23.150  4205  4630 E Watchdog: !@Sync 730 [2021-10-27 23:03:23.150] FD count : 451
10-27 23:03:23.161  4205  4491 D InputDispatcher: Inject motion (2497): action=0x0, eventTime=21927964000000, displayId=0
10-27 23:03:23.161  4205  4348 I InputDispatcher: Delivering touch to (4516): action: 0x4, displayId: 0, '77a0a71', toolType: 1
10-27 23:03:23.162  4205  4348 I InputDispatcher: Delivering touch to (4516): action: 0x4, displayId: 0, 'cb105cc', toolType: 1
10-27 23:03:23.162  4205  4348 I InputDispatcher: Delivering touch to (2541): action: 0x0, displayId: 0, 'ffc1ba5', toolType: 1
10-27 23:03:23.162  2541  2541 D ViewRootImpl@11e0231[HomeActivity]: ViewPostIme pointer 0
10-27 23:03:23.519 32322 32544 D Analytics: com.rakuten.tech.mobile.analytics.RealRatBackend$sendEventsToRat$1#run:139 Skipping request delivery there are no events to deliver to RAT
10-27 23:03:23.580  4205  4215 D InputDispatcher: Inject motion (2497): action=0x1, eventTime=21928382000000, displayId=0
10-27 23:03:23.581  4205  4348 I InputDispatcher: Delivering touch to (2541): action: 0x1, displayId: 0, 'ffc1ba5', toolType: 1
10-27 23:03:23.581  2541  2541 D ViewRootImpl@11e0231[HomeActivity]: ViewPostIme pointer 1
10-27 23:03:23.587  4205  4205 D GameManagerService: identifyGamePackage. com.airbnb.android
10-27 23:03:23.587  4205  4205 D GamePkgDataHelper: getGamePkgData(). com.airbnb.android
10-27 23:03:23.588  4205  4205 D CustomFrequencyManagerService: acquireDVFSLockLocked : type : DVFS_MIN_LIMIT  frequency : 936000  uid : 1000  pid : 4205  pkgName : GESTURE_DETECTED@CPU_MIN@30
10-27 23:03:23.609 32322 32464 D Analytics: com.rakuten.tech.mobile.analytics.RealRatBackend$sendEventsToRat$1#run:139 Skipping request delivery there are no events to deliver to RAT
10-27 23:03:23.703  4516  4516 D SecStatusBarWifiView: updateState: WifiIconState(resId=2131232692, visible=true, activityId=2131232719)
10-27 23:03:23.707  4516  4516 D SecStatusBarWifiView: updateState: WifiIconState(resId=2131232692, visible=true, activityId=2131232719)
10-27 23:03:23.985  3713 10198 V APM_AudioPolicyManager: getAudioPolicyConfig: audioParam;outDevice
10-27 23:03:23.985  3713 10198 V APM_AudioPolicyManager: getNewOutputDevice() selected device 0
10-27 23:03:23.985  3713 10198 V APM_AudioPolicyManager: ### curdevice : 2
10-27 23:03:24.309  4205  4205 D CustomFrequencyManagerService: releaseDVFSLockLocked : Getting Lock type frm List : DVFS_MIN_LIMIT  frequency : 936000  uid : 1000  pid : 4205  tag : GESTURE_DETECTED@CPU_MIN@30
10-27 23:03:24.359  2507  2701 I appium  : AppiumResponse: {"sessionId":"25ef9dad-37af-464b-8de6-157007124c32","value":null}
10-27 23:03:24.406  2507  2835 I appium  : channel read invoked!
10-27 23:03:24.406  2507  2835 I appium  : channel read: POST /wd/hub/session/25ef9dad-37af-464b-8de6-157007124c32/elements
10-27 23:03:24.410  2507  2835 I appium  : Find elements command using 'xpath' with selector '//*[@text='March 2022']'.
10-27 23:03:24.411  2507  2835 I appium  : Waiting up to 10000ms for device to be idle
10-27 23:03:24.520 32322 32561 D Analytics: com.rakuten.tech.mobile.analytics.RealRatBackend$sendEventsToRat$1#run:139 Skipping request delivery there are no events to deliver to RAT
10-27 23:03:24.608 32322 32482 D Analytics: com.rakuten.tech.mobile.analytics.RealRatBackend$sendEventsToRat$1#run:139 Skipping request delivery there are no events to deliver to RAT
10-27 23:03:24.732  4205  4384 D WifiTrafficPoller: TrafficStats TxPkts=97632 RxPkts=126015 TxBytes=30485432 RxBytes=126776835 , Foreground uid=10419 pkgName=com.airbnb.android TxPackets=49886 RxPackets=74318 TxBytes=6902681 RxBytes=89826597
10-27 23:03:24.734  4516  4516 D SecStatusBarWifiView: updateState: WifiIconState(resId=2131232692, visible=true, activityId=2131232698)
10-27 23:03:24.735  4516  4516 D SecStatusBarWifiView: updateState: WifiIconState(resId=2131232692, visible=true, activityId=2131232698)
10-27 23:03:24.932  2541  2541 W View    : couldn't find view with id 2131427942
10-27 23:03:25.519 32322 32582 D Analytics: com.rakuten.tech.mobile.analytics.RealRatBackend$sendEventsToRat$1#run:139 Skipping request delivery there are no events to deliver to RAT
10-27 23:03:25.580  4205  4385 D WifiStateMachine: enter getWifiLinkLayerStats
10-27 23:03:25.581  4205  4385 I WifiVendorHal: getWifiLinkLayerStats(l.3097) before calling iface.getLinkLayerStats
10-27 23:03:25.582  3701  3701 I android.hardware.wifi@1.0-service: enter getLinkLayerStats
10-27 23:03:25.582  3701  3701 I android.hardware.wifi@1.0-service: enter getLinkLayerStatsInternal
10-27 23:03:25.592  3701  3701 I android.hardware.wifi@1.0-service: Successfully getLinkLayerStats.
10-27 23:03:25.593  4205  4385 I WifiVendorHal: getWifiLinkLayerStats(l.3097) after calling iface.getLinkLayerStats
10-27 23:03:25.607  4205  4385 I WifiStateMachine: checkScoreBasedQuality -  mPreviousScore[0]:94 mPreviousScore[1]:94 mPreviousScore[2]:94 s2Score:94mPrevoiusScoreAverage:94
10-27 23:03:25.610 32322 32486 D Analytics: com.rakuten.tech.mobile.analytics.RealRatBackend$sendEventsToRat$1#run:139 Skipping request delivery there are no events to deliver to RAT
10-27 23:03:25.738  4516  4516 D SecStatusBarWifiView: updateState: WifiIconState(resId=2131232692, visible=true, activityId=2131232717)
10-27 23:03:25.739  4516  4516 D SecStatusBarWifiView: updateState: WifiIconState(resId=2131232692, visible=true, activityId=2131232717)
10-27 23:03:26.520 32322 32628 D Analytics: com.rakuten.tech.mobile.analytics.RealRatBackend$sendEventsToRat$1#run:139 Skipping request delivery there are no events to deliver to RAT
10-27 23:03:26.543  4205  4215 D ConnectivityService: filterNetworkStateForUid() uid: 10026, pid: 4853
10-27 23:03:26.543  4205  4215 D ConnectivityService: filterNetworkStateForUid() uid: 10026, pid: 4853, networkInfo: [type: WIFI[], state: CONNECTED/CONNECTED, reason: (unspecified), extra: (none), failover: false, available: true, roaming: false]
10-27 23:03:26.608 32322 32551 D Analytics: com.rakuten.tech.mobile.analytics.RealRatBackend$sendEventsToRat$1#run:139 Skipping request delivery there are no events to deliver to RAT
10-27 23:03:26.671  5151  5151 D io_stats: !@ 179,0 r 367120 11572952 w 215283 3418428 d 6853 2972872 f 19090 20258 iot 303416 265674 th 51200 0 0 pt 0 inp 0 0 21931.474
10-27 23:03:27.521 32322 32630 D Analytics: com.rakuten.tech.mobile.analytics.RealRatBackend$sendEventsToRat$1#run:139 Skipping request delivery there are no events to deliver to RAT
10-27 23:03:27.609 32322 32563 D Analytics: com.rakuten.tech.mobile.analytics.RealRatBackend$sendEventsToRat$1#run:139 Skipping request delivery there are no events to deliver to RAT
10-27 23:03:27.775  3535  3541 I MediaCodec: setCodecState state : 0
10-27 23:03:27.776  3892 12532 I ResourceManagerService: getMediaResourceInfo resourceType : 2, size : 2
10-27 23:03:27.777  3892 12532 I ResourceManagerService: writeResourceInfo (PID : 2931, clientID : 517909492480, non-secure-codec/video-codec:1, 496x1080(fps:60) - SoftCodec : No, Encorder : Yes)
10-27 23:03:27.777  3892 12532 I ResourceManagerService: writeResourceInfo (PID : 3535, clientID : 526577319808, non-secure-codec/video-codec:1, 1080x2340(fps:60) - SoftCodec : No, Encorder : Yes)
10-27 23:03:27.777 25945 25966 V ResourceManagerHelper-JNI: JNIMediaResourceHelper::notify eventType : 3, ext1 : 0, ext2 : 0
10-27 23:03:27.777 25945 25966 V ResourceManagerHelper-JNI: notify eventType : 3, ext1 : 0, ext2 : 0
10-27 23:03:27.778 25945 25966 I SemMediaResourceHelper: makeMediaResourceInfo mOwnResourceEventExcluded : false, mPid : 25945
10-27 23:03:27.778 25945 25966 I SemMediaResourceHelper: [1] makeMediaResourceInfo resourceType : 2 isSecured : false, pid : 2931, client id : 517909492480
10-27 23:03:27.778 25945 25966 I SemMediaResourceHelper: [2] makeMediaResourceInfo resourceType : 2 isSecured : false, pid : 3535, client id : 526577319808
10-27 23:03:27.778 25945 25987 I SemMediaResourceHelper: onState
10-27 23:03:27.778 25945 25987 I DrmMediaResourceHelper: onStateChanged size = 2
10-27 23:03:27.778 25945 25987 I DrmMediaResourceHelper: resource type: 2,,,isSecured :  falsegetCodecState : 1getpid : 2931
10-27 23:03:27.778 25945 25987 I DrmMediaResourceHelper: resource type: 2,,,isSecured :  falsegetCodecState : 1getpid : 3535
10-27 23:03:28.125  9757  9781 I VoiceInputManagerWrapper: VoiceInputManagerWrapper.shutdownVoiceInternal():94 shutdownVoiceInternal()
10-27 23:03:28.474  4205  4491 D ConnectivityService: filterNetworkStateForUid() uid: 10230, pid: 3120
10-27 23:03:28.474  4205  4491 D ConnectivityService: filterNetworkStateForUid() uid: 10230, pid: 3120, networkInfo: [type: WIFI[], state: DISCONNECTED/BLOCKED, reason: (unspecified), extra: (none), failover: false, available: true, roaming: false]
10-27 23:03:28.519 32322 32401 D Analytics: com.rakuten.tech.mobile.analytics.RealRatBackend$sendEventsToRat$1#run:139 Skipping request delivery there are no events to deliver to RAT
10-27 23:03:28.608 32322 32587 D Analytics: com.rakuten.tech.mobile.analytics.RealRatBackend$sendEventsToRat$1#run:139 Skipping request delivery there are no events to deliver to RAT
10-27 23:03:28.610  4205  4385 D WifiStateMachine: enter getWifiLinkLayerStats
10-27 23:03:28.610  4205  4385 I WifiVendorHal: getWifiLinkLayerStats(l.3097) before calling iface.getLinkLayerStats
10-27 23:03:28.611  3701  3701 I android.hardware.wifi@1.0-service: enter getLinkLayerStats
10-27 23:03:28.611  3701  3701 I android.hardware.wifi@1.0-service: enter getLinkLayerStatsInternal
10-27 23:03:28.620  3701  3701 I android.hardware.wifi@1.0-service: Successfully getLinkLayerStats.
10-27 23:03:28.620  2507  2835 I appium  : AppiumResponse: {"sessionId":"25ef9dad-37af-464b-8de6-157007124c32","value":[]}
10-27 23:03:28.620  4205  4385 I WifiVendorHal: getWifiLinkLayerStats(l.3097) after calling iface.getLinkLayerStats
10-27 23:03:28.630  4205  4385 I WifiStateMachine: checkScoreBasedQuality -  mPreviousScore[0]:94 mPreviousScore[1]:94 mPreviousScore[2]:94 s2Score:94mPrevoiusScoreAverage:94
10-27 23:03:28.680  2507  2862 I appium  : channel read invoked!
10-27 23:03:28.680  2507  2862 I appium  : channel read: GET /wd/hub/session/25ef9dad-37af-464b-8de6-157007124c32/screenshot
10-27 23:03:28.681  5324  5670 D SDHMS:s : SIOP:: AP:317(388,70) BAT:338(338,0) CHG:426(426,0) USB:0(0,0) ATC:0(0,-999) 
10-27 23:03:28.682  2507  2862 I appium  : Capture screenshot command
10-27 23:03:28.743  2931  2944 I MediaCodec: setCodecState state : 0
10-27 23:03:28.743  3892 12532 I ResourceManagerService: getMediaResourceInfo resourceType : 2, size : 2
10-27 23:03:28.743  3892 12532 I ResourceManagerService: writeResourceInfo (PID : 2931, clientID : 517909492480, non-secure-codec/video-codec:1, 496x1080(fps:60) - SoftCodec : No, Encorder : Yes)
10-27 23:03:28.743  3892 12532 I ResourceManagerService: writeResourceInfo (PID : 3535, clientID : 526577319808, non-secure-codec/video-codec:1, 1080x2340(fps:60) - SoftCodec : No, Encorder : Yes)
10-27 23:03:28.744 25945 25966 V ResourceManagerHelper-JNI: JNIMediaResourceHelper::notify eventType : 3, ext1 : 0, ext2 : 0
10-27 23:03:28.744 25945 25966 V ResourceManagerHelper-JNI: notify eventType : 3, ext1 : 0, ext2 : 0
10-27 23:03:28.744 25945 25966 I SemMediaResourceHelper: makeMediaResourceInfo mOwnResourceEventExcluded : false, mPid : 25945
10-27 23:03:28.744 25945 25966 I SemMediaResourceHelper: [1] makeMediaResourceInfo resourceType : 2 isSecured : false, pid : 2931, client id : 517909492480
10-27 23:03:28.744 25945 25966 I SemMediaResourceHelper: [2] makeMediaResourceInfo resourceType : 2 isSecured : false, pid : 3535, client id : 526577319808
10-27 23:03:28.745 25945 25987 I SemMediaResourceHelper: onState
10-27 23:03:28.745 25945 25987 I DrmMediaResourceHelper: onStateChanged size = 2
10-27 23:03:28.745 25945 25987 I DrmMediaResourceHelper: resource type: 2,,,isSecured :  falsegetCodecState : 1getpid : 2931
10-27 23:03:28.745 25945 25987 I DrmMediaResourceHelper: resource type: 2,,,isSecured :  falsegetCodecState : 1getpid : 3535
10-27 23:03:28.882  4205  4215 I EDMNativeHelperService: isScreenCaptureEnabled
10-27 23:03:28.884  4205  4215 D RestrictionPolicy: isScreenCaptureEnabled : ret=true userId=0
10-27 23:03:29.128  4205  4318 D SensorService: [SO] -0.113 0.280 9.869
10-27 23:03:29.426  2507  2862 I appium  : AppiumResponse: {"sessionId":"25ef9dad-37af-464b-8de6-157007124c32","value":"iVBORw0KGgoAAAANSUhEUgAABDgAAAkkCAYAAAD508+vAAAABHNCSVQICAgIfAhkiAAAIABJREFU\neJzsvXeYXMWZ9n2fzmFyTpqg0YxyQigAEhlkshHJXtYLa2zsXa+xjY13ve9nnHd9rRfYj93Xxnkd\n1mtsMsZkMEISSKCc84wm59AznbvP+0dPp+l0QtU51aP6XZeNprvqqXBCV9311FPCF\/ALETkQciWg\nkJdMmTmbRqxcNfXVq9xIXvl9pLZctfkFhXVWU66SfJnzpNZfjn2ydVGXnky9k\/uDRl+QSRevp551\nTE0v7XmgVY9IHrJ1yJ0+fXm07nNp6bWvU+60yp8tJemVlyH9na5fGzLXUYt+Sp8ne7\/p8zxo8\/tG\n4\/eV5u9wcnq973d110h5udnSszheJ9tPZPNq11+kbcizQ\/a9S94Omd99dflZ6yPy7xclNgykDepN\nvtUX0KfOevaTXmWzcW9oL27IRU9xQw6k+4KLG\/kibuiTXgn5LG4ogTVxQwlaiBtKyFdxg2YdpJRP\n4\/pwcUNdfi5uqM3LxQ02xA06NkmJG6TQc0FbjQ0TgXIzouVqOQnOl\/rma7mRsrX3ONFiBZAmek\/I\n86H8\/BQ39K1HJA+de1qup4T+k3f1ddJu9ZiNMrQQN2hP2rUaM5CY4JBETn20eaerX0XV5n3NxQ1W\nJuvZYVXc0MfjmiQsCS3q0ft5Iityk4H8wopSG1QFDk5u8s17Q08lL1\/6Ss4gmbb3ht4DPDmTQtbF\nDTnQulflDnZoihtyYGdAEoFFbw+p6C\/maJ9eCXNF3EiF3HOvNL2edvPFZqpd9sQN\/dFW3NCjn8jU\nV39PV+0nqux7JtC2pwaWrrseCMixRSVfJpR65j0fvSiUkm99Ra6+7IsbNGzSbh8Jm2wLQNnS6i9u\n5JuHitL0udHWe0MayryOtEgfR+8JX670bEwIaT335NKr7yd197+631dW3td0YSFOgPo+0Uvc0Hcu\npPe9o0f782FrCvnrwk7blNphx3sDoOjBkU8T8HybeOtVpp7XVGuRglw+\/X+cpEBaDMiN\/ts+cqdR\nPkmUQv6LG3pMtrQNmqmFsEj+\/mdb3JB67ygtQwtxQyvBOZ\/FDW0EBu0mpFqIG3Tuq7khbqhBL3FD\n\/ThS75g2ekyW80HcIG9TrZhAqh6k0PPei+bL6MHBSidJJd\/qqwb9PRK0LVvpy17\/e4LMi5r2YFr7\nl73+4kZu2Kkj7UmOXPQTN7RNLw3tBJf87J90ZbAVVDQVNvY1syZupKJt4FX2PEek2OTiRipsbfuM\nwI64EYeLG+xC1lNB\/7lKKqQEF61JrHfOU1TUFqBFPr3QV9nVFr1e9Pnk5SJ1YJOP4ka+2CRjj1Vx\nQ1\/b8Tx6uWbS9aiZDUuCArtihdz0ek\/4cqWnI27QXu3W\/npr+\/vGnueIlHR63+vsiBtqPRLojiHZ\n2mpA4jeWpbkUKXGDZe8NNSirD13vDRYEGxLvRCoCRz7B2s1Oi3wTGdSitYCkdGBDGvYn5HT33UpJ\nK1XckIM2fUluAMCKcCY3rVLoCATaCC7ybGszgaAtbijhfBU3lMBCnZQ\/M3p7jkhB73udixvS8rIV\nRJglcUPbcX8+iRvk40yQQN96kB0LkRmfiuljcOTTqrnavHqUqe\/kW1vI9RN9t2YaLz81ZbAwadJ7\nUquXuMFeW1gRN\/RaTWY3rgRNsUiJuMFae\/XxxJCbPn\/FDW37ikw\/KX9f6e05IiUt3a20eokbSuDi\nhpy87Gy50m6Sqt14gh3xU21+8kfTkrLFjrgRgbgHBytqlhTyqa56odfNnk\/XRuqPOEsr7KTtyfkx\n0+uHRqq4Qbpc9eSHaKbEfv6m1\/\/YPhK2tRArIrATVDQVNrwkkpm74gat8pXZJAPr4gYJlNeVjb35\nyWjrBaQFLAsB6WHxvsgFOU+FfL3PUmHxOkbqlOLBcb54Q6jhfPHeyMcHUL\/+1fch19bTgX5avTw3\n5JStTbtZEs3ITnDkigksTt5pliHXe4Pd\/mFH3JD7fCkpQylyf0u0FYL0Fln1FlekpGNX3NBvMqa9\nEKxXPymv79zy3JBmh847jrYdWvakw7035OQh6sGRjxNiDh3OFxEoAtlBMjuTJpL25E\/ASJWfDwJM\n+nTkRDPa9ziLk2t60Bdc5kJ\/siZupEJP3KC92q3d9QP0eg9JLV\/v93sELm6k5mHRy40tcYMErIkA\nc1fcYGk8RtaOclvkvLLJiRvx65Q2Bsf5QD55RORTXfXKq18fzT1xg\/yPtTxxQ9t60g0Uma+eG8n5\n9BQ36HsmKMnDwnMaT093cqUkD4viRnKe80fcUNdX5PopX8QNOSiZyHNxg3yZ0vKythVN\/aIPaxPl\nuStukLOp5n4hWQ+WoCFuALM8OPTosHxVTTlawkYAuNS8LO49Uwf5AaO+4obUAQ9bAoz+KwX6iWHa\nw5Lgwq4nBjvplXC+ihtKoCFuKENvzxEp6eiLi9lhK5ZEvoob+baISCK\/9nbyebxMxlOB1fGS3t4b\ntCDmwcFyI2eTTy+zfKqrHnlZF+VYmdxISUtD3JAD6WuZL+KGnMmXtp4bAMkBtPz6sBdXgub7Rs0g\ng1YZtCfsSlDXhvwVN5TASp3kv7f0EVdYEzeUTtq550Yi2sdvyc755rmhzziQtTmpuvrQ897Q28mA\n5rwv5sHB2s2Qi3yrb76QT+KGGtSXp98AUG56bYWDKPLUXW3FGronptASN+TAmrihBPbECvnXhyVB\nRDsxh52tKbSer+zlyIHFviLrTaK3uEGjnnNZ3FCCWnGDHvTEDb3mIPklAMwFcYMtTwU26qHfiVaZ\n86TWiYgHhx5eBlpzvnhvKEUP9Z117xY6Ayt56Om5waa4Qa9cueSr54Z621LSs+WZQLMMLVZLWRRD\nWBM3tPw9YfP60auPNJvkJ8gs1DPfxA3a9w6JMqXlZU3cUD9RZnHOpLT\/pduRB\/2xmtb56cWJ0\/Ne\npC1uADMeHCw+NLQ4n9oql3zqG33FDX33JrN9neip3WTEDbqr8Momtax5bpAtg7X0StBiUkPLtrbv\nC3YCZcZha2WZNXGDJnpONui8t7m4kUr+iRtq0GtSSPJZoi8mzBVxg53tRKRRXi86JyLSQLdTVFh5\n0GnDvTfo5dWyLFr1pDl41d7bgXXPDflKuN7ihvaeG4CecTe0WElmSXBRbpudAbzcOmkjSEWhWycW\n72+50Jq0S6+79AGzvquzXNxIzcOauMHW8x6BLc8NumICW9s41aJ\/3eie8qcXWozbAAICB7udnvqg\n5ZNooAT59dT34cmX6yF3tV3PwZoc2+TKZ2uFND1sHAebDIueG\/kjbiiBpTppO9FnI70SWBVcWLqX\nkstgJ\/3csUnnNDC1eUihh7ihBlbEgnyDnrih\/xiQxjOvFnV1YnFrij4eLUqFX0O+PexyVpL1Jj8n\n8Nrlzc35J1JlQ682yHm5sOm9QTeoqDKbeh\/BSFfcUAZ7cTf0Pgkove383QaSjxNwcuWwdX+zId7p\nHfcjX9D73Uy+zPzp+wh6jZPpelyQQJ+Tc2jYiaP31hQ25rDJsLg1JXs\/qfLgYHOyqW9wPL2QV0\/9\nIuCqyavH\/caK94a2goCUdMrFJz3FDb3qmJxOn1MCskN2AC3\/\/mZr8hfJo7frvvI8rKXXogytxJC5\n03a97286W1P0nuzky9hGnQ3WtqYArAUSjqBuUsji\/EPumFiaHZZgS9xgw3uDTcElF7rF4KADWyq3\nEvLJe4NumfknwtCc4JCsAw1lWa\/VNRrihhzk22RD3CA1SMltW0p6drwk4mWwUydaIqvS9KnoXyc5\n3khaI1dMOD88k\/RfDWTj90B
10-27 23:03:29.479  2507  2902 I appium  : channel read invoked!
10-27 23:03:29.479  2507  2902 I appium  : channel read: GET /wd/hub/session/25ef9dad-37af-464b-8de6-157007124c32/window/current/size
10-27 23:03:29.481  2507  2902 I appium  : Get window size of the device
10-27 23:03:29.491  2507  2902 I appium  : AppiumResponse: {"sessionId":"25ef9dad-37af-464b-8de6-157007124c32","value":{"height":2131,"width":1080}}
10-27 23:03:29.519 32322 32428 D Analytics: com.rakuten.tech.mobile.analytics.RealRatBackend$sendEventsToRat$1#run:139 Skipping request delivery there are no events to deliver to RAT
10-27 23:03:29.526  2507  2903 I appium  : channel read invoked!
10-27 23:03:29.527  2507  2903 I appium  : channel read: GET /wd/hub/session/25ef9dad-37af-464b-8de6-157007124c32/window/current/size
10-27 23:03:29.530  2507  2903 I appium  : Get window size of the device
10-27 23:03:29.537  2507  2903 I appium  : AppiumResponse: {"sessionId":"25ef9dad-37af-464b-8de6-157007124c32","value":{"height":2131,"width":1080}}
10-27 23:03:29.569  2507  2909 I appium  : channel read invoked!
10-27 23:03:29.569  2507  2909 I appium  : channel read: POST /wd/hub/session/25ef9dad-37af-464b-8de6-157007124c32/touch/perform
10-27 23:03:29.575  2507  2909 I appium  : JSON Payload : {"startX":540,"startY":1278,"endX":540,"endY":639,"steps":14}
10-27 23:03:29.588  4205  4215 D InputDispatcher: Inject motion (2497): action=0x0, eventTime=21934391000000, displayId=0
10-27 23:03:29.589  4205  4348 I InputDispatcher: Delivering touch to (4516): action: 0x4, displayId: 0, '77a0a71', toolType: 1
10-27 23:03:29.589  4205  4348 I InputDispatcher: Delivering touch to (4516): action: 0x4, displayId: 0, 'cb105cc', toolType: 1
10-27 23:03:29.589  4205  4348 I InputDispatcher: Delivering touch to (2541): action: 0x0, displayId: 0, 'ffc1ba5', toolType: 1
10-27 23:03:29.589  2541  2541 D ViewRootImpl@11e0231[HomeActivity]: ViewPostIme pointer 0
10-27 23:03:29.608 32322 32634 D Analytics: com.rakuten.tech.mobile.analytics.RealRatBackend$sendEventsToRat$1#run:139 Skipping request delivery there are no events to deliver to RAT
10-27 23:03:29.682  2931  2944 I MediaCodec: setCodecState state : 1
10-27 23:03:29.683  3892 12532 I ResourceManagerService: getMediaResourceInfo resourceType : 2, size : 2
10-27 23:03:29.683  3892 12532 I ResourceManagerService: writeResourceInfo (PID : 2931, clientID : 517909492480, non-secure-codec/video-codec:1, 496x1080(fps:60) - SoftCodec : No, Encorder : Yes)
10-27 23:03:29.683  3892 12532 I ResourceManagerService: writeResourceInfo (PID : 3535, clientID : 526577319808, non-secure-codec/video-codec:1, 1080x2340(fps:60) - SoftCodec : No, Encorder : Yes)
10-27 23:03:29.683 25945 25966 V ResourceManagerHelper-JNI: JNIMediaResourceHelper::notify eventType : 3, ext1 : 0, ext2 : 0
10-27 23:03:29.683 25945 25966 V ResourceManagerHelper-JNI: notify eventType : 3, ext1 : 0, ext2 : 0
10-27 23:03:29.684 25945 25966 I SemMediaResourceHelper: makeMediaResourceInfo mOwnResourceEventExcluded : false, mPid : 25945
10-27 23:03:29.684 25945 25966 I SemMediaResourceHelper: [1] makeMediaResourceInfo resourceType : 2 isSecured : false, pid : 2931, client id : 517909492480
10-27 23:03:29.684 25945 25966 I SemMediaResourceHelper: [2] makeMediaResourceInfo resourceType : 2 isSecured : false, pid : 3535, client id : 526577319808
10-27 23:03:29.684 25945 25987 I SemMediaResourceHelper: onState
10-27 23:03:29.684 25945 25987 I DrmMediaResourceHelper: onStateChanged size = 2
10-27 23:03:29.684 25945 25987 I DrmMediaResourceHelper: resource type: 2,,,isSecured :  falsegetCodecState : 1getpid : 2931
10-27 23:03:29.684 25945 25987 I DrmMediaResourceHelper: resource type: 2,,,isSecured :  falsegetCodecState : 1getpid : 3535
10-27 23:03:29.716  3535  3541 I MediaCodec: setCodecState state : 1
10-27 23:03:29.716  3892 12532 I ResourceManagerService: getMediaResourceInfo resourceType : 2, size : 2
10-27 23:03:29.716  3892 12532 I ResourceManagerService: writeResourceInfo (PID : 2931, clientID : 517909492480, non-secure-codec/video-codec:1, 496x1080(fps:60) - SoftCodec : No, Encorder : Yes)
10-27 23:03:29.716  3892 12532 I ResourceManagerService: writeResourceInfo (PID : 3535, clientID : 526577319808, non-secure-codec/video-codec:1, 1080x2340(fps:60) - SoftCodec : No, Encorder : Yes)
10-27 23:03:29.717 25945 25966 V ResourceManagerHelper-JNI: JNIMediaResourceHelper::notify eventType : 3, ext1 : 0, ext2 : 0
10-27 23:03:29.717 25945 25966 V ResourceManagerHelper-JNI: notify eventType : 3, ext1 : 0, ext2 : 0
10-27 23:03:29.717 25945 25966 I SemMediaResourceHelper: makeMediaResourceInfo mOwnResourceEventExcluded : false, mPid : 25945
10-27 23:03:29.717 25945 25966 I SemMediaResourceHelper: [1] makeMediaResourceInfo resourceType : 2 isSecured : false, pid : 2931, client id : 517909492480
10-27 23:03:29.717 25945 25966 I SemMediaResourceHelper: [2] makeMediaResourceInfo resourceType : 2 isSecured : false, pid : 3535, client id : 526577319808
10-27 23:03:29.717 25945 25987 I SemMediaResourceHelper: onState
10-27 23:03:29.717 25945 25987 I DrmMediaResourceHelper: onStateChanged size = 2
10-27 23:03:29.717 25945 25987 I DrmMediaResourceHelper: resource type: 2,,,isSecured :  falsegetCodecState : 1getpid : 2931
10-27 23:03:29.717 25945 25987 I DrmMediaResourceHelper: resource type: 2,,,isSecured :  falsegetCodecState : 1getpid : 3535
10-27 23:03:29.960  4205  4348 D PowerManagerService: [api] userActivityFromNative : 560 (event: 2 flags: 0) eventTime = 21934759
10-27 23:03:30.025  4205  4215 D InputDispatcher: Inject motion (2497): action=0x1, eventTime=21934826000000, displayId=0
10-27 23:03:30.026  4205  4348 I InputDispatcher: Delivering touch to (2541): action: 0x1, displayId: 0, 'ffc1ba5', toolType: 1
10-27 23:03:30.026  2541  2541 D ViewRootImpl@11e0231[HomeActivity]: ViewPostIme pointer 1
10-27 23:03:30.032  4205  4205 D GameManagerService: identifyGamePackage. com.airbnb.android
10-27 23:03:30.032  4205  4205 D GamePkgDataHelper: getGamePkgData(). com.airbnb.android
10-27 23:03:30.033  4205  4205 D CustomFrequencyManagerService: acquireDVFSLockLocked : type : DVFS_MIN_LIMIT  frequency : 936000  uid : 1000  pid : 4205  pkgName : GESTURE_DETECTED@CPU_MIN@30
10-27 23:03:30.518 32322 32462 D Analytics: com.rakuten.tech.mobile.analytics.RealRatBackend$sendEventsToRat$1#run:139 Skipping request delivery there are no events to deliver to RAT
10-27 23:03:30.609 32322 32650 D Analytics: com.rakuten.tech.mobile.analytics.RealRatBackend$sendEventsToRat$1#run:139 Skipping request delivery there are no events to deliver to RAT
10-27 23:03:30.727  3715  3715 I SurfaceFlinger: SFWD update time=21935531191656
10-27 23:03:30.755  4205  4205 D CustomFrequencyManagerService: releaseDVFSLockLocked : Getting Lock type frm List : DVFS_MIN_LIMIT  frequency : 936000  uid : 1000  pid : 4205  tag : GESTURE_DETECTED@CPU_MIN@30
10-27 23:03:30.763  4205  4384 D WifiTrafficPoller: TrafficStats TxPkts=97633 RxPkts=126015 TxBytes=30485484 RxBytes=126776835 , Foreground uid=10419 pkgName=com.airbnb.android TxPackets=49886 RxPackets=74318 TxBytes=6902681 RxBytes=89826597
10-27 23:03:30.765  4516  4516 D SecStatusBarWifiView: updateState: WifiIconState(resId=2131232692, visible=true, activityId=2131232719)
10-27 23:03:30.766  4516  4516 D SecStatusBarWifiView: updateState: WifiIconState(resId=2131232692, visible=true, activityId=2131232719)
10-27 23:03:30.808  2507  2909 I appium  : AppiumResponse: {"sessionId":"25ef9dad-37af-464b-8de6-157007124c32","value":null}
10-27 23:03:30.847  2507  2913 I appium  : channel read invoked!
10-27 23:03:30.848  2507  2913 I appium  : channel read: POST /wd/hub/session/25ef9dad-37af-464b-8de6-157007124c32/elements
10-27 23:03:30.852  2507  2913 I appium  : Find elements command using 'xpath' with selector '//*[@text='March 2022']'.
10-27 23:03:30.853  2507  2913 I appium  : Waiting up to 10000ms for device to be idle
10-27 23:03:30.885  2507  2518 I tomator2.serve: Background concurrent copying GC freed 68402(2MB) AllocSpace objects, 26(4MB) LOS objects, 50% free, 3MB/7MB, paused 1.662ms total 102.702ms
10-27 23:03:31.317  2541  2541 W View    : couldn't find view with id 2131427942
10-27 23:03:31.519 32322 32481 D Analytics: com.rakuten.tech.mobile.analytics.RealRatBackend$sendEventsToRat$1#run:139 Skipping request delivery there are no events to deliver to RAT
10-27 23:03:31.609 32322 32406 D Analytics: com.rakuten.tech.mobile.analytics.RealRatBackend$sendEventsToRat$1#run:139 Skipping request delivery there are no events to deliver to RAT
10-27 23:03:31.634  4205  4385 D WifiStateMachine: enter getWifiLinkLayerStats
10-27 23:03:31.635  4205  4385 I WifiVendorHal: getWifiLinkLayerStats(l.3097) before calling iface.getLinkLayerStats
10-27 23:03:31.636  3701  3701 I android.hardware.wifi@1.0-service: enter getLinkLayerStats
10-27 23:03:31.636  3701  3701 I android.hardware.wifi@1.0-service: enter getLinkLayerStatsInternal
10-27 23:03:31.641  3701  3701 I android.hardware.wifi@1.0-service: Successfully getLinkLayerStats.
10-27 23:03:31.642  4205  4385 I WifiVendorHal: getWifiLinkLayerStats(l.3097) after calling iface.getLinkLayerStats
10-27 23:03:31.658  4205  4385 I WifiStateMachine: checkScoreBasedQuality -  mPreviousScore[0]:94 mPreviousScore[1]:94 mPreviousScore[2]:94 s2Score:94mPrevoiusScoreAverage:94
10-27 23:03:31.676  5151  5151 D io_stats: !@ 179,0 r 367120 11572952 w 215287 3418464 d 6853 2972872 f 19090 20258 iot 303416 265675 th 51200 0 0 pt 0 inp 0 0 21936.478
10-27 23:03:31.767  4516  4516 D SecStatusBarWifiView: updateState: WifiIconState(resId=2131232692, visible=true, activityId=2131232717)
10-27 23:03:32.102  4205  4683 D BatteryService: Sending ACTION_BATTERY_CHANGED. scale:100, info:{.chargerAcOnline = false, .chargerUsbOnline = true, .chargerWirelessOnline = false, .maxChargingCurrent = 0, .maxChargingVoltage = 0, .batteryStatus = CHARGING, .batteryHealth = GOOD, .batteryPresent = true, .batteryLevel = 75, .batteryVoltage = 4148, .batteryTemperature = 337, .batteryCurrent = 1, .batteryCycleCount = 0, .batteryFullCharge = 4900000, .batteryChargeCounter = 3719100, .batteryTechnology = Li-ion}
10-27 23:03:32.102  4205  4683 D BatteryService: online:19, current avg:1236, charge type:1, POGO powered:false, power sharing:false, high voltage charger:false, charger_type:0, capacity:280000, batterySWSelfDischarging:false, misc_event:0, current_event:0, current_now:1297
10-27 23:03:31.768  4516  4516 D SecStatusBarWifiView: updateState: WifiIconState(resId=2131232692, visible=true, activityId=2131232717)
10-27 23:03:32.103  4205  4205 I MotionRecognitionService: Plugged
10-27 23:03:32.103  4205  4205 D MotionRecognitionService:   mCableConnection= 1
10-27 23:03:32.103  4205  4205 D MotionRecognitionService: setPowerConnected : mGripEnabled = false
10-27 23:03:32.103  4205  4205 D SamsungPhoneWindowManager: ACTION_BATTERY_CHANGED - Level :: 75, battStatus :: 2
10-27 23:03:32.104  4205  4205 D UsbDeviceManager: received ACTION_BATTERY_CHANGED
10-27 23:03:32.105  4205  4233 D UsbDeviceManager: handleMessage -> MSG_UPDATE_CHARGING_STATE = 1
10-27 23:03:32.105  4205  4233 D UsbDeviceManager: updateUsbNotification(false) : mConnected = true, mConfigured = true, mCurrentFunctions = 5, mHostConnected = false, mSourcePower = false, mSinkPower = true, mUsbCharging = true, mUseUsbNotification = true
10-27 23:03:32.105  4450  4450 D BigDataInfoController: Intent : android.intent.action.BATTERY_CHANGED
10-27 23:03:32.105  4205  4233 D UsbDeviceManager: updateUsbNotification, set mCurrentFunctionsForNoti : mtp
10-27 23:03:32.106  4205  4233 D UsbDeviceManager: id=27, mUsbNotificationId=27, titleRes=17042128
10-27 23:03:32.105  4450  4450 D BigDataInfoController: Intent : android.intent.action.BATTERY_CHANGED
10-27 23:03:32.106  4516  4516 D KeyguardUpdateMonitor: received broadcast android.intent.action.BATTERY_CHANGED
10-27 23:03:32.106  4516  4516 D KeyguardUpdateMonitor: handleBatteryUpdate
10-27 23:03:32.110  4516  4516 D PowerUI : priorPlugType = 2 mPlugType = 2 priorBatteryStatus = 2 mBatteryStatus = 2
10-27 23:03:32.110  4516  4516 D PowerUI.Notification: Charging estimate time is not supported and connected cable is normal cable charger, so return!
10-27 23:03:32.110  4516  4516 D PowerUI : Battery swelling mode - priorBatterySwellingMode = 0 mBatterySwellingMode = 0
10-27 23:03:32.123  4516  4516 I StackScroller: ADJUST STACK.TRANSLATION
10-27 23:03:32.123  4516  4516 I chatty  : uid=10006(com.samsung.android.app.aodservice) com.android.systemui identical 1 line
10-27 23:03:32.123  4516  4516 I StackScroller: ADJUST STACK.TRANSLATION
10-27 23:03:32.519 32322 32485 D Analytics: com.rakuten.tech.mobile.analytics.RealRatBackend$sendEventsToRat$1#run:139 Skipping request delivery there are no events to deliver to RAT
10-27 23:03:32.609 32322 32434 D Analytics: com.rakuten.tech.mobile.analytics.RealRatBackend$sendEventsToRat$1#run:139 Skipping request delivery there are no events to deliver to RAT
10-27 23:03:33.520 32322 32544 D Analytics: com.rakuten.tech.mobile.analytics.RealRatBackend$sendEventsToRat$1#run:139 Skipping request delivery there are no events to deliver to RAT
10-27 23:03:33.608 32322 32464 D Analytics: com.rakuten.tech.mobile.analytics.RealRatBackend$sendEventsToRat$1#run:139 Skipping request delivery there are no events to deliver to RAT
10-27 23:03:33.718  3535  3541 I MediaCodec: setCodecState state : 0
10-27 23:03:33.718  3892 12532 I ResourceManagerService: getMediaResourceInfo resourceType : 2, size : 2
10-27 23:03:33.719  3892 12532 I ResourceManagerService: writeResourceInfo (PID : 2931, clientID : 517909492480, non-secure-codec/video-codec:1, 496x1080(fps:60) - SoftCodec : No, Encorder : Yes)
10-27 23:03:33.719  3892 12532 I ResourceManagerService: writeResourceInfo (PID : 3535, clientID : 526577319808, non-secure-codec/video-codec:1, 1080x2340(fps:60) - SoftCodec : No, Encorder : Yes)
10-27 23:03:33.720 25945 25966 V ResourceManagerHelper-JNI: JNIMediaResourceHelper::notify eventType : 3, ext1 : 0, ext2 : 0
10-27 23:03:33.720 25945 25966 V ResourceManagerHelper-JNI: notify eventType : 3, ext1 : 0, ext2 : 0
10-27 23:03:33.720 25945 25966 I SemMediaResourceHelper: makeMediaResourceInfo mOwnResourceEventExcluded : false, mPid : 25945
