10-27 23:02:50.589 25945 25987 I SemMediaResourceHelper: onState
10-27 23:02:50.589 25945 25987 I DrmMediaResourceHelper: onStateChanged size = 2
10-27 23:02:50.589 25945 25987 I DrmMediaResourceHelper: resource type: 2,,,isSecured :  falsegetCodecState : 1getpid : 2931
10-27 23:02:50.589 25945 25987 I DrmMediaResourceHelper: resource type: 2,,,isSecured :  falsegetCodecState : 1getpid : 3535
10-27 23:02:50.608 32322 32650 D Analytics: com.rakuten.tech.mobile.analytics.RealRatBackend$sendEventsToRat$1#run:139 Skipping request delivery there are no events to deliver to RAT
10-27 23:02:50.746  4205  4404 W DeviceStorageMonitorService: updateBroadcasts(/data) oldLevel:0, newLevel:0, seq:1
10-27 23:02:50.747  4205  4404 W DeviceStorageMonitorService: updateBroadcasts_filenode(/data) fn_oldLevel:0, fn_newLevel:0, seq:1
10-27 23:02:51.198  4205  4683 D BatteryService: Sending ACTION_BATTERY_CHANGED. scale:100, info:{.chargerAcOnline = false, .chargerUsbOnline = true, .chargerWirelessOnline = false, .maxChargingCurrent = 0, .maxChargingVoltage = 0, .batteryStatus = CHARGING, .batteryHealth = GOOD, .batteryPresent = true, .batteryLevel = 75, .batteryVoltage = 4143, .batteryTemperature = 337, .batteryCurrent = 1, .batteryCycleCount = 0, .batteryFullCharge = 4900000, .batteryChargeCounter = 3704400, .batteryTechnology = Li-ion}
10-27 23:02:51.198  4205  4683 D BatteryService: online:19, current avg:1253, charge type:1, POGO powered:false, power sharing:false, high voltage charger:false, charger_type:0, capacity:280000, batterySWSelfDischarging:false, misc_event:0, current_event:0, current_now:1331
10-27 23:02:51.205  4205  4205 I MotionRecognitionService: Plugged
10-27 23:02:51.205  4205  4205 D MotionRecognitionService:   mCableConnection= 1
10-27 23:02:51.205  4205  4205 D MotionRecognitionService: setPowerConnected : mGripEnabled = false
10-27 23:02:51.205  4205  4205 D SamsungPhoneWindowManager: ACTION_BATTERY_CHANGED - Level :: 75, battStatus :: 2
10-27 23:02:51.205  4450  4450 D BigDataInfoController: Intent : android.intent.action.BATTERY_CHANGED
10-27 23:02:51.206  4205  4205 D UsbDeviceManager: received ACTION_BATTERY_CHANGED
10-27 23:02:51.207  4205  4233 D UsbDeviceManager: handleMessage -> MSG_UPDATE_CHARGING_STATE = 1
10-27 23:02:51.208  4205  4233 D UsbDeviceManager: updateUsbNotification(false) : mConnected = true, mConfigured = true, mCurrentFunctions = 5, mHostConnected = false, mSourcePower = false, mSinkPower = true, mUsbCharging = true, mUseUsbNotification = true
10-27 23:02:51.209  4205  4233 D UsbDeviceManager: updateUsbNotification, set mCurrentFunctionsForNoti : mtp
10-27 23:02:51.206  4450  4450 D BigDataInfoController: Intent : android.intent.action.BATTERY_CHANGED
10-27 23:02:51.209  4516  4516 D KeyguardUpdateMonitor: received broadcast android.intent.action.BATTERY_CHANGED
10-27 23:02:51.213  4516  4516 D KeyguardUpdateMonitor: handleBatteryUpdate
10-27 23:02:51.214  4205  4233 D UsbDeviceManager: id=27, mUsbNotificationId=27, titleRes=17042128
10-27 23:02:51.234  4516  4516 I StackScroller: ADJUST STACK.TRANSLATION
10-27 23:02:51.235  4516  4516 I chatty  : uid=10006(com.samsung.android.app.aodservice) com.android.systemui identical 1 line
10-27 23:02:51.235  4516  4516 I StackScroller: ADJUST STACK.TRANSLATION
10-27 23:02:51.243  4516  4516 D PowerUI : priorPlugType = 2 mPlugType = 2 priorBatteryStatus = 2 mBatteryStatus = 2
10-27 23:02:51.243  4516  4516 D PowerUI.Notification: Charging estimate time is not supported and connected cable is normal cable charger, so return!
10-27 23:02:51.243  4516  4516 D PowerUI : Battery swelling mode - priorBatterySwellingMode = 0 mBatterySwellingMode = 0
10-27 23:02:51.508  4516  4516 D SecStatusBarWifiView: updateState: WifiIconState(resId=2131232692, visible=true, activityId=2131232698)
10-27 23:02:51.509  4516  4516 D SecStatusBarWifiView: updateState: WifiIconState(resId=2131232692, visible=true, activityId=2131232698)
10-27 23:02:51.519 32322 32481 D Analytics: com.rakuten.tech.mobile.analytics.RealRatBackend$sendEventsToRat$1#run:139 Skipping request delivery there are no events to deliver to RAT
10-27 23:02:51.609 32322 32406 D Analytics: com.rakuten.tech.mobile.analytics.RealRatBackend$sendEventsToRat$1#run:139 Skipping request delivery there are no events to deliver to RAT
10-27 23:02:51.651  5151  5151 D io_stats: !@ 179,0 r 366178 11553444 w 215046 3410472 d 6851 2972864 f 19044 20208 iot 302900 265260 th 51200 0 0 pt 0 inp 0 0 21896.454
10-27 23:02:52.097  4205  4339 D SamsungAlarmManager: Expired : 4
10-27 23:02:52.102  4205  4339 D SamsungAlarmManager: setInexact Intent (T:1/F:0/AC:false) 20211028T000252 - CU:1000/CP:4205
10-27 23:02:52.103  4205  4339 I SamsungAlarmManager: setLocked to kernel - T:2 / 20211027T230355, SetElapsed=25314746, nowELAPSED=25251205
10-27 23:02:52.103  4205  4339 I SamsungAlarmManager: setLocked to kernel - T:3 / 20211027T230300, SetElapsed=25259102, nowELAPSED=25251205
10-27 23:02:52.104  4205  4339 V SamsungAlarmManager: Sending to uid : 1000 listener=android.app.AlarmManager$ListenerWrapper@d8b3203 alarm=Alarm{66d9d12 type 2 when 25246504 android}
10-27 23:02:52.105  4205  4339 V SamsungAlarmManager: Sending to uid : 10025 action=gamelauncher.common.alarm alarm=Alarm{738ce3 type 1 when 1635355972097 com.samsung.android.game.gamehome}
10-27 23:02:52.107  4205  4339 I SamsungAlarmManager: setLocked to kernel - T:2 / 20211027T230355, SetElapsed=25314746, nowELAPSED=25251209
10-27 23:02:52.107  4205  4339 I SamsungAlarmManager: setLocked to kernel - T:3 / 20211027T230300, SetElapsed=25259102, nowELAPSED=25251210
10-27 23:02:52.115  4205  4222 D StorageManagerService: getExternalStorageMountMode : 1
10-27 23:02:52.116  4205  4222 D StorageManagerService: getExternalStorageMountMode : 3
10-27 23:02:52.117  4205  4222 D StorageManagerService: getExternalStorageMountMode : final mountMode=1, uid : 10025, packageName : com.samsung.android.game.gamehome
10-27 23:02:52.117  4205  4222 I ApplicationPolicy: isApplicationExternalStorageWhitelisted:com.samsung.android.game.gamehome user:0
10-27 23:02:52.117  4205  4222 D ApplicationPolicy: isApplicationExternalStorageWhitelisted: DO is not enabled on user 0. Allowed.
10-27 23:02:52.117  4205  4222 D ActivityManager: package  com.samsung.android.game.gamehome, user - 0 is SDcard whitelisted
10-27 23:02:52.117  4205  4222 I ApplicationPolicy: isApplicationExternalStorageBlacklisted:com.samsung.android.game.gamehome user:0
10-27 23:02:52.118  4205  4222 D ApplicationPolicy: isApplicationExternalStorageBlacklisted: DO is not enabled on user 0. Allowed.
10-27 23:02:52.118  4205  4222 I ApplicationPolicy: isApplicationExternalStorageBlacklisted:com.samsung.android.game.gamehome user:0
10-27 23:02:52.118  4205  4222 D ApplicationPolicy: isApplicationExternalStorageBlacklisted: DO is not enabled on user 0. Allowed.
10-27 23:02:52.121  4205  4205 D SamsungAlarmManager: setInexact Listener (T:2/F:0/AC:false) 20211027T230426 - CU:1000/CP:4205
10-27 23:02:52.121  4205  4205 I SamsungAlarmManager: setLocked to kernel - T:2 / 20211027T230355, SetElapsed=25314746, nowELAPSED=25251224
10-27 23:02:52.122  4205  4205 I SamsungAlarmManager: setLocked to kernel - T:3 / 20211027T230300, SetElapsed=25259102, nowELAPSED=25251224
10-27 23:02:52.142  4205  4224 I ActivityManager: Start proc 3597:com.samsung.android.game.gamehome/u0a25 for broadcast com.samsung.android.game.gamehome/.receiver.GameLauncherAlarmReceiver
10-27 23:02:52.160  4205  5153 E ActivityManagerPerformance: writeSysfs:: path() : /dev/freezer/olaf/tasks exist() : false canWrite() : false
10-27 23:02:52.160  3597  3597 I d.game.gamehom: report jit thread pid = 3610
10-27 23:02:52.162  3597  3597 E d.game.gamehom: Not starting debugger since process cannot load the jdwp agent.
10-27 23:02:52.179  4205  5513 I ActivityManager: DSS on for com.samsung.android.game.gamehome and scale is 1.0
10-27 23:02:52.344  4205  4385 D WifiStateMachine: enter getWifiLinkLayerStats
10-27 23:02:52.345  4205  4385 I WifiVendorHal: getWifiLinkLayerStats(l.3097) before calling iface.getLinkLayerStats
10-27 23:02:52.345  3701  3701 I android.hardware.wifi@1.0-service: enter getLinkLayerStats
10-27 23:02:52.345  3701  3701 I android.hardware.wifi@1.0-service: enter getLinkLayerStatsInternal
10-27 23:02:52.355  3701  3701 I android.hardware.wifi@1.0-service: Successfully getLinkLayerStats.
10-27 23:02:52.356  4205  4385 I WifiVendorHal: getWifiLinkLayerStats(l.3097) after calling iface.getLinkLayerStats
10-27 23:02:52.370  4205  4385 I WifiStateMachine: checkScoreBasedQuality -  mPreviousScore[0]:90 mPreviousScore[1]:91 mPreviousScore[2]:91 s2Score:91mPrevoiusScoreAverage:90
10-27 23:02:52.374  3597  3597 I FirebaseInitProvider: FirebaseApp initialization successful
10-27 23:02:52.441  3597  3627 I FA      : App measurement is starting up, version: 19000
10-27 23:02:52.441  3597  3627 I FA      : To enable debug logging run: adb shell setprop log.tag.FA VERBOSE
10-27 23:02:52.441  3597  3627 I FA      : To enable faster debug mode event logging run:
10-27 23:02:52.441  3597  3627 I FA      :   adb shell setprop debug.firebase.analytics.app com.samsung.android.game.gamehome
10-27 23:02:52.510  4516  4516 D SecStatusBarWifiView: updateState: WifiIconState(resId=2131232692, visible=true, activityId=2131232717)
10-27 23:02:52.511  4516  4516 D SecStatusBarWifiView: updateState: WifiIconState(resId=2131232692, visible=true, activityId=2131232717)
10-27 23:02:52.519 32322 32485 D Analytics: com.rakuten.tech.mobile.analytics.RealRatBackend$sendEventsToRat$1#run:139 Skipping request delivery there are no events to deliver to RAT
10-27 23:02:52.526  3597  3597 I CrashlyticsCore: Initializing Crashlytics Core 2.7.0.33
10-27 23:02:52.549  3597  3644 W d.game.gamehom: Unknown chunk type '200'.
10-27 23:02:52.590  3597  3597 I CrashlyticsInitProvider: CrashlyticsInitProvider initialization successful
10-27 23:02:52.602  3597  3597 I GameLauncher: GameLauncherProvider : onCreate
10-27 23:02:52.608 32322 32434 D Analytics: com.rakuten.tech.mobile.analytics.RealRatBackend$sendEventsToRat$1#run:139 Skipping request delivery there are no events to deliver to RAT
10-27 23:02:52.616  3597  3597 I GameLauncher: GameLauncherProvider : StartKoin
10-27 23:02:52.637  3597  3632 D NetworkSecurityConfig: No Network Security Config specified, using platform default
10-27 23:02:52.640  3597  3632 I System.out: (HTTPLog)-Static: isSBSettingEnabled false
10-27 23:02:52.640  3597  3632 I System.out: (HTTPLog)-Static: isSBSettingEnabled false
10-27 23:02:52.643  3895  3971 D EnterpriseController: netId is 0
10-27 23:02:52.643  3895  3971 E Netd    : getNetworkForDns: getNetId from enterpriseCtrl is netid 0
10-27 23:02:52.643  3895  3971 D DnsProxyListener: DNSDBG::dns addrinfo af 0
10-27 23:02:52.651  4205  4216 D PackageManager: setEnabledSetting : userId = 0 packageName = com.samsung.android.game.gamehome cmp = androidx.work.impl.background.systemjob.SystemJobService newState = 1 callingPackage = 10025/com.samsung.android.game.gamehome
10-27 23:02:52.669  3597  3597 I GameLauncher: GameLauncherApplication : onCreate
10-27 23:02:52.687  3597  3597 D SamsungAnalytics605014: [Validation] dma pkg:531401000
10-27 23:02:52.688  3597  3597 D SamsungAnalytics605014: cf feature is supported
10-27 23:02:52.703  3597  3597 D SamsungAnalytics605014: send setting
10-27 23:02:52.703  3597  3597 D SamsungAnalytics605014: newThread on Executor
10-27 23:02:52.708  3597  3597 D SamsungAnalytics605014: [Tracker] Tracker start:6.05.014 , senderType : 1
10-27 23:02:52.709  3597  3597 W DIAGMON_SDK[605014]: UncaughtExceptionLogging Can't be enabled because Configuration is null
10-27 23:02:52.713  3597  3655 D SamsungAnalytics605014: [Setting Sender] No status log
10-27 23:02:52.730  4205  5513 D AccountManagerService: getUserAccounts0
10-27 23:02:52.731  4205  5513 I chatty  : uid=1000(system) Binder:4205_14 identical 1 line
10-27 23:02:52.735  4205  5513 D AccountManagerService: getUserAccounts0
10-27 23:02:52.747  3597  3597 I GameLauncher: [(GameLauncherAlarmReceiver.java:52):onReceive] receive
10-27 23:02:52.748  3597  3597 I GameLauncher: [(GameLauncherAlarmReceiver.java:54):onReceive] PlayLogUpdateJobIntentService.enqueueWork
10-27 23:02:52.804  4205  4216 I ActivityManager: Killing 1654:com.microsoft.skydrive/u0a48 (adj 906): empty #25
10-27 23:02:52.808  4205  4225 W libprocessgroup: kill(-1654, 9) failed: No such process
10-27 23:02:52.834  4205  4233 D ConnectivityService: filterNetworkStateForUid() uid: 1000, pid: 4205
10-27 23:02:52.834  4205  4233 D ConnectivityService: filterNetworkStateForUid() uid: 1000, pid: 4205, networkInfo: [type: WIFI[], state: CONNECTED/CONNECTED, reason: (unspecified), extra: (none), failover: false, available: true, roaming: false]
10-27 23:02:52.830  4205  4225 I chatty  : uid=1000(system) ActivityManager identical 4 lines
10-27 23:02:52.836  4205  4225 W libprocessgroup: kill(-1654, 9) failed: No such process
10-27 23:02:52.837  3597  3632 E Fabric  : Settings request failed.
10-27 23:02:52.841  4205  4225 W libprocessgroup: kill(-1654, 9) failed: No such process
10-27 23:02:52.863  4205  4225 I chatty  : uid=1000(system) ActivityManager identical 4 lines
10-27 23:02:52.870  4205  4225 W libprocessgroup: kill(-1654, 9) failed: No such process
10-27 23:02:52.874  3597  3662 I GameLauncher: [(GameLauncherSettingProviderImpl.kt:861):needToShowWelcomePage] TNC curVersion : 0
10-27 23:02:52.875  3597  3662 I GameLauncher: [(GameLauncherSettingProviderImpl.kt:862):needToShowWelcomePage] TNC newVersion : 190822
10-27 23:02:52.876  4205  4225 W libprocessgroup: kill(-1654, 9) failed: No such process
10-27 23:02:52.876  3597  3662 E GameLauncher: [(UpdatePlayLogDataTask.kt:350):doCalcPlayLogData] Game Launcher not agreed
10-27 23:02:52.877  3597  3662 E GameLauncher: [(UpdatePlayLogDataTask.kt:65):invoke] -> [(Resource.kt:19):error] RESOURCE RESULT ERROR TYPE : UNKNOWN
10-27 23:02:52.879  3597  3597 E GameLauncher: [(UseCase.kt:103):invoke] UpdatePlayLogDataTask[Handler:99] ERROR  ----> result Resource ERROR UNKNOWN
10-27 23:02:52.881  3597  3597 E GameLauncher: [(UseCaseExt.kt:704):onChanged] ERROR
10-27 23:02:52.881  3597  3597 E GameLauncher: [(UseCaseExt.kt:690):invoke] -> [(Resource.kt:19):error] RESOURCE RESULT ERROR TYPE : UNKNOWN
10-27 23:02:52.882  4205  4225 W libprocessgroup: kill(-1654, 9) failed: No such process
10-27 23:02:52.883  3848  3848 I Zygote  : Process 1654 exited due to signal (9)
10-27 23:02:52.886  3597  3597 E GameLauncher: [(Resource.kt:18):error$default] -> [(Resource.kt:19):error] RESOURCE RESULT ERROR TYPE : NONE
10-27 23:02:52.887  3597  3597 E GameLauncher: [(UseCase.kt:103):invoke] SendPackageTotalUsageTimeTask[LiveDataExtKt$observeResultOnce$1:17] ERROR  ----> result Resource ERROR NONE
10-27 23:02:52.888  3597  3597 I GameLauncher: [(PlayLogUpdateJobIntentService.kt:35):onChanged] Donefalse
10-27 23:02:52.889  4205  4225 W libprocessgroup: kill(-1654, 9) failed: No such process
10-27 23:02:52.890  4205  4225 I libprocessgroup: Successfully killed process cgroup uid 10048 pid 1654 in 83ms
10-27 23:02:53.145  4205  4630 E Watchdog: !@Sync 729 [2021-10-27 23:02:53.145] FD count : 510
10-27 23:02:53.514  4516  4516 D SecStatusBarWifiView: updateState: WifiIconState(resId=2131232692, visible=true, activityId=2131232698)
10-27 23:02:53.515  4516  4516 D SecStatusBarWifiView: updateState: WifiIconState(resId=2131232692, visible=true, activityId=2131232698)
10-27 23:02:53.519 32322 32544 D Analytics: com.rakuten.tech.mobile.analytics.RealRatBackend$sendEventsToRat$1#run:139 Skipping request delivery there are no events to deliver to RAT
10-27 23:02:53.608 32322 32464 D Analytics: com.rakuten.tech.mobile.analytics.RealRatBackend$sendEventsToRat$1#run:139 Skipping request delivery there are no events to deliver to RAT
10-27 23:02:53.841  3713  3799 V APM_AudioPolicyManager: getAudioPolicyConfig: audioParam;outDevice
10-27 23:02:53.841  3713  3799 V APM_AudioPolicyManager: getNewOutputDevice() selected device 0
10-27 23:02:53.841  3713  3799 V APM_AudioPolicyManager: ### curdevice : 2
10-27 23:02:54.089  4205  5513 D ConnectivityService: filterNetworkStateForUid() uid: 10230, pid: 3120
10-27 23:02:54.090  4205  5513 D ConnectivityService: filterNetworkStateForUid() uid: 10230, pid: 3120, networkInfo: [type: WIFI[], state: DISCONNECTED/BLOCKED, reason: (unspecified), extra: (none), failover: false, available: true, roaming: false]
10-27 23:02:54.468  4205  4318 D SensorService: [SO] -0.122 0.278 9.858
10-27 23:02:54.519 32322 32561 D Analytics: com.rakuten.tech.mobile.analytics.RealRatBackend$sendEventsToRat$1#run:139 Skipping request delivery there are no events to deliver to RAT
10-27 23:02:54.532  4205  4384 D WifiTrafficPoller: TrafficStats TxPkts=97600 RxPkts=125988 TxBytes=30481790 RxBytes=126772143 , Foreground uid=10419 pkgName=com.airbnb.android TxPackets=49867 RxPackets=74299 TxBytes=6900139 RxBytes=89822637
10-27 23:02:54.608 32322 32482 D Analytics: com.rakuten.tech.mobile.analytics.RealRatBackend$sendEventsToRat$1#run:139 Skipping request delivery there are no events to deliver to RAT
10-27 23:02:54.843  4516  4839 D TileLifecycleManager: Unbinding service Intent { cmp=com.samsung.android.uds/.ui.uds.UDSTile (has extras) } UserHandle{0}
10-27 23:02:54.855  4205  5513 I ActivityManager: Killing 1911:com.google.android.youtube/u0a148 (adj 906): empty #25
10-27 23:02:54.857  4205  4225 W libprocessgroup: kill(-1911, 9) failed: No such process
10-27 23:02:54.989  4205  5401 D ConnectivityService: ConnectivityService NetworkRequestInfo binderDied(NetworkRequest [ TRACK_DEFAULT id=419, [ Capabilities: INTERNET&NOT_RESTRICTED&TRUSTED Unwanted:  Uid: 10148] ], android.os.BinderProxy@8b4b127)
10-27 23:02:54.989  4205  5513 D ConnectivityService: ConnectivityService NetworkRequestInfo binderDied(NetworkRequest [ TRACK_DEFAULT id=417, [ Capabilities: INTERNET&NOT_RESTRICTED&TRUSTED Unwanted:  Uid: 10148] ], android.os.BinderProxy@e137fd4)
10-27 23:02:54.989  4205  4398 D ConnectivityService: releasing NetworkRequest [ TRACK_DEFAULT id=419, [ Capabilities: INTERNET&NOT_RESTRICTED&TRUSTED Unwanted:  Uid: 10148] ] (release request)
10-27 23:02:54.989  4205  5401 D ConnectivityService: ConnectivityService NetworkRequestInfo binderDied(NetworkRequest [ LISTEN id=418, [ Capabilities: INTERNET&NOT_RESTRICTED&TRUSTED Unwanted:  Uid: 10148] ], android.os.BinderProxy@138357d)
10-27 23:02:54.990  4205  4398 D ConnectivityService:  Removing from current network NetworkAgentInfo [VPN () - 605], leaving 33 requests.
10-27 23:02:54.991  4205  4398 D ConnectivityService: releasing NetworkRequest [ LISTEN id=418, [ Capabilities: INTERNET&NOT_RESTRICTED&TRUSTED Unwanted:  Uid: 10148] ] (release request)
10-27 23:02:54.991  4205  4398 D ConnectivityService: releasing NetworkRequest [ TRACK_DEFAULT id=417, [ Capabilities: INTERNET&NOT_RESTRICTED&TRUSTED Unwanted:  Uid: 10148] ] (release request)
10-27 23:02:54.991  4205  4398 D ConnectivityService:  Removing from current network NetworkAgentInfo [VPN () - 605], leaving 31 requests.
10-27 23:02:54.978  4205  4225 I chatty  : uid=1000(system) ActivityManager identical 22 lines
10-27 23:02:54.984  4205  4225 W libprocessgroup: kill(-1911, 9) failed: No such process
10-27 23:02:54.992  3847  3847 I Zygote  : Process 1911 exited due to signal (9)
10-27 23:02:54.996  4205  4225 W libprocessgroup: kill(-1911, 9) failed: No such process
10-27 23:02:54.996  4205  4225 I libprocessgroup: Successfully killed process cgroup uid 10148 pid 1911 in 139ms
10-27 23:02:55.299  2507  2914 I appium  : channel read invoked!
10-27 23:02:55.300  2507  2914 I appium  : channel read: POST /wd/hub/session/25ef9dad-37af-464b-8de6-157007124c32/elements
10-27 23:02:55.307  2507  2914 I appium  : Find elements command using 'xpath' with selector '//*[@text='Add your info']'.
10-27 23:02:55.309  2507  2914 I appium  : Waiting up to 10000ms for device to be idle
10-27 23:02:55.371  4205  4385 D WifiStateMachine: enter getWifiLinkLayerStats
10-27 23:02:55.372  4205  4385 I WifiVendorHal: getWifiLinkLayerStats(l.3097) before calling iface.getLinkLayerStats
10-27 23:02:55.372  3701  3701 I android.hardware.wifi@1.0-service: enter getLinkLayerStats
10-27 23:02:55.372  3701  3701 I android.hardware.wifi@1.0-service: enter getLinkLayerStatsInternal
10-27 23:02:55.373  3701  3701 I android.hardware.wifi@1.0-service: Successfully getLinkLayerStats.
10-27 23:02:55.374  4205  4385 I WifiVendorHal: getWifiLinkLayerStats(l.3097) after calling iface.getLinkLayerStats
10-27 23:02:55.380  4205  4385 I WifiStateMachine: checkScoreBasedQuality -  mPreviousScore[0]:91 mPreviousScore[1]:91 mPreviousScore[2]:91 s2Score:92mPrevoiusScoreAverage:91
10-27 23:02:55.519 32322 32582 D Analytics: com.rakuten.tech.mobile.analytics.RealRatBackend$sendEventsToRat$1#run:139 Skipping request delivery there are no events to deliver to RAT
10-27 23:02:55.538  4516  4516 D SecStatusBarWifiView: updateState: WifiIconState(resId=2131232692, visible=true, activityId=2131232719)
10-27 23:02:55.538  4516  4516 D SecStatusBarWifiView: updateState: WifiIconState(resId=2131232692, visible=true, activityId=2131232719)
10-27 23:02:55.589  3535  3541 I MediaCodec: setCodecState state : 0
10-27 23:02:55.590  3892 12532 I ResourceManagerService: getMediaResourceInfo resourceType : 2, size : 2
10-27 23:02:55.590  3892 12532 I ResourceManagerService: writeResourceInfo (PID : 2931, clientID : 517909492480, non-secure-codec/video-codec:1, 496x1080(fps:60) - SoftCodec : No, Encorder : Yes)
10-27 23:02:55.590  3892 12532 I ResourceManagerService: writeResourceInfo (PID : 3535, clientID : 526577319808, non-secure-codec/video-codec:1, 1080x2340(fps:60) - SoftCodec : No, Encorder : Yes)
10-27 23:02:55.591 25945 25966 V ResourceManagerHelper-JNI: JNIMediaResourceHelper::notify eventType : 3, ext1 : 0, ext2 : 0
10-27 23:02:55.591 25945 25966 V ResourceManagerHelper-JNI: notify eventType : 3, ext1 : 0, ext2 : 0
10-27 23:02:55.592 25945 25966 I SemMediaResourceHelper: makeMediaResourceInfo mOwnResourceEventExcluded : false, mPid : 25945
10-27 23:02:55.592 25945 25966 I SemMediaResourceHelper: [1] makeMediaResourceInfo resourceType : 2 isSecured : false, pid : 2931, client id : 517909492480
10-27 23:02:55.592 25945 25966 I SemMediaResourceHelper: [2] makeMediaResourceInfo resourceType : 2 isSecured : false, pid : 3535, client id : 526577319808
10-27 23:02:55.592 25945 25987 I SemMediaResourceHelper: onState
10-27 23:02:55.592 25945 25987 I DrmMediaResourceHelper: onStateChanged size = 2
10-27 23:02:55.592 25945 25987 I DrmMediaResourceHelper: resource type: 2,,,isSecured :  falsegetCodecState : 1getpid : 2931
10-27 23:02:55.592 25945 25987 I DrmMediaResourceHelper: resource type: 2,,,isSecured :  falsegetCodecState : 1getpid : 3535
10-27 23:02:55.609 32322 32486 D Analytics: com.rakuten.tech.mobile.analytics.RealRatBackend$sendEventsToRat$1#run:139 Skipping request delivery there are no events to deliver to RAT
10-27 23:02:55.617  3535  3541 I MediaCodec: setCodecState state : 1
10-27 23:02:55.618  3892 12532 I ResourceManagerService: getMediaResourceInfo resourceType : 2, size : 2
10-27 23:02:55.618  3892 12532 I ResourceManagerService: writeResourceInfo (PID : 2931, clientID : 517909492480, non-secure-codec/video-codec:1, 496x1080(fps:60) - SoftCodec : No, Encorder : Yes)
10-27 23:02:55.618  3892 12532 I ResourceManagerService: writeResourceInfo (PID : 3535, clientID : 526577319808, non-secure-codec/video-codec:1, 1080x2340(fps:60) - SoftCodec : No, Encorder : Yes)
10-27 23:02:55.619 25945 25966 V ResourceManagerHelper-JNI: JNIMediaResourceHelper::notify eventType : 3, ext1 : 0, ext2 : 0
10-27 23:02:55.619 25945 25966 V ResourceManagerHelper-JNI: notify eventType : 3, ext1 : 0, ext2 : 0
10-27 23:02:55.619 25945 25966 I SemMediaResourceHelper: makeMediaResourceInfo mOwnResourceEventExcluded : false, mPid : 25945
10-27 23:02:55.619 25945 25966 I SemMediaResourceHelper: [1] makeMediaResourceInfo resourceType : 2 isSecured : false, pid : 2931, client id : 517909492480
10-27 23:02:55.619 25945 25966 I SemMediaResourceHelper: [2] makeMediaResourceInfo resourceType : 2 isSecured : false, pid : 3535, client id : 526577319808
10-27 23:02:55.620 25945 25987 I SemMediaResourceHelper: onState
10-27 23:02:55.620 25945 25987 I DrmMediaResourceHelper: onStateChanged size = 2
10-27 23:02:55.620 25945 25987 I DrmMediaResourceHelper: resource type: 2,,,isSecured :  falsegetCodecState : 1getpid : 2931
10-27 23:02:55.620 25945 25987 I DrmMediaResourceHelper: resource type: 2,,,isSecured :  falsegetCodecState : 1getpid : 3535
10-27 23:02:56.519 32322 32628 D Analytics: com.rakuten.tech.mobile.analytics.RealRatBackend$sendEventsToRat$1#run:139 Skipping request delivery there are no events to deliver to RAT
10-27 23:02:56.540  2507  2914 I appium  : AppiumResponse: {"sessionId":"25ef9dad-37af-464b-8de6-157007124c32","value":[]}
10-27 23:02:56.541  4516  4516 D SecStatusBarWifiView: updateState: WifiIconState(resId=2131232692, visible=true, activityId=2131232717)
10-27 23:02:56.542  4516  4516 D SecStatusBarWifiView: updateState: WifiIconState(resId=2131232692, visible=true, activityId=2131232717)
10-27 23:02:56.608 32322 32551 D Analytics: com.rakuten.tech.mobile.analytics.RealRatBackend$sendEventsToRat$1#run:139 Skipping request delivery there are no events to deliver to RAT
10-27 23:02:56.610  2507  2916 I appium  : channel read invoked!
10-27 23:02:56.610  2507  2916 I appium  : channel read: GET /wd/hub/session/25ef9dad-37af-464b-8de6-157007124c32/screenshot
10-27 23:02:56.611  2507  2916 I appium  : Capture screenshot command
10-27 23:02:56.619  3535  3541 I MediaCodec: setCodecState state : 0
10-27 23:02:56.619  3892 12532 I ResourceManagerService: getMediaResourceInfo resourceType : 2, size : 2
10-27 23:02:56.619  3892 12532 I ResourceManagerService: writeResourceInfo (PID : 2931, clientID : 517909492480, non-secure-codec/video-codec:1, 496x1080(fps:60) - SoftCodec : No, Encorder : Yes)
10-27 23:02:56.619  3892 12532 I ResourceManagerService: writeResourceInfo (PID : 3535, clientID : 526577319808, non-secure-codec/video-codec:1, 1080x2340(fps:60) - SoftCodec : No, Encorder : Yes)
10-27 23:02:56.620 25945 25966 V ResourceManagerHelper-JNI: JNIMediaResourceHelper::notify eventType : 3, ext1 : 0, ext2 : 0
10-27 23:02:56.620 25945 25966 V ResourceManagerHelper-JNI: notify eventType : 3, ext1 : 0, ext2 : 0
10-27 23:02:56.620 25945 25966 I SemMediaResourceHelper: makeMediaResourceInfo mOwnResourceEventExcluded : false, mPid : 25945
10-27 23:02:56.620 25945 25966 I SemMediaResourceHelper: [1] makeMediaResourceInfo resourceType : 2 isSecured : false, pid : 2931, client id : 517909492480
10-27 23:02:56.620 25945 25966 I SemMediaResourceHelper: [2] makeMediaResourceInfo resourceType : 2 isSecured : false, pid : 3535, client id : 526577319808
10-27 23:02:56.620 25945 25987 I SemMediaResourceHelper: onState
10-27 23:02:56.620 25945 25987 I DrmMediaResourceHelper: onStateChanged size = 2
10-27 23:02:56.621 25945 25987 I DrmMediaResourceHelper: resource type: 2,,,isSecured :  falsegetCodecState : 1getpid : 2931
10-27 23:02:56.621 25945 25987 I DrmMediaResourceHelper: resource type: 2,,,isSecured :  falsegetCodecState : 1getpid : 3535
10-27 23:02:56.622  3535  3541 I MediaCodec: setCodecState state : 1
10-27 23:02:56.623  3892 12532 I ResourceManagerService: getMediaResourceInfo resourceType : 2, size : 2
10-27 23:02:56.624  3892 12532 I ResourceManagerService: writeResourceInfo (PID : 2931, clientID : 517909492480, non-secure-codec/video-codec:1, 496x1080(fps:60) - SoftCodec : No, Encorder : Yes)
10-27 23:02:56.624  3892 12532 I ResourceManagerService: writeResourceInfo (PID : 3535, clientID : 526577319808, non-secure-codec/video-codec:1, 1080x2340(fps:60) - SoftCodec : No, Encorder : Yes)
10-27 23:02:56.624 25945 25966 V ResourceManagerHelper-JNI: JNIMediaResourceHelper::notify eventType : 3, ext1 : 0, ext2 : 0
10-27 23:02:56.624 25945 25966 V ResourceManagerHelper-JNI: notify eventType : 3, ext1 : 0, ext2 : 0
10-27 23:02:56.625 25945 25966 I SemMediaResourceHelper: makeMediaResourceInfo mOwnResourceEventExcluded : false, mPid : 25945
10-27 23:02:56.625 25945 25966 I SemMediaResourceHelper: [1] makeMediaResourceInfo resourceType : 2 isSecured : false, pid : 2931, client id : 517909492480
10-27 23:02:56.625 25945 25966 I SemMediaResourceHelper: [2] makeMediaResourceInfo resourceType : 2 isSecured : false, pid : 3535, client id : 526577319808
10-27 23:02:56.625 25945 25987 I SemMediaResourceHelper: onState
10-27 23:02:56.625 25945 25987 I DrmMediaResourceHelper: onStateChanged size = 2
10-27 23:02:56.625 25945 25987 I DrmMediaResourceHelper: resource type: 2,,,isSecured :  falsegetCodecState : 1getpid : 2931
10-27 23:02:56.625 25945 25987 I DrmMediaResourceHelper: resource type: 2,,,isSecured :  falsegetCodecState : 1getpid : 3535
10-27 23:02:56.654  5151  5151 D io_stats: !@ 179,0 r 367103 11572240 w 215116 3411384 d 6852 2972868 f 19045 20211 iot 303172 265508 th 51200 0 0 pt 0 inp 0 0 21901.457
10-27 23:02:56.809  4205  8802 I EDMNativeHelperService: isScreenCaptureEnabled
10-27 23:02:56.811  4205  8802 D RestrictionPolicy: isScreenCaptureEnabled : ret=true userId=0
10-27 23:02:57.519 32322 32630 D Analytics: com.rakuten.tech.mobile.analytics.RealRatBackend$sendEventsToRat$1#run:139 Skipping request delivery there are no events to deliver to RAT
10-27 23:02:57.545  4516  4516 D SecStatusBarWifiView: updateState: WifiIconState(resId=2131232692, visible=true, activityId=2131232698)
10-27 23:02:57.546  4516  4516 D SecStatusBarWifiView: updateState: WifiIconState(resId=2131232692, visible=true, activityId=2131232698)
10-27 23:02:57.609 32322 32563 D Analytics: com.rakuten.tech.mobile.analytics.RealRatBackend$sendEventsToRat$1#run:139 Skipping request delivery there are no events to deliver to RAT
10-27 23:02:57.625  3535  3541 I MediaCodec: setCodecState state : 0
10-27 23:02:57.625  3892 12532 I ResourceManagerService: getMediaResourceInfo resourceType : 2, size : 2
10-27 23:02:57.625  3892 12532 I ResourceManagerService: writeResourceInfo (PID : 2931, clientID : 517909492480, non-secure-codec/video-codec:1, 496x1080(fps:60) - SoftCodec : No, Encorder : Yes)
10-27 23:02:57.625  3892 12532 I ResourceManagerService: writeResourceInfo (PID : 3535, clientID : 526577319808, non-secure-codec/video-codec:1, 1080x2340(fps:60) - SoftCodec : No, Encorder : Yes)
10-27 23:02:57.626 25945 25966 V ResourceManagerHelper-JNI: JNIMediaResourceHelper::notify eventType : 3, ext1 : 0, ext2 : 0
10-27 23:02:57.626 25945 25966 V ResourceManagerHelper-JNI: notify eventType : 3, ext1 : 0, ext2 : 0
10-27 23:02:57.626 25945 25966 I SemMediaResourceHelper: makeMediaResourceInfo mOwnResourceEventExcluded : false, mPid : 25945
10-27 23:02:57.626 25945 25966 I SemMediaResourceHelper: [1] makeMediaResourceInfo resourceType : 2 isSecured : false, pid : 2931, client id : 517909492480
10-27 23:02:57.626 25945 25966 I SemMediaResourceHelper: [2] makeMediaResourceInfo resourceType : 2 isSecured : false, pid : 3535, client id : 526577319808
10-27 23:02:57.626 25945 25987 I SemMediaResourceHelper: onState
10-27 23:02:57.626 25945 25987 I DrmMediaResourceHelper: onStateChanged size = 2
10-27 23:02:57.626 25945 25987 I DrmMediaResourceHelper: resource type: 2,,,isSecured :  falsegetCodecState : 1getpid : 2931
10-27 23:02:57.626 25945 25987 I DrmMediaResourceHelper: resource type: 2,,,isSecured :  falsegetCodecState : 1getpid : 3535
10-27 23:02:57.641  3535  3541 I MediaCodec: setCodecState state : 1
10-27 23:02:57.642  3892 12532 I ResourceManagerService: getMediaResourceInfo resourceType : 2, size : 2
10-27 23:02:57.642  3892 12532 I ResourceManagerService: writeResourceInfo (PID : 2931, clientID : 517909492480, non-secure-codec/video-codec:1, 496x1080(fps:60) - SoftCodec : No, Encorder : Yes)
10-27 23:02:57.642  3892 12532 I ResourceManagerService: writeResourceInfo (PID : 3535, clientID : 526577319808, non-secure-codec/video-codec:1, 1080x2340(fps:60) - SoftCodec : No, Encorder : Yes)
10-27 23:02:57.642 25945 25966 V ResourceManagerHelper-JNI: JNIMediaResourceHelper::notify eventType : 3, ext1 : 0, ext2 : 0
10-27 23:02:57.642 25945 25966 V ResourceManagerHelper-JNI: notify eventType : 3, ext1 : 0, ext2 : 0
10-27 23:02:57.642 25945 25966 I SemMediaResourceHelper: makeMediaResourceInfo mOwnResourceEventExcluded : false, mPid : 25945
10-27 23:02:57.643 25945 25966 I SemMediaResourceHelper: [1] makeMediaResourceInfo resourceType : 2 isSecured : false, pid : 2931, client id : 517909492480
10-27 23:02:57.643 25945 25966 I SemMediaResourceHelper: [2] makeMediaResourceInfo resourceType : 2 isSecured : false, pid : 3535, client id : 526577319808
10-27 23:02:57.643 25945 25987 I SemMediaResourceHelper: onState
10-27 23:02:57.643 25945 25987 I DrmMediaResourceHelper: onStateChanged size = 2
10-27 23:02:57.643 25945 25987 I DrmMediaResourceHelper: resource type: 2,,,isSecured :  falsegetCodecState : 1getpid : 2931
10-27 23:02:57.643 25945 25987 I DrmMediaResourceHelper: resource type: 2,,,isSecured :  falsegetCodecState : 1getpid : 3535
10-27 23:02:58.383  4205  4385 D WifiStateMachine: enter getWifiLinkLayerStats
10-27 23:02:58.384  4205  4385 I WifiVendorHal: getWifiLinkLayerStats(l.3097) before calling iface.getLinkLayerStats
10-27 23:02:58.384  3701  3701 I android.hardware.wifi@1.0-service: enter getLinkLayerStats
10-27 23:02:58.384  3701  3701 I android.hardware.wifi@1.0-service: enter getLinkLayerStatsInternal
10-27 23:02:58.394  3701  3701 I android.hardware.wifi@1.0-service: Successfully getLinkLayerStats.
10-27 23:02:58.395  4205  4385 I WifiVendorHal: getWifiLinkLayerStats(l.3097) after calling iface.getLinkLayerStats
10-27 23:02:58.405  4205  4385 I WifiStateMachine: checkScoreBasedQuality -  mPreviousScore[0]:91 mPreviousScore[1]:91 mPreviousScore[2]:92 s2Score:92mPrevoiusScoreAverage:91
10-27 23:02:58.485  5324  5670 D SDHMS:s : SIOP:: AP:313(382,70) BAT:337(337,0) CHG:423(423,0) USB:0(0,0) ATC:0(0,-999) 
10-27 23:02:58.520 32322 32401 D Analytics: com.rakuten.tech.mobile.analytics.RealRatBackend$sendEventsToRat$1#run:139 Skipping request delivery there are no events to deliver to RAT
10-27 23:02:58.548  4516  4516 D SecStatusBarWifiView: updateState: WifiIconState(resId=2131232692, visible=true, activityId=2131232717)
10-27 23:02:58.549  4516  4516 D SecStatusBarWifiView: updateState: WifiIconState(resId=2131232692, visible=true, activityId=2131232717)
10-27 23:02:58.609 32322 32587 D Analytics: com.rakuten.tech.mobile.analytics.RealRatBackend$sendEventsToRat$1#run:139 Skipping request delivery there are no events to deliver to RAT
10-27 23:02:58.794  2507  2916 I appium  : AppiumResponse: {"sessionId":"25ef9dad-37af-464b-8de6-157007124c32","value":"iVBORw0KGgoAAAANSUhEUgAABDgAAAkkCAYAAAD508+vAAAABHNCSVQICAgIfAhkiAAAIABJREFU\neJzs3Xl8FfW9P\/7XZ5azZQ+JIQTIorLJvogIooIIEa4gXDe0pWrB1p+2tdhNHr23v5b23ta2tF69\n1o1Wr1qtVqtVWRQVRKtICIEQFgElBkwIJJDlLLN9vn98ZibnkBNyEk6EwPv5kIc558zMmfOZmc98\nPu\/5LKykpISDEEIIIYQQQgghpBeTTvcOEEIIIYQQQgghhJwqCnAQQgghhBBCCCGk16MAByGEEEII\nIYQQQno9CnAQQgghhBBCCCGk16MAByGEEEIIIYQQQno9CnAQQgghhBBCCCGk16MAByGEEEIIIYQQ\nQno9CnAQQgghhBBCCCGk16MAByGEEEIIIYQQQno9CnAQQgghhBBCCCGk16MAByGEEEIIIYQQQno9\nCnAQQgghhBBCCCGk16MAByGEEEIIIYQQQno9CnAQQgghhBBCCCGk16MAByGEEEIIIYQQQno9CnAQ\nQgghhBBCCCGk16MAByGEEEIIIYQQQno9CnAQQgghhBBCCCGk16MAByGEEEIIIYQQQno9CnAQQggh\nhBBCCCGk16MAByGEEEIIIYQQQno9CnAQQgghhBBCCCGk16MAByGEEEIIIYQQQno95XTvACGEEEII\nIYScKSRJQkFBAVJTU9t9Vl9fjyNHjpyGvSKEJIICHISQ00qWZaSmpiI9PR0+nw8AEA6H0dTUhJaW\nFpimeZr3kBBCCCFns9TUVIwYMQLnn38+SkpKUFRUBFVVwRhrtyznHK2trdi3bx\/279+PvXv3orKy\nksorpMc4ATdF6bjqHg6H8eWXX36Fe3XmYiUlJfx07wQhXxUZDBND\/TAu3B9DtT7IND0AgGOyhl2e\nBpT5avCR\/yBM0GXRk2RZxpw5czBjxgw0NDRgx44d2Lp1a8wyo0ePxtChQ5Gbm4u3334br732GhUe\nCCGEEJI0\/fv3x8yZMzF58mR4PJ5ub6ehoQHvvPMO1q1bh+bm5iTu4Vdn6NChGDJkCNasWYNgMHi6\nd4dEyc7OxqhRozpdrry8HMeOHfsK9ujMRgEOctaTACxtuAR3HpsACzokMDd8IUFE5i37HWb\/LUHF\nExll+E2fD2Gdlr0+OzHGcP\/99yMnJwc\/+clPEA6HE1rP5\/Phl7\/8JZqamvDzn\/8cnFO2RQghhJDu\nGTZsGObMmYMRI0bEbaUBAE1NTTh48CAAQFEUZGVlITs7G5LU8RCGmqbh\/fffxxtvvIHDhw\/3yL73\nhIEDB+JXv\/oVANEF59577z3Ne0Si5ebmYvjw4Z0uV1lZifr6+q9gj85s1EUlDo\/Hg5ycHOi6joaG\nhqQ9NU5JSUF2djZaWlrQ2NiYlG0mSpZl5ObmwjTNpJ74PZVWyeDjCv54eCamtxaCg+O4FMKL6bvw\nespu7PM0IsxMwA11MHi5jBItC3NaB+GG5qG44\/gofPP4aLwXqMZ38tYgyPTT+XN6vVGjRmHRokX4\n2c9+hqampnafDxw4EFdddRUCgQDKy8vxwQcfuJ+Fw2EsXboUaWlp+N3vfodnn30WZWVlX+XuE0II\nIaSXy83NxcKFCzFhwoR2nzU0NGDbtm2oqqrC3r1745aXGWPIzMxETk4OiouLMXToUIwYMQJerxeA\nKBdPnz4dU6dOxapVq\/Dqq68iEon0+O86VePHj3f\/zs3NPY17cmZISUlBnz590NraiqNHj57u3SFd\nRC04bFOnTsXEiRNRVFSE9PR0N5prmiYOHz6MPXv2YO3atThw4ECXt3vppZeiqKgoZqAiTdNQU1OD\nrVu3Yu3atWhpaUnq7wGAvLw8XHPNNRg6dCj69u3rRpwNw8ChQ4dQWVmJN954A8ePH+\/SdnsqrZJp\nXssQ\/Kb+CkicYa\/nOG7q9zKOS+GEO54wAOmWF88emo8hWiYsxrEsZz1eTNvZk7t91rr77rvd8yKe\n3\/72t+jbt2\/Me4Zh4M4774xbMJg+fTpGjRqF3\/\/+9z2yv4QQQgg5u0yaNAmLFy9u1xXlk08+wdtv\nv42qqqoutxBljEFVVVxyySWYPXs2CgoKYj4\/fPgwVqxYgS+++OKU978nzZ8\/H\/Pnz3df33rrrd3e\n1nXXXYexY8cmY7fwwgsvoLKyMu5nS5YswYABA7q8ze3bt+Nvf\/tb3M+mTJmCWbNmYcCAAW69qbGx\nEZs3b8ZLL7102rruUAuOrjnnAxz9+vXDt771LZSUlHS6rGEYWL16NZ5\/\/vmEtnvnnXfi\/PPP73TZ\nY8eO4ZlnnsFHH32U0D4norS0FPPnz4ff7z\/pci0tLXj22Wfx\/vvvd7rNnkqrZGIAnqj9N1we7I9j\nsoZZ\/Z\/DUTnU5RE1GNradmSZPqypWYhs04uN\/kO4Lf9VGqGjC+6++26UlZXhX\/\/6V9zP77zzTlx2\n2WVxP9M0DbfffnvczyZMmIApU6ZgxYoVSdtXQgghhJxdZFnGokWLMG3atJj3t23bhr\/97W\/4\/PPP\nk\/I9jDFceumlWLhwITIyMtz3dV3HypUrEyprny7JDHAsXrwYU6dOTcZu4aGHHsLHH38c97MHHnig\n3cOxRHz88cd46KGH2r0\/f\/58zJs3r8MuS5999hn++7\/\/u8eDHPn5+SgpKTmlMWEcmqZh\/\/7959zg\no3JWVtbPTvdOnC4FBQX4yU9+gn79+sW839raioaGBkQiEfh8PvdElyQJgwYNQkZGRrsBEaMNGDAA\nP\/7xj9ttt7m5GY2NjdA0LWa7Pp8PY8eORX19fVIivAsWLMD1118PVVXd9zRNQ319PUKhELxerxuV\n9Hg8GDNmDJqbm\/HZZ591uM2eSqtkYgDe+eLrGBnJwRup+7Cg4CUEJaPL25gYKsC6mluRyr3Y6P8C\nYcnAE5nlGGhk4erWQlzfPBx\/yfhqflNv941vfAO7du2K6W5yopP185RlGbt27YobjT506BAkSUJp\naSl1VyGEEEJIO4qi4N5778WkSZPc9w4fPowHH3wQr776aocDMvbr1w8XXHABLrzwQgwbNgwXXXQR\nBg4ciLy8PGRnZyMUCsVtYfrFF1\/gvffeQ3Z2NgYOHAhAlGXGjx+PYDCIvXv39swPPUVDhw7F0KFD\n3dcvv\/xyt7c1btw4FBYWnvI+cc7xxhtvdHiMFixY0K0gwMGDB7Fp06aY90aMGIHbbrsNkiQhGAzi\n9ddfx6pVq1BVVYU+ffogMzMTWVlZyMjIwJYtW7r1exI1YcIEyLKclG3JsoycnJykBfF6i3N6DI47\n77wTWVlZ7us9e\/bg1VdfRUVFhftebm4u5s6di8svv9ytvE+bNg07duxod3E4vvWtb8Vsd+fOnXjl\nlVdQVVXlvpeXl4fZs2fjiiuugCRJUBQFX\/va11BZWdnlLiPRRowYgWuvvdbdV13XsXr1aqxatcod\n96BPnz6YM2cOpk2bBlmWIcsybrjhBuzcuROHDh2Ku92eSqtkWlk7FwP1VDySuRW\/zf6wy+szMDxS\nV4oZrUUAgDuOjcKvsz8Ah2jNcV\/uWzigHMf3GsfjmS\/n45b87mf+54IBAwYgMzMTGzZs6HCZlJSU\nTrczePDgmGsn2ocffoixY8di0KBB2LNnT7f3lRBCCCFnn6KiIowYMcJ9vXHjRvz5z3+OG5zIyMjA\npEmTMGXKFBQWFnb4JB8QLZUrKyuxceNGlJWVQdfbxmkLBoN45JFHsHnzZixevBiBQAAAcM0112D9\n+vUIhUJJ\/IVnnlWrVnXY6qIzN954oxsY2rlzZ4cPXz0ej5uuALBr1y4cOXIkoe\/Yt29fu\/dmzpzp\nBhWeffbZmLLr5s2b8V\
10-27 23:02:58.830  2507  2518 I tomator2.serve: Background concurrent copying GC freed 28(32KB) AllocSpace objects, 3(15MB) LOS objects, 39% free, 36MB/60MB, paused 7.703ms total 77.271ms
10-27 23:02:59.085  2507  2917 I appium  : channel read invoked!
10-27 23:02:59.085  2507  2917 I appium  : channel read: POST /wd/hub/session/25ef9dad-37af-464b-8de6-157007124c32/elements
10-27 23:02:59.092  2507  2917 I appium  : Find elements command using 'xpath' with selector '//*[@text='Where are you going?']'.
10-27 23:02:59.093  2507  2917 I appium  : Waiting up to 10000ms for device to be idle
10-27 23:02:59.520 32322 32428 D Analytics: com.rakuten.tech.mobile.analytics.RealRatBackend$sendEventsToRat$1#run:139 Skipping request delivery there are no events to deliver to RAT
10-27 23:02:59.609 32322 32634 D Analytics: com.rakuten.tech.mobile.analytics.RealRatBackend$sendEventsToRat$1#run:139 Skipping request delivery there are no events to deliver to RAT
10-27 23:02:59.643  3535  3541 I MediaCodec: setCodecState state : 0
10-27 23:02:59.643  3892 12532 I ResourceManagerService: getMediaResourceInfo resourceType : 2, size : 2
10-27 23:02:59.644  3892 12532 I ResourceManagerService: writeResourceInfo (PID : 2931, clientID : 517909492480, non-secure-codec/video-codec:1, 496x1080(fps:60) - SoftCodec : No, Encorder : Yes)
10-27 23:02:59.644  3892 12532 I ResourceManagerService: writeResourceInfo (PID : 3535, clientID : 526577319808, non-secure-codec/video-codec:1, 1080x2340(fps:60) - SoftCodec : No, Encorder : Yes)
10-27 23:02:59.644 25945 25966 V ResourceManagerHelper-JNI: JNIMediaResourceHelper::notify eventType : 3, ext1 : 0, ext2 : 0
10-27 23:02:59.644 25945 25966 V ResourceManagerHelper-JNI: notify eventType : 3, ext1 : 0, ext2 : 0
10-27 23:02:59.644 25945 25966 I SemMediaResourceHelper: makeMediaResourceInfo mOwnResourceEventExcluded : false, mPid : 25945
10-27 23:02:59.645 25945 25966 I SemMediaResourceHelper: [1] makeMediaResourceInfo resourceType : 2 isSecured : false, pid : 2931, client id : 517909492480
10-27 23:02:59.645 25945 25966 I SemMediaResourceHelper: [2] makeMediaResourceInfo resourceType : 2 isSecured : false, pid : 3535, client id : 526577319808
10-27 23:02:59.645 25945 25987 I SemMediaResourceHelper: onState
10-27 23:02:59.645 25945 25987 I DrmMediaResourceHelper: onStateChanged size = 2
10-27 23:02:59.646 25945 25987 I DrmMediaResourceHelper: resource type: 2,,,isSecured :  falsegetCodecState : 1getpid : 2931
10-27 23:02:59.646 25945 25987 I DrmMediaResourceHelper: resource type: 2,,,isSecured :  falsegetCodecState : 1getpid : 3535
10-27 23:02:59.999  4205  4339 D SamsungAlarmManager: Expired : 8
10-27 23:03:00.000  4205  4339 V SamsungAlarmManager: Sending to uid : 1000 action=android.intent.action.TIME_TICK alarm=Alarm{e90c72 type 3 when 25259102 android}
10-27 23:03:00.001  4205  4339 V SamsungAlarmManager: Sending to uid : 10076 action=com.samsung.action.EVERY_MINUTE_CLOCK_UPDATE alarm=Alarm{912c540 type 1 when 1635355980000 com.sec.android.app.launcher}
10-27 23:03:00.003  4205  4339 I SamsungAlarmManager: setLocked to kernel - T:2 / 20211027T230355, SetElapsed=25314746, nowELAPSED=25259105
10-27 23:03:00.004  5256  5256 I LiveIconManager: onReceive: com.samsung.action.EVERY_MINUTE_CLOCK_UPDATE
10-27 23:03:00.004  4205  4205 D SamsungAlarmManager: setExact Intent (T:3/F:1/AC:false) 20211027T230400 - CU:1000/CP:4205
10-27 23:03:00.004  4205  4205 I SamsungAlarmManager: setLocked to kernel - T:2 / 20211027T230355, SetElapsed=25314746, nowELAPSED=25259106
10-27 23:03:00.006  4516  4516 D KeyguardUpdateMonitor: handleTimeUpdate
10-27 23:03:00.007  4205  4205 I ActivityManager: Killing 2047:com.google.android.music:main/u0a165 (adj 906): empty #25
10-27 23:03:00.008  4205  4225 W libprocessgroup: kill(-2047, 9) failed: No such process
10-27 23:03:00.012  4516  4516 D QSClockBellTower: He is ready to ring the bell. (((timeText:23:03, skipUpdateForDemo:false, dateText:Wed, October 27)))
10-27 23:03:00.015  4205  5459 D SamsungAlarmManager: setInexact Intent (T:1/F:0/AC:false) 20211027T230400 - CU:10076/CP:5256
10-27 23:03:00.016  4205  5459 I SamsungAlarmManager: setLocked to kernel - T:2 / 20211027T230355, SetElapsed=25314746, nowELAPSED=25259118
10-27 23:03:00.017  4516  4516 D QSClock : status_bar_clock notifyTimeChanged(currentTime:23:03) mClockVisibleByPolicy:true, mClockVisibleByUser:true, visible?true, parent:android.widget.LinearLayout{bfa5669 V.E...... ......ID 0,0-108,83 #7f0a02fc app:id/left_clock_container}
10-27 23:03:00.017  4205  4225 W libprocessgroup: kill(-2047, 9) failed: No such process
10-27 23:03:00.019  4516  4516 D QSClockBellTower: Everyone heard the bell. run(currentTime:1635355980011,   getTime():Wed Oct 27 23:03:00 GMT+05:30 2021,   getTimeZone():libcore.util.ZoneInfo[id="Asia/Kolkata",mRawOffset=19800000,mEarliestRawOffset=19800000,mUseDst=false,mDstSavings=0,transitions=5])
10-27 23:03:00.023  4205  4225 W libprocessgroup: kill(-2047, 9) failed: No such process
10-27 23:03:00.028  4205  4225 I chatty  : uid=1000(system) ActivityManager identical 1 line
10-27 23:03:00.034  4205  4225 W libprocessgroup: kill(-2047, 9) failed: No such process
10-27 23:03:00.035  4516  4516 I StackScroller: ADJUST STACK.TRANSLATION
10-27 23:03:00.036  4516  4516 I chatty  : uid=10006(com.samsung.android.app.aodservice) com.android.systemui identical 1 line
10-27 23:03:00.036  4516  4516 I StackScroller: ADJUST STACK.TRANSLATION
10-27 23:03:00.039  4205  4225 W libprocessgroup: kill(-2047, 9) failed: No such process
10-27 23:03:00.045  4205  4225 I chatty  : uid=1000(system) ActivityManager identical 1 line
10-27 23:03:00.051  4205  4225 W libprocessgroup: kill(-2047, 9) failed: No such process
10-27 23:03:00.056  4516  4516 I StackScroller: ADJUST STACK.TRANSLATION
10-27 23:03:00.056  4205  4225 W libprocessgroup: kill(-2047, 9) failed: No such process
10-27 23:03:00.056  4516  4516 I StackScroller: ADJUST STACK.TRANSLATION
10-27 23:03:00.057  4516  4516 I StackScroller: ADJUST STACK.TRANSLATION
10-27 23:03:00.062  4205  4225 W libprocessgroup: kill(-2047, 9) failed: No such process
10-27 23:03:00.102  4205  4225 I chatty  : uid=1000(system) ActivityManager identical 6 lines
10-27 23:03:00.107  4205  4225 W libprocessgroup: kill(-2047, 9) failed: No such process
10-27 23:03:00.110  3535  3541 I MediaCodec: setCodecState state : 1
10-27 23:03:00.111  3892 12532 I ResourceManagerService: getMediaResourceInfo resourceType : 2, size : 2
10-27 23:03:00.111  3892 12532 I ResourceManagerService: writeResourceInfo (PID : 2931, clientID : 517909492480, non-secure-codec/video-codec:1, 496x1080(fps:60) - SoftCodec : No, Encorder : Yes)
10-27 23:03:00.111  3892 12532 I ResourceManagerService: writeResourceInfo (PID : 3535, clientID : 526577319808, non-secure-codec/video-codec:1, 1080x2340(fps:60) - SoftCodec : No, Encorder : Yes)
10-27 23:03:00.112 25945 25966 V ResourceManagerHelper-JNI: JNIMediaResourceHelper::notify eventType : 3, ext1 : 0, ext2 : 0
10-27 23:03:00.112 25945 25966 V ResourceManagerHelper-JNI: notify eventType : 3, ext1 : 0, ext2 : 0
10-27 23:03:00.112 25945 25966 I SemMediaResourceHelper: makeMediaResourceInfo mOwnResourceEventExcluded : false, mPid : 25945
10-27 23:03:00.112 25945 25966 I SemMediaResourceHelper: [1] makeMediaResourceInfo resourceType : 2 isSecured : false, pid : 2931, client id : 517909492480
10-27 23:03:00.112 25945 25966 I SemMediaResourceHelper: [2] makeMediaResourceInfo resourceType : 2 isSecured : false, pid : 3535, client id : 526577319808
10-27 23:03:00.113 25945 25987 I SemMediaResourceHelper: onState
10-27 23:03:00.113 25945 25987 I DrmMediaResourceHelper: onStateChanged size = 2
10-27 23:03:00.113 25945 25987 I DrmMediaResourceHelper: resource type: 2,,,isSecured :  falsegetCodecState : 1getpid : 2931
10-27 23:03:00.113 25945 25987 I DrmMediaResourceHelper: resource type: 2,,,isSecured :  falsegetCodecState : 1getpid : 3535
10-27 23:03:00.113  4205  4225 W libprocessgroup: kill(-2047, 9) failed: No such process
10-27 23:03:00.124  4205  4225 I chatty  : uid=1000(system) ActivityManager identical 2 lines
10-27 23:03:00.130  4205  4225 W libprocessgroup: kill(-2047, 9) failed: No such process
10-27 23:03:00.130  3847  3847 I Zygote  : Process 2047 exited due to signal (9)
10-27 23:03:00.135  4205  4225 W libprocessgroup: kill(-2047, 9) failed: No such process
10-27 23:03:00.135  4205  4225 I libprocessgroup: Successfully killed process cgroup uid 10165 pid 2047 in 127ms
10-27 23:03:00.259  2507  2917 I appium  : AppiumResponse: {"sessionId":"25ef9dad-37af-464b-8de6-157007124c32","value":[{"ELEMENT":"6700031a-b0d6-452b-a6a9-f1ff097d12fd","element-6066-11e4-a52e-4f735466cecf":"6700031a-b0d6-452b-a6a9-f1ff097d12fd"}]}
10-27 23:03:00.318  2507  2924 I appium  : channel read invoked!
10-27 23:03:00.319  2507  2924 I appium  : channel read: POST /wd/hub/session/25ef9dad-37af-464b-8de6-157007124c32/elements
10-27 23:03:00.325  2507  2924 I appium  : Find elements command using 'xpath' with selector '//*[@text='Where are you going?']'.
10-27 23:03:00.326  2507  2924 I appium  : Waiting up to 10000ms for device to be idle
10-27 23:03:00.519 32322 32462 D Analytics: com.rakuten.tech.mobile.analytics.RealRatBackend$sendEventsToRat$1#run:139 Skipping request delivery there are no events to deliver to RAT
10-27 23:03:00.578  4205  4384 D WifiTrafficPoller: TrafficStats TxPkts=97611 RxPkts=125998 TxBytes=30482634 RxBytes=126772730 , Foreground uid=10419 pkgName=com.airbnb.android TxPackets=49874 RxPackets=74306 TxBytes=6900669 RxBytes=89823039
10-27 23:03:00.579  4516  4516 D SecStatusBarWifiView: updateState: WifiIconState(resId=2131232692, visible=true, activityId=2131232698)
10-27 23:03:00.580  4516  4516 D SecStatusBarWifiView: updateState: WifiIconState(resId=2131232692, visible=true, activityId=2131232698)
10-27 23:03:00.608 32322 32650 D Analytics: com.rakuten.tech.mobile.analytics.RealRatBackend$sendEventsToRat$1#run:139 Skipping request delivery there are no events to deliver to RAT
10-27 23:03:00.727  3715  3715 I SurfaceFlinger: SFWD update time=21905531084216
10-27 23:03:01.409  4205  4385 D WifiStateMachine: enter getWifiLinkLayerStats
10-27 23:03:01.409  4205  4385 I WifiVendorHal: getWifiLinkLayerStats(l.3097) before calling iface.getLinkLayerStats
10-27 23:03:01.410  3701  3701 I android.hardware.wifi@1.0-service: enter getLinkLayerStats
10-27 23:03:01.410  3701  3701 I android.hardware.wifi@1.0-service: enter getLinkLayerStatsInternal
10-27 23:03:01.418  3701  3701 I android.hardware.wifi@1.0-service: Successfully getLinkLayerStats.
10-27 23:03:01.418  4205  4385 I WifiVendorHal: getWifiLinkLayerStats(l.3097) after calling iface.getLinkLayerStats
