10-27 23:00:56.833  9757  9757 I GoogleInputMethodService: GoogleInputMethodService$10.getInputViewCoverNavigationHeight():3263 Returns default 0 as the coverNavigationHeight while extendsTouchBelowSpace=false decorViewWindowInsets=WindowInsets{systemWindowInsets=Rect(0, 0 - 0, 126) windowDecorInsets=Rect(0, 0 - 0, 0) stableInsets=Rect(0, 0 - 0, 126)}
10-27 23:00:56.834  9757  9757 I AndroidIME: KeyboardViewManager.getKeyboardYPosition():719 positionY=0
10-27 23:00:56.838  9757  9757 I VoiceImeExtension: VoiceImeExtension.shouldStartVoiceInputAutomatically():353 No private IME option set to start voice input.
10-27 23:00:56.841  4205  5359 D InputMethodManagerService: setImeWindowStatus(), vis : 3 backDisposition : 0
10-27 23:00:56.841  4205  5359 D InputMethodManagerService: isImeSwitcherDisabledPackage : false
10-27 23:00:56.841  4205  5359 D InputMethodManagerService: shouldShowImeSwitcherLocked : checking vis : 3
10-27 23:00:56.842  4205  5359 D InputMethodManagerService: shouldShowImeSwitcherLocked : language count above 2 or auxcount above 1 return true : 3 1
10-27 23:00:56.842  4205  5359 D InputMethodManagerService: mDesktopModeManager null!
10-27 23:00:56.842  4205  5359 D InputMethodManagerService: updateSystemUiLocked 0
10-27 23:00:56.843  4205  5359 D InputMethodManagerService: updateSystemUiLocked(), setImeWindowStatusToType, vis : 3 backDisposition : 0
10-27 23:00:56.845  4516  4516 D NavigationBar: setImeWindowStatus() imeShown = true, backDisposition = 0, showImeSwitcher = true
10-27 23:00:56.847  4516  4516 D Navbar.ImmersiveControllerAdapter: onButtonStatusChanged - true,true,true
10-27 23:00:56.847  4516  4516 I Navbar.ImmersiveController: handleEvent - VISIBLE, FLOATING_BUTTON_VISIBILITY_CHANGED
10-27 23:00:56.847  4516  4516 D Navbar.SecNavigationBarView: updateNavButtonIcons mNavigationIconHints : 3 showImeButton : true mShowRestartButton : false
10-27 23:00:56.847  9757  9757 D InputMethodManager: setImeWindowStatus(), vis : 3 backDisposition : 0
10-27 23:00:56.848  9757  9757 D InputMethodService: showWindowInner(), setImeWindowStatus,nextImeWindowStatus:3 mBackDisposition :0
10-27 23:00:56.848  9757  9757 V InputMethodService: showWindow: showing! android.inputmethodservice.InputMethodService.showWindow:2633 android.inputmethodservice.InputMethodService$InputMethodImpl.showSoftInput:851 android.inputmethodservice.IInputMethodWrapper.executeMessage:220 com.android.internal.os.HandlerCaller$MyHandler.handleMessage:37 android.os.Handler.dispatchMessage:106 android.os.Looper.loop:214 android.app.ActivityThread.main:7159 
10-27 23:00:56.850  9757  9757 D InputMethodService: AxT9IME.sendInputViewShownState(): true
10-27 23:00:56.850  9757  9757 D InputMethodService: AxT9IME.IS_VISIBLE_CANDIDATE(): 4
10-27 23:00:56.856  4205  5359 D InputMethodManagerService: setImeWindowStatus(), vis : 3 backDisposition : 0
10-27 23:00:56.856  4205  5359 D InputMethodManagerService: isImeSwitcherDisabledPackage : false
10-27 23:00:56.856  4205  5359 D InputMethodManagerService: shouldShowImeSwitcherLocked : checking vis : 3
10-27 23:00:56.857  4205  5359 D InputMethodManagerService: shouldShowImeSwitcherLocked : language count above 2 or auxcount above 1 return true : 3 1
10-27 23:00:56.857  4205  5359 D InputMethodManagerService: mDesktopModeManager null!
10-27 23:00:56.857  4205  5359 D InputMethodManagerService: updateSystemUiLocked 0
10-27 23:00:56.857  4205  5359 D InputMethodManagerService: updateSystemUiLocked(), setImeWindowStatusToType, vis : 3 backDisposition : 0
10-27 23:00:56.859  9757  9757 D InputMethodManager: setImeWindowStatus(), vis : 3 backDisposition : 0
10-27 23:00:56.859  9757  9757 D InputMethodService: showSoftInput(), setImeWindowStatus,isInputViewShown():true mBackDisposition :0
10-27 23:00:56.860  5324  5324 E SDHMS:SDHMS_UTIL_IO: e = /sys/class/input_booster/touchkey/time (Permission denied)
10-27 23:00:56.860  9757  9757 D SurfaceView: onWindowVisibilityChanged(0) false android.view.SurfaceView{c6f713e I.E...... ......I. 0,0-95,116 #7f0b0351 app:id/key_pos_header_action_surface} of ViewRootImpl@7321703[InputMethod]
10-27 23:00:56.860  4516  4516 D NavigationBar: setImeWindowStatus() imeShown = true, backDisposition = 0, showImeSwitcher = true
10-27 23:00:56.873  4205  8040 V WindowManager: Relayout Window{7cf4735 u0 InputMethod}: viewVisibility=0 req=1080x2257 {(0,0)(fillxfill) gr=BOTTOM CENTER_VERTICAL sim={adjust=pan} ty=INPUT_METHOD fmt=TRANSPARENT wanim=0x1030056
10-27 23:00:56.873  4205  8040 V WindowManager:   fl=81800108
10-27 23:00:56.873  4205  8040 V WindowManager:   vsysui=10 dimDuration=150 naviIconColor=0}
10-27 23:00:56.889  3715  3715 I SurfaceFlinger: id=2472 createSurf (1080x2257),1 flag=4, InputMethod[9757]#0
10-27 23:00:56.892  4205  8040 D WindowManager: makeSurface duration=8 name=InputMethod[9757]
10-27 23:00:56.893  2541  2561 W Settings: Setting airplane_mode_on has moved from android.provider.Settings.System to android.provider.Settings.Global, returning read-only value.
10-27 23:00:56.897  9757  9757 D ViewRootImpl@7321703[InputMethod]: Relayout returned: old=[0,83][1080,2340] new=[0,83][1080,2340] result=0x7 surface={true 534403678208} changed=true
10-27 23:00:56.900  9757 15816 D mali_winsys: EGLint new_window_surface(egl_winsys_display *, void *, EGLSurface, EGLConfig, egl_winsys_surface **, EGLBoolean) returns 0x3000
10-27 23:00:56.900  9757 15816 D OpenGLRenderer: eglCreateWindowSurface = 0x7c72213a80, 0x7c6cf10010
10-27 23:00:56.909  4205  8040 V WindowManager: Resize reasons for w=Window{ffc1ba5 u0 com.airbnb.android/com.airbnb.android.feat.homescreen.HomeActivity}:  contentInsetsChanged=true [0,83][0,867] visibleInsetsChanged=true [0,83][0,867] stableInsetsChanged=false [0,83][0,126] outsetsChanged=false [0,0][0,0] surfaceResized=false configChanged=false dragResizingChanged=false reportOrientationChanged=false displayCutoutChanged=false nextForceRelayoutToClient=false
10-27 23:00:56.937  2541  2673 W Settings: Setting airplane_mode_on has moved from android.provider.Settings.System to android.provider.Settings.Global, returning read-only value.
10-27 23:00:56.993  4205  8040 D WindowManager: finishDrawingWindow: Window{7cf4735 u0 InputMethod} mDrawState=DRAW_PENDING
10-27 23:00:56.999  4205  4308 V WindowManager: Resize reasons for w=Window{6057381 u0 ScreenDecorOverlayBottom}:  contentInsetsChanged=true [0,0][0,867] visibleInsetsChanged=false [0,0][0,126] stableInsetsChanged=false [0,0][0,126] outsetsChanged=false [0,0][0,0] surfaceResized=false configChanged=false dragResizingChanged=false reportOrientationChanged=false displayCutoutChanged=false nextForceRelayoutToClient=false
10-27 23:00:57.000  4205  4308 I WindowManager: commitFinishDrawingLocked: mDrawState=READY_TO_SHOW Surface(name=InputMethod[9757])/@0x2894723
10-27 23:00:57.000  4516  4548 D PipManager: [Pip] onImeVisibilityChanged - imeVisible : true imeHeight:741
10-27 23:00:57.001  4516  4548 D PipManager: [Pip] onMovementBoundsChanged
10-27 23:00:57.003  4205  4308 I WindowManager: Cancelling animation restarting=true, leash=null, surface=Surface(name=7cf4735 InputMethod)/@0xaa2b7f7, parent=Surface(name=WindowToken{5e5cb7d android.os.Binder@541add4})/@0xb5fc664
10-27 23:00:57.003  4205  4308 I WindowManager: Reparenting to leash, surface=Surface(name=7cf4735 InputMethod)/@0xaa2b7f7
10-27 23:00:57.009  2541  2671 I System.out: (HTTPLog)-Static: isSBSettingEnabled false
10-27 23:00:57.009  3715  3715 I SurfaceFlinger: id=2473 createSurf (4680x4680),2 flag=4, Surface(name=7cf4735 InputMethod)/@0xaa2b7f7 - animation-leash#0
10-27 23:00:57.010  2541  2671 I System.out: (HTTPLog)-Static: isSBSettingEnabled false
10-27 23:00:57.013  4205  4308 D WindowManager: makeSurface duration=9 leash=Surface(name=Surface(name=7cf4735 InputMethod)/@0xaa2b7f7 - animation-leash)/@0x9f327f
10-27 23:00:57.013  4205  4308 D SurfaceControl: reparent is called, sc=Surface(name=7cf4735 InputMethod)/@0xaa2b7f7, newParentHandle=android.os.BinderProxy@265624c, transaction=android.view.SurfaceControl$Transaction@640dc93
10-27 23:00:57.013  4205  4308 V WindowManager: performShowLocked: mDrawState=HAS_DRAWN in Window{7cf4735 u0 InputMethod}
10-27 23:00:57.016  3715  3873 D Layer   : [7cf4735 InputMethod#0]::reparent oldParent:[WindowToken{5e5cb7d android.os.Binder@541add4}#0], newParent:[Surface(name=7cf4735 InputMethod)/@0xaa2b7f7 - animation-leash#0]
10-27 23:00:57.018  4516  5063 D ViewRootImpl@482782b[ScreenDecorOverlayBottom]: MSG_RESIZED: frame=[0,2189][1080,2340] ci=[0,0][0,867] vi=[0,0][0,126] or=1
10-27 23:00:57.036  4205  5359 V WindowManager: Relayout Window{6057381 u0 ScreenDecorOverlayBottom}: viewVisibility=0 req=1079x151 {(0,0)(fillxwrap) gr=BOTTOM RIGHT CENTER sim={adjust=pan} layoutInDisplayCutoutMode=always ty=NAVIGATION_BAR_PANEL fmt=TRANSLUCENT
10-27 23:00:57.036  4205  5359 V WindowManager:   fl=20800128
10-27 23:00:57.036  4205  5359 V WindowManager:   pfl=100050
10-27 23:00:57.036  4205  5359 V WindowManager:   vsysui=100 naviIconColor=0}
10-27 23:00:57.053  4205  5359 D ConnectivityService: filterNetworkStateForUid() uid: 10026, pid: 4853
10-27 23:00:57.053  4205  5359 D ConnectivityService: filterNetworkStateForUid() uid: 10026, pid: 4853, networkInfo: [type: WIFI[], state: CONNECTED/CONNECTED, reason: (unspecified), extra: (none), failover: false, available: true, roaming: false]
10-27 23:00:57.054  4516  5063 D ViewRootImpl@482782b[ScreenDecorOverlayBottom]: Relayout returned: old=[0,2189][1080,2340] new=[0,2189][1080,2340] result=0x1 surface={true 534469656576} changed=false
10-27 23:00:57.069  3715  3715 I SurfaceFlinger: Display 0 HWC layers:
10-27 23:00:57.069  3715  3715 I SurfaceFlinger:     type    |    handle    | flag |  format   |   source crop (l,t,r,b)    |         frame       | name 
10-27 23:00:57.069  3715  3715 I SurfaceFlinger: ------------+--------------+------+-----------+----------------------------+---------------------+------
10-27 23:00:57.069  3715  3715 I SurfaceFlinger:      Device | 0x7bfd4902c0 | 0000 | RGBA_8888 |   0.0    0.0 1080.0 2340.0 |    0    0 1080 2340 | com.airbnb.android/com.airbnb.android.feat.homescreen.HomeActivity[2541]#0
10-27 23:00:57.069  3715  3715 I SurfaceFlinger:      Device | 0x7bfd48f540 | 0000 | RGBA_8888 |   0.0    0.0 1080.0 2031.0 |    0  309 1080 2340 | InputMethod[9757]#0
10-27 23:00:57.069  3715  3715 I SurfaceFlinger:      Device | 0x7c0601f9c0 | 0000 | RGBA_8888 |   0.0    0.0    1.0 2131.0 | 1079   83 1080 2214 | [14878]#0
10-27 23:00:57.069  3715  3715 I SurfaceFlinger:      Device | 0x7c06433f80 | 0000 | RGBA_8888 |   0.0    0.0 1080.0   83.0 |    0    0 1080   83 | StatusBar[4516]#0
10-27 23:00:57.069  3715  3715 I SurfaceFlinger:      Device | 0x7c06021040 | 0000 | RGBA_8888 |   0.0    0.0 1080.0  126.0 |    0 2214 1080 2340 | NavigationBar[4516]#0
10-27 23:00:57.069  3715  3715 I SurfaceFlinger:      Device | 0x7c0601ff00 | 0000 | RGBA_8888 |   0.0    0.0 1080.0  151.0 |    0    0 1080  151 | ScreenDecorOverlay[4516]#0
10-27 23:00:57.069  3715  3715 I SurfaceFlinger:      Device | 0x7c0601ffc
10-27 23:00:57.069  3715  3715 I SurfaceFlinger: 0 | 0000 | RGBA_8888 |   0.0    0.0 1080.0  151.0 |    0 2189 1080 2340 | ScreenDecorOverlayBottom[4516]#0
10-27 23:00:57.069  3715  3715 I SurfaceFlinger: 
10-27 23:00:57.134  5374  5374 D BoundBrokerSvc: onBind: Intent { act=com.google.android.gms.common.BIND_SHARED_PREFS pkg=com.google.android.gms }
10-27 23:00:57.134  5374  5374 D BoundBrokerSvc: Loading bound service for intent: Intent { act=com.google.android.gms.common.BIND_SHARED_PREFS pkg=com.google.android.gms }
10-27 23:00:57.146  5374  5374 D BoundBrokerSvc: onUnbind: Intent { act=com.google.android.gms.common.BIND_SHARED_PREFS pkg=com.google.android.gms }
10-27 23:00:57.163  2541  2541 D ViewRootImpl@11e0231[HomeActivity]: MSG_RESIZED: frame=[0,0][1080,2340] ci=[0,83][0,867] vi=[0,83][0,867] or=1
10-27 23:00:57.163  5374  5374 D BoundBrokerSvc: onBind: Intent { act=com.google.android.gms.common.BIND_SHARED_PREFS pkg=com.google.android.gms }
10-27 23:00:57.163  5374  5374 D BoundBrokerSvc: Loading bound service for intent: Intent { act=com.google.android.gms.common.BIND_SHARED_PREFS pkg=com.google.android.gms }
10-27 23:00:57.176  4205  8040 V WindowManager: Relayout Window{ffc1ba5 u0 com.airbnb.android/com.airbnb.android.feat.homescreen.HomeActivity}: viewVisibility=0 req=1080x2340 {(0,0)(fillxfill) sim={adjust=resize} ty=BASE_APPLICATION fmt=TRANSLUCENT wanim=0x10302ff
10-27 23:00:57.176  4205  8040 V WindowManager:   fl=81810100
10-27 23:00:57.176  4205  8040 V WindowManager:   pfl=1020000
10-27 23:00:57.176  4205  8040 V WindowManager:   vsysui=510 naviIconColor=0}
10-27 23:00:57.182  5374  5374 D BoundBrokerSvc: onUnbind: Intent { act=com.google.android.gms.common.BIND_SHARED_PREFS pkg=com.google.android.gms }
10-27 23:00:57.184  2541  2541 D ViewRootImpl@11e0231[HomeActivity]: Relayout returned: old=[0,0][1080,2340] new=[0,0][1080,2340] result=0x1 surface={true 534160760832} changed=false
10-27 23:00:57.241  4205  4308 I WindowManager: reset, Reparenting to original parent, shouldDeferScheduleAnimation=false, destroyLeash=true, surface=Surface(name=7cf4735 InputMethod)/@0xaa2b7f7, parent=Surface(name=WindowToken{5e5cb7d android.os.Binder@541add4})/@0xb5fc664, parentNativeHandle=android.os.BinderProxy@8ea3f13, caller=com.android.server.wm.SurfaceAnimator.lambda$getFinishedCallback$0:97 com.android.server.wm.-$$Lambda$SurfaceAnimator$SIBia0mND666K8lMCPsoid8pUTI.run:4 com.android.server.wm.SurfaceAnimator.lambda$getFinishedCallback$1:104 com.android.server.wm.-$$Lambda$SurfaceAnimator$vdRZk66hQVbQCvVXEaQCT1kVmFc.onAnimationFinished:4 com.android.server.wm.LocalAnimationAdapter.lambda$startAnimation$0:74 
10-27 23:00:57.242  4205  4308 D SurfaceControl: reparent is called, sc=Surface(name=7cf4735 InputMethod)/@0xaa2b7f7, newParentHandle=android.os.BinderProxy@8ea3f13, transaction=android.view.SurfaceControl$Transaction@640dc93
10-27 23:00:57.242  4205  4308 D SurfaceControl: destroy(transaction), animation-leash is destroyed, sc=Surface(name=Surface(name=7cf4735 InputMethod)/@0xaa2b7f7 - animation-leash)/@0x9f327f, transaction=android.view.SurfaceControl$Transaction@640dc93, caller=com.android.server.wm.SurfaceAnimator.reset:344 com.android.server.wm.SurfaceAnimator.lambda$getFinishedCallback$0:97 com.android.server.wm.-$$Lambda$SurfaceAnimator$SIBia0mND666K8lMCPsoid8pUTI.run:4 com.android.server.wm.SurfaceAnimator.lambda$getFinishedCallback$1:104 com.android.server.wm.-$$Lambda$SurfaceAnimator$vdRZk66hQVbQCvVXEaQCT1kVmFc.onAnimationFinished:4 com.android.server.wm.LocalAnimationAdapter.lambda$startAnimation$0:74 com.android.server.wm.-$$Lambda$LocalAnimationAdapter$X--EomqUvw4qy89IeeTFTH7aCMo.run:4 
10-27 23:00:57.248  4205  4308 D WindowManager: prepareSurfaces, request to clear saved leash, surface=Surface(name=7cf4735 InputMethod)/@0xaa2b7f7
10-27 23:00:57.249  3715  3752 D Layer   : [7cf4735 InputMethod#0]::reparent oldParent:[Surface(name=7cf4735 InputMethod)/@0xaa2b7f7 - animation-leash#0], newParent:[WindowToken{5e5cb7d android.os.Binder@541add4}#0]
10-27 23:00:57.249  3715  3752 I SurfaceFlinger: id=2473 Removed Surface(name=7cf4735 InputMethod)/@0xaa2b7f7 - animation-leash#0 (1/60)
10-27 23:00:57.251  4205  4308 D WindowManager: clearSavedLeashOnCommit, savedLeash=Surface(name=Surface(name=7cf4735 InputMethod)/@0xaa2b7f7 - animation-leash)/@0x9f327f, caller=com.android.server.wm.WindowContainer.clearSavedLeashOnCommit:1156 com.android.server.wm.WindowContainer.clearSavedLeashOnCommit:1160 com.android.server.wm.WindowContainer.clearSavedLeashOnCommit:1160 com.android.server.wm.WindowContainer.clearSavedLeashOnCommit:1160 com.android.server.wm.RootWindowContainer.performSurfacePlacement:786 com.android.server.wm.WindowSurfacePlacer.performSurfacePlacementLoop:211 
10-27 23:00:57.268  3715  3715 I Layer   : id=2473 onRemoved Surface(name=7cf4735 InputMethod)/@0xaa2b7f7 - animation-leash#0 
10-27 23:00:57.317  1770  1865 W CelloCake: [CELLO_TASK_RUNNER_MONITOR7437d742-0] [Account=7437d742:Task=76684513]Slow task still running after 194s. fetchRootStableId(request=# com.google.apps.drive.dataservice.FindByIdsRequest@cc4e416){account=7437d742, submitTimeMs=24941575, startTimeMs=24941575, waitTimeMs=0, timedOut}
10-27 23:00:57.318  1770  1865 W CelloCake: [CELLO_TASK_RUNNER_MONITOR7437d742-0] [Account=7437d742:Task=235473414]Slow task still running after 194s. getObserverManager(){account=7437d742, submitTimeMs=24941575, timedOut}
10-27 23:00:57.396  4205  4385 D WifiStateMachine: enter getWifiLinkLayerStats
10-27 23:00:57.396  4205  4385 I WifiVendorHal: getWifiLinkLayerStats(l.3097) before calling iface.getLinkLayerStats
10-27 23:00:57.397  3701  3701 I android.hardware.wifi@1.0-service: enter getLinkLayerStats
10-27 23:00:57.397  3701  3701 I android.hardware.wifi@1.0-service: enter getLinkLayerStatsInternal
10-27 23:00:57.398  3701  3701 I android.hardware.wifi@1.0-service: Successfully getLinkLayerStats.
10-27 23:00:57.400  4205  4385 I WifiVendorHal: getWifiLinkLayerStats(l.3097) after calling iface.getLinkLayerStats
10-27 23:00:57.407  4205  4385 I WifiStateMachine: checkScoreBasedQuality -  mPreviousScore[0]:97 mPreviousScore[1]:97 mPreviousScore[2]:97 s2Score:95mPrevoiusScoreAverage:97
10-27 23:00:57.522 32322 32630 D Analytics: com.rakuten.tech.mobile.analytics.RealRatBackend$sendEventsToRat$1#run:139 Skipping request delivery there are no events to deliver to RAT
10-27 23:00:57.609 32322 32563 D Analytics: com.rakuten.tech.mobile.analytics.RealRatBackend$sendEventsToRat$1#run:139 Skipping request delivery there are no events to deliver to RAT
10-27 23:00:57.748  5324  5670 D SDHMS:s : SIOP:: AP:295(382,70) BAT:334(334,0) CHG:417(417,0) USB:0(0,0) ATC:0(0,-999) 
10-27 23:00:58.441  2507  2917 I appium  : AppiumResponse: {"sessionId":"25ef9dad-37af-464b-8de6-157007124c32","value":[{"ELEMENT":"a3a19a49-5989-4609-b52a-df7ec76d5ca0","element-6066-11e4-a52e-4f735466cecf":"a3a19a49-5989-4609-b52a-df7ec76d5ca0"}]}
10-27 23:00:58.472  2541  2673 W Settings: Setting airplane_mode_on has moved from android.provider.Settings.System to android.provider.Settings.Global, returning read-only value.
10-27 23:00:58.495  2507  2924 I appium  : channel read invoked!
10-27 23:00:58.495  2507  2924 I appium  : channel read: POST /wd/hub/session/25ef9dad-37af-464b-8de6-157007124c32/element/a3a19a49-5989-4609-b52a-df7ec76d5ca0/value
10-27 23:00:58.497  2507  2924 I appium  : send keys to element command
10-27 23:00:58.519 32322 32401 D Analytics: com.rakuten.tech.mobile.analytics.RealRatBackend$sendEventsToRat$1#run:139 Skipping request delivery there are no events to deliver to RAT
10-27 23:00:58.542  2541  2547 I .airbnb.androi: Compiler allocated 6MB to compile java.lang.Object com.airbnb.android.lib.embeddedexplore.pluginpoint.models.ExploreListingDetailsJsonAdapter.fromJson(com.squareup.moshi.JsonReader)
10-27 23:00:58.578  2507  2924 I appium  : Clear element command
10-27 23:00:58.608 32322 32587 D Analytics: com.rakuten.tech.mobile.analytics.RealRatBackend$sendEventsToRat$1#run:139 Skipping request delivery there are no events to deliver to RAT
10-27 23:00:58.627  4205  5456 D PowerManagerService: [api] userActivity : event: 3 flags: 0 (uid: 1000 pid: 4205) eventTime = 21783431
10-27 23:00:58.650  2541  2541 D InputMethodManager: prepareNavigationBarInfo() DecorView@b7e7697[HomeActivity]
10-27 23:00:58.650  2541  2541 D InputMethodManager: getNavigationBarColor() -855310
10-27 23:00:58.650  2541  2541 V InputMethodManager: Starting input: tba=com.airbnb.android ic=com.android.internal.widget.EditableInputConnection@db90746 mNaviBarColor -855310 mIsGetNaviBarColorSuccess true , NavVisible : true , NavTrans : false
10-27 23:00:58.650  2541  2541 D InputMethodManager: startInputInner - Id : 0
10-27 23:00:58.651  2541  2541 I InputMethodManager: startInputInner - mService.startInputOrWindowGainedFocus
10-27 23:00:58.652  4205  5456 D InputMethodManagerService: startInputOrWindowGainedFocus : startInput 
10-27 23:00:58.654  4205  5456 D InputMethodManagerService: checkDisplayOfStartInputAndUpdateKeyboard display Id 0last 0
10-27 23:00:58.654  4205  5456 D InputMethodManagerService: setCurrentInputInfo - inputContext : com.android.internal.view.IInputContext$Stub$Proxy@5e76349 eidtorInfo : android.view.inputmethod.EditorInfo@73bb44e missingMethods : 0
10-27 23:00:58.654  4205  5456 D InputTransport: Input channel constructed: fd=512
10-27 23:00:58.654  4205  5456 D InputTransport: Input channel destroyed: fd=512
10-27 23:00:58.654  9757  9757 I InputMethodWrapper:  call dispatchStartInputWithToken
10-27 23:00:58.654  9757  9757 I InputMethodService: dispatchStartInputWithToken
10-27 23:00:58.654  9757  9757 D InputMethodService: checkDisplayOfStartInputAndUpdateKeyboard display Id 0last 0
10-27 23:00:58.654  2541  2541 D InputTransport: Input channel constructed: fd=101
10-27 23:00:58.654  2541  2541 D InputTransport: Input channel destroyed: fd=95
10-27 23:00:58.654  9757  9757 I GoogleInputMethodService: GoogleInputMethodService.onStartInput():1943 
10-27 23:00:58.655  9757  9757 W SessionManager: SessionManager.beginSession():53 Try to begin an already begun session [INPUT_SESSION], end it first
10-27 23:00:58.655  9757  9757 W SessionManager: SessionManager.endSession():96 Child session [INPUT_VIEW_SESSION] is not ended while ending session [{INPUT_SESSION=1635355856089, INPUT_VIEW_SESSION=1635355856610, IME_SESSION=1635355856711, TRAINING_CACHE_SESSION=1635355856712}], ending it now.
10-27 23:00:58.655  9757  9757 W SessionManager: SessionManager.endSession():96 Child session [IME_SESSION] is not ended while ending session [{INPUT_SESSION=1635355856089, INPUT_VIEW_SESSION=1635355856610, IME_SESSION=1635355856711, TRAINING_CACHE_SESSION=1635355856712}], ending it now.
10-27 23:00:58.656  9757  9757 W SessionManager: SessionManager.endSession():96 Child session [TRAINING_CACHE_SESSION] is not ended while ending session [{INPUT_SESSION=1635355856089, INPUT_VIEW_SESSION=1635355856610, IME_SESSION=1635355856711, TRAINING_CACHE_SESSION=1635355856712}], ending it now.
10-27 23:00:58.657  9757  9757 I GoogleInputMethodService: GoogleInputMethodService.onStartInputView():2083 
10-27 23:00:58.689  4205  4683 D BatteryService: Sending ACTION_BATTERY_CHANGED. scale:100, info:{.chargerAcOnline = false, .chargerUsbOnline = true, .chargerWirelessOnline = false, .maxChargingCurrent = 0, .maxChargingVoltage = 0, .batteryStatus = CHARGING, .batteryHealth = GOOD, .batteryPresent = true, .batteryLevel = 74, .batteryVoltage = 4120, .batteryTemperature = 335, .batteryCurrent = 0, .batteryCycleCount = 0, .batteryFullCharge = 4900000, .batteryChargeCounter = 3660300, .batteryTechnology = Li-ion}
10-27 23:00:58.689  4205  4683 D BatteryService: online:19, current avg:1244, charge type:1, POGO powered:false, power sharing:false, high voltage charger:false, charger_type:0, capacity:280000, batterySWSelfDischarging:false, misc_event:0, current_event:0, current_now:823
10-27 23:00:58.691  4205  4205 I MotionRecognitionService: Plugged
10-27 23:00:58.691  4205  4205 D MotionRecognitionService:   mCableConnection= 1
10-27 23:00:58.691  4205  4205 D MotionRecognitionService: setPowerConnected : mGripEnabled = false
10-27 23:00:58.692  4205  4205 D SamsungPhoneWindowManager: ACTION_BATTERY_CHANGED - Level :: 74, battStatus :: 2
10-27 23:00:58.697  4205  4205 D UsbDeviceManager: received ACTION_BATTERY_CHANGED
10-27 23:00:58.698  4450  4450 D BigDataInfoController: Intent : android.intent.action.BATTERY_CHANGED
10-27 23:00:58.699  4205  4233 D UsbDeviceManager: handleMessage -> MSG_UPDATE_CHARGING_STATE = 1
10-27 23:00:58.700  4205  4233 D UsbDeviceManager: updateUsbNotification(false) : mConnected = true, mConfigured = true, mCurrentFunctions = 5, mHostConnected = false, mSourcePower = false, mSinkPower = true, mUsbCharging = true, mUseUsbNotification = true
10-27 23:00:58.700  4516  4516 D KeyguardUpdateMonitor: received broadcast android.intent.action.BATTERY_CHANGED
10-27 23:00:58.700  4516  4516 D KeyguardUpdateMonitor: handleBatteryUpdate
10-27 23:00:58.700  4205  4233 D UsbDeviceManager: updateUsbNotification, set mCurrentFunctionsForNoti : mtp
10-27 23:00:58.701  4205  4233 D UsbDeviceManager: id=27, mUsbNotificationId=27, titleRes=17042128
10-27 23:00:58.702  4450  4450 D BigDataInfoController: Intent : android.intent.action.BATTERY_CHANGED
10-27 23:00:58.712  4516  4516 D PowerUI : priorPlugType = 2 mPlugType = 2 priorBatteryStatus = 2 mBatteryStatus = 2
10-27 23:00:58.712  4516  4516 D PowerUI.Notification: Charging estimate time is not supported and connected cable is normal cable charger, so return!
10-27 23:00:58.712  4516  4516 D PowerUI : Battery swelling mode - priorBatterySwellingMode = 0 mBatterySwellingMode = 0
10-27 23:00:58.723  4516  4516 I StackScroller: ADJUST STACK.TRANSLATION
10-27 23:00:58.724  4516  4516 I chatty  : uid=10006(com.samsung.android.app.aodservice) com.android.systemui identical 1 line
10-27 23:00:58.724  4516  4516 I StackScroller: ADJUST STACK.TRANSLATION
10-27 23:00:58.734  9757  9757 I KeyboardViewUtil: KeyboardViewUtil.getKeyboardHeightRatio():166 systemKeyboardHeightRatio:1.000000; userKeyboardHeightRatio:1.000000.
10-27 23:00:58.735  9757  9757 I InlineSuggestionCandidateViewController: InlineSuggestionCandidateViewController.setInlineSuggestionCandidateImpl():1214 set  to inlineSuggestionTextView
10-27 23:00:58.736  9757  9757 I InputBundle: InputBundle.consumeEvent():961 Skip consuming an event as keyboard status is 0
10-27 23:00:58.737  9757  9757 I KeyboardWrapper: KeyboardWrapper.consumeEvent():287 Skip consuming an event as current keyboard is deactivated (state=0, keyboard existence=true)
10-27 23:00:58.738  9757  9757 I VoiceInputManagerWrapper: VoiceInputManagerWrapper.shutdown():76 shutdown()
10-27 23:00:58.738  9757  9757 W SessionManager: SessionManager.endSession():88 Try to end a not begun session [TRAINING_CACHE_SESSION].
10-27 23:00:58.738  9757  9757 I AndroidIME: AbstractIme.onDeactivate():209 LatinIme.onDeactivate()
10-27 23:00:58.739  9757  9757 W SessionManager: SessionManager.endSession():88 Try to end a not begun session [IME_SESSION].
10-27 23:00:58.740  9757  9757 I AndroidIME: AbstractIme.onActivate():88 LatinIme.onActivate() : EditorInfo = Package = com.airbnb.android : Type = Text : Learning = Disable : Suggestion = Show : AutoCorrection = Enable : Microphone = Show : NoPersonalizedLearning = Disable : AutoStartVoiceInput = Disable : AutoStartEmojiInput = Disable : SimulateDeviceLocked = False : imeActionName = SEARCH : imeOptions = 8000003 : privateImeOptions = null, IncognitoMode = false, DeviceLocked = false
10-27 23:00:58.741  9757  9757 I Delight5Facilitator: Delight5Facilitator.initializeForIme():656 initializeForIme() : Locale = [en_US], layout = qwerty
10-27 23:00:58.741  9757  9757 I VoiceInputManagerWrapper: VoiceInputManagerWrapper.cancelShutdown():54 cancelShutdown()
10-27 23:00:58.741  9757  9757 I VoiceInputManagerWrapper: VoiceInputManagerWrapper.syncLanguagePacks():66 syncLanguagePacks()
10-27 23:00:58.742  9757  9757 I LatinIme: LatinIme.updateEnableInlineSuggestionsOnDecoderSideFlags():1270 inline flag updated to:true
10-27 23:00:58.748  9757  9757 I KeyboardWrapper: KeyboardWrapper.consumeEvent():287 Skip consuming an event as current keyboard is deactivated (state=0, keyboard existence=true)
10-27 23:00:58.750  9757 15794 I SpeechFactory: SpeechRecognitionFactory.maybeScheduleAutoPackDownloadForFallback():160 maybeScheduleAutoPackDownloadForFallback()
10-27 23:00:58.750  9757 15794 I FallbackOnDeviceRecognitionProvider: FallbackOnDeviceRecognitionProvider.maybeScheduleAutoPackDownload():196 maybeScheduleAutoPackDownload() for language tag en-US
10-27 23:00:58.758  9757  9757 I KeyboardViewUtil: KeyboardViewUtil.calculateMaxKeyboardBodyHeight():62 leave 354 height for app when screen height:2214, header height:116 and isFullscreenMode:false, so the max keyboard body height is:1744
10-27 23:00:58.768  9757  9809 I Delight5Decoder: Delight5DecoderWrapper.handleMessage():1838 handleMessage(): UPDATE_KEYBOARD_LAYOUT
10-27 23:00:58.768  9757  9757 I KeyboardViewUtil: KeyboardViewUtil.calculateMaxKeyboardBodyHeight():62 leave 354 height for app when screen height:2214, header height:116 and isFullscreenMode:false, so the max keyboard body height is:1744
10-27 23:00:58.787  9757  9757 W KeyboardModeManager: KeyboardModeManager.setInputView():303 setInputView() : inputView = com.google.android.apps.inputmethod.libs.framework.core.InputView{6eb1284 V.E...... ......ID 0,0-1080,2131}
10-27 23:00:58.788  9757  9757 I NormalModeController: NormalModeController.getKeyboardBodyViewHolderPaddingBottom():112 currentPrimeKeyboardType:SOFT systemPaddingBottom:-1
10-27 23:00:58.793  9757  9757 I GoogleInputMethodService: GoogleInputMethodService$10.getInputViewCoverNavigationHeight():3263 Returns default 0 as the coverNavigationHeight while extendsTouchBelowSpace=false decorViewWindowInsets=WindowInsets{systemWindowInsets=Rect(0, 0 - 0, 126) windowDecorInsets=Rect(0, 0 - 0, 0) stableInsets=Rect(0, 0 - 0, 126)}
10-27 23:00:58.793  9757  9757 I AndroidIME: KeyboardViewManager.getKeyboardYPosition():719 positionY=0
10-27 23:00:58.793  9757  9757 I GoogleInputMethodService: GoogleInputMethodService$10.getInputViewCoverNavigationHeight():3263 Returns default 0 as the coverNavigationHeight while extendsTouchBelowSpace=false decorViewWindowInsets=WindowInsets{systemWindowInsets=Rect(0, 0 - 0, 126) windowDecorInsets=Rect(0, 0 - 0, 0) stableInsets=Rect(0, 0 - 0, 126)}
10-27 23:00:58.794  9757  9757 I AndroidIME: KeyboardViewManager.getKeyboardYPosition():719 positionY=0
10-27 23:00:58.794  9757  9757 I AndroidIME: KeyboardViewManager.getInputViewBottomGapFromScreen():387 get inputViewBottomGapFromScreen = 126 from keyboard size helper.
10-27 23:00:58.794  9757  9757 I GoogleInputMethodService: GoogleInputMethodService$10.getInputViewCoverNavigationHeight():3263 Returns default 0 as the coverNavigationHeight while extendsTouchBelowSpace=false decorViewWindowInsets=WindowInsets{systemWindowInsets=Rect(0, 0 - 0, 126) windowDecorInsets=Rect(0, 0 - 0, 0) stableInsets=Rect(0, 0 - 0, 126)}
10-27 23:00:58.800  9757  9757 I AndroidIME: KeyboardViewManager.updateKeyboardBodyViewHolderPaddingBottom():606 Set finalPaddingBottom = 0 while keyboardBottomGapFromScreen = 0; inputViewBottomGapFromScreen = 126 inputViewCoverNavigationHeight=0
10-27 23:00:58.800  9757  9757 I GoogleInputMethodService: GoogleInputMethodService$10.getInputViewCoverNavigationHeight():3263 Returns default 0 as the coverNavigationHeight while extendsTouchBelowSpace=false decorViewWindowInsets=WindowInsets{systemWindowInsets=Rect(0, 0 - 0, 126) windowDecorInsets=Rect(0, 0 - 0, 0) stableInsets=Rect(0, 0 - 0, 126)}
10-27 23:00:58.801  9757  9757 I AndroidIME: KeyboardViewManager.getKeyboardYPosition():719 positionY=0
10-27 23:00:58.801  9757  9757 I GoogleInputMethodService: GoogleInputMethodService$10.getInputViewCoverNavigationHeight():3263 Returns default 0 as the coverNavigationHeight while extendsTouchBelowSpace=false decorViewWindowInsets=WindowInsets{systemWindowInsets=Rect(0, 0 - 0, 126) windowDecorInsets=Rect(0, 0 - 0, 0) stableInsets=Rect(0, 0 - 0, 126)}
10-27 23:00:58.802  9757  9757 I AndroidIME: KeyboardViewManager.getKeyboardYPosition():719 positionY=0
10-27 23:00:58.802  9757  9757 I GoogleInputMethodService: GoogleInputMethodService$10.getInputViewCoverNavigationHeight():3263 Returns default 0 as the coverNavigationHeight while extendsTouchBelowSpace=false decorViewWindowInsets=WindowInsets{systemWindowInsets=Rect(0, 0 - 0, 126) windowDecorInsets=Rect(0, 0 - 0, 0) stableInsets=Rect(0, 0 - 0, 126)}
10-27 23:00:58.803  9757  9757 I AndroidIME: KeyboardViewManager.getKeyboardYPosition():719 positionY=0
10-27 23:00:58.803  9757  9757 I GoogleInputMethodService: GoogleInputMethodService$10.getInputViewCoverNavigationHeight():3263 Returns default 0 as the coverNavigationHeight while extendsTouchBelowSpace=false decorViewWindowInsets=WindowInsets{systemWindowInsets=Rect(0, 0 - 0, 126) windowDecorInsets=Rect(0, 0 - 0, 0) stableInsets=Rect(0, 0 - 0, 126)}
10-27 23:00:58.804  9757  9757 I AndroidIME: KeyboardViewManager.getKeyboardYPosition():719 positionY=0
10-27 23:00:58.804  9757  9757 W KeyboardModeManager: KeyboardModeManager.reloadOrientationAwareData():469 reloadOrientationAwareData() : orientation = 1
10-27 23:00:58.805  9757  9757 I NormalModeController: NormalModeController.getKeyboardBodyViewHolderPaddingBottom():112 currentPrimeKeyboardType:SOFT systemPaddingBottom:-1
10-27 23:00:58.818  9757  9757 I GoogleInputMethodService: GoogleInputMethodService$10.getInputViewCoverNavigationHeight():3263 Returns default 0 as the coverNavigationHeight while extendsTouchBelowSpace=false decorViewWindowInsets=WindowInsets{systemWindowInsets=Rect(0, 0 - 0, 126) windowDecorInsets=Rect(0, 0 - 0, 0) stableInsets=Rect(0, 0 - 0, 126)}
10-27 23:00:58.831  9757  9757 I GoogleInputMethodService: GoogleInputMethodService$10.getInputViewCoverNavigationHeight():3263 Returns default 0 as the coverNavigationHeight while extendsTouchBelowSpace=false decorViewWindowInsets=WindowInsets{systemWindowInsets=Rect(0, 0 - 0, 126) windowDecorInsets=Rect(0, 0 - 0, 0) stableInsets=Rect(0, 0 - 0, 126)}
10-27 23:00:58.834  9757  9757 W AndroidIME: KeyboardViewManager.initializeViews():457 initializeViews() : keyboard full width = -1; root view width = 1080; measured keyboard height = 2257
10-27 23:00:58.835  9757  9757 I AndroidIME: KeyboardViewManager.updateKeyboardHeaderViewWidth():926 keyboard header ratio:1.000000 body ratio:1.000000
10-27 23:00:58.835  9757  9757 I AndroidIME: KeyboardViewManager.updateKeyboardHeaderViewWidth():926 keyboard header ratio:1.000000 body ratio:1.000000
10-27 23:00:58.837  9757  9757 I GoogleInputMethodService: GoogleInputMethodService$10.getInputViewCoverNavigationHeight():3263 Returns default 0 as the coverNavigationHeight while extendsTouchBelowSpace=false decorViewWindowInsets=WindowInsets{systemWindowInsets=Rect(0, 0 - 0, 126) windowDecorInsets=Rect(0, 0 - 0, 0) stableInsets=Rect(0, 0 - 0, 126)}
10-27 23:00:58.837  9757  9757 I AndroidIME: KeyboardViewManager.getKeyboardYPosition():719 positionY=0
10-27 23:00:58.837  9757  9757 I GoogleInputMethodService: GoogleInputMethodService$10.getInputViewCoverNavigationHeight():3263 Returns default 0 as the coverNavigationHeight while extendsTouchBelowSpace=false decorViewWindowInsets=WindowInsets{systemWindowInsets=Rect(0, 0 - 0, 126) windowDecorInsets=Rect(0, 0 - 0, 0) stableInsets=Rect(0, 0 - 0, 126)}
10-27 23:00:58.838  9757  9757 I AndroidIME: KeyboardViewManager.getKeyboardYPosition():719 positionY=0
10-27 23:00:58.838  9757  9757 I AndroidIME: KeyboardViewManager.getInputViewBottomGapFromScreen():387 get inputViewBottomGapFromScreen = 126 from keyboard size helper.
10-27 23:00:58.838  9757  9757 I GoogleInputMethodService: GoogleInputMethodService$10.getInputViewCoverNavigationHeight():3263 Returns default 0 as the coverNavigationHeight while extendsTouchBelowSpace=false decorViewWindowInsets=WindowInsets{systemWindowInsets=Rect(0, 0 - 0, 126) windowDecorInsets=Rect(0, 0 - 0, 0) stableInsets=Rect(0, 0 - 0, 126)}
10-27 23:00:58.842  9757  9757 I AndroidIME: KeyboardViewManager.updateKeyboardBodyViewHolderPaddingBottom():606 Set finalPaddingBottom = 0 while keyboardBottomGapFromScreen = 0; inputViewBottomGapFromScreen = 126 inputViewCoverNavigationHeight=0
10-27 23:00:58.843  9757  9757 I GoogleInputMethodService: GoogleInputMethodService$10.getInputViewCoverNavigationHeight():3263 Returns default 0 as the coverNavigationHeight while extendsTouchBelowSpace=false decorViewWindowInsets=WindowInsets{systemWindowInsets=Rect(0, 0 - 0, 126) windowDecorInsets=Rect(0, 0 - 0, 0) stableInsets=Rect(0, 0 - 0, 126)}
10-27 23:00:58.843  9757  9757 I AndroidIME: KeyboardViewManager.getKeyboardYPosition():719 positionY=0
10-27 23:00:58.844  9757  9757 I GoogleInputMethodService: GoogleInputMethodService$10.getInputViewCoverNavigationHeight():3263 Returns default 0 as the coverNavigationHeight while extendsTouchBelowSpace=false decorViewWindowInsets=WindowInsets{systemWindowInsets=Rect(0, 0 - 0, 126) windowDecorInsets=Rect(0, 0 - 0, 0) stableInsets=Rect(0, 0 - 0, 126)}
10-27 23:00:58.844  9757  9757 I AndroidIME: KeyboardViewManager.getKeyboardYPosition():719 positionY=0
10-27 23:00:58.845  9757  9757 I GoogleInputMethodService: GoogleInputMethodService$10.getInputViewCoverNavigationHeight():3263 Returns default 0 as the coverNavigationHeight while extendsTouchBelowSpace=false decorViewWindowInsets=WindowInsets{systemWindowInsets=Rect(0, 0 - 0, 126) windowDecorInsets=Rect(0, 0 - 0, 0) stableInsets=Rect(0, 0 - 0, 126)}
10-27 23:00:58.847  9757  9757 I AndroidIME: KeyboardViewManager.getKeyboardYPosition():719 positionY=0
10-27 23:00:58.848  9757  9757 I GoogleInputMethodService: GoogleInputMethodService$10.getInputViewCoverNavigationHeight():3263 Returns default 0 as the coverNavigationHeight while extendsTouchBelowSpace=false decorViewWindowInsets=WindowInsets{systemWindowInsets=Rect(0, 0 - 0, 126) windowDecorInsets=Rect(0, 0 - 0, 0) stableInsets=Rect(0, 0 - 0, 126)}
10-27 23:00:58.848  9757  9757 I AndroidIME: KeyboardViewManager.getKeyboardYPosition():719 positionY=0
10-27 23:00:58.853  9757  9757 I VoiceImeExtension: VoiceImeExtension.shouldStartVoiceInputAutomatically():353 No private IME option set to start voice input.
10-27 23:00:58.854  9757  9757 V InputMethodService: showSoftInput(), flags : 1
10-27 23:00:58.857  9757  9757 D InputMethodService: mDesktopModeManager null!
10-27 23:00:58.859  9757  9757 D InputMethodService: SWI - SIR true, mIVS : true
10-27 23:00:58.859  9757  9757 D InputMethodService: AxT9IME.sendInputViewShownState(): true
10-27 23:00:58.859  9757  9757 D InputMethodService: AxT9IME.IS_VISIBLE_CANDIDATE(): 4
10-27 23:00:58.863  9757  9767 I putmethod.lati: Background concurrent copying GC freed 49631(2MB) AllocSpace objects, 12(560KB) LOS objects, 49% free, 10MB/20MB, paused 444us total 194.201ms
10-27 23:00:58.865  4205  5359 D InputMethodManagerService: setImeWindowStatus(), vis : 3 backDisposition : 0
10-27 23:00:58.865  4205  5359 D InputMethodManagerService: isImeSwitcherDisabledPackage : false
10-27 23:00:58.865  4205  5359 D InputMethodManagerService: shouldShowImeSwitcherLocked : checking vis : 3
10-27 23:00:58.866  5324  5324 E SDHMS:SDHMS_UTIL_IO: e = /sys/class/input_booster/touchkey/time (Permission denied)
10-27 23:00:58.866  4205  5359 D InputMethodManagerService: shouldShowImeSwitcherLocked : language count above 2 or auxcount above 1 return true : 3 1
10-27 23:00:58.866  4205  5359 D InputMethodManagerService: mDesktopModeManager null!
10-27 23:00:58.866  4205  5359 D InputMethodManagerService: updateSystemUiLocked 0
10-27 23:00:58.867  4205  5359 D InputMethodManagerService: updateSystemUiLocked(), setImeWindowStatusToType, vis : 3 backDisposition : 0
10-27 23:00:58.868  4516  4516 D NavigationBar: setImeWindowStatus() imeShown = true, backDisposition = 0, showImeSwitcher = true
10-27 23:00:58.869  9757  9757 D InputMethodManager: setImeWindowStatus(), vis : 3 backDisposition : 0
10-27 23:00:58.869  9757  9757 D InputMethodService: showSoftInput(), setImeWindowStatus,isInputViewShown():true mBackDisposition :0
10-27 23:00:58.882  5374  5374 D BoundBrokerSvc: onBind: Intent { act=com.google.android.gms.common.BIND_SHARED_PREFS pkg=com.google.android.gms }
10-27 23:00:58.882  5374  5374 D BoundBrokerSvc: Loading bound service for intent: Intent { act=com.google.android.gms.common.BIND_SHARED_PREFS pkg=com.google.android.gms }
10-27 23:00:58.889  5374  5374 D BoundBrokerSvc: onUnbind: Intent { act=com.google.android.gms.common.BIND_SHARED_PREFS pkg=com.google.android.gms }
10-27 23:00:58.923  5374  5374 D BoundBrokerSvc: onBind: Intent { act=com.google.android.gms.common.BIND_SHARED_PREFS pkg=com.google.android.gms }
10-27 23:00:58.924  5374  5374 D BoundBrokerSvc: Loading bound service for intent: Intent { act=com.google.android.gms.common.BIND_SHARED_PREFS pkg=com.google.android.gms }
10-27 23:00:58.936  5374  5374 D BoundBrokerSvc: onUnbind: Intent { act=com.google.android.gms.common.BIND_SHARED_PREFS pkg=com.google.android.gms }
10-27 23:00:58.999  3713  3799 V APM_AudioPolicyManager: AudioPolicyManager:setRecordSilenced(uid:10005, silenced:1)
10-27 23:00:59.444  4205  5359 D PowerManagerService: [api] userActivity : event: 3 flags: 0 (uid: 1000 pid: 4205) eventTime = 21784248
10-27 23:00:59.504  2541  2541 D InputMethodManager: prepareNavigationBarInfo() DecorView@b7e7697[HomeActivity]
10-27 23:00:59.505  2541  2541 D InputMethodManager: getNavigationBarColor() -855310
10-27 23:00:59.505  2541  2541 V InputMethodManager: Starting input: tba=com.airbnb.android ic=com.android.internal.widget.EditableInputConnection@b561215 mNaviBarColor -855310 mIsGetNaviBarColorSuccess true , NavVisible : true , NavTrans : false
10-27 23:00:59.505  2541  2541 D InputMethodManager: startInputInner - Id : 0
10-27 23:00:59.505  2541  2541 I InputMethodManager: startInputInner - mService.startInputOrWindowGainedFocus
10-27 23:00:59.506  4205  5359 D InputMethodManagerService: startInputOrWindowGainedFocus : startInput 
10-27 23:00:59.508  4205  5359 D InputMethodManagerService: checkDisplayOfStartInputAndUpdateKeyboard display Id 0last 0
10-27 23:00:59.508  9757  9757 I InputMethodWrapper:  call dispatchStartInputWithToken
10-27 23:00:59.508  9757  9757 I InputMethodService: dispatchStartInputWithToken
10-27 23:00:59.509  4205  5359 D InputMethodManagerService: setCurrentInputInfo - inputContext : com.android.internal.view.IInputContext$Stub$Proxy@735ff26 eidtorInfo : android.view.inputmethod.EditorInfo@31f6767 missingMethods : 0
10-27 23:00:59.509  9757  9757 D InputMethodService: checkDisplayOfStartInputAndUpdateKeyboard display Id 0last 0
10-27 23:00:59.509  9757  9757 I GoogleInputMethodService: GoogleInputMethodService.onStartInput():1943 
10-27 23:00:59.509  4205  5359 D InputTransport: Input channel constructed: fd=512
10-27 23:00:59.509  4205  5359 D InputTransport: Input channel destroyed: fd=512
10-27 23:00:59.510  9757  9757 W SessionManager: SessionManager.beginSession():53 Try to begin an already begun session [INPUT_SESSION], end it first
10-27 23:00:59.510  9757  9757 W SessionManager: SessionManager.endSession():96 Child session [INPUT_VIEW_SESSION] is not ended while ending session [{INPUT_SESSION=1635355858656, INPUT_VIEW_SESSION=1635355858657, IME_SESSION=1635355858739, TRAINING_CACHE_SESSION=1635355858740}], ending it now.
10-27 23:00:59.511  2541  2541 D InputTransport: Input channel constructed: fd=95
10-27 23:00:59.511  9757  9757 W SessionManager: SessionManager.endSession():96 Child session [IME_SESSION] is not ended while ending session [{INPUT_SESSION=1635355858656, INPUT_VIEW_SESSION=1635355858657, IME_SESSION=1635355858739, TRAINING_CACHE_SESSION=1635355858740}], ending it now.
10-27 23:00:59.511  2541  2541 D InputTransport: Input channel destroyed: fd=101
10-27 23:00:59.511  9757  9757 W SessionManager: SessionManager.endSession():96 Child session [TRAINING_CACHE_SESSION] is not ended while ending session [{INPUT_SESSION=1635355858656, INPUT_VIEW_SESSION=1635355858657, IME_SESSION=1635355858739, TRAINING_CACHE_SESSION=1635355858740}], ending it now.
10-27 23:00:59.514  9757  9757 I GoogleInputMethodService: GoogleInputMethodService.onStartInputView():2083 
10-27 23:00:59.520 32322 32428 D Analytics: com.rakuten.tech.mobile.analytics.RealRatBackend$sendEventsToRat$1#run:139 Skipping request delivery there are no events to deliver to RAT
10-27 23:00:59.527  2507  2924 I appium  : AppiumResponse: {"sessionId":"25ef9dad-37af-464b-8de6-157007124c32","value":null}
10-27 23:00:59.566  2541  2627 W Settings: Setting airplane_mode_on has moved from android.provider.Settings.System to android.provider.Settings.Global, returning read-only value.
10-27 23:00:59.582  2507  2530 I appium  : channel read invoked!
10-27 23:00:59.583  2507  2530 I appium  : channel read: POST /wd/hub/session/25ef9dad-37af-464b-8de6-157007124c32/elements
10-27 23:00:59.587  2507  2530 I appium  : Find elements command using 'id' with selector 'title'.
10-27 23:00:59.587  2507  2530 I appium  : Waiting up to 10000ms for device to be idle
10-27 23:00:59.605  2541  2564 W Settings: Setting airplane_mode_on has moved from android.provider.Settings.System to android.provider.Settings.Global, returning read-only value.
10-27 23:00:59.609 32322 32634 D Analytics: com.rakuten.tech.mobile.analytics.RealRatBackend$sendEventsToRat$1#run:139 Skipping request delivery there are no events to deliver to RAT
10-27 23:00:59.623  9757  9757 I KeyboardViewUtil: KeyboardViewUtil.getKeyboardHeightRatio():166 systemKeyboardHeightRatio:1.000000; userKeyboardHeightRatio:1.000000.
10-27 23:00:59.624  9757  9757 I InlineSuggestionCandidateViewController: InlineSuggestionCandidateViewController.setInlineSuggestionCandidateImpl():1214 set  to inlineSuggestionTextView
10-27 23:00:59.625  9757  9757 I InputBundle: InputBundle.consumeEvent():961 Skip consuming an event as keyboard status is 0
10-27 23:00:59.627  9757  9757 I KeyboardWrapper: KeyboardWrapper.consumeEvent():287 Skip consuming an event as current keyboard is deactivated (state=0, keyboard existence=true)
10-27 23:00:59.627  9757  9757 I VoiceInputManagerWrapper: VoiceInputManagerWrapper.shutdown():76 shutdown()
10-27 23:00:59.628  9757  9757 W SessionManager: SessionManager.endSession():88 Try to end a not begun session [TRAINING_CACHE_SESSION].
10-27 23:00:59.628  9757  9757 I AndroidIME: AbstractIme.onDeactivate():209 LatinIme.onDeactivate()
10-27 23:00:59.631  9757  9757 W SessionManager: SessionManager.endSession():88 Try to end a not begun session [IME_SESSION].
10-27 23:00:59.632  9757  9757 I AndroidIME: AbstractIme.onActivate():88 LatinIme.onActivate() : EditorInfo = Package = com.airbnb.android : Type = Text : Learning = Disable : Suggestion = Show : AutoCorrection = Enable : Microphone = Show : NoPersonalizedLearning = Disable : AutoStartVoiceInput = Disable : AutoStartEmojiInput = Disable : SimulateDeviceLocked = False : imeActionName = SEARCH : imeOptions = 8000003 : privateImeOptions = null, IncognitoMode = false, DeviceLocked = false
10-27 23:00:59.633  9757  9757 I Delight5Facilitator: Delight5Facilitator.initializeForIme():656 initializeForIme() : Locale = [en_US], layout = qwerty
10-27 23:00:59.634  9757  9757 I VoiceInputManagerWrapper: VoiceInputManagerWrapper.cancelShutdown():54 cancelShutdown()
10-27 23:00:59.635  9757  9757 I VoiceInputManagerWrapper: VoiceInputManagerWrapper.syncLanguagePacks():66 syncLanguagePacks()
10-27 23:00:59.635  9757  9757 I LatinIme: LatinIme.updateEnableInlineSuggestionsOnDecoderSideFlags():1270 inline flag updated to:true
10-27 23:00:59.636  9757 15794 I SpeechFactory: SpeechRecognitionFactory.maybeScheduleAutoPackDownloadForFallback():160 maybeScheduleAutoPackDownloadForFallback()
10-27 23:00:59.637  9757 15794 I FallbackOnDeviceRecognitionProvider: FallbackOnDeviceRecognitionProvider.maybeScheduleAutoPackDownload():196 maybeScheduleAutoPackDownload() for language tag en-US
10-27 23:00:59.643  9757  9757 I KeyboardWrapper: KeyboardWrapper.consumeEvent():287 Skip consuming an event as current keyboard is deactivated (state=0, keyboard existence=true)
10-27 23:00:59.655  9757  9757 I KeyboardViewUtil: KeyboardViewUtil.calculateMaxKeyboardBodyHeight():62 leave 354 height for app when screen height:2214, header height:116 and isFullscreenMode:false, so the max keyboard body height is:1744
10-27 23:00:59.668  9757  9757 I KeyboardViewUtil: KeyboardViewUtil.calculateMaxKeyboardBodyHeight():62 leave 354 height for app when screen height:2214, header height:116 and isFullscreenMode:false, so the max keyboard body height is:1744
10-27 23:00:59.678  9757  9809 I Delight5Decoder: Delight5DecoderWrapper.handleMessage():1838 handleMessage(): UPDATE_KEYBOARD_LAYOUT
10-27 23:00:59.682  9757  9757 W KeyboardModeManager: KeyboardModeManager.setInputView():303 setInputView() : inputView = com.google.android.apps.inputmethod.libs.framework.core.InputView{6eb1284 V.E...... ......ID 0,0-1080,2131}
10-27 23:00:59.682  9757  9757 I NormalModeController: NormalModeController.getKeyboardBodyViewHolderPaddingBottom():112 currentPrimeKeyboardType:SOFT systemPaddingBottom:-1
10-27 23:00:59.684  9757  9757 I GoogleInputMethodService: GoogleInputMethodService$10.getInputViewCoverNavigationHeight():3263 Returns default 0 as the coverNavigationHeight while extendsTouchBelowSpace=false decorViewWindowInsets=WindowInsets{systemWindowInsets=Rect(0, 0 - 0, 126) windowDecorInsets=Rect(0, 0 - 0, 0) stableInsets=Rect(0, 0 - 0, 126)}
10-27 23:00:59.685  9757  9757 I AndroidIME: KeyboardViewManager.getKeyboardYPosition():719 positionY=0
10-27 23:00:59.685  9757  9757 I GoogleInputMethodService: GoogleInputMethodService$10.getInputViewCoverNavigationHeight():3263 Returns default 0 as the coverNavigationHeight while extendsTouchBelowSpace=false decorViewWindowInsets=WindowInsets{systemWindowInsets=Rect(0, 0 - 0, 126) windowDecorInsets=Rect(0, 0 - 0, 0) stableInsets=Rect(0, 0 - 0, 126)}
10-27 23:00:59.685  9757  9757 I AndroidIME: KeyboardViewManager.getKeyboardYPosition():719 positionY=0
10-27 23:00:59.686  9757  9757 I AndroidIME: KeyboardViewManager.getInputViewBottomGapFromScreen():387 get inputViewBottomGapFromScreen = 126 from keyboard size helper.
10-27 23:00:59.686  9757  9757 I GoogleInputMethodService: GoogleInputMethodService$10.getInputViewCoverNavigationHeight():3263 Returns default 0 as the coverNavigationHeight while extendsTouchBelowSpace=false decorViewWindowInsets=WindowInsets{systemWindowInsets=Rect(0, 0 - 0, 126) windowDecorInsets=Rect(0, 0 - 0, 0) stableInsets=Rect(0, 0 - 0, 126)}
