10-27 23:00:08.419  5256  5256 D DeepShortcutManager: bindDeepShortcutMap: {com.android.launcher3.framework.support.context.base.ComponentKey@ed003502=[launcher_shortcut_search, launcher_shortcut_upload, launcher_shortcut_scan], com.android.launcher3.framework.support.context.base.ComponentKey@92548096=[Search, Messages, Share, Notifications], com.android.launcher3.framework.support.context.base.ComponentKey@a0bd7cbe=[music-mylibrary, music-recents, music-ifl], com.android.launcher3.framework.support.context.base.ComponentKey@b0cc8fca=[shortcut_create_note, shortcut_write_with_pen, shortcut_record_voice_note], com.android.launcher3.framework.support.context.base.ComponentKey@3916b95c=[compose], com.android.launcher3.framework.support.context.base.ComponentKey@e0d97894=[DynamicFullRecent], com.android.launcher3.framework.support.context.base.ComponentKey@64033792=[trending-shortcut, search-shortcut, subscriptions-shortcut], com.android.launcher3.framework.support.context.base.ComponentKey@d8691cf8=[launcher_shortcut_search, launcher_shortcut_template, launcher_shortcut_create_new], com.android.launcher3.framework.support.context.base.ComponentKey@683678e7=[create_message], com.android.launcher3.framework.support.context.base.ComponentKey@b9bf2a2e=[contactadd, myprofile], com.android.launcher3.framework.support.context.base.ComponentKey@429b698e=[photo, video], com.android.launcher3.framework.support.context.base.ComponentKey@637cbc24=[search, watchlist, library, downloads], com.android.launcher3.framework.support.context.base.ComponentKey@31a2e4f9=[updates], com.android.launcher3.framework.support.context.base.ComponentKey@7bfa09e7=[manifest_compose_shortcut, pritam6646@gmail.com], com.android.launcher3.framework.support.context.base.ComponentKey@a4fe501a=[Recents, DialPad, NewCall, NewChat], com.android.launcher3.framework.support.context.base.ComponentKey@489bf67c=[text_shortcut, voice_shortcut], com.android.launcher3.framework.support.context.base.ComponentKey@515cb72c=[VIEW_MY_DOWNLOADS], com.android.launcher3.framework.support.context.base.ComponentKey@3a8c61b=[compose], com.android.launcher3.framework.support.context.base.ComponentKey@b6e44d1c=[search_shortcut], com.android.launcher3.framework.support.context.base.ComponentKey@984449bf=[search_event_task, create_event], com.android.launcher3.framework.support.context.base.ComponentKey@1a6ad111=[launcher_shortcut_search, launcher_shortcut_template, launcher_shortcut_create_new], com.android.launcher3.framework.support.context.base.ComponentKey@347bc940=[manifest-shortcut-my-shows, manifest-shortcut-watchlist, manifest-shortcut-my-movies], com.android.launcher3.framework.support.context.base.ComponentKey@afe2ea5f=[manifest_home, manifest_work], com.android.launcher3.framework.support.context.base.ComponentKey@40fce241=[phoneadd, search, missedcall], com.android.launcher3.framework.support.context.base.ComponentKey@947c4a03=[new-tab-shortcut, dynamic-new-incognito-tab-shortcut], com.android.launcher3.framework.support.context.base.ComponentKey@3fc1e33e=[shortcut_id_notifications]}
10-27 23:00:08.519 32322 32401 D Analytics: com.rakuten.tech.mobile.analytics.RealRatBackend$sendEventsToRat$1#run:139 Skipping request delivery there are no events to deliver to RAT
10-27 23:00:08.609 32322 32587 D Analytics: com.rakuten.tech.mobile.analytics.RealRatBackend$sendEventsToRat$1#run:139 Skipping request delivery there are no events to deliver to RAT
10-27 23:00:09.047  4205  4385 D WifiStateMachine: enter getWifiLinkLayerStats
10-27 23:00:09.048  4205  4385 I WifiVendorHal: getWifiLinkLayerStats(l.3097) before calling iface.getLinkLayerStats
10-27 23:00:09.048  3701  3701 I android.hardware.wifi@1.0-service: enter getLinkLayerStats
10-27 23:00:09.048  3701  3701 I android.hardware.wifi@1.0-service: enter getLinkLayerStatsInternal
10-27 23:00:09.058  3701  3701 I android.hardware.wifi@1.0-service: Successfully getLinkLayerStats.
10-27 23:00:09.058  4205  4385 I WifiVendorHal: getWifiLinkLayerStats(l.3097) after calling iface.getLinkLayerStats
10-27 23:00:09.069  4205  4385 I WifiStateMachine: checkScoreBasedQuality -  mPreviousScore[0]:94 mPreviousScore[1]:92 mPreviousScore[2]:92 s2Score:93mPrevoiusScoreAverage:92
10-27 23:00:09.318  1770  1865 W CelloCake: [CELLO_TASK_RUNNER_MONITOR7437d742-0] [Account=7437d742:Task=76684513]Slow task still running after 146s. fetchRootStableId(request=# com.google.apps.drive.dataservice.FindByIdsRequest@cc4e416){account=7437d742, submitTimeMs=24941575, startTimeMs=24941575, waitTimeMs=0, timedOut}
10-27 23:00:09.318  1770  1865 W CelloCake: [CELLO_TASK_RUNNER_MONITOR7437d742-0] [Account=7437d742:Task=235473414]Slow task still running after 146s. getObserverManager(){account=7437d742, submitTimeMs=24941575, timedOut}
10-27 23:00:09.519 32322 32428 D Analytics: com.rakuten.tech.mobile.analytics.RealRatBackend$sendEventsToRat$1#run:139 Skipping request delivery there are no events to deliver to RAT
10-27 23:00:09.609 32322 32634 D Analytics: com.rakuten.tech.mobile.analytics.RealRatBackend$sendEventsToRat$1#run:139 Skipping request delivery there are no events to deliver to RAT
10-27 23:00:09.908  4205  4318 D SensorService: [SO] -0.119 0.273 9.843
10-27 23:00:10.097  5672  6041 I WorkerManager: dispose()
10-27 23:00:10.099  5672  6041 W A       : Queue length for executor EventBus is now 11. Perhaps some tasks are too long, or the pool is too small.
10-27 23:00:10.346  2541  2738 I System.out: (HTTPLog)-Static: isSBSettingEnabled false
10-27 23:00:10.346  2541  2738 I System.out: (HTTPLog)-Static: isSBSettingEnabled false
10-27 23:00:10.412  4205  4384 D WifiTrafficPoller: TrafficStats TxPkts=96449 RxPkts=124682 TxBytes=30333948 RxBytes=125319077 , Foreground uid=10419 pkgName=com.airbnb.android TxPackets=48856 RxPackets=73136 TxBytes=6767418 RxBytes=88393749
10-27 23:00:10.414  4516  4516 D SecStatusBarWifiView: updateState: WifiIconState(resId=2131232692, visible=true, activityId=2131232719)
10-27 23:00:10.415  4516  4516 D SecStatusBarWifiView: updateState: WifiIconState(resId=2131232692, visible=true, activityId=2131232719)
10-27 23:00:10.424  2541  2738 I System.out: (HTTPLog)-Static: isSBSettingEnabled false
10-27 23:00:10.424  2541  2738 I System.out: (HTTPLog)-Static: isSBSettingEnabled false
10-27 23:00:10.426  3895  3971 D EnterpriseController: netId is 0
10-27 23:00:10.426  3895  3971 E Netd    : getNetworkForDns: getNetId from enterpriseCtrl is netid 0
10-27 23:00:10.426  3895  3971 D DnsProxyListener: DNSDBG::dns addrinfo af 0
10-27 23:00:10.448  2713  2719 I MediaCodec: setCodecState state : 0
10-27 23:00:10.449  3892 12532 I ResourceManagerService: getMediaResourceInfo resourceType : 2, size : 1
10-27 23:00:10.449  3892 12532 I ResourceManagerService: writeResourceInfo (PID : 2713, clientID : 491338874752, non-secure-codec/video-codec:1, 1080x2340(fps:60) - SoftCodec : No, Encorder : Yes)
10-27 23:00:10.449 25945 25966 V ResourceManagerHelper-JNI: JNIMediaResourceHelper::notify eventType : 3, ext1 : 0, ext2 : 0
10-27 23:00:10.449 25945 25966 V ResourceManagerHelper-JNI: notify eventType : 3, ext1 : 0, ext2 : 0
10-27 23:00:10.450 25945 25966 I SemMediaResourceHelper: makeMediaResourceInfo mOwnResourceEventExcluded : false, mPid : 25945
10-27 23:00:10.450 25945 25966 I SemMediaResourceHelper: [1] makeMediaResourceInfo resourceType : 2 isSecured : false, pid : 2713, client id : 491338874752
10-27 23:00:10.450 25945 25987 I SemMediaResourceHelper: onState
10-27 23:00:10.450 25945 25987 I DrmMediaResourceHelper: onStateChanged size = 1
10-27 23:00:10.450 25945 25987 I DrmMediaResourceHelper: resource type: 2,,,isSecured :  falsegetCodecState : 1getpid : 2713
10-27 23:00:10.494  2713  2719 I MediaCodec: setCodecState state : 1
10-27 23:00:10.494  3892 12532 I ResourceManagerService: getMediaResourceInfo resourceType : 2, size : 1
10-27 23:00:10.495  3892 12532 I ResourceManagerService: writeResourceInfo (PID : 2713, clientID : 491338874752, non-secure-codec/video-codec:1, 1080x2340(fps:60) - SoftCodec : No, Encorder : Yes)
10-27 23:00:10.495 25945 25966 V ResourceManagerHelper-JNI: JNIMediaResourceHelper::notify eventType : 3, ext1 : 0, ext2 : 0
10-27 23:00:10.495 25945 25966 V ResourceManagerHelper-JNI: notify eventType : 3, ext1 : 0, ext2 : 0
10-27 23:00:10.495 25945 25966 I SemMediaResourceHelper: makeMediaResourceInfo mOwnResourceEventExcluded : false, mPid : 25945
10-27 23:00:10.495 25945 25966 I SemMediaResourceHelper: [1] makeMediaResourceInfo resourceType : 2 isSecured : false, pid : 2713, client id : 491338874752
10-27 23:00:10.495 25945 25987 I SemMediaResourceHelper: onState
10-27 23:00:10.496 25945 25987 I DrmMediaResourceHelper: onStateChanged size = 1
10-27 23:00:10.496 25945 25987 I DrmMediaResourceHelper: resource type: 2,,,isSecured :  falsegetCodecState : 1getpid : 2713
10-27 23:00:10.519 32322 32462 D Analytics: com.rakuten.tech.mobile.analytics.RealRatBackend$sendEventsToRat$1#run:139 Skipping request delivery there are no events to deliver to RAT
10-27 23:00:10.609 32322 32650 D Analytics: com.rakuten.tech.mobile.analytics.RealRatBackend$sendEventsToRat$1#run:139 Skipping request delivery there are no events to deliver to RAT
10-27 23:00:10.619  2541  2738 D NetworkManagementSocketTagger: tagSocket(152) with statsTag=0xffffffff, statsUid=-1
10-27 23:00:11.137  3899  3941 E storaged: getDiskStats failed with result NOT_SUPPORTED and size 0
10-27 23:00:11.420  4516  4516 D SecStatusBarWifiView: updateState: WifiIconState(resId=2131232692, visible=true, activityId=2131232698)
10-27 23:00:11.421  4516  4516 D SecStatusBarWifiView: updateState: WifiIconState(resId=2131232692, visible=true, activityId=2131232698)
10-27 23:00:11.495  2713  2719 I MediaCodec: setCodecState state : 0
10-27 23:00:11.496  3892 12532 I ResourceManagerService: getMediaResourceInfo resourceType : 2, size : 1
10-27 23:00:11.496  3892 12532 I ResourceManagerService: writeResourceInfo (PID : 2713, clientID : 491338874752, non-secure-codec/video-codec:1, 1080x2340(fps:60) - SoftCodec : No, Encorder : Yes)
10-27 23:00:11.496 25945 25966 V ResourceManagerHelper-JNI: JNIMediaResourceHelper::notify eventType : 3, ext1 : 0, ext2 : 0
10-27 23:00:11.497 25945 25966 V ResourceManagerHelper-JNI: notify eventType : 3, ext1 : 0, ext2 : 0
10-27 23:00:11.497 25945 25966 I SemMediaResourceHelper: makeMediaResourceInfo mOwnResourceEventExcluded : false, mPid : 25945
10-27 23:00:11.497 25945 25966 I SemMediaResourceHelper: [1] makeMediaResourceInfo resourceType : 2 isSecured : false, pid : 2713, client id : 491338874752
10-27 23:00:11.497 25945 25987 I SemMediaResourceHelper: onState
10-27 23:00:11.497 25945 25987 I DrmMediaResourceHelper: onStateChanged size = 1
10-27 23:00:11.497 25945 25987 I DrmMediaResourceHelper: resource type: 2,,,isSecured :  falsegetCodecState : 1getpid : 2713
10-27 23:00:11.502  2713  2719 I MediaCodec: setCodecState state : 1
10-27 23:00:11.503  3892 12532 I ResourceManagerService: getMediaResourceInfo resourceType : 2, size : 1
10-27 23:00:11.503  3892 12532 I ResourceManagerService: writeResourceInfo (PID : 2713, clientID : 491338874752, non-secure-codec/video-codec:1, 1080x2340(fps:60) - SoftCodec : No, Encorder : Yes)
10-27 23:00:11.503 25945 25966 V ResourceManagerHelper-JNI: JNIMediaResourceHelper::notify eventType : 3, ext1 : 0, ext2 : 0
10-27 23:00:11.503 25945 25966 V ResourceManagerHelper-JNI: notify eventType : 3, ext1 : 0, ext2 : 0
10-27 23:00:11.504 25945 25966 I SemMediaResourceHelper: makeMediaResourceInfo mOwnResourceEventExcluded : false, mPid : 25945
10-27 23:00:11.504 25945 25966 I SemMediaResourceHelper: [1] makeMediaResourceInfo resourceType : 2 isSecured : false, pid : 2713, client id : 491338874752
10-27 23:00:11.504 25945 25987 I SemMediaResourceHelper: onState
10-27 23:00:11.504 25945 25987 I DrmMediaResourceHelper: onStateChanged size = 1
10-27 23:00:11.504 25945 25987 I DrmMediaResourceHelper: resource type: 2,,,isSecured :  falsegetCodecState : 1getpid : 2713
10-27 23:00:11.520 32322 32481 D Analytics: com.rakuten.tech.mobile.analytics.RealRatBackend$sendEventsToRat$1#run:139 Skipping request delivery there are no events to deliver to RAT
10-27 23:00:11.520  5151  5151 D io_stats: !@ 179,0 r 364650 11513408 w 213527 3374420 d 6837 2935976 f 18832 19984 iot 300884 263560 th 51200 0 0 pt 0 inp 0 0 21736.322
10-27 23:00:11.610 32322 32406 D Analytics: com.rakuten.tech.mobile.analytics.RealRatBackend$sendEventsToRat$1#run:139 Skipping request delivery there are no events to deliver to RAT
10-27 23:00:11.981  2541  2738 I System.out: (HTTPLog)-Static: isSBSettingEnabled false
10-27 23:00:11.982  2541  2738 I System.out: (HTTPLog)-Static: isSBSettingEnabled false
10-27 23:00:12.072  4205  4385 D WifiStateMachine: enter getWifiLinkLayerStats
10-27 23:00:12.073  4205  4385 I WifiVendorHal: getWifiLinkLayerStats(l.3097) before calling iface.getLinkLayerStats
10-27 23:00:12.073  3701  3701 I android.hardware.wifi@1.0-service: enter getLinkLayerStats
10-27 23:00:12.074  3701  3701 I android.hardware.wifi@1.0-service: enter getLinkLayerStatsInternal
10-27 23:00:12.076  3701  3701 I android.hardware.wifi@1.0-service: Successfully getLinkLayerStats.
10-27 23:00:12.077  4205  4385 I WifiVendorHal: getWifiLinkLayerStats(l.3097) after calling iface.getLinkLayerStats
10-27 23:00:12.085  4205  4385 I WifiStateMachine: checkScoreBasedQuality -  mPreviousScore[0]:92 mPreviousScore[1]:92 mPreviousScore[2]:93 s2Score:93mPrevoiusScoreAverage:92
10-27 23:00:12.318  1770  1865 W CelloCake: [CELLO_TASK_RUNNER_MONITOR7437d742-0] [Account=7437d742:Task=76684513]Slow task still running after 149s. fetchRootStableId(request=# com.google.apps.drive.dataservice.FindByIdsRequest@cc4e416){account=7437d742, submitTimeMs=24941575, startTimeMs=24941575, waitTimeMs=0, timedOut}
10-27 23:00:12.318  1770  1865 W CelloCake: [CELLO_TASK_RUNNER_MONITOR7437d742-0] [Account=7437d742:Task=235473414]Slow task still running after 149s. getObserverManager(){account=7437d742, submitTimeMs=24941575, timedOut}
10-27 23:00:12.504  2713  2719 I MediaCodec: setCodecState state : 0
10-27 23:00:12.505  3892 12532 I ResourceManagerService: getMediaResourceInfo resourceType : 2, size : 1
10-27 23:00:12.505  3892 12532 I ResourceManagerService: writeResourceInfo (PID : 2713, clientID : 491338874752, non-secure-codec/video-codec:1, 1080x2340(fps:60) - SoftCodec : No, Encorder : Yes)
10-27 23:00:12.505 25945 25966 V ResourceManagerHelper-JNI: JNIMediaResourceHelper::notify eventType : 3, ext1 : 0, ext2 : 0
10-27 23:00:12.505 25945 25966 V ResourceManagerHelper-JNI: notify eventType : 3, ext1 : 0, ext2 : 0
10-27 23:00:12.506 25945 25966 I SemMediaResourceHelper: makeMediaResourceInfo mOwnResourceEventExcluded : false, mPid : 25945
10-27 23:00:12.506 25945 25966 I SemMediaResourceHelper: [1] makeMediaResourceInfo resourceType : 2 isSecured : false, pid : 2713, client id : 491338874752
10-27 23:00:12.506 25945 25987 I SemMediaResourceHelper: onState
10-27 23:00:12.506 25945 25987 I DrmMediaResourceHelper: onStateChanged size = 1
10-27 23:00:12.506 25945 25987 I DrmMediaResourceHelper: resource type: 2,,,isSecured :  falsegetCodecState : 1getpid : 2713
10-27 23:00:12.520 32322 32485 D Analytics: com.rakuten.tech.mobile.analytics.RealRatBackend$sendEventsToRat$1#run:139 Skipping request delivery there are no events to deliver to RAT
10-27 23:00:12.609 32322 32434 D Analytics: com.rakuten.tech.mobile.analytics.RealRatBackend$sendEventsToRat$1#run:139 Skipping request delivery there are no events to deliver to RAT
10-27 23:00:12.788  2507  2902 I appium  : channel read invoked!
10-27 23:00:12.789  2507  2902 I appium  : channel read: POST /wd/hub/session/25ef9dad-37af-464b-8de6-157007124c32/elements
10-27 23:00:12.793  2507  2902 I appium  : Find elements command using 'xpath' with selector '//*[@text='Add your info']'.
10-27 23:00:12.794  2507  2902 I appium  : Waiting up to 10000ms for device to be idle
10-27 23:00:13.152  3713  3799 V APM_AudioPolicyManager: getAudioPolicyConfig: audioParam;outDevice
10-27 23:00:13.153  3713  3799 V APM_AudioPolicyManager: getNewOutputDevice() selected device 0
10-27 23:00:13.153  3713  3799 V APM_AudioPolicyManager: ### curdevice : 2
10-27 23:00:13.519 32322 32544 D Analytics: com.rakuten.tech.mobile.analytics.RealRatBackend$sendEventsToRat$1#run:139 Skipping request delivery there are no events to deliver to RAT
10-27 23:00:13.608 32322 32464 D Analytics: com.rakuten.tech.mobile.analytics.RealRatBackend$sendEventsToRat$1#run:139 Skipping request delivery there are no events to deliver to RAT
10-27 23:00:14.099  2507  2902 I appium  : AppiumResponse: {"sessionId":"25ef9dad-37af-464b-8de6-157007124c32","value":[]}
10-27 23:00:14.186  2507  2903 I appium  : channel read invoked!
10-27 23:00:14.187  2507  2903 I appium  : channel read: GET /wd/hub/session/25ef9dad-37af-464b-8de6-157007124c32/screenshot
10-27 23:00:14.189  2507  2903 I appium  : Capture screenshot command
10-27 23:00:14.386  4205  5359 I EDMNativeHelperService: isScreenCaptureEnabled
10-27 23:00:14.387  4205  5359 D RestrictionPolicy: isScreenCaptureEnabled : ret=true userId=0
10-27 23:00:14.460  4205  4384 D WifiTrafficPoller: TrafficStats TxPkts=96472 RxPkts=124710 TxBytes=30338587 RxBytes=125328412 , Foreground uid=10419 pkgName=com.airbnb.android TxPackets=48876 RxPackets=73156 TxBytes=6771662 RxBytes=88402160
10-27 23:00:14.520 32322 32561 D Analytics: com.rakuten.tech.mobile.analytics.RealRatBackend$sendEventsToRat$1#run:139 Skipping request delivery there are no events to deliver to RAT
10-27 23:00:14.608 32322 32482 D Analytics: com.rakuten.tech.mobile.analytics.RealRatBackend$sendEventsToRat$1#run:139 Skipping request delivery there are no events to deliver to RAT
10-27 23:00:14.898  4205  5518 D SamsungAlarmManager: Cancel Alarm calling from uid:10026 pid :4853 / op:PendingIntent{13f3d04: PendingIntentRecord{80eae5c com.google.android.gms startService}}
10-27 23:00:14.903  4205  5518 I SamsungAlarmManager: setLocked to kernel - T:2 / 20211027T230123, SetElapsed=25162166, nowELAPSED=25094005
10-27 23:00:14.903  4205  5518 I SamsungAlarmManager: setLocked to kernel - T:3 / 20211027T230100, SetElapsed=25139103, nowELAPSED=25094006
10-27 23:00:14.924  4205  4205 W Looper  : Drained
10-27 23:00:14.927  2541  2569 W AnalyticsUserIDStore: initStore should have been called before calling setUserID
10-27 23:00:14.954  2541  2569 I System.out: (HTTPLog)-Static: isSBSettingEnabled false
10-27 23:00:14.978  4205  5359 D SamsungAlarmManager: Cancel Alarm calling from uid:10026 pid :5374 / op:PendingIntent{f52570: PendingIntentRecord{61002e1 com.google.android.gms startService}}
10-27 23:00:14.980  4205  5359 I SamsungAlarmManager: setLocked to kernel - T:2 / 20211027T230123, SetElapsed=25162166, nowELAPSED=25094083
10-27 23:00:14.981  4205  5359 I SamsungAlarmManager: setLocked to kernel - T:3 / 20211027T230100, SetElapsed=25139103, nowELAPSED=25094083
10-27 23:00:14.954  2541  2569 I System.out: (HTTPLog)-Static: isSBSettingEnabled false
10-27 23:00:15.089  4205  4385 D WifiStateMachine: enter getWifiLinkLayerStats
10-27 23:00:15.090  4205  4385 I WifiVendorHal: getWifiLinkLayerStats(l.3097) before calling iface.getLinkLayerStats
10-27 23:00:15.090  3701  3701 I android.hardware.wifi@1.0-service: enter getLinkLayerStats
10-27 23:00:15.090  3701  3701 I android.hardware.wifi@1.0-service: enter getLinkLayerStatsInternal
10-27 23:00:15.097  3701  3701 I android.hardware.wifi@1.0-service: Successfully getLinkLayerStats.
10-27 23:00:15.098  4205  4385 I WifiVendorHal: getWifiLinkLayerStats(l.3097) after calling iface.getLinkLayerStats
10-27 23:00:15.104  4205  4385 I WifiStateMachine: checkScoreBasedQuality -  mPreviousScore[0]:92 mPreviousScore[1]:93 mPreviousScore[2]:93 s2Score:95mPrevoiusScoreAverage:92
10-27 23:00:15.317  1770  1865 W CelloCake: [CELLO_TASK_RUNNER_MONITOR7437d742-0] [Account=7437d742:Task=76684513]Slow task still running after 152s. fetchRootStableId(request=# com.google.apps.drive.dataservice.FindByIdsRequest@cc4e416){account=7437d742, submitTimeMs=24941575, startTimeMs=24941575, waitTimeMs=0, timedOut}
10-27 23:00:15.318  1770  1865 W CelloCake: [CELLO_TASK_RUNNER_MONITOR7437d742-0] [Account=7437d742:Task=235473414]Slow task still running after 152s. getObserverManager(){account=7437d742, submitTimeMs=24941575, timedOut}
10-27 23:00:15.520 32322 32582 D Analytics: com.rakuten.tech.mobile.analytics.RealRatBackend$sendEventsToRat$1#run:139 Skipping request delivery there are no events to deliver to RAT
10-27 23:00:15.609 32322 32486 D Analytics: com.rakuten.tech.mobile.analytics.RealRatBackend$sendEventsToRat$1#run:139 Skipping request delivery there are no events to deliver to RAT
10-27 23:00:16.344  2507  2903 I appium  : AppiumResponse: {"sessionId":"25ef9dad-37af-464b-8de6-157007124c32","value":"iVBORw0KGgoAAAANSUhEUgAABDgAAAkkCAYAAAD508+vAAAABHNCSVQICAgIfAhkiAAAIABJREFU\neJzs3XlcVNfdP\/DPnRnWYV8cBFlVBGQTxRX3BYkkGq1xqYk1RtPmiWnTpGkTn\/7apzVJm6Q162MS\nl8Y8MZtpUrO5x6i4i8gioMGFTUUUZBu2Geb3B+GGce7AzDAjjH7er5cvmbuce+7lzuXe7z3ne4SI\niAgdiIiIiIiIiIjsmKy3K0BERERERERE1FMMcBARERERERGR3WOAg4iIiIiIiIjsHgMcRERERERE\nRGT3GOAgIiIiIiIiIrvHAAcRERERERER2T0GOIiIiIiIiIjI7jHAQURERERERER2jwEOIiIiIiIi\nIrJ7DHAQERERERERkd1jgIOIiIiIiIiI7B4DHERERERERERk9xjgICIiIiIiIiK7xwAHERERERER\nEdk9BjiIiIiIiIiIyO4xwEFEREREREREdo8BDiIiIiIiIiKyewxwEBEREREREZHdY4CDiIiIiIiI\niOweAxxEREREREREZPcY4CAiIiIiIiIiu8cABxERERERERHZPQY4iIiIiIiIiMjuKXq7AkRERERE\nRH2FTCZDUFAQ3NzcDOZVVlbi+vXrvVArIjIFAxxE1Kvkcjnc3Nzg4eEBZ2dnAEBTUxNqa2tRX18P\nrVbbyzUkIiKiO5mbmxvi4uIwcOBAREREICwsDA4ODhAEwWBZnU6HhoYGnD9\/HhcuXEBRURHy8vJ4\nv0I20xFwUyiMP7o3NTXhypUrt7FWfZcQERGh6+1KEN0ucggY1RiI4U0DEN3iCy+tIwDgprwFhY5V\nyHQuw1GXcmjBr4UtyeVypKenY\/r06aiqqsKZM2dw+vRpvWUSExMRHR0Nf39\/7NmzB19++SVvHoiI\niMhqBgwYgNTUVIwbNw6Ojo4Wl1NVVYXvvvsOe\/fuRV1dnRVrePtER0cjKioKO3fuhFqt7u3qUCc+\nPj5ISEjodrmsrCzcvHnzNtSob2OAg+54MgBPVY3GozeT0YZWyCCI4QsZ2iPzbT9OEX78WQYHbPDM\nxEu+h9HWK7W+MwmCgOeeew5+fn549tln0dTUZNJ6zs7OeP7551FbW4u\/\/OUv0Ol42SIiIiLLxMTE\nID09HXFxcZKtNACgtrYW5eXlAACFQgFvb2\/4+PhAJjOewrClpQUHDx7EN998g2vXrtmk7rYQEhKC\nF154AUB7F5wnn3yyl2tEnfn7+yM2Nrbb5fLy8lBZWXkbatS3sYuKBEdHR\/j5+aG1tRVVVVVWe2us\nVCrh4+OD+vp6VFdXW6VMU8nlcvj7+0Or1Vr1xLdVudbgrFPgtWupmNoQCh10qJE1YqtHIb5WnsV5\nx2o0CVpADHUIcNLJEdHijfSGSDxQF43lNQl4pCYR37uW4AnVTqiF1t7cHbuXkJCApUuX4s9\/\/jNq\na2sN5oeEhGDatGlwdXVFVlYWDh06JM5ramrCU089BXd3d\/zjH\/\/Ali1bkJmZeTurT0RERHbO398f\nixcvRnJyssG8qqoq5OTkID8\/H0VFRZL3tYIgwMvLC35+fggPD0d0dDTi4uLg5OQEoP0ZYurUqZgw\nYQK2b9+Obdu2obm52eb71VMjRowQf\/b39+\/FmvQNSqUSvr6+aGhowI0bN3q7OmQmtuD40YQJEzBq\n1CiEhYXBw8NDjOZqtVpcu3YN586dw65du1BcXGx2uWPHjkVYWJheoqKWlhaUlZXh9OnT2LVrF+rr\n6626PwCgUqlwzz33IDo6GgEBAWLEWaPR4PLly8jLy8M333yDmpqaPlGuNc2pj8JLlZMg0wkocqzB\nwsDPUSNrMrnjiQDAo80JWy7PRVSLF9oEHVb77cdW9wJbVvuO9fjjj4vfISmvvPIKAgIC9KZpNBo8\n+uijkjcGU6dORUJCAv75z3\/apL5ERER0ZxkzZgxWrFhh0BXlxIkT2LNnD\/Lz881uISoIAhwcHDB6\n9GjMmjULQUFBevOvXbuGtWvXorS0tMf1t6W5c+di7ty54uclS5ZYXNb999+PpKQka1QLn3zyCfLy\n8ixa98knn4SPj4\/4efPmzSgqKupynZSUFMycORPBwcHi8011dTVOnjyJzz77rNe67rAFh3nu+gBH\nYGAgfvnLXyIiIqLbZTUaDXbs2IGPP\/7YpHIfffRRDBw4sNtlb968iQ8++ABHjx41qc6mSEtLw9y5\nc+Hi4tLlcvX19diyZQsOHjzYq+VaiwBgw9V7MVE9ADflLZg54EPckDeanVFDwE9tO7y1zthZthg+\nWidkuFzGsv7bmKHDDI8\/\/jgyMzNx5MgRyfmPPvooxo8fLzmvpaUFDz\/8sOS85ORkpKSkYO3atVar\nKxEREd1Z5HI5li5diilTpuhNz8nJwaeffopLly5ZZTuCIGDs2LFYvHgxPD09xemtra3YtGnTbb8n\nNoc1AxwrVqzAhAkTrFEtvPnmmzh27JjZ691\/\/\/16+wMAL7\/8MnJycoyuM3fuXMyZM8dol6WLFy\/i\nb3\/7m82DHP3790dERESPcsJ0aGlpwYULF+665KNyb2\/vP\/d2JXpLUFAQnn32WQQGBupNb2hoQFVV\nFZqbm+Hs7Cye6DKZDJGRkfD09DRIiNhZcHAw\/vCHPxiUW1dXh+rqarS0tOiV6+zsjKSkJFRWVlol\nwjtv3jzMnz8fDg4O4rSWlhZUVlaisbERTk5OYlTS0dERw4YNQ11dHS5evNgr5VqLAOC70ocQ3+yH\nb9zOY17QZ1DLNGaXMaoxCHvLlsBN54QMl1I0yTTY4JWFEI03ZjSEYn5dLN7zNP77p5\/84he\/QGFh\noV53k1t11c9TLpejsLBQMhp9+fJlyGQypKWlsbsKERERGVAoFHjyyScxZswYcdq1a9fw+uuvY9u2\nbUYTMgYGBmLQoEEYPHgwYmJiMHToUISEhEClUsHHxweNjY2SLUxLS0vx\/fffw8fHByEhIQDa72VG\njBgBtVrdbQuC3hIdHY3o6Gjx8+eff25xWcOHD0doaGiP66TT6fDNN9+YnTQzODgYy5cv13teAYDD\nhw+joqJCcp24uDgsW7YMMpkMarUaX3\/9NbZv3478\/Hz4+vrCy8sL3t7e8PT0xKlTpyzeJ1MkJydD\nLpdbpSy5XA4\/Pz+rBfHsxV2dg+PRRx+Ft7e3+PncuXPYtm0bsrOzxWn+\/v6YPXs2Jk6cKAYkpkyZ\ngjNnzuD48eOS5f7yl7\/UK7egoABffPEF8vPzxWkqlQqzZs3CpEmTIJPJoFAo8OCDDyIvL69HXTvi\n4uJw3333iXVtbW3Fjh07sH37djHvga+vL9LT0zFlyhTI5XLI5XI88MADKCgowOXLl29ruda06eps\nhLS6YZ3Xabzic9js9QUIWFeRhukNYQCA5TcT8HefQ9ChvTXH0\/67UayowW+qR+CDK3Px8\/6WX\/zv\nBsHBwfDy8sKBAweMLqNUKrstZ8iQIXrfnc4OHz6MpKQkREZG4ty5cxbXlYiIiO48YWFhiIuLEz9n\nZGTgX\/\/6l2RwwtPTE2PGjEFKSgpCQ0ONvskH2lt15+XlISMjA5mZmWht\/SlPm1qtxrp163Dy5Ems\nWLECrq6uAIB77rkH+\/fvR2NjoxX3sO\/Zvn27Ra0uAGDBggViYKigoMCil6QPPvhgty3Nb5WamioG\nFbZs2aJ373ry5Em8+OKL8PLywpgxY7B161bJoMvEiRORmpqKDz74wOh9K90ed22AY9q0aXrdUrKz\ns\/HPf\/7TIKFoZWUlNmzYgLq6Otx7770A2pugpaWlSQY4UlNT9aKWmZmZkk3oKyoqsGnTJqjVaqSn\npwNoH4M7LS3NpC4wxsyaNUv8gup0Or
10-27 23:00:16.520 32322 32628 D Analytics: com.rakuten.tech.mobile.analytics.RealRatBackend$sendEventsToRat$1#run:139 Skipping request delivery there are no events to deliver to RAT
10-27 23:00:16.525  5151  5151 D io_stats: !@ 179,0 r 364652 11513472 w 213561 3374776 d 6837 2935976 f 18834 19986 iot 300904 263569 th 51200 0 0 pt 0 inp 0 0 21741.327
10-27 23:00:16.608 32322 32551 D Analytics: com.rakuten.tech.mobile.analytics.RealRatBackend$sendEventsToRat$1#run:139 Skipping request delivery there are no events to deliver to RAT
10-27 23:00:16.614  2507  2909 I appium  : channel read invoked!
10-27 23:00:16.615  2507  2909 I appium  : channel read: POST /wd/hub/session/25ef9dad-37af-464b-8de6-157007124c32/elements
10-27 23:00:16.621  2507  2909 I appium  : Find elements command using 'xpath' with selector '//*[@text='Where are you going?']'.
10-27 23:00:16.622  2507  2909 I appium  : Waiting up to 10000ms for device to be idle
10-27 23:00:17.470  4516  4516 D SecStatusBarWifiView: updateState: WifiIconState(resId=2131232692, visible=true, activityId=2131232717)
10-27 23:00:17.489  5324  5670 D SDHMS:s : SIOP:: AP:290(378,70) BAT:334(334,0) CHG:420(420,0) USB:0(0,0) ATC:0(0,-999) 
10-27 23:00:17.489  5324  5670 D af      : broadcastCheckSiopLvIntent:: curLevel = -2
10-27 23:00:17.471  4516  4516 D SecStatusBarWifiView: updateState: WifiIconState(resId=2131232692, visible=true, activityId=2131232717)
10-27 23:00:17.491  4205  8040 I SensorService: createSensorEventConnection package name aJ.ac
10-27 23:00:17.493  4205  8040 D SensorService: Calling batch handle==1600479602 flags=0 rate=200000000 timeout== 0
10-27 23:00:17.493  4205  8040 D SensorService: [EARHOVER_PROXIMITY]first client, resuming ear sensing
10-27 23:00:17.493  4205  4205 D WifiP2pService: GopsReceiver : received : com.samsung.intent.action.CHECK_SIOP_LEVEL
10-27 23:00:17.493  4205  4205 I WifiP2pService: siop_level = -2
10-27 23:00:17.495  3698  4315 I Sensors : HoverProximitySensor:enable: handle 16, en 1, old_en 0
10-27 23:00:17.496  7383  7430 I SystemBroadcastReceiver: [#CMH#] Received broadcast 
10-27 23:00:17.496  4205  4205 D WifiP2pService: GopsReceiver : received : com.samsung.intent.action.CHECK_SIOP_LEVEL time : 3ms
10-27 23:00:17.496  7383  7430 I PolicyManager: [#CMH#] onReceive action = EVENT_SIOP
10-27 23:00:17.497  7383  7430 I SystemBroadcastReceiver: [#CMH#] onReceive completed 
10-27 23:00:17.498  3698  4315 I Sensors : AccelerometerSensor:setDelayAcc: handle 0, delay 1000000 ns, old_delay 66667000 ns
10-27 23:00:17.500  3698  4315 I Sensors : PowerKeyDetectorSensor:enable: handle 19, en 1, old_en 0
10-27 23:00:17.500  4205  8040 I SensorService: [EARHOVER_PROXIMITY]Enable hoverProximity Sensor ~
10-27 23:00:17.500  3698  4315 I Sensors : AccelerometerSensor:setDelayAcc: handle 0, delay 20000000 ns, old_delay 1000000 ns
10-27 23:00:17.501  4205  8040 I SensorService: [EARHOVER_PROXIMITY]Enable acc sensor
10-27 23:00:17.501  4205  8040 I SensorService: [EARHOVER_PROXIMITY]Enable gyro sensor
10-27 23:00:17.501  4205  4318 E SensorService: [EARHOVER_PROXIMITY] Update the first event 
10-27 23:00:17.501  5324  5373 D SensorManager: registerListener :: 1600479602, Ear Hover Proximity Lite Sensor, 200000, 0,  
10-27 23:00:17.501  5324  5373 D SensorManager: Proximity, val = 5.0  [far]
10-27 23:00:17.503  4205  5518 D SensorService: Calling activate off 1600479602
10-27 23:00:17.503  4205  5518 D SensorService: [EARHOVER_PROXIMITY]no more clients, pausing ear sensing
10-27 23:00:17.503  4205  5518 I SensorService: [EARHOVER_PROXIMITY]Proximity Sensor already was enabled or disabled 0 
10-27 23:00:17.504  3698  4315 I Sensors : AccelerometerSensor:setDelayAcc: handle 0, delay 66667000 ns, old_delay 20000000 ns
10-27 23:00:17.505  4205  5518 I SensorService: [EARHOVER_PROXIMITY]Disable acc sensor
10-27 23:00:17.505  3698  4315 I Sensors : GyroscopeSensor:setDelayGyro: handle 1, delay 10000000 ns, old_delay 10000000 ns
10-27 23:00:17.505  4205  5518 I SensorService: [EARHOVER_PROXIMITY]Disable gyro sensor
10-27 23:00:17.506  3698  4315 I Sensors : HoverProximitySensor:enable: handle 16, en 0, old_en 1
10-27 23:00:17.507  3698  4315 I Sensors : PowerKeyDetectorSensor:enable: handle 19, en 0, old_en 1
10-27 23:00:17.507  4205  5518 I SensorService: [EARHOVER_PROXIMITY]Disable hoverProximity Sensor ~
10-27 23:00:17.508  5324  5373 D SensorManager: unregisterListener ::   
10-27 23:00:17.511  4205  8040 W SensorService: notifyConnectionDestroyed 0x7c6cd44200 
10-27 23:00:17.511  3698  3698 D Sensors : SensorHAL:sensors__get_sensors_list: length 11
10-27 23:00:17.511  4205  8040 W SensorService: remove handle 0 , ident 0x7c6cd44200 : 
10-27 23:00:17.511  4205  8040 W SensorService: remove handle 1 , ident 0x7c6cd44200 : 
10-27 23:00:17.511  4205  8040 W SensorService: remove handle 2 , ident 0x7c6cd44200 : 
10-27 23:00:17.519 32322 32630 D Analytics: com.rakuten.tech.mobile.analytics.RealRatBackend$sendEventsToRat$1#run:139 Skipping request delivery there are no events to deliver to RAT
10-27 23:00:17.543  2713  2719 I MediaCodec: setCodecState state : 1
10-27 23:00:17.544  3892 12532 I ResourceManagerService: getMediaResourceInfo resourceType : 2, size : 1
10-27 23:00:17.544  3892 12532 I ResourceManagerService: writeResourceInfo (PID : 2713, clientID : 491338874752, non-secure-codec/video-codec:1, 1080x2340(fps:60) - SoftCodec : No, Encorder : Yes)
10-27 23:00:17.544 25945 25966 V ResourceManagerHelper-JNI: JNIMediaResourceHelper::notify eventType : 3, ext1 : 0, ext2 : 0
10-27 23:00:17.544 25945 25966 V ResourceManagerHelper-JNI: notify eventType : 3, ext1 : 0, ext2 : 0
10-27 23:00:17.545 25945 25966 I SemMediaResourceHelper: makeMediaResourceInfo mOwnResourceEventExcluded : false, mPid : 25945
10-27 23:00:17.545 25945 25966 I SemMediaResourceHelper: [1] makeMediaResourceInfo resourceType : 2 isSecured : false, pid : 2713, client id : 491338874752
10-27 23:00:17.545 25945 25987 I SemMediaResourceHelper: onState
10-27 23:00:17.545 25945 25987 I DrmMediaResourceHelper: onStateChanged size = 1
10-27 23:00:17.545 25945 25987 I DrmMediaResourceHelper: resource type: 2,,,isSecured :  falsegetCodecState : 1getpid : 2713
10-27 23:00:17.608 32322 32563 D Analytics: com.rakuten.tech.mobile.analytics.RealRatBackend$sendEventsToRat$1#run:139 Skipping request delivery there are no events to deliver to RAT
10-27 23:00:17.769  4205  4683 D BatteryService: Sending ACTION_BATTERY_CHANGED. scale:100, info:{.chargerAcOnline = false, .chargerUsbOnline = true, .chargerWirelessOnline = false, .maxChargingCurrent = 0, .maxChargingVoltage = 0, .batteryStatus = CHARGING, .batteryHealth = GOOD, .batteryPresent = true, .batteryLevel = 74, .batteryVoltage = 4116, .batteryTemperature = 334, .batteryCurrent = 1, .batteryCycleCount = 0, .batteryFullCharge = 4900000, .batteryChargeCounter = 3645600, .batteryTechnology = Li-ion}
10-27 23:00:17.769  4205  4683 D BatteryService: online:19, current avg:1245, charge type:1, POGO powered:false, power sharing:false, high voltage charger:false, charger_type:0, capacity:280000, batterySWSelfDischarging:false, misc_event:0, current_event:0, current_now:1274
10-27 23:00:17.771  4205  4205 I MotionRecognitionService: Plugged
10-27 23:00:17.771  4205  4205 D MotionRecognitionService:   mCableConnection= 1
10-27 23:00:17.771  4205  4205 D MotionRecognitionService: setPowerConnected : mGripEnabled = false
10-27 23:00:17.771  4205  4205 D SamsungPhoneWindowManager: ACTION_BATTERY_CHANGED - Level :: 74, battStatus :: 2
10-27 23:00:17.772  4205  4205 D UsbDeviceManager: received ACTION_BATTERY_CHANGED
10-27 23:00:17.773  4450  4450 D BigDataInfoController: Intent : android.intent.action.BATTERY_CHANGED
10-27 23:00:17.774  4205  4233 D UsbDeviceManager: handleMessage -> MSG_UPDATE_CHARGING_STATE = 1
10-27 23:00:17.774  4205  4233 D UsbDeviceManager: updateUsbNotification(false) : mConnected = true, mConfigured = true, mCurrentFunctions = 5, mHostConnected = false, mSourcePower = false, mSinkPower = true, mUsbCharging = true, mUseUsbNotification = true
10-27 23:00:17.773  4450  4450 D BigDataInfoController: Intent : android.intent.action.BATTERY_CHANGED
10-27 23:00:17.774  4516  4516 D KeyguardUpdateMonitor: received broadcast android.intent.action.BATTERY_CHANGED
10-27 23:00:17.775  4205  4233 D UsbDeviceManager: updateUsbNotification, set mCurrentFunctionsForNoti : mtp
10-27 23:00:17.775  4205  4233 D UsbDeviceManager: id=27, mUsbNotificationId=27, titleRes=17042128
10-27 23:00:17.776  4516  4516 D KeyguardUpdateMonitor: handleBatteryUpdate
10-27 23:00:17.777  4516  4516 D PowerUI : priorPlugType = 2 mPlugType = 2 priorBatteryStatus = 2 mBatteryStatus = 2
10-27 23:00:17.777  4516  4516 D PowerUI.Notification: Charging estimate time is not supported and connected cable is normal cable charger, so return!
10-27 23:00:17.777  4516  4516 D PowerUI : Battery swelling mode - priorBatterySwellingMode = 0 mBatterySwellingMode = 0
10-27 23:00:17.790  4516  4516 I StackScroller: ADJUST STACK.TRANSLATION
10-27 23:00:17.791  4516  4516 I chatty  : uid=10006(com.samsung.android.app.aodservice) com.android.systemui identical 1 line
10-27 23:00:17.791  4516  4516 I StackScroller: ADJUST STACK.TRANSLATION
10-27 23:00:18.108  4205  4385 D WifiStateMachine: enter getWifiLinkLayerStats
10-27 23:00:18.108  4205  4385 I WifiVendorHal: getWifiLinkLayerStats(l.3097) before calling iface.getLinkLayerStats
10-27 23:00:18.109  3701  3701 I android.hardware.wifi@1.0-service: enter getLinkLayerStats
10-27 23:00:18.109  3701  3701 I android.hardware.wifi@1.0-service: enter getLinkLayerStatsInternal
10-27 23:00:18.117  3701  3701 I android.hardware.wifi@1.0-service: Successfully getLinkLayerStats.
10-27 23:00:18.118  4205  4385 I WifiVendorHal: getWifiLinkLayerStats(l.3097) after calling iface.getLinkLayerStats
10-27 23:00:18.128  4205  4385 I WifiStateMachine: checkScoreBasedQuality -  mPreviousScore[0]:93 mPreviousScore[1]:93 mPreviousScore[2]:95 s2Score:95mPrevoiusScoreAverage:93
10-27 23:00:18.177  2507  2909 I appium  : AppiumResponse: {"sessionId":"25ef9dad-37af-464b-8de6-157007124c32","value":[{"ELEMENT":"891dce78-90ae-40a5-af71-7f290013a330","element-6066-11e4-a52e-4f735466cecf":"891dce78-90ae-40a5-af71-7f290013a330"}]}
10-27 23:00:18.213  2507  2913 I appium  : channel read invoked!
10-27 23:00:18.214  2507  2913 I appium  : channel read: POST /wd/hub/session/25ef9dad-37af-464b-8de6-157007124c32/elements
10-27 23:00:18.218  2507  2913 I appium  : Find elements command using 'xpath' with selector '//*[@text='Profile']'.
10-27 23:00:18.219  2507  2913 I appium  : Waiting up to 10000ms for device to be idle
10-27 23:00:18.318  1770  1865 W CelloCake: [CELLO_TASK_RUNNER_MONITOR7437d742-0] [Account=7437d742:Task=76684513]Slow task still running after 155s. fetchRootStableId(request=# com.google.apps.drive.dataservice.FindByIdsRequest@cc4e416){account=7437d742, submitTimeMs=24941575, startTimeMs=24941575, waitTimeMs=0, timedOut}
10-27 23:00:18.318  1770  1865 W CelloCake: [CELLO_TASK_RUNNER_MONITOR7437d742-0] [Account=7437d742:Task=235473414]Slow task still running after 155s. getObserverManager(){account=7437d742, submitTimeMs=24941575, timedOut}
10-27 23:00:18.485  4205  4384 D WifiTrafficPoller: TrafficStats TxPkts=96477 RxPkts=124716 TxBytes=30339715 RxBytes=125330252 , Foreground uid=10419 pkgName=com.airbnb.android TxPackets=48880 RxPackets=73160 TxBytes=6772738 RxBytes=88403844
10-27 23:00:18.487  4516  4516 D SecStatusBarWifiView: updateState: WifiIconState(resId=2131232692, visible=true, activityId=2131232697)
10-27 23:00:18.487  4516  4516 D SecStatusBarWifiView: updateState: WifiIconState(resId=2131232692, visible=true, activityId=2131232697)
10-27 23:00:18.519 32322 32401 D Analytics: com.rakuten.tech.mobile.analytics.RealRatBackend$sendEventsToRat$1#run:139 Skipping request delivery there are no events to deliver to RAT
10-27 23:00:18.608 32322 32587 D Analytics: com.rakuten.tech.mobile.analytics.RealRatBackend$sendEventsToRat$1#run:139 Skipping request delivery there are no events to deliver to RAT
10-27 23:00:18.938  4205  4318 D SensorService: [SO] -0.122 0.274 9.861
10-27 23:00:19.519 32322 32428 D Analytics: com.rakuten.tech.mobile.analytics.RealRatBackend$sendEventsToRat$1#run:139 Skipping request delivery there are no events to deliver to RAT
10-27 23:00:19.608 32322 32634 D Analytics: com.rakuten.tech.mobile.analytics.RealRatBackend$sendEventsToRat$1#run:139 Skipping request delivery there are no events to deliver to RAT
10-27 23:00:20.000  2507  2913 I appium  : AppiumResponse: {"sessionId":"25ef9dad-37af-464b-8de6-157007124c32","value":[{"ELEMENT":"e02bfbe5-4928-4b41-8f24-a66f54f05dc2","element-6066-11e4-a52e-4f735466cecf":"e02bfbe5-4928-4b41-8f24-a66f54f05dc2"}]}
10-27 23:00:20.075  2507  2914 I appium  : channel read invoked!
10-27 23:00:20.076  2507  2914 I appium  : channel read: POST /wd/hub/session/25ef9dad-37af-464b-8de6-157007124c32/elements
10-27 23:00:20.082  2507  2914 I appium  : Find elements command using 'xpath' with selector '//*[@text='Profile']'.
10-27 23:00:20.082  2507  2914 I appium  : Waiting up to 10000ms for device to be idle
10-27 23:00:20.492  4516  4516 D SecStatusBarWifiView: updateState: WifiIconState(resId=2131232692, visible=true, activityId=2131232698)
10-27 23:00:20.493  4516  4516 D SecStatusBarWifiView: updateState: WifiIconState(resId=2131232692, visible=true, activityId=2131232698)
10-27 23:00:20.519 32322 32462 D Analytics: com.rakuten.tech.mobile.analytics.RealRatBackend$sendEventsToRat$1#run:139 Skipping request delivery there are no events to deliver to RAT
10-27 23:00:20.546  2713  2719 I MediaCodec: setCodecState state : 0
10-27 23:00:20.547  3892 12532 I ResourceManagerService: getMediaResourceInfo resourceType : 2, size : 1
10-27 23:00:20.547  3892 12532 I ResourceManagerService: writeResourceInfo (PID : 2713, clientID : 491338874752, non-secure-codec/video-codec:1, 1080x2340(fps:60) - SoftCodec : No, Encorder : Yes)
10-27 23:00:20.547 25945 25966 V ResourceManagerHelper-JNI: JNIMediaResourceHelper::notify eventType : 3, ext1 : 0, ext2 : 0
10-27 23:00:20.547 25945 25966 V ResourceManagerHelper-JNI: notify eventType : 3, ext1 : 0, ext2 : 0
10-27 23:00:20.547 25945 25966 I SemMediaResourceHelper: makeMediaResourceInfo mOwnResourceEventExcluded : false, mPid : 25945
10-27 23:00:20.547 25945 25966 I SemMediaResourceHelper: [1] makeMediaResourceInfo resourceType : 2 isSecured : false, pid : 2713, client id : 491338874752
10-27 23:00:20.548 25945 25987 I SemMediaResourceHelper: onState
10-27 23:00:20.548 25945 25987 I DrmMediaResourceHelper: onStateChanged size = 1
10-27 23:00:20.548 25945 25987 I DrmMediaResourceHelper: resource type: 2,,,isSecured :  falsegetCodecState : 1getpid : 2713
10-27 23:00:20.568  2713  2719 I MediaCodec: setCodecState state : 1
10-27 23:00:20.569  3892 12532 I ResourceManagerService: getMediaResourceInfo resourceType : 2, size : 1
10-27 23:00:20.569  3892 12532 I ResourceManagerService: writeResourceInfo (PID : 2713, clientID : 491338874752, non-secure-codec/video-codec:1, 1080x2340(fps:60) - SoftCodec : No, Encorder : Yes)
10-27 23:00:20.569 25945 25966 V ResourceManagerHelper-JNI: JNIMediaResourceHelper::notify eventType : 3, ext1 : 0, ext2 : 0
10-27 23:00:20.569 25945 25966 V ResourceManagerHelper-JNI: notify eventType : 3, ext1 : 0, ext2 : 0
10-27 23:00:20.569 25945 25966 I SemMediaResourceHelper: makeMediaResourceInfo mOwnResourceEventExcluded : false, mPid : 25945
10-27 23:00:20.569 25945 25966 I SemMediaResourceHelper: [1] makeMediaResourceInfo resourceType : 2 isSecured : false, pid : 2713, client id : 491338874752
10-27 23:00:20.569 25945 25987 I SemMediaResourceHelper: onState
10-27 23:00:20.569 25945 25987 I DrmMediaResourceHelper: onStateChanged size = 1
10-27 23:00:20.570 25945 25987 I DrmMediaResourceHelper: resource type: 2,,,isSecured :  falsegetCodecState : 1getpid : 2713
10-27 23:00:20.609 32322 32650 D Analytics: com.rakuten.tech.mobile.analytics.RealRatBackend$sendEventsToRat$1#run:139 Skipping request delivery there are no events to deliver to RAT
10-27 23:00:21.132  4205  4385 D WifiStateMachine: enter getWifiLinkLayerStats
10-27 23:00:21.133  4205  4385 I WifiVendorHal: getWifiLinkLayerStats(l.3097) before calling iface.getLinkLayerStats
10-27 23:00:21.133  3701  3701 I android.hardware.wifi@1.0-service: enter getLinkLayerStats
10-27 23:00:21.133  3701  3701 I android.hardware.wifi@1.0-service: enter getLinkLayerStatsInternal
10-27 23:00:21.143  3701  3701 I android.hardware.wifi@1.0-service: Successfully getLinkLayerStats.
10-27 23:00:21.144  4205  4385 I WifiVendorHal: getWifiLinkLayerStats(l.3097) after calling iface.getLinkLayerStats
10-27 23:00:21.153  4205  4385 I WifiStateMachine: checkScoreBasedQuality -  mPreviousScore[0]:93 mPreviousScore[1]:95 mPreviousScore[2]:95 s2Score:96mPrevoiusScoreAverage:94
10-27 23:00:21.318  1770  1865 W CelloCake: [CELLO_TASK_RUNNER_MONITOR7437d742-0] [Account=7437d742:Task=76684513]Slow task still running after 158s. fetchRootStableId(request=# com.google.apps.drive.dataservice.FindByIdsRequest@cc4e416){account=7437d742, submitTimeMs=24941575, startTimeMs=24941575, waitTimeMs=0, timedOut}
10-27 23:00:21.318  1770  1865 W CelloCake: [CELLO_TASK_RUNNER_MONITOR7437d742-0] [Account=7437d742:Task=235473414]Slow task still running after 158s. getObserverManager(){account=7437d742, submitTimeMs=24941575, timedOut}
10-27 23:00:21.499  4516  4516 D SecStatusBarWifiView: updateState: WifiIconState(resId=2131232692, visible=true, activityId=2131232697)
10-27 23:00:21.500  4516  4516 D SecStatusBarWifiView: updateState: WifiIconState(resId=2131232692, visible=true, activityId=2131232697)
10-27 23:00:21.519 32322 32481 D Analytics: com.rakuten.tech.mobile.analytics.RealRatBackend$sendEventsToRat$1#run:139 Skipping request delivery there are no events to deliver to RAT
10-27 23:00:21.529  5151  5151 D io_stats: !@ 179,0 r 364652 11513472 w 213564 3374804 d 6838 2935980 f 18834 19988 iot 300904 263572 th 51200 0 0 pt 0 inp 0 0 21746.332
10-27 23:00:21.608 32322 32406 D Analytics: com.rakuten.tech.mobile.analytics.RealRatBackend$sendEventsToRat$1#run:139 Skipping request delivery there are no events to deliver to RAT
10-27 23:00:21.636  2507  2914 I appium  : AppiumResponse: {"sessionId":"25ef9dad-37af-464b-8de6-157007124c32","value":[{"ELEMENT":"955fb0bc-9478-479c-8f4d-7d07b718a966","element-6066-11e4-a52e-4f735466cecf":"955fb0bc-9478-479c-8f4d-7d07b718a966"}]}
10-27 23:00:21.688  2507  2916 I appium  : channel read invoked!
10-27 23:00:21.689  2507  2916 I appium  : channel read: POST /wd/hub/session/25ef9dad-37af-464b-8de6-157007124c32/element/955fb0bc-9478-479c-8f4d-7d07b718a966/click
10-27 23:00:21.695  2507  2916 I appium  : Click element command
10-27 23:00:21.715  4205  8040 D InputDispatcher: Inject motion (2497): action=0x0, eventTime=21746516000000, displayId=0
10-27 23:00:21.715  4205  4348 I InputDispatcher: Delivering touch to (4516): action: 0x4, displayId: 0, '77a0a71', toolType: 1
10-27 23:00:21.715  4205  4348 I InputDispatcher: Delivering touch to (4516): action: 0x4, displayId: 0, 'cb105cc', toolType: 1
10-27 23:00:21.715  4205  4348 I InputDispatcher: Delivering touch to (2541): action: 0x0, displayId: 0, 'ffc1ba5', toolType: 1
10-27 23:00:21.718  2541  2541 D ViewRootImpl@11e0231[HomeActivity]: ViewPostIme pointer 0
10-27 23:00:21.723  4205  8040 D InputDispatcher: Inject motion (2497): action=0x1, eventTime=21746516000000, displayId=0
10-27 23:00:21.723  4205  4348 I InputDispatcher: Delivering touch to (2541): action: 0x1, displayId: 0, 'ffc1ba5', toolType: 1
10-27 23:00:21.723  2541  2541 D ViewRootImpl@11e0231[HomeActivity]: ViewPostIme pointer 1
10-27 23:00:21.727  2507  2916 I appium  : Waiting up to 10000ms for device to be idle
10-27 23:00:21.729  2507  2916 I appium  : AppiumResponse: {"sessionId":"25ef9dad-37af-464b-8de6-157007124c32","value":null}
10-27 23:00:21.765  2541  2561 W Settings: Setting airplane_mode_on has moved from android.provider.Settings.System to android.provider.Settings.Global, returning read-only value.
10-27 23:00:21.772  2507  2917 I appium  : channel read invoked!
10-27 23:00:21.773  2507  2917 I appium  : channel read: POST /wd/hub/session/25ef9dad-37af-464b-8de6-157007124c32/elements
10-27 23:00:21.777  2507  2917 I appium  : Find elements command using 'id' with selector '2131432401'.
10-27 23:00:21.779  2507  2917 I appium  : Waiting up to 10000ms for device to be idle
10-27 23:00:21.838  2541  2592 W Settings: Setting airplane_mode_on has moved from android.provider.Settings.System to android.provider.Settings.Global, returning read-only value.
10-27 23:00:21.849  2541  2541 W Settings: Setting airplane_mode_on has moved from android.provider.Settings.System to android.provider.Settings.Global, returning read-only value.
10-27 23:00:21.854  2541  2541 W Settings: Setting airplane_mode_on has moved from android.provider.Settings.System to android.provider.Settings.Global, returning read-only value.
10-27 23:00:21.861  2541  2631 W Settings: Setting airplane_mode_on has moved from android.provider.Settings.System to android.provider.Settings.Global, returning read-only value.
10-27 23:00:21.936  2541  2809 W Settings: Setting airplane_mode_on has moved from android.provider.Settings.System to android.provider.Settings.Global, returning read-only value.
10-27 23:00:21.939  2541  2826 W Settings: Setting airplane_mode_on has moved from android.provider.Settings.System to android.provider.Settings.Global, returning read-only value.
10-27 23:00:21.939  2541  2780 W Settings: Setting airplane_mode_on has moved from android.provider.Settings.System to android.provider.Settings.Global, returning read-only value.
10-27 23:00:21.948  2541  2849 W Settings: Setting airplane_mode_on has moved from android.provider.Settings.System to android.provider.Settings.Global, returning read-only value.
10-27 23:00:21.967  2541  2541 W Settings: Setting airplane_mode_on has moved from android.provider.Settings.System to android.provider.Settings.Global, returning read-only value.
10-27 23:00:21.976  2541  2637 W Settings: Setting airplane_mode_on has moved from android.provider.Settings.System to android.provider.Settings.Global, returning read-only value.
10-27 23:00:22.059  4205  8040 V WindowManager: Relayout Window{ffc1ba5 u0 com.airbnb.android/com.airbnb.android.feat.homescreen.HomeActivity}: viewVisibility=0 req=1080x2340 {(0,0)(fillxfill) sim={adjust=resize} ty=BASE_APPLICATION fmt=TRANSLUCENT wanim=0x10302ff
10-27 23:00:22.059  4205  8040 V WindowManager:   fl=81810100
10-27 23:00:22.059  4205  8040 V WindowManager:   pfl=1020000
10-27 23:00:22.059  4205  8040 V WindowManager:   vsysui=2010 naviIconColor=0}
10-27 23:00:22.061  4205  4223 D WindowManager: setSystemUiVisibility: vis= 0xa018, fullscreenVis= 0x2000, dockedVis= 0x0, win=Window{ffc1ba5 u0 com.airbnb.android/com.airbnb.android.feat.homescreen.HomeActivity}
10-27 23:00:22.064  4516  4516 D LightBarController: onNavigationVisibilityChanged : vis = a018, nbModeChanged = false navigationBarMode = 4
10-27 23:00:22.065  4205  5359 D SamsungPhoneWindowManager: adjustSystemUiVisibilityLw: vis=0xa018
10-27 23:00:22.065  4205  5359 D InputManager-JNI: setSystemUiVisibility dexmode: false changed: true displayid: 0 visibility: 0xa018 DD: 0xa018 OD: 0x0
10-27 23:00:22.065  2541  2541 D ViewRootImpl@11e0231[HomeActivity]: Relayout returned: old=[0,0][1080,2340] new=[0,0][1080,2340] result=0x1 surface={true 534160760832} changed=false
10-27 23:00:22.084  3895  3971 D EnterpriseController: netId is 0
10-27 23:00:22.084  3895  3971 E Netd    : getNetworkForDns: getNetId from enterpriseCtrl is netid 0
10-27 23:00:22.084  3895  3971 D DnsProxyListener: DNSDBG::dns addrinfo af 0
10-27 23:00:22.208  2541  2631 W Settings: Setting airplane_mode_on has moved from android.provider.Settings.System to android.provider.Settings.Global, returning read-only value.
10-27 23:00:22.256  2541  2564 W Settings: Setting airplane_mode_on has moved from android.provider.Settings.System to android.provider.Settings.Global, returning read-only value.
10-27 23:00:22.256  2541  2567 W Settings: Setting airplane_mode_on has moved from android.provider.Settings.System to android.provider.Settings.Global, returning read-only value.
10-27 23:00:22.261  2541  2564 W Settings: Setting airplane_mode_on has moved from android.provider.Settings.System to android.provider.Settings.Global, returning read-only value.
10-27 23:00:22.262  2541  2567 W Settings: Setting airplane_mode_on has moved from android.provider.Settings.System to android.provider.Settings.Global, returning read-only value.
10-27 23:00:22.263  2541  2565 W Settings: Setting airplane_mode_on has moved from android.provider.Settings.System to android.provider.Settings.Global, returning read-only value.
10-27 23:00:22.266  2541  2567 W Settings: Setting airplane_mode_on has moved from android.provider.Settings.System to android.provider.Settings.Global, returning read-only value.
