10-27 23:03:05.994  9757  9757 I VoiceInputManagerWrapper: VoiceInputManagerWrapper.cancelShutdown():54 cancelShutdown()
10-27 23:03:05.994  9757  9757 I VoiceInputManagerWrapper: VoiceInputManagerWrapper.syncLanguagePacks():66 syncLanguagePacks()
10-27 23:03:05.995  9757 15794 I SpeechFactory: SpeechRecognitionFactory.maybeScheduleAutoPackDownloadForFallback():160 maybeScheduleAutoPackDownloadForFallback()
10-27 23:03:05.995  9757  9757 I LatinIme: LatinIme.updateEnableInlineSuggestionsOnDecoderSideFlags():1270 inline flag updated to:true
10-27 23:03:05.995  9757 15794 I FallbackOnDeviceRecognitionProvider: FallbackOnDeviceRecognitionProvider.maybeScheduleAutoPackDownload():196 maybeScheduleAutoPackDownload() for language tag en-US
10-27 23:03:06.002  9757  9757 I KeyboardWrapper: KeyboardWrapper.consumeEvent():287 Skip consuming an event as current keyboard is deactivated (state=0, keyboard existence=true)
10-27 23:03:06.017  9757  9757 I KeyboardViewUtil: KeyboardViewUtil.calculateMaxKeyboardBodyHeight():62 leave 354 height for app when screen height:2214, header height:116 and isFullscreenMode:false, so the max keyboard body height is:1744
10-27 23:03:06.039  9757  9757 I KeyboardViewUtil: KeyboardViewUtil.calculateMaxKeyboardBodyHeight():62 leave 354 height for app when screen height:2214, header height:116 and isFullscreenMode:false, so the max keyboard body height is:1744
10-27 23:03:06.039  9757  9809 I Delight5Decoder: Delight5DecoderWrapper.handleMessage():1838 handleMessage(): UPDATE_KEYBOARD_LAYOUT
10-27 23:03:06.053  9757  9757 W KeyboardModeManager: KeyboardModeManager.setInputView():303 setInputView() : inputView = com.google.android.apps.inputmethod.libs.framework.core.InputView{6eb1284 V.E...... ......ID 0,0-1080,2131}
10-27 23:03:06.053  9757  9757 I NormalModeController: NormalModeController.getKeyboardBodyViewHolderPaddingBottom():112 currentPrimeKeyboardType:SOFT systemPaddingBottom:-1
10-27 23:03:06.059  9757  9757 I GoogleInputMethodService: GoogleInputMethodService$10.getInputViewCoverNavigationHeight():3263 Returns default 0 as the coverNavigationHeight while extendsTouchBelowSpace=false decorViewWindowInsets=WindowInsets{systemWindowInsets=Rect(0, 0 - 0, 126) windowDecorInsets=Rect(0, 0 - 0, 0) stableInsets=Rect(0, 0 - 0, 126)}
10-27 23:03:06.059  9757  9757 I AndroidIME: KeyboardViewManager.getKeyboardYPosition():719 positionY=0
10-27 23:03:06.060  9757  9757 I GoogleInputMethodService: GoogleInputMethodService$10.getInputViewCoverNavigationHeight():3263 Returns default 0 as the coverNavigationHeight while extendsTouchBelowSpace=false decorViewWindowInsets=WindowInsets{systemWindowInsets=Rect(0, 0 - 0, 126) windowDecorInsets=Rect(0, 0 - 0, 0) stableInsets=Rect(0, 0 - 0, 126)}
10-27 23:03:06.060  9757  9757 I AndroidIME: KeyboardViewManager.getKeyboardYPosition():719 positionY=0
10-27 23:03:06.060  9757  9757 I AndroidIME: KeyboardViewManager.getInputViewBottomGapFromScreen():387 get inputViewBottomGapFromScreen = 126 from keyboard size helper.
10-27 23:03:06.061  9757  9757 I GoogleInputMethodService: GoogleInputMethodService$10.getInputViewCoverNavigationHeight():3263 Returns default 0 as the coverNavigationHeight while extendsTouchBelowSpace=false decorViewWindowInsets=WindowInsets{systemWindowInsets=Rect(0, 0 - 0, 126) windowDecorInsets=Rect(0, 0 - 0, 0) stableInsets=Rect(0, 0 - 0, 126)}
10-27 23:03:06.063  9757  9757 I AndroidIME: KeyboardViewManager.updateKeyboardBodyViewHolderPaddingBottom():606 Set finalPaddingBottom = 0 while keyboardBottomGapFromScreen = 0; inputViewBottomGapFromScreen = 126 inputViewCoverNavigationHeight=0
10-27 23:03:06.063  9757  9757 I GoogleInputMethodService: GoogleInputMethodService$10.getInputViewCoverNavigationHeight():3263 Returns default 0 as the coverNavigationHeight while extendsTouchBelowSpace=false decorViewWindowInsets=WindowInsets{systemWindowInsets=Rect(0, 0 - 0, 126) windowDecorInsets=Rect(0, 0 - 0, 0) stableInsets=Rect(0, 0 - 0, 126)}
10-27 23:03:06.063  9757  9757 I AndroidIME: KeyboardViewManager.getKeyboardYPosition():719 positionY=0
10-27 23:03:06.064  9757  9757 I GoogleInputMethodService: GoogleInputMethodService$10.getInputViewCoverNavigationHeight():3263 Returns default 0 as the coverNavigationHeight while extendsTouchBelowSpace=false decorViewWindowInsets=WindowInsets{systemWindowInsets=Rect(0, 0 - 0, 126) windowDecorInsets=Rect(0, 0 - 0, 0) stableInsets=Rect(0, 0 - 0, 126)}
10-27 23:03:06.064  9757  9757 I AndroidIME: KeyboardViewManager.getKeyboardYPosition():719 positionY=0
10-27 23:03:06.065  9757  9757 I GoogleInputMethodService: GoogleInputMethodService$10.getInputViewCoverNavigationHeight():3263 Returns default 0 as the coverNavigationHeight while extendsTouchBelowSpace=false decorViewWindowInsets=WindowInsets{systemWindowInsets=Rect(0, 0 - 0, 126) windowDecorInsets=Rect(0, 0 - 0, 0) stableInsets=Rect(0, 0 - 0, 126)}
10-27 23:03:06.065  9757  9757 I AndroidIME: KeyboardViewManager.getKeyboardYPosition():719 positionY=0
10-27 23:03:06.066  9757  9757 I GoogleInputMethodService: GoogleInputMethodService$10.getInputViewCoverNavigationHeight():3263 Returns default 0 as the coverNavigationHeight while extendsTouchBelowSpace=false decorViewWindowInsets=WindowInsets{systemWindowInsets=Rect(0, 0 - 0, 126) windowDecorInsets=Rect(0, 0 - 0, 0) stableInsets=Rect(0, 0 - 0, 126)}
10-27 23:03:06.066  9757  9757 I AndroidIME: KeyboardViewManager.getKeyboardYPosition():719 positionY=0
10-27 23:03:06.067  9757  9757 W KeyboardModeManager: KeyboardModeManager.reloadOrientationAwareData():469 reloadOrientationAwareData() : orientation = 1
10-27 23:03:06.068  9757  9757 I NormalModeController: NormalModeController.getKeyboardBodyViewHolderPaddingBottom():112 currentPrimeKeyboardType:SOFT systemPaddingBottom:-1
10-27 23:03:06.074  9757  9757 I GoogleInputMethodService: GoogleInputMethodService$10.getInputViewCoverNavigationHeight():3263 Returns default 0 as the coverNavigationHeight while extendsTouchBelowSpace=false decorViewWindowInsets=WindowInsets{systemWindowInsets=Rect(0, 0 - 0, 126) windowDecorInsets=Rect(0, 0 - 0, 0) stableInsets=Rect(0, 0 - 0, 126)}
10-27 23:03:06.094  9757  9757 I GoogleInputMethodService: GoogleInputMethodService$10.getInputViewCoverNavigationHeight():3263 Returns default 0 as the coverNavigationHeight while extendsTouchBelowSpace=false decorViewWindowInsets=WindowInsets{systemWindowInsets=Rect(0, 0 - 0, 126) windowDecorInsets=Rect(0, 0 - 0, 0) stableInsets=Rect(0, 0 - 0, 126)}
10-27 23:03:06.098  9757  9757 W AndroidIME: KeyboardViewManager.initializeViews():457 initializeViews() : keyboard full width = -1; root view width = 1080; measured keyboard height = 2257
10-27 23:03:06.099  9757  9757 I AndroidIME: KeyboardViewManager.updateKeyboardHeaderViewWidth():926 keyboard header ratio:1.000000 body ratio:1.000000
10-27 23:03:06.100  9757  9757 I AndroidIME: KeyboardViewManager.updateKeyboardHeaderViewWidth():926 keyboard header ratio:1.000000 body ratio:1.000000
10-27 23:03:06.101  9757  9757 I GoogleInputMethodService: GoogleInputMethodService$10.getInputViewCoverNavigationHeight():3263 Returns default 0 as the coverNavigationHeight while extendsTouchBelowSpace=false decorViewWindowInsets=WindowInsets{systemWindowInsets=Rect(0, 0 - 0, 126) windowDecorInsets=Rect(0, 0 - 0, 0) stableInsets=Rect(0, 0 - 0, 126)}
10-27 23:03:06.101  9757  9757 I AndroidIME: KeyboardViewManager.getKeyboardYPosition():719 positionY=0
10-27 23:03:06.102  9757  9757 I GoogleInputMethodService: GoogleInputMethodService$10.getInputViewCoverNavigationHeight():3263 Returns default 0 as the coverNavigationHeight while extendsTouchBelowSpace=false decorViewWindowInsets=WindowInsets{systemWindowInsets=Rect(0, 0 - 0, 126) windowDecorInsets=Rect(0, 0 - 0, 0) stableInsets=Rect(0, 0 - 0, 126)}
10-27 23:03:06.102  9757  9757 I AndroidIME: KeyboardViewManager.getKeyboardYPosition():719 positionY=0
10-27 23:03:06.102  9757  9757 I AndroidIME: KeyboardViewManager.getInputViewBottomGapFromScreen():387 get inputViewBottomGapFromScreen = 126 from keyboard size helper.
10-27 23:03:06.102  9757  9757 I GoogleInputMethodService: GoogleInputMethodService$10.getInputViewCoverNavigationHeight():3263 Returns default 0 as the coverNavigationHeight while extendsTouchBelowSpace=false decorViewWindowInsets=WindowInsets{systemWindowInsets=Rect(0, 0 - 0, 126) windowDecorInsets=Rect(0, 0 - 0, 0) stableInsets=Rect(0, 0 - 0, 126)}
10-27 23:03:06.106  9757  9757 I AndroidIME: KeyboardViewManager.updateKeyboardBodyViewHolderPaddingBottom():606 Set finalPaddingBottom = 0 while keyboardBottomGapFromScreen = 0; inputViewBottomGapFromScreen = 126 inputViewCoverNavigationHeight=0
10-27 23:03:06.107  9757  9757 I GoogleInputMethodService: GoogleInputMethodService$10.getInputViewCoverNavigationHeight():3263 Returns default 0 as the coverNavigationHeight while extendsTouchBelowSpace=false decorViewWindowInsets=WindowInsets{systemWindowInsets=Rect(0, 0 - 0, 126) windowDecorInsets=Rect(0, 0 - 0, 0) stableInsets=Rect(0, 0 - 0, 126)}
10-27 23:03:06.108  9757  9757 I AndroidIME: KeyboardViewManager.getKeyboardYPosition():719 positionY=0
10-27 23:03:06.109  9757  9757 I GoogleInputMethodService: GoogleInputMethodService$10.getInputViewCoverNavigationHeight():3263 Returns default 0 as the coverNavigationHeight while extendsTouchBelowSpace=false decorViewWindowInsets=WindowInsets{systemWindowInsets=Rect(0, 0 - 0, 126) windowDecorInsets=Rect(0, 0 - 0, 0) stableInsets=Rect(0, 0 - 0, 126)}
10-27 23:03:06.109  9757  9757 I AndroidIME: KeyboardViewManager.getKeyboardYPosition():719 positionY=0
10-27 23:03:06.110  9757  9757 I GoogleInputMethodService: GoogleInputMethodService$10.getInputViewCoverNavigationHeight():3263 Returns default 0 as the coverNavigationHeight while extendsTouchBelowSpace=false decorViewWindowInsets=WindowInsets{systemWindowInsets=Rect(0, 0 - 0, 126) windowDecorInsets=Rect(0, 0 - 0, 0) stableInsets=Rect(0, 0 - 0, 126)}
10-27 23:03:06.110  9757  9757 I AndroidIME: KeyboardViewManager.getKeyboardYPosition():719 positionY=0
10-27 23:03:06.111  9757  9757 I GoogleInputMethodService: GoogleInputMethodService$10.getInputViewCoverNavigationHeight():3263 Returns default 0 as the coverNavigationHeight while extendsTouchBelowSpace=false decorViewWindowInsets=WindowInsets{systemWindowInsets=Rect(0, 0 - 0, 126) windowDecorInsets=Rect(0, 0 - 0, 0) stableInsets=Rect(0, 0 - 0, 126)}
10-27 23:03:06.111  9757  9757 I AndroidIME: KeyboardViewManager.getKeyboardYPosition():719 positionY=0
10-27 23:03:06.116  9757  9757 I VoiceImeExtension: VoiceImeExtension.shouldStartVoiceInputAutomatically():353 No private IME option set to start voice input.
10-27 23:03:06.118  9757  9757 V InputMethodService: showSoftInput(), flags : 1
10-27 23:03:06.119  9757  9757 D InputMethodService: mDesktopModeManager null!
10-27 23:03:06.126  9757  9757 D InputMethodService: SWI - SIR true, mIVS : true
10-27 23:03:06.126  9757  9757 D InputMethodService: AxT9IME.sendInputViewShownState(): true
10-27 23:03:06.126  9757  9757 D InputMethodService: AxT9IME.IS_VISIBLE_CANDIDATE(): 4
10-27 23:03:06.134  4205  5421 D InputMethodManagerService: setImeWindowStatus(), vis : 3 backDisposition : 0
10-27 23:03:06.134  4205  5421 D InputMethodManagerService: isImeSwitcherDisabledPackage : false
10-27 23:03:06.135  4205  5421 D InputMethodManagerService: shouldShowImeSwitcherLocked : checking vis : 3
10-27 23:03:06.136  4205  5421 D InputMethodManagerService: shouldShowImeSwitcherLocked : language count above 2 or auxcount above 1 return true : 3 1
10-27 23:03:06.136  4205  5421 D InputMethodManagerService: mDesktopModeManager null!
10-27 23:03:06.136  4205  5421 D InputMethodManagerService: updateSystemUiLocked 0
10-27 23:03:06.136  4205  5421 D InputMethodManagerService: updateSystemUiLocked(), setImeWindowStatusToType, vis : 3 backDisposition : 0
10-27 23:03:06.138  9757  9757 D InputMethodManager: setImeWindowStatus(), vis : 3 backDisposition : 0
10-27 23:03:06.138  9757  9757 D InputMethodService: showSoftInput(), setImeWindowStatus,isInputViewShown():true mBackDisposition :0
10-27 23:03:06.138  5324  5324 E SDHMS:SDHMS_UTIL_IO: e = /sys/class/input_booster/touchkey/time (Permission denied)
10-27 23:03:06.139  4516  4516 D NavigationBar: setImeWindowStatus() imeShown = true, backDisposition = 0, showImeSwitcher = true
10-27 23:03:06.149  5374  5374 D BoundBrokerSvc: onBind: Intent { act=com.google.android.gms.common.BIND_SHARED_PREFS pkg=com.google.android.gms }
10-27 23:03:06.149  5374  5374 D BoundBrokerSvc: Loading bound service for intent: Intent { act=com.google.android.gms.common.BIND_SHARED_PREFS pkg=com.google.android.gms }
10-27 23:03:06.168  5374  5374 D BoundBrokerSvc: onUnbind: Intent { act=com.google.android.gms.common.BIND_SHARED_PREFS pkg=com.google.android.gms }
10-27 23:03:06.196  5374  5374 D BoundBrokerSvc: onBind: Intent { act=com.google.android.gms.common.BIND_SHARED_PREFS pkg=com.google.android.gms }
10-27 23:03:06.196  5374  5374 D BoundBrokerSvc: Loading bound service for intent: Intent { act=com.google.android.gms.common.BIND_SHARED_PREFS pkg=com.google.android.gms }
10-27 23:03:06.211  5374  5374 D BoundBrokerSvc: onUnbind: Intent { act=com.google.android.gms.common.BIND_SHARED_PREFS pkg=com.google.android.gms }
10-27 23:03:06.248  9757  9767 I putmethod.lati: Background concurrent copying GC freed 56566(2MB) AllocSpace objects, 6(312KB) LOS objects, 50% free, 9MB/19MB, paused 3.138ms total 225.711ms
10-27 23:03:06.521 32322 32628 D Analytics: com.rakuten.tech.mobile.analytics.RealRatBackend$sendEventsToRat$1#run:139 Skipping request delivery there are no events to deliver to RAT
10-27 23:03:06.609 32322 32551 D Analytics: com.rakuten.tech.mobile.analytics.RealRatBackend$sendEventsToRat$1#run:139 Skipping request delivery there are no events to deliver to RAT
10-27 23:03:06.658  5151  5151 D io_stats: !@ 179,0 r 367120 11572952 w 215154 3413540 d 6852 2972868 f 19055 20221 iot 303248 265564 th 51200 0 0 pt 0 inp 0 0 21911.462
10-27 23:03:06.705  4205  5421 D PowerManagerService: [api] userActivity : event: 3 flags: 0 (uid: 1000 pid: 4205) eventTime = 21911508
10-27 23:03:06.735  2541  2541 D InputMethodManager: prepareNavigationBarInfo() DecorView@b7e7697[HomeActivity]
10-27 23:03:06.735  2541  2541 D InputMethodManager: getNavigationBarColor() -855310
10-27 23:03:06.735  2541  2541 V InputMethodManager: Starting input: tba=com.airbnb.android ic=com.android.internal.widget.EditableInputConnection@c15ff1 mNaviBarColor -855310 mIsGetNaviBarColorSuccess true , NavVisible : true , NavTrans : false
10-27 23:03:06.735  2541  2541 D InputMethodManager: startInputInner - Id : 0
10-27 23:03:06.736  2541  2541 I InputMethodManager: startInputInner - mService.startInputOrWindowGainedFocus
10-27 23:03:06.738  4205  5421 D InputMethodManagerService: startInputOrWindowGainedFocus : startInput 
10-27 23:03:06.739  4205  5421 D InputMethodManagerService: checkDisplayOfStartInputAndUpdateKeyboard display Id 0last 0
10-27 23:03:06.739  4205  5421 D InputMethodManagerService: setCurrentInputInfo - inputContext : com.android.internal.view.IInputContext$Stub$Proxy@69f5664 eidtorInfo : android.view.inputmethod.EditorInfo@38270cd missingMethods : 0
10-27 23:03:06.739  4205  5421 D InputTransport: Input channel constructed: fd=508
10-27 23:03:06.739  4205  5421 D InputTransport: Input channel destroyed: fd=508
10-27 23:03:06.739  9757  9757 I InputMethodWrapper:  call dispatchStartInputWithToken
10-27 23:03:06.739  9757  9757 I InputMethodService: dispatchStartInputWithToken
10-27 23:03:06.740  9757  9757 D InputMethodService: checkDisplayOfStartInputAndUpdateKeyboard display Id 0last 0
10-27 23:03:06.740  2541  2541 D InputTransport: Input channel constructed: fd=100
10-27 23:03:06.740  9757  9757 I GoogleInputMethodService: GoogleInputMethodService.onStartInput():1943 
10-27 23:03:06.740  2541  2541 D InputTransport: Input channel destroyed: fd=97
10-27 23:03:06.741  9757  9757 W SessionManager: SessionManager.beginSession():53 Try to begin an already begun session [INPUT_SESSION], end it first
10-27 23:03:06.741  9757  9757 W SessionManager: SessionManager.endSession():96 Child session [INPUT_VIEW_SESSION] is not ended while ending session [{INPUT_SESSION=1635355985904, INPUT_VIEW_SESSION=1635355985911, IME_SESSION=1635355985990, TRAINING_CACHE_SESSION=1635355985992}], ending it now.
10-27 23:03:06.742  9757  9757 W SessionManager: SessionManager.endSession():96 Child session [IME_SESSION] is not ended while ending session [{INPUT_SESSION=1635355985904, INPUT_VIEW_SESSION=1635355985911, IME_SESSION=1635355985990, TRAINING_CACHE_SESSION=1635355985992}], ending it now.
10-27 23:03:06.742  9757  9757 W SessionManager: SessionManager.endSession():96 Child session [TRAINING_CACHE_SESSION] is not ended while ending session [{INPUT_SESSION=1635355985904, INPUT_VIEW_SESSION=1635355985911, IME_SESSION=1635355985990, TRAINING_CACHE_SESSION=1635355985992}], ending it now.
10-27 23:03:06.743  9757  9757 I GoogleInputMethodService: GoogleInputMethodService.onStartInputView():2083 
10-27 23:03:06.753  2507  2699 I appium  : AppiumResponse: {"sessionId":"25ef9dad-37af-464b-8de6-157007124c32","value":null}
10-27 23:03:06.818  2541  2672 W Settings: Setting airplane_mode_on has moved from android.provider.Settings.System to android.provider.Settings.Global, returning read-only value.
10-27 23:03:06.818  2541  3340 W Settings: Setting airplane_mode_on has moved from android.provider.Settings.System to android.provider.Settings.Global, returning read-only value.
10-27 23:03:06.819  2507  2701 I appium  : channel read invoked!
10-27 23:03:06.819  2507  2701 I appium  : channel read: POST /wd/hub/session/25ef9dad-37af-464b-8de6-157007124c32/elements
10-27 23:03:06.822  2507  2701 I appium  : Find elements command using 'id' with selector 'title'.
10-27 23:03:06.823  2507  2701 I appium  : Waiting up to 10000ms for device to be idle
10-27 23:03:06.849  9757  9757 I KeyboardViewUtil: KeyboardViewUtil.getKeyboardHeightRatio():166 systemKeyboardHeightRatio:1.000000; userKeyboardHeightRatio:1.000000.
10-27 23:03:06.850  9757  9757 I InlineSuggestionCandidateViewController: InlineSuggestionCandidateViewController.setInlineSuggestionCandidateImpl():1214 set  to inlineSuggestionTextView
10-27 23:03:06.851  9757  9757 I InputBundle: InputBundle.consumeEvent():961 Skip consuming an event as keyboard status is 0
10-27 23:03:06.853  9757  9757 I KeyboardWrapper: KeyboardWrapper.consumeEvent():287 Skip consuming an event as current keyboard is deactivated (state=0, keyboard existence=true)
10-27 23:03:06.854  9757  9757 I VoiceInputManagerWrapper: VoiceInputManagerWrapper.shutdown():76 shutdown()
10-27 23:03:06.855  9757  9757 W SessionManager: SessionManager.endSession():88 Try to end a not begun session [TRAINING_CACHE_SESSION].
10-27 23:03:06.855  9757  9757 I AndroidIME: AbstractIme.onDeactivate():209 LatinIme.onDeactivate()
10-27 23:03:06.857  9757  9757 W SessionManager: SessionManager.endSession():88 Try to end a not begun session [IME_SESSION].
10-27 23:03:06.859  9757  9757 I AndroidIME: AbstractIme.onActivate():88 LatinIme.onActivate() : EditorInfo = Package = com.airbnb.android : Type = Text : Learning = Disable : Suggestion = Show : AutoCorrection = Enable : Microphone = Show : NoPersonalizedLearning = Disable : AutoStartVoiceInput = Disable : AutoStartEmojiInput = Disable : SimulateDeviceLocked = False : imeActionName = SEARCH : imeOptions = 8000003 : privateImeOptions = null, IncognitoMode = false, DeviceLocked = false
10-27 23:03:06.861  9757  9757 I Delight5Facilitator: Delight5Facilitator.initializeForIme():656 initializeForIme() : Locale = [en_US], layout = qwerty
10-27 23:03:06.861  9757  9757 I VoiceInputManagerWrapper: VoiceInputManagerWrapper.cancelShutdown():54 cancelShutdown()
10-27 23:03:06.861  9757  9757 I VoiceInputManagerWrapper: VoiceInputManagerWrapper.syncLanguagePacks():66 syncLanguagePacks()
10-27 23:03:06.862  9757 15794 I SpeechFactory: SpeechRecognitionFactory.maybeScheduleAutoPackDownloadForFallback():160 maybeScheduleAutoPackDownloadForFallback()
10-27 23:03:06.862  9757  9757 I LatinIme: LatinIme.updateEnableInlineSuggestionsOnDecoderSideFlags():1270 inline flag updated to:true
10-27 23:03:06.862  9757 15794 I FallbackOnDeviceRecognitionProvider: FallbackOnDeviceRecognitionProvider.maybeScheduleAutoPackDownload():196 maybeScheduleAutoPackDownload() for language tag en-US
10-27 23:03:06.869  9757  9757 I KeyboardWrapper: KeyboardWrapper.consumeEvent():287 Skip consuming an event as current keyboard is deactivated (state=0, keyboard existence=true)
10-27 23:03:06.887  9757  9757 I KeyboardViewUtil: KeyboardViewUtil.calculateMaxKeyboardBodyHeight():62 leave 354 height for app when screen height:2214, header height:116 and isFullscreenMode:false, so the max keyboard body height is:1744
10-27 23:03:06.899  9757  9809 I Delight5Decoder: Delight5DecoderWrapper.handleMessage():1838 handleMessage(): UPDATE_KEYBOARD_LAYOUT
10-27 23:03:06.900  9757  9757 I KeyboardViewUtil: KeyboardViewUtil.calculateMaxKeyboardBodyHeight():62 leave 354 height for app when screen height:2214, header height:116 and isFullscreenMode:false, so the max keyboard body height is:1744
10-27 23:03:06.901  6418  6557 D ContactsProvider_EventLog: contents_sample_state: [CONTACT contacts(57) data(262) accounts({com.google (3)=46, vnd.sec.contact.phone (1)=12}) accounts deleted({}) calls([logtype:100 cnt:15, logtype:300 cnt:9]) countryIso(IN) userId(0)  ]
10-27 23:03:06.901  6418  6557 D ContactsProvider_EventLog: contents_sample_state: [ agr({[1 ,1]=1, [3]=46, [1]=10})  ]
10-27 23:03:06.901  6418  6557 D ContactsProvider_EventLog: contents_sample_state: [ actCnt({android.process.acore(6418)=1, com.samsung.android.contacts(6633)=5, com.samsung.android.dialer(11685)=5})  ]
10-27 23:03:06.901  6418  6557 D ContactsProvider_EventLog: contents_sample_state: [PROFILE contacts(0) data(0) accounts({})  ] [SAPROFILE contacts(1) data(6) accounts({vnd.sec.contact.phone (1)=1})  ]
10-27 23:03:06.901  6418  6557 D ContactsProvider_EventLog: contents_sample_state: [STORAGE Contacts(CE) Profile(CE) SAProfile(CE) CallLog(CE)  ]
10-27 23:03:06.908  9757  9757 W KeyboardModeManager: KeyboardModeManager.setInputView():303 setInputView() : inputView = com.google.android.apps.inputmethod.libs.framework.core.InputView{6eb1284 V.E...... ......ID 0,0-1080,2131}
10-27 23:03:06.908  9757  9757 I NormalModeController: NormalModeController.getKeyboardBodyViewHolderPaddingBottom():112 currentPrimeKeyboardType:SOFT systemPaddingBottom:-1
10-27 23:03:06.910  2541  3333 W Settings: Setting airplane_mode_on has moved from android.provider.Settings.System to android.provider.Settings.Global, returning read-only value.
10-27 23:03:06.910  9757  9757 I GoogleInputMethodService: GoogleInputMethodService$10.getInputViewCoverNavigationHeight():3263 Returns default 0 as the coverNavigationHeight while extendsTouchBelowSpace=false decorViewWindowInsets=WindowInsets{systemWindowInsets=Rect(0, 0 - 0, 126) windowDecorInsets=Rect(0, 0 - 0, 0) stableInsets=Rect(0, 0 - 0, 126)}
10-27 23:03:06.911  9757  9757 I AndroidIME: KeyboardViewManager.getKeyboardYPosition():719 positionY=0
10-27 23:03:06.911  9757  9757 I GoogleInputMethodService: GoogleInputMethodService$10.getInputViewCoverNavigationHeight():3263 Returns default 0 as the coverNavigationHeight while extendsTouchBelowSpace=false decorViewWindowInsets=WindowInsets{systemWindowInsets=Rect(0, 0 - 0, 126) windowDecorInsets=Rect(0, 0 - 0, 0) stableInsets=Rect(0, 0 - 0, 126)}
10-27 23:03:06.911  9757  9757 I AndroidIME: KeyboardViewManager.getKeyboardYPosition():719 positionY=0
10-27 23:03:06.912  9757  9757 I AndroidIME: KeyboardViewManager.getInputViewBottomGapFromScreen():387 get inputViewBottomGapFromScreen = 126 from keyboard size helper.
10-27 23:03:06.912  9757  9757 I GoogleInputMethodService: GoogleInputMethodService$10.getInputViewCoverNavigationHeight():3263 Returns default 0 as the coverNavigationHeight while extendsTouchBelowSpace=false decorViewWindowInsets=WindowInsets{systemWindowInsets=Rect(0, 0 - 0, 126) windowDecorInsets=Rect(0, 0 - 0, 0) stableInsets=Rect(0, 0 - 0, 126)}
10-27 23:03:06.916  9757  9757 I AndroidIME: KeyboardViewManager.updateKeyboardBodyViewHolderPaddingBottom():606 Set finalPaddingBottom = 0 while keyboardBottomGapFromScreen = 0; inputViewBottomGapFromScreen = 126 inputViewCoverNavigationHeight=0
10-27 23:03:06.916  9757  9757 I GoogleInputMethodService: GoogleInputMethodService$10.getInputViewCoverNavigationHeight():3263 Returns default 0 as the coverNavigationHeight while extendsTouchBelowSpace=false decorViewWindowInsets=WindowInsets{systemWindowInsets=Rect(0, 0 - 0, 126) windowDecorInsets=Rect(0, 0 - 0, 0) stableInsets=Rect(0, 0 - 0, 126)}
10-27 23:03:06.917  9757  9757 I AndroidIME: KeyboardViewManager.getKeyboardYPosition():719 positionY=0
10-27 23:03:06.917  9757  9757 I GoogleInputMethodService: GoogleInputMethodService$10.getInputViewCoverNavigationHeight():3263 Returns default 0 as the coverNavigationHeight while extendsTouchBelowSpace=false decorViewWindowInsets=WindowInsets{systemWindowInsets=Rect(0, 0 - 0, 126) windowDecorInsets=Rect(0, 0 - 0, 0) stableInsets=Rect(0, 0 - 0, 126)}
10-27 23:03:06.917  9757  9757 I AndroidIME: KeyboardViewManager.getKeyboardYPosition():719 positionY=0
10-27 23:03:06.918  9757  9757 I GoogleInputMethodService: GoogleInputMethodService$10.getInputViewCoverNavigationHeight():3263 Returns default 0 as the coverNavigationHeight while extendsTouchBelowSpace=false decorViewWindowInsets=WindowInsets{systemWindowInsets=Rect(0, 0 - 0, 126) windowDecorInsets=Rect(0, 0 - 0, 0) stableInsets=Rect(0, 0 - 0, 126)}
10-27 23:03:06.918  9757  9757 I AndroidIME: KeyboardViewManager.getKeyboardYPosition():719 positionY=0
10-27 23:03:06.918  9757  9757 I GoogleInputMethodService: GoogleInputMethodService$10.getInputViewCoverNavigationHeight():3263 Returns default 0 as the coverNavigationHeight while extendsTouchBelowSpace=false decorViewWindowInsets=WindowInsets{systemWindowInsets=Rect(0, 0 - 0, 126) windowDecorInsets=Rect(0, 0 - 0, 0) stableInsets=Rect(0, 0 - 0, 126)}
10-27 23:03:06.918  9757  9757 I AndroidIME: KeyboardViewManager.getKeyboardYPosition():719 positionY=0
10-27 23:03:06.919  9757  9757 W KeyboardModeManager: KeyboardModeManager.reloadOrientationAwareData():469 reloadOrientationAwareData() : orientation = 1
10-27 23:03:06.919  9757  9757 I NormalModeController: NormalModeController.getKeyboardBodyViewHolderPaddingBottom():112 currentPrimeKeyboardType:SOFT systemPaddingBottom:-1
10-27 23:03:06.930  9757  9757 I GoogleInputMethodService: GoogleInputMethodService$10.getInputViewCoverNavigationHeight():3263 Returns default 0 as the coverNavigationHeight while extendsTouchBelowSpace=false decorViewWindowInsets=WindowInsets{systemWindowInsets=Rect(0, 0 - 0, 126) windowDecorInsets=Rect(0, 0 - 0, 0) stableInsets=Rect(0, 0 - 0, 126)}
10-27 23:03:06.946  9757  9757 I GoogleInputMethodService: GoogleInputMethodService$10.getInputViewCoverNavigationHeight():3263 Returns default 0 as the coverNavigationHeight while extendsTouchBelowSpace=false decorViewWindowInsets=WindowInsets{systemWindowInsets=Rect(0, 0 - 0, 126) windowDecorInsets=Rect(0, 0 - 0, 0) stableInsets=Rect(0, 0 - 0, 126)}
10-27 23:03:06.949  9757  9757 W AndroidIME: KeyboardViewManager.initializeViews():457 initializeViews() : keyboard full width = -1; root view width = 1080; measured keyboard height = 2257
10-27 23:03:06.950  9757  9757 I AndroidIME: KeyboardViewManager.updateKeyboardHeaderViewWidth():926 keyboard header ratio:1.000000 body ratio:1.000000
10-27 23:03:06.950  9757  9757 I AndroidIME: KeyboardViewManager.updateKeyboardHeaderViewWidth():926 keyboard header ratio:1.000000 body ratio:1.000000
10-27 23:03:06.951  9757  9757 I GoogleInputMethodService: GoogleInputMethodService$10.getInputViewCoverNavigationHeight():3263 Returns default 0 as the coverNavigationHeight while extendsTouchBelowSpace=false decorViewWindowInsets=WindowInsets{systemWindowInsets=Rect(0, 0 - 0, 126) windowDecorInsets=Rect(0, 0 - 0, 0) stableInsets=Rect(0, 0 - 0, 126)}
10-27 23:03:06.952  9757  9757 I AndroidIME: KeyboardViewManager.getKeyboardYPosition():719 positionY=0
10-27 23:03:06.952  9757  9757 I GoogleInputMethodService: GoogleInputMethodService$10.getInputViewCoverNavigationHeight():3263 Returns default 0 as the coverNavigationHeight while extendsTouchBelowSpace=false decorViewWindowInsets=WindowInsets{systemWindowInsets=Rect(0, 0 - 0, 126) windowDecorInsets=Rect(0, 0 - 0, 0) stableInsets=Rect(0, 0 - 0, 126)}
10-27 23:03:06.953  9757  9757 I AndroidIME: KeyboardViewManager.getKeyboardYPosition():719 positionY=0
10-27 23:03:06.953  9757  9757 I AndroidIME: KeyboardViewManager.getInputViewBottomGapFromScreen():387 get inputViewBottomGapFromScreen = 126 from keyboard size helper.
10-27 23:03:06.953  9757  9757 I GoogleInputMethodService: GoogleInputMethodService$10.getInputViewCoverNavigationHeight():3263 Returns default 0 as the coverNavigationHeight while extendsTouchBelowSpace=false decorViewWindowInsets=WindowInsets{systemWindowInsets=Rect(0, 0 - 0, 126) windowDecorInsets=Rect(0, 0 - 0, 0) stableInsets=Rect(0, 0 - 0, 126)}
10-27 23:03:06.959  9757  9757 I AndroidIME: KeyboardViewManager.updateKeyboardBodyViewHolderPaddingBottom():606 Set finalPaddingBottom = 0 while keyboardBottomGapFromScreen = 0; inputViewBottomGapFromScreen = 126 inputViewCoverNavigationHeight=0
10-27 23:03:06.960  9757  9757 I GoogleInputMethodService: GoogleInputMethodService$10.getInputViewCoverNavigationHeight():3263 Returns default 0 as the coverNavigationHeight while extendsTouchBelowSpace=false decorViewWindowInsets=WindowInsets{systemWindowInsets=Rect(0, 0 - 0, 126) windowDecorInsets=Rect(0, 0 - 0, 0) stableInsets=Rect(0, 0 - 0, 126)}
10-27 23:03:06.960  9757  9757 I AndroidIME: KeyboardViewManager.getKeyboardYPosition():719 positionY=0
10-27 23:03:06.961  9757  9757 I GoogleInputMethodService: GoogleInputMethodService$10.getInputViewCoverNavigationHeight():3263 Returns default 0 as the coverNavigationHeight while extendsTouchBelowSpace=false decorViewWindowInsets=WindowInsets{systemWindowInsets=Rect(0, 0 - 0, 126) windowDecorInsets=Rect(0, 0 - 0, 0) stableInsets=Rect(0, 0 - 0, 126)}
10-27 23:03:06.961  9757  9757 I AndroidIME: KeyboardViewManager.getKeyboardYPosition():719 positionY=0
10-27 23:03:06.961  9757  9757 I GoogleInputMethodService: GoogleInputMethodService$10.getInputViewCoverNavigationHeight():3263 Returns default 0 as the coverNavigationHeight while extendsTouchBelowSpace=false decorViewWindowInsets=WindowInsets{systemWindowInsets=Rect(0, 0 - 0, 126) windowDecorInsets=Rect(0, 0 - 0, 0) stableInsets=Rect(0, 0 - 0, 126)}
10-27 23:03:06.961  9757  9757 I AndroidIME: KeyboardViewManager.getKeyboardYPosition():719 positionY=0
10-27 23:03:06.962  9757  9757 I GoogleInputMethodService: GoogleInputMethodService$10.getInputViewCoverNavigationHeight():3263 Returns default 0 as the coverNavigationHeight while extendsTouchBelowSpace=false decorViewWindowInsets=WindowInsets{systemWindowInsets=Rect(0, 0 - 0, 126) windowDecorInsets=Rect(0, 0 - 0, 0) stableInsets=Rect(0, 0 - 0, 126)}
10-27 23:03:06.962  9757  9757 I AndroidIME: KeyboardViewManager.getKeyboardYPosition():719 positionY=0
10-27 23:03:06.967  9757  9757 I VoiceImeExtension: VoiceImeExtension.shouldStartVoiceInputAutomatically():353 No private IME option set to start voice input.
10-27 23:03:06.969  9757  9757 V InputMethodService: showSoftInput(), flags : 1
10-27 23:03:06.971  9757  9757 D InputMethodService: mDesktopModeManager null!
10-27 23:03:06.972  9757  9757 D InputMethodService: SWI - SIR true, mIVS : true
10-27 23:03:06.972  9757  9757 D InputMethodService: AxT9IME.sendInputViewShownState(): true
10-27 23:03:06.973  9757  9757 D InputMethodService: AxT9IME.IS_VISIBLE_CANDIDATE(): 4
10-27 23:03:06.976  4205  5421 D InputMethodManagerService: setImeWindowStatus(), vis : 3 backDisposition : 0
10-27 23:03:06.976  4205  5421 D InputMethodManagerService: isImeSwitcherDisabledPackage : false
10-27 23:03:06.976  4205  5421 D InputMethodManagerService: shouldShowImeSwitcherLocked : checking vis : 3
10-27 23:03:06.977  4205  5421 D InputMethodManagerService: shouldShowImeSwitcherLocked : language count above 2 or auxcount above 1 return true : 3 1
10-27 23:03:06.977  4205  5421 D InputMethodManagerService: mDesktopModeManager null!
10-27 23:03:06.977  4205  5421 D InputMethodManagerService: updateSystemUiLocked 0
10-27 23:03:06.977  4205  5421 D InputMethodManagerService: updateSystemUiLocked(), setImeWindowStatusToType, vis : 3 backDisposition : 0
10-27 23:03:06.979  9757  9757 D InputMethodManager: setImeWindowStatus(), vis : 3 backDisposition : 0
10-27 23:03:06.979  9757  9757 D InputMethodService: showSoftInput(), setImeWindowStatus,isInputViewShown():true mBackDisposition :0
10-27 23:03:06.981  4516  4516 D NavigationBar: setImeWindowStatus() imeShown = true, backDisposition = 0, showImeSwitcher = true
10-27 23:03:06.981  5324  5324 E SDHMS:SDHMS_UTIL_IO: e = /sys/class/input_booster/touchkey/time (Permission denied)
10-27 23:03:06.988  5374  5374 D BoundBrokerSvc: onBind: Intent { act=com.google.android.gms.common.BIND_SHARED_PREFS pkg=com.google.android.gms }
10-27 23:03:06.988  5374  5374 D BoundBrokerSvc: Loading bound service for intent: Intent { act=com.google.android.gms.common.BIND_SHARED_PREFS pkg=com.google.android.gms }
10-27 23:03:06.994  5374  5374 D BoundBrokerSvc: onUnbind: Intent { act=com.google.android.gms.common.BIND_SHARED_PREFS pkg=com.google.android.gms }
10-27 23:03:07.001  2541  2541 W Settings: Setting airplane_mode_on has moved from android.provider.Settings.System to android.provider.Settings.Global, returning read-only value.
10-27 23:03:07.002  2541  3312 W Settings: Setting airplane_mode_on has moved from android.provider.Settings.System to android.provider.Settings.Global, returning read-only value.
10-27 23:03:07.035  9757  9757 W InputContextProxy: InputContextProxy.applyClientDiffInternal():882 Ignore [FetchSuggestions] diff due to stale request: 351<354, inputStateId=345, lastInputStateId=347
10-27 23:03:07.042  9757  9757 I InlineSuggestionCandidateViewController: InlineSuggestionCandidateViewController.textCandidatesUpdated():700 Not showing inline suggestion tooltip v2; has candidates
10-27 23:03:07.060  5374  5374 D BoundBrokerSvc: onBind: Intent { act=com.google.android.gms.common.BIND_SHARED_PREFS pkg=com.google.android.gms }
10-27 23:03:07.060  5374  5374 D BoundBrokerSvc: Loading bound service for intent: Intent { act=com.google.android.gms.common.BIND_SHARED_PREFS pkg=com.google.android.gms }
10-27 23:03:07.075  5374  5374 D BoundBrokerSvc: onUnbind: Intent { act=com.google.android.gms.common.BIND_SHARED_PREFS pkg=com.google.android.gms }
10-27 23:03:07.463  4205  4385 D WifiStateMachine: enter getWifiLinkLayerStats
10-27 23:03:07.463  4205  4385 I WifiVendorHal: getWifiLinkLayerStats(l.3097) before calling iface.getLinkLayerStats
10-27 23:03:07.463  3701  3701 I android.hardware.wifi@1.0-service: enter getLinkLayerStats
10-27 23:03:07.463  3701  3701 I android.hardware.wifi@1.0-service: enter getLinkLayerStatsInternal
10-27 23:03:07.465  3701  3701 I android.hardware.wifi@1.0-service: Successfully getLinkLayerStats.
10-27 23:03:07.466  4205  4385 I WifiVendorHal: getWifiLinkLayerStats(l.3097) after calling iface.getLinkLayerStats
10-27 23:03:07.472  4205  4385 I WifiStateMachine: checkScoreBasedQuality -  mPreviousScore[0]:92 mPreviousScore[1]:93 mPreviousScore[2]:92 s2Score:93mPrevoiusScoreAverage:92
10-27 23:03:07.518 32322 32630 D Analytics: com.rakuten.tech.mobile.analytics.RealRatBackend$sendEventsToRat$1#run:139 Skipping request delivery there are no events to deliver to RAT
10-27 23:03:07.608 32322 32563 D Analytics: com.rakuten.tech.mobile.analytics.RealRatBackend$sendEventsToRat$1#run:139 Skipping request delivery there are no events to deliver to RAT
10-27 23:03:07.860  2507  2701 I appium  : AppiumResponse: {"sessionId":"25ef9dad-37af-464b-8de6-157007124c32","value":[{"ELEMENT":"b41e009f-3f0d-4fc2-bdb9-d345ebfb3228","element-6066-11e4-a52e-4f735466cecf":"b41e009f-3f0d-4fc2-bdb9-d345ebfb3228"},{"ELEMENT":"9c725060-4e23-4df1-a434-4d71ba6d1436","element-6066-11e4-a52e-4f735466cecf":"9c725060-4e23-4df1-a434-4d71ba6d1436"},{"ELEMENT":"7ab6ca23-7fc5-4cbe-af5b-b64382a85768","element-6066-11e4-a52e-4f735466cecf":"7ab6ca23-7fc5-4cbe-af5b-b64382a85768"},{"ELEMENT":"5d98e352-8351-46ef-9052-a64f96a8c1af","element-6066-11e4-a52e-4f735466cecf":"5d98e352-8351-46ef-9052-a64f96a8c1af"},{"ELEMENT":"58c4bc58-cecb-4c63-99da-f8561cdda3b6","element-6066-11e4-a52e-4f735466cecf":"58c4bc58-cecb-4c63-99da-f8561cdda3b6"}]}
10-27 23:03:07.896  2507  2835 I appium  : channel read invoked!
10-27 23:03:07.897  2507  2835 I appium  : channel read: POST /wd/hub/session/25ef9dad-37af-464b-8de6-157007124c32/elements
10-27 23:03:07.900  2507  2835 I appium  : Find elements command using 'id' with selector 'title'.
10-27 23:03:07.901  2507  2835 I appium  : Waiting up to 10000ms for device to be idle
10-27 23:03:07.955  2507  2835 I appium  : AppiumResponse: {"sessionId":"25ef9dad-37af-464b-8de6-157007124c32","value":[{"ELEMENT":"6b8a3c97-ed0c-4e5a-8dd4-b842eb4400e0","element-6066-11e4-a52e-4f735466cecf":"6b8a3c97-ed0c-4e5a-8dd4-b842eb4400e0"},{"ELEMENT":"9bb244a3-7269-493b-b6bd-e56d628a169e","element-6066-11e4-a52e-4f735466cecf":"9bb244a3-7269-493b-b6bd-e56d628a169e"},{"ELEMENT":"20128fa3-7118-450c-a123-aa307d864a4f","element-6066-11e4-a52e-4f735466cecf":"20128fa3-7118-450c-a123-aa307d864a4f"},{"ELEMENT":"3a13bd4b-cc1e-496a-8a8f-2a37e2687c75","element-6066-11e4-a52e-4f735466cecf":"3a13bd4b-cc1e-496a-8a8f-2a37e2687c75"},{"ELEMENT":"d2069b76-bd78-44cc-a158-d87f8a75468f","element-6066-11e4-a52e-4f735466cecf":"d2069b76-bd78-44cc-a158-d87f8a75468f"}]}
10-27 23:03:08.002  2507  2862 I appium  : channel read invoked!
10-27 23:03:08.002  2507  2862 I appium  : channel read: POST /wd/hub/session/25ef9dad-37af-464b-8de6-157007124c32/element/6b8a3c97-ed0c-4e5a-8dd4-b842eb4400e0/click
10-27 23:03:08.006  2507  2862 I appium  : Click element command
10-27 23:03:08.019  4205  4215 D InputDispatcher: Inject motion (2497): action=0x0, eventTime=21912822000000, displayId=0
10-27 23:03:08.020  4205  4348 I InputDispatcher: Delivering touch to (4516): action: 0x4, displayId: 0, '77a0a71', toolType: 1
10-27 23:03:08.020  4205  4348 I InputDispatcher: Delivering touch to (4516): action: 0x4, displayId: 0, 'cb105cc', toolType: 1
10-27 23:03:08.020  4205  4348 I InputDispatcher: Delivering touch to (2541): action: 0x0, displayId: 0, 'ffc1ba5', toolType: 1
10-27 23:03:08.020  2541  2541 D ViewRootImpl@11e0231[HomeActivity]: ViewPostIme pointer 0
10-27 23:03:08.025  4205  4215 D InputDispatcher: Inject motion (2497): action=0x1, eventTime=21912822000000, displayId=0
10-27 23:03:08.026  4205  4348 I InputDispatcher: Delivering touch to (2541): action: 0x1, displayId: 0, 'ffc1ba5', toolType: 1
10-27 23:03:08.026  2541  2541 D ViewRootImpl@11e0231[HomeActivity]: ViewPostIme pointer 1
10-27 23:03:08.029  2507  2862 I appium  : Waiting up to 10000ms for device to be idle
10-27 23:03:08.030  2507  2862 I appium  : AppiumResponse: {"sessionId":"25ef9dad-37af-464b-8de6-157007124c32","value":null}
10-27 23:03:08.039  2541  3340 W Settings: Setting airplane_mode_on has moved from android.provider.Settings.System to android.provider.Settings.Global, returning read-only value.
10-27 23:03:08.047  2541  2541 W Settings: Setting airplane_mode_on has moved from android.provider.Settings.System to android.provider.Settings.Global, returning read-only value.
10-27 23:03:08.051  2541  3333 W Settings: Setting airplane_mode_on has moved from android.provider.Settings.System to android.provider.Settings.Global, returning read-only value.
10-27 23:03:08.052  2541  3312 W Settings: Setting airplane_mode_on has moved from android.provider.Settings.System to android.provider.Settings.Global, returning read-only value.
10-27 23:03:08.060  2507  2902 I appium  : channel read invoked!
10-27 23:03:08.061  2507  2902 I appium  : channel read: POST /wd/hub/session/25ef9dad-37af-464b-8de6-157007124c32/elements
10-27 23:03:08.064  2507  2902 I appium  : Find elements command using 'xpath' with selector '//*[@text='Find a place to stay']'.
10-27 23:03:08.065  2507  2902 I appium  : Waiting up to 10000ms for device to be idle
10-27 23:03:08.076  2541  3333 W Settings: Setting airplane_mode_on has moved from android.provider.Settings.System to android.provider.Settings.Global, returning read-only value.
10-27 23:03:08.095  2541  2541 D InputMethodManager: HSIFW - flag : 0 Pid : 2541
10-27 23:03:08.096  4205  4772 V InputMethodManagerService: Client requesting input be hidden, flags : 0
10-27 23:03:08.096  4205  4772 V InputMethodManagerService: hideCurrentInputLocked : send MSG_HIDE_SOFT_INPUT
10-27 23:03:08.097  9757  9757 V InputMethodService: hideSoftInput(), flags : 0
10-27 23:03:08.099  4205  4215 D InputMethodManagerService: setImeWindowStatus(), vis : 0 backDisposition : 0
10-27 23:03:08.107  4205  4215 D InputMethodManagerService: isImeSwitcherDisabledPackage : false
10-27 23:03:08.107  4205  4215 D InputMethodManagerService: mDesktopModeManager null!
10-27 23:03:08.108  4205  4215 D InputMethodManagerService: updateSystemUiLocked 0
10-27 23:03:08.108  4205  4215 D InputMethodManagerService: updateSystemUiLocked(), setImeWindowStatusToType, vis : 0 backDisposition : 0
10-27 23:03:08.109  4516  4516 D NavigationBar: setImeWindowStatus() imeShown = false, backDisposition = 0, showImeSwitcher = false
10-27 23:03:08.110  4516  4516 D Navbar.ImmersiveControllerAdapter: onButtonStatusChanged - true,true,true
10-27 23:03:08.110  9757  9757 D InputMethodManager: setImeWindowStatus(), vis : 0 backDisposition : 0
10-27 23:03:08.110  4516  4516 I Navbar.ImmersiveController: handleEvent - VISIBLE, FLOATING_BUTTON_VISIBILITY_CHANGED
10-27 23:03:08.111  9757  9757 D InputMethodService: doHideWindow(), setImeWindowStatus,0: 0,  mBackDisposition :0
10-27 23:03:08.111  4516  4516 D Navbar.SecNavigationBarView: updateNavButtonIcons mNavigationIconHints : 0 showImeButton : false mShowRestartButton : false
10-27 23:03:08.111  9757  9757 V InputMethodService: CALL: onFinishInputView
10-27 23:03:08.112  9757  9757 I GoogleInputMethodService: GoogleInputMethodService.onFinishInputView():2310 
10-27 23:03:08.115  9757  9757 I InlineSuggestionCandidateViewController: InlineSuggestionCandidateViewController.setInlineSuggestionCandidateImpl():1214 set  to inlineSuggestionTextView
10-27 23:03:08.118  2541  2541 W Settings: Setting airplane_mode_on has moved from android.provider.Settings.System to android.provider.Settings.Global, returning read-only value.
10-27 23:03:08.119  2541  2593 W Settings: Setting airplane_mode_on has moved from android.provider.Settings.System to android.provider.Settings.Global, returning read-only value.
10-27 23:03:08.121  9757  9757 I InputBundle: InputBundle.consumeEvent():961 Skip consuming an event as keyboard status is 0
10-27 23:03:08.123  9757  9757 I KeyboardWrapper: KeyboardWrapper.consumeEvent():287 Skip consuming an event as current keyboard is deactivated (state=0, keyboard existence=true)
10-27 23:03:08.124  9757  9757 I VoiceInputManagerWrapper: VoiceInputManagerWrapper.shutdown():76 shutdown()
10-27 23:03:08.125  9757  9757 I AndroidIME: AbstractIme.onDeactivate():209 LatinIme.onDeactivate()
10-27 23:03:08.131  9757  9757 V InputMethodService: hideWindow: hiding!
10-27 23:03:08.134  9757  9757 D InputMethodService: notifyKeyboardClosed
10-27 23:03:08.134  9757  9757 W InputMethodService: Window size has been changed. This may cause jankiness of resizing window: -1 -> -2
10-27 23:03:08.136  9757  9757 D InputMethodService: AxT9IME.sendInputViewShownState(): false
10-27 23:03:08.136  9757  9757 D InputMethodService: AxT9IME.IS_VISIBLE_CANDIDATE(): 4
10-27 23:03:08.142  5324  5324 E SDHMS:SDHMS_UTIL_IO: e = /sys/class/input_booster/touchkey/time (Permission denied)
10-27 23:03:08.147  2541  2571 W Settings: Setting airplane_mode_on has moved from android.provider.Settings.System to android.provider.Settings.Global, returning read-only value.
10-27 23:03:08.152  9757  9757 D SurfaceView: onWindowVisibilityChanged(8) false android.view.SurfaceView{c6f713e I.E...... ......I. 0,0-95,116 #7f0b0351 app:id/key_pos_header_action_surface} of ViewRootImpl@7321703[InputMethod]
10-27 23:03:08.153  2541  2571 W Settings: Setting airplane_mode_on has moved from android.provider.Settings.System to android.provider.Settings.Global, returning read-only value.
10-27 23:03:08.158  3715  3752 E BufferQueueProducer: [InputMethod[9757]#0] disconnect: not connected (req=1)
10-27 23:03:08.159  9757 15816 W libEGL  : EGLNativeWindowType 0x7c6cf10010 disconnect failed
10-27 23:03:08.159  9757 15816 D OpenGLRenderer: eglDestroySurface = 0x7c7222da80, 0x7c6cf10000
10-27 23:03:08.168  4205  4215 V WindowManager: Relayout Window{7cf4735 u0 InputMethod}: viewVisibility=8 req=1080x2257 {(0,0)(fillxfill) gr=BOTTOM CENTER_VERTICAL sim={adjust=pan} ty=INPUT_METHOD fmt=TRANSPARENT wanim=0x1030056
10-27 23:03:08.168  4205  4215 V WindowManager:   fl=81800108
10-27 23:03:08.168  4205  4215 V WindowManager:   vsysui=10 dimDuration=150 naviIconColor=0}
10-27 23:03:08.169  4205  4215 I WindowManager: Cancelling animation restarting=true, leash=null, surface=Surface(name=7cf4735 InputMethod)/@0xaa2b7f7, parent=Surface(name=WindowToken{5e5cb7d android.os.Binder@541add4})/@0xb5fc664
10-27 23:03:08.170  4205  4215 I WindowManager: Reparenting to leash, surface=Surface(name=7cf4735 InputMethod)/@0xaa2b7f7
10-27 23:03:08.170  2541  2541 W Settings: Setting airplane_mode_on has moved from android.provider.Settings.System to android.provider.Settings.Global, returning read-only value.
10-27 23:03:08.173  2541  2541 W Settings: Setting airplane_mode_on has moved from android.provider.Settings.System to android.provider.Settings.Global, returning read-only value.
10-27 23:03:08.189  3715  3715 I SurfaceFlinger: id=2477 createSurf (4680x4680),2 flag=4, Surface(name=7cf4735 InputMethod)/@0xaa2b7f7 - animation-leash#0
10-27 23:03:08.190  2541  2541 W Settings: Setting airplane_mode_on has moved from android.provider.Settings.System to android.provider.Settings.Global, returning read-only value.
10-27 23:03:08.191  4205  4215 D WindowManager: makeSurface duration=22 leash=Surface(name=Surface(name=7cf4735 InputMethod)/@0xaa2b7f7 - animation-leash)/@0xcc86ada
10-27 23:03:08.191  4205  4215 D SurfaceControl: reparent is called, sc=Surface(name=7cf4735 InputMethod)/@0xaa2b7f7, newParentHandle=android.os.BinderProxy@801b0b, transaction=android.view.SurfaceControl$Transaction@640dc93
10-27 23:03:08.196  4205  4215 V WindowManager: Resize reasons for w=Window{ffc1ba5 u0 com.airbnb.android/com.airbnb.android.feat.homescreen.HomeActivity}:  contentInsetsChanged=true [0,83][0,126] visibleInsetsChanged=true [0,83][0,126] stableInsetsChanged=false [0,83][0,126] outsetsChanged=false [0,0][0,0] surfaceResized=false configChanged=false dragResizingChanged=false reportOrientationChanged=false displayCutoutChanged=false nextForceRelayoutToClient=false
10-27 23:03:08.196  2541  2541 W Settings: Setting airplane_mode_on has moved from android.provider.Settings.System to android.provider.Settings.Global, returning read-only value.
10-27 23:03:08.197  3715  3752 D Layer   : [7cf4735 InputMethod#0]::reparent oldParent:[WindowToken{5e5cb7d android.os.Binder@541add4}#0], newParent:[Surface(name=7cf4735 InputMethod)/@0xaa2b7f7 - animation-leash#0]
10-27 23:03:08.199  2541  2541 W Settings: Setting airplane_mode_on has moved from android.provider.Settings.System to android.provider.Settings.Global, returning read-only value.
10-27 23:03:08.204  9757  9757 D ViewRootImpl@7321703[InputMethod]: Relayout returned: old=[0,83][1080,2340] new=[0,83][1080,2340] result=0x5 surface={false 0} changed=true
10-27 23:03:08.204  4516  4548 D PipManager: [Pip] onImeVisibilityChanged - imeVisible : false imeHeight:0
10-27 23:03:08.205  4516  4548 D PipManager: [Pip] onMovementBoundsChanged
10-27 23:03:08.285  2541  2541 D InputMethodManager: prepareNavigationBarInfo() DecorView@b7e7697[HomeActivity]
10-27 23:03:08.285  2541  2541 D InputMethodManager: getNavigationBarColor() -855310
10-27 23:03:08.285  2541  2541 V InputMethodManager: Starting input: tba=com.airbnb.android ic=null mNaviBarColor -855310 mIsGetNaviBarColorSuccess true , NavVisible : true , NavTrans : false
10-27 23:03:08.285  2541  2541 D InputMethodManager: startInputInner - Id : 0
10-27 23:03:08.286  2541  2541 I InputMethodManager: startInputInner - mService.startInputOrWindowGainedFocus
10-27 23:03:08.286  4205  4772 D InputMethodManagerService: startInputOrWindowGainedFocus : startInput 
10-27 23:03:08.287  4205  4772 D InputMethodManagerService: checkDisplayOfStartInputAndUpdateKeyboard display Id 0last 0
10-27 23:03:08.287  4205  4772 D InputMethodManagerService: setCurrentInputInfo - inputContext : null eidtorInfo : android.view.inputmethod.EditorInfo@9d25aa6 missingMethods : 0
10-27 23:03:08.287  4205  4772 D InputTransport: Input channel constructed: fd=508
10-27 23:03:08.287  4205  4772 D InputTransport: Input channel destroyed: fd=508
10-27 23:03:08.287  9757  9757 I InputMethodWrapper:  call dispatchStartInputWithToken
10-27 23:03:08.287  9757  9757 I InputMethodService: dispatchStartInputWithToken
10-27 23:03:08.287  9757  9757 I GoogleInputMethodService: GoogleInputMethodService.onFinishInput():3362 
10-27 23:03:08.287  2541  2541 D InputTransport: Input channel constructed: fd=129
10-27 23:03:08.287  2541  2541 D InputTransport: Input channel destroyed: fd=100
10-27 23:03:08.288  9757  9757 D InputMethodService: checkDisplayOfStartInputAndUpdateKeyboard display Id 0last 0
